Wed Aug  5 18:36:36 IST 2020
Wed Aug  5 18:36:37 IST 2020
Wed Aug  5 18:36:38 IST 2020
Wed Aug  5 18:36:39 IST 2020
Wed Aug  5 18:36:40 IST 2020
Wed Aug  5 18:36:41 IST 2020
Wed Aug  5 18:36:42 IST 2020
Wed Aug  5 18:36:43 IST 2020
Wed Aug  5 18:36:44 IST 2020
Wed Aug  5 18:36:45 IST 2020
Wed Aug  5 18:36:46 IST 2020
Wed Aug  5 18:36:47 IST 2020
Wed Aug  5 18:36:48 IST 2020
Wed Aug  5 18:36:49 IST 2020
Wed Aug  5 18:36:50 IST 2020
Wed Aug  5 18:36:51 IST 2020
Wed Aug  5 18:36:52 IST 2020
Wed Aug  5 18:36:53 IST 2020
Wed Aug  5 18:36:54 IST 2020
Wed Aug  5 18:36:55 IST 2020
Wed Aug  5 18:36:56 IST 2020
Wed Aug  5 18:36:57 IST 2020
Wed Aug  5 18:36:58 IST 2020
Wed Aug  5 18:36:59 IST 2020
Wed Aug  5 18:37:00 IST 2020
Wed Aug  5 18:37:01 IST 2020
Wed Aug  5 18:37:02 IST 2020
Wed Aug  5 18:37:03 IST 2020
Wed Aug  5 18:37:04 IST 2020
Wed Aug  5 18:37:05 IST 2020
Wed Aug  5 18:37:06 IST 2020
Wed Aug  5 18:37:07 IST 2020
Wed Aug  5 18:37:08 IST 2020
Wed Aug  5 18:37:09 IST 2020
Wed Aug  5 18:37:10 IST 2020
Wed Aug  5 18:37:11 IST 2020
Wed Aug  5 18:37:12 IST 2020
Wed Aug  5 18:37:13 IST 2020
Wed Aug  5 18:37:14 IST 2020
Wed Aug  5 18:37:15 IST 2020
Wed Aug  5 18:37:16 IST 2020
Wed Aug  5 18:37:17 IST 2020
Wed Aug  5 18:37:18 IST 2020
Wed Aug  5 18:37:19 IST 2020
Wed Aug  5 18:37:20 IST 2020
Wed Aug  5 18:37:21 IST 2020
Wed Aug  5 18:37:22 IST 2020
Wed Aug  5 18:37:23 IST 2020
Wed Aug  5 18:37:24 IST 2020
Wed Aug  5 18:37:25 IST 2020
Wed Aug  5 18:37:26 IST 2020
Wed Aug  5 18:37:27 IST 2020
Wed Aug  5 18:37:28 IST 2020
Wed Aug  5 18:37:29 IST 2020
Wed Aug  5 18:37:30 IST 2020
Wed Aug  5 18:37:31 IST 2020
Wed Aug  5 18:37:32 IST 2020
Wed Aug  5 18:37:33 IST 2020
Wed Aug  5 18:37:34 IST 2020
Wed Aug  5 18:37:35 IST 2020
Wed Aug  5 18:37:36 IST 2020
Wed Aug  5 18:37:37 IST 2020
Wed Aug  5 18:37:38 IST 2020
Wed Aug  5 18:37:39 IST 2020
Wed Aug  5 18:37:40 IST 2020
Wed Aug  5 18:37:41 IST 2020
Wed Aug  5 18:37:42 IST 2020
Wed Aug  5 18:37:46 IST 2020
Wed Aug  5 18:37:47 IST 2020
Wed Aug  5 18:40:33 IST 2020
Wed Aug  5 18:40:34 IST 2020
Wed Aug  5 18:40:35 IST 2020
Wed Aug  5 18:40:37 IST 2020
Wed Aug  5 18:40:38 IST 2020
Wed Aug  5 18:40:39 IST 2020
Wed Aug  5 18:41:28 IST 2020
Wed Aug  5 18:41:29 IST 2020
Wed Aug  5 18:41:30 IST 2020
Wed Aug  5 18:41:31 IST 2020
Wed Aug  5 18:41:32 IST 2020
Wed Aug  5 18:41:33 IST 2020
Wed Aug  5 18:41:34 IST 2020
Wed Aug  5 18:41:35 IST 2020
Wed Aug  5 18:41:36 IST 2020
Wed Aug  5 18:41:37 IST 2020
Wed Aug  5 18:41:38 IST 2020
Wed Aug  5 18:41:39 IST 2020
Wed Aug  5 18:41:40 IST 2020
Wed Aug  5 18:41:41 IST 2020
Wed Aug  5 18:41:42 IST 2020
Wed Aug  5 18:41:43 IST 2020
Wed Aug  5 18:41:44 IST 2020
Wed Aug  5 18:41:45 IST 2020
Wed Aug  5 18:41:46 IST 2020
Wed Aug  5 18:41:47 IST 2020
Wed Aug  5 18:41:48 IST 2020
Wed Aug  5 18:41:49 IST 2020
Wed Aug  5 18:41:50 IST 2020
Wed Aug  5 18:41:51 IST 2020
Wed Aug  5 18:41:52 IST 2020
Wed Aug  5 18:41:53 IST 2020
Wed Aug  5 18:41:54 IST 2020
Wed Aug  5 18:41:55 IST 2020
Wed Aug  5 18:41:56 IST 2020
Wed Aug  5 18:41:57 IST 2020
Wed Aug  5 18:41:58 IST 2020
Wed Aug  5 18:41:59 IST 2020
Wed Aug  5 18:42:00 IST 2020
Wed Aug  5 18:42:01 IST 2020
Wed Aug  5 18:42:02 IST 2020
Wed Aug  5 18:42:03 IST 2020
Wed Aug  5 18:47:12 IST 2020
Wed Aug  5 18:47:13 IST 2020
Wed Aug  5 18:47:14 IST 2020
Wed Aug  5 18:47:15 IST 2020
Wed Aug  5 18:47:16 IST 2020
Wed Aug  5 18:47:17 IST 2020
Wed Aug  5 18:47:18 IST 2020
Wed Aug  5 18:47:19 IST 2020
Wed Aug  5 18:47:20 IST 2020
Wed Aug  5 18:47:21 IST 2020
Wed Aug  5 18:47:22 IST 2020
Wed Aug  5 18:47:23 IST 2020
Wed Aug  5 18:47:24 IST 2020
Wed Aug  5 18:47:25 IST 2020
Wed Aug  5 18:47:26 IST 2020
Wed Aug  5 18:47:27 IST 2020
Wed Aug  5 18:47:28 IST 2020
Wed Aug  5 18:47:29 IST 2020
Wed Aug  5 18:47:30 IST 2020
Wed Aug  5 18:47:31 IST 2020
Wed Aug  5 18:47:32 IST 2020
Wed Aug  5 18:47:33 IST 2020
Wed Aug  5 18:47:34 IST 2020
Wed Aug  5 18:47:35 IST 2020
Wed Aug  5 18:47:36 IST 2020
Wed Aug  5 18:47:37 IST 2020
Wed Aug  5 18:47:38 IST 2020
Wed Aug  5 18:47:39 IST 2020
Wed Aug  5 18:47:40 IST 2020
Wed Aug  5 18:47:41 IST 2020
Wed Aug  5 18:47:42 IST 2020
Wed Aug  5 18:47:43 IST 2020
Wed Aug  5 18:47:44 IST 2020
Wed Aug  5 18:47:45 IST 2020
Wed Aug  5 18:47:46 IST 2020
Wed Aug  5 18:47:47 IST 2020
Wed Aug  5 18:47:48 IST 2020
Wed Aug  5 18:47:49 IST 2020
Wed Aug  5 18:47:50 IST 2020
Wed Aug  5 18:47:51 IST 2020
Wed Aug  5 18:47:52 IST 2020
Wed Aug  5 18:47:53 IST 2020
Wed Aug  5 18:47:54 IST 2020
Wed Aug  5 18:47:55 IST 2020
Wed Aug  5 18:47:56 IST 2020
Wed Aug  5 18:47:57 IST 2020
Wed Aug  5 18:47:58 IST 2020
Wed Aug  5 18:47:59 IST 2020
Wed Aug  5 18:48:00 IST 2020
Wed Aug  5 18:48:01 IST 2020
Wed Aug  5 18:48:02 IST 2020
Wed Aug  5 18:48:03 IST 2020
Wed Aug  5 18:48:04 IST 2020
Wed Aug  5 18:48:05 IST 2020
Wed Aug  5 18:48:06 IST 2020
Wed Aug  5 18:48:07 IST 2020
Wed Aug  5 18:48:08 IST 2020
Wed Aug  5 18:48:09 IST 2020
Wed Aug  5 18:48:10 IST 2020
Wed Aug  5 18:48:11 IST 2020
Wed Aug  5 18:48:12 IST 2020
Wed Aug  5 18:48:13 IST 2020
Wed Aug  5 18:48:14 IST 2020
Wed Aug  5 18:48:15 IST 2020
Wed Aug  5 18:48:16 IST 2020
Wed Aug  5 18:48:17 IST 2020
Wed Aug  5 18:48:18 IST 2020
Wed Aug  5 18:48:19 IST 2020
Wed Aug  5 18:48:20 IST 2020
Wed Aug  5 18:48:21 IST 2020
Wed Aug  5 18:48:22 IST 2020
Wed Aug  5 18:48:23 IST 2020
Wed Aug  5 18:48:24 IST 2020
Wed Aug  5 18:48:25 IST 2020
Wed Aug  5 18:48:26 IST 2020
Wed Aug  5 18:48:27 IST 2020
Wed Aug  5 18:48:28 IST 2020
Wed Aug  5 18:48:29 IST 2020
Wed Aug  5 18:48:30 IST 2020
Wed Aug  5 18:48:31 IST 2020
Wed Aug  5 18:48:32 IST 2020
Wed Aug  5 18:48:33 IST 2020
Wed Aug  5 18:48:34 IST 2020
Wed Aug  5 18:48:35 IST 2020
Wed Aug  5 18:48:36 IST 2020
Wed Aug  5 18:48:37 IST 2020
Wed Aug  5 18:48:38 IST 2020
Wed Aug  5 18:48:39 IST 2020
Wed Aug  5 18:48:40 IST 2020
Wed Aug  5 18:48:41 IST 2020
Wed Aug  5 18:48:42 IST 2020
Wed Aug  5 18:48:43 IST 2020
Wed Aug  5 18:48:44 IST 2020
Wed Aug  5 18:48:45 IST 2020
Wed Aug  5 18:48:46 IST 2020
Wed Aug  5 18:48:47 IST 2020
Wed Aug  5 18:48:48 IST 2020
Wed Aug  5 18:48:49 IST 2020
Wed Aug  5 18:48:50 IST 2020
Wed Aug  5 18:48:51 IST 2020
Wed Aug  5 18:48:52 IST 2020
Wed Aug  5 18:48:53 IST 2020
Wed Aug  5 18:48:54 IST 2020
Wed Aug  5 18:48:55 IST 2020
Wed Aug  5 18:48:56 IST 2020
Wed Aug  5 18:48:57 IST 2020
Wed Aug  5 18:48:58 IST 2020
Wed Aug  5 18:48:59 IST 2020
Wed Aug  5 18:49:00 IST 2020
Wed Aug  5 18:49:01 IST 2020
Wed Aug  5 18:49:02 IST 2020
Wed Aug  5 18:49:03 IST 2020
Wed Aug  5 18:49:04 IST 2020
Wed Aug  5 18:49:05 IST 2020
Wed Aug  5 18:49:06 IST 2020
Wed Aug  5 18:49:07 IST 2020
Wed Aug  5 18:49:08 IST 2020
Wed Aug  5 18:49:09 IST 2020
Wed Aug  5 18:49:10 IST 2020
Wed Aug  5 18:49:11 IST 2020
Wed Aug  5 18:49:12 IST 2020
Wed Aug  5 18:49:13 IST 2020
Wed Aug  5 18:49:15 IST 2020
Wed Aug  5 18:49:16 IST 2020
Wed Aug  5 18:49:17 IST 2020
Wed Aug  5 18:49:18 IST 2020
Wed Aug  5 18:49:19 IST 2020
Wed Aug  5 18:49:20 IST 2020
Wed Aug  5 18:49:21 IST 2020
Wed Aug  5 18:49:22 IST 2020
Wed Aug  5 18:49:23 IST 2020
Wed Aug  5 18:49:24 IST 2020
Wed Aug  5 18:49:25 IST 2020
Wed Aug  5 18:49:26 IST 2020
Wed Aug  5 18:49:27 IST 2020
Wed Aug  5 18:49:28 IST 2020
Wed Aug  5 18:49:29 IST 2020
Wed Aug  5 18:49:30 IST 2020
Wed Aug  5 18:49:31 IST 2020
Wed Aug  5 18:49:32 IST 2020
Wed Aug  5 18:49:33 IST 2020
Wed Aug  5 18:49:34 IST 2020
Wed Aug  5 18:49:35 IST 2020
Wed Aug  5 18:49:36 IST 2020
Wed Aug  5 18:49:37 IST 2020
Wed Aug  5 18:49:38 IST 2020
Wed Aug  5 18:49:39 IST 2020
Wed Aug  5 18:49:40 IST 2020
Wed Aug  5 18:49:41 IST 2020
Wed Aug  5 18:49:42 IST 2020
Wed Aug  5 18:49:43 IST 2020
Wed Aug  5 18:49:44 IST 2020
Wed Aug  5 18:49:45 IST 2020
Wed Aug  5 18:49:46 IST 2020
Wed Aug  5 18:49:47 IST 2020
Wed Aug  5 18:49:48 IST 2020
Wed Aug  5 18:49:49 IST 2020
Wed Aug  5 18:49:50 IST 2020
Wed Aug  5 18:49:51 IST 2020
Wed Aug  5 18:49:52 IST 2020
Wed Aug  5 18:49:53 IST 2020
Wed Aug  5 18:49:54 IST 2020
Wed Aug  5 18:49:55 IST 2020
Wed Aug  5 18:49:56 IST 2020
Wed Aug  5 18:49:57 IST 2020
Wed Aug  5 18:49:58 IST 2020
Wed Aug  5 18:49:59 IST 2020
Wed Aug  5 18:50:00 IST 2020
Wed Aug  5 18:50:01 IST 2020
Wed Aug  5 18:50:02 IST 2020
Wed Aug  5 18:50:03 IST 2020
Wed Aug  5 18:50:04 IST 2020
Wed Aug  5 18:50:05 IST 2020
Wed Aug  5 18:50:06 IST 2020
Wed Aug  5 18:50:07 IST 2020
Wed Aug  5 18:50:08 IST 2020
Wed Aug  5 18:50:09 IST 2020
Wed Aug  5 18:50:10 IST 2020
Wed Aug  5 18:50:11 IST 2020
Wed Aug  5 18:50:12 IST 2020
Wed Aug  5 18:50:13 IST 2020
Wed Aug  5 18:50:14 IST 2020
Wed Aug  5 18:50:15 IST 2020
Wed Aug  5 18:50:16 IST 2020
Wed Aug  5 18:50:17 IST 2020
Wed Aug  5 18:50:18 IST 2020
Wed Aug  5 18:50:19 IST 2020
Wed Aug  5 18:50:20 IST 2020
Wed Aug  5 18:50:21 IST 2020
Wed Aug  5 18:50:22 IST 2020
Wed Aug  5 18:50:23 IST 2020
Wed Aug  5 18:50:24 IST 2020
Wed Aug  5 18:50:25 IST 2020
Wed Aug  5 18:50:26 IST 2020
Wed Aug  5 18:50:27 IST 2020
Wed Aug  5 18:50:28 IST 2020
Wed Aug  5 18:50:29 IST 2020
Wed Aug  5 18:50:30 IST 2020
Wed Aug  5 18:50:31 IST 2020
Wed Aug  5 18:50:32 IST 2020
Wed Aug  5 18:50:33 IST 2020
Wed Aug  5 18:50:34 IST 2020
Wed Aug  5 18:50:35 IST 2020
Wed Aug  5 18:50:36 IST 2020
Wed Aug  5 18:50:37 IST 2020
Wed Aug  5 18:50:38 IST 2020
Wed Aug  5 18:50:39 IST 2020
Wed Aug  5 18:50:40 IST 2020
Wed Aug  5 18:50:41 IST 2020
Wed Aug  5 18:50:42 IST 2020
Wed Aug  5 18:50:43 IST 2020
Wed Aug  5 18:50:44 IST 2020
Wed Aug  5 18:50:45 IST 2020
Wed Aug  5 18:50:46 IST 2020
Wed Aug  5 18:50:47 IST 2020
Wed Aug  5 18:50:48 IST 2020
Wed Aug  5 18:50:49 IST 2020
Wed Aug  5 18:50:50 IST 2020
Wed Aug  5 18:50:51 IST 2020
Wed Aug  5 18:50:52 IST 2020
Wed Aug  5 18:50:53 IST 2020
Wed Aug  5 18:50:54 IST 2020
Wed Aug  5 18:50:55 IST 2020
Wed Aug  5 18:50:56 IST 2020
Wed Aug  5 18:50:57 IST 2020
Wed Aug  5 18:50:58 IST 2020
Wed Aug  5 18:50:59 IST 2020
Wed Aug  5 18:51:00 IST 2020
Wed Aug  5 18:51:01 IST 2020
Wed Aug  5 18:51:02 IST 2020
Wed Aug  5 18:51:03 IST 2020
Wed Aug  5 18:51:04 IST 2020
Wed Aug  5 18:51:05 IST 2020
Wed Aug  5 18:51:06 IST 2020
Wed Aug  5 18:51:07 IST 2020
Wed Aug  5 18:51:08 IST 2020
Wed Aug  5 18:51:09 IST 2020
Wed Aug  5 18:51:10 IST 2020
Wed Aug  5 18:51:11 IST 2020
Wed Aug  5 18:51:12 IST 2020
Wed Aug  5 18:51:13 IST 2020
Wed Aug  5 18:51:14 IST 2020
Wed Aug  5 18:51:15 IST 2020
Wed Aug  5 18:51:16 IST 2020
Wed Aug  5 18:51:17 IST 2020
Wed Aug  5 18:51:18 IST 2020
Wed Aug  5 18:51:19 IST 2020
Wed Aug  5 18:51:20 IST 2020
Wed Aug  5 18:51:21 IST 2020
Wed Aug  5 18:51:22 IST 2020
Wed Aug  5 18:51:23 IST 2020
Wed Aug  5 18:51:24 IST 2020
Wed Aug  5 18:51:25 IST 2020
Wed Aug  5 18:51:26 IST 2020
Wed Aug  5 18:51:27 IST 2020
Wed Aug  5 18:51:28 IST 2020
Wed Aug  5 18:51:29 IST 2020
Wed Aug  5 18:51:30 IST 2020
Wed Aug  5 18:51:31 IST 2020
Wed Aug  5 18:51:32 IST 2020
Wed Aug  5 18:51:33 IST 2020
Wed Aug  5 18:51:34 IST 2020
Wed Aug  5 18:51:35 IST 2020
Wed Aug  5 18:51:36 IST 2020
Wed Aug  5 18:51:37 IST 2020
Wed Aug  5 18:51:38 IST 2020
Wed Aug  5 18:51:39 IST 2020
Wed Aug  5 18:51:40 IST 2020
Wed Aug  5 18:51:41 IST 2020
Wed Aug  5 18:51:42 IST 2020
Wed Aug  5 18:51:43 IST 2020
Wed Aug  5 18:51:44 IST 2020
Wed Aug  5 18:51:45 IST 2020
Wed Aug  5 18:51:46 IST 2020
Wed Aug  5 18:51:47 IST 2020
Wed Aug  5 18:51:48 IST 2020
Wed Aug  5 18:51:49 IST 2020
Wed Aug  5 18:51:50 IST 2020
Wed Aug  5 18:51:51 IST 2020
Wed Aug  5 18:51:52 IST 2020
Wed Aug  5 18:51:53 IST 2020
Wed Aug  5 18:51:54 IST 2020
Wed Aug  5 18:51:55 IST 2020
Wed Aug  5 18:51:56 IST 2020
Wed Aug  5 18:51:57 IST 2020
Wed Aug  5 18:51:59 IST 2020
Wed Aug  5 18:52:00 IST 2020
Wed Aug  5 18:52:01 IST 2020
Wed Aug  5 18:52:02 IST 2020
Wed Aug  5 18:52:03 IST 2020
Wed Aug  5 18:52:04 IST 2020
Wed Aug  5 18:52:05 IST 2020
Wed Aug  5 18:52:06 IST 2020
Wed Aug  5 18:52:07 IST 2020
Wed Aug  5 18:52:08 IST 2020
Wed Aug  5 18:52:09 IST 2020
Wed Aug  5 18:52:10 IST 2020
Wed Aug  5 18:52:11 IST 2020
Wed Aug  5 18:52:12 IST 2020
Wed Aug  5 18:52:13 IST 2020
Wed Aug  5 18:52:14 IST 2020
Wed Aug  5 18:52:15 IST 2020
Wed Aug  5 18:52:16 IST 2020
Wed Aug  5 18:52:17 IST 2020
Wed Aug  5 18:52:18 IST 2020
Wed Aug  5 18:52:19 IST 2020
Wed Aug  5 18:52:20 IST 2020
Wed Aug  5 18:52:21 IST 2020
Wed Aug  5 18:52:22 IST 2020
Wed Aug  5 18:52:23 IST 2020
Wed Aug  5 18:52:24 IST 2020
Wed Aug  5 18:52:25 IST 2020
Wed Aug  5 18:52:26 IST 2020
Wed Aug  5 18:52:27 IST 2020
Wed Aug  5 18:52:28 IST 2020
Wed Aug  5 18:52:29 IST 2020
Wed Aug  5 18:52:30 IST 2020
Wed Aug  5 18:52:31 IST 2020
Wed Aug  5 18:52:32 IST 2020
Wed Aug  5 18:52:33 IST 2020
Wed Aug  5 18:52:34 IST 2020
Wed Aug  5 18:52:35 IST 2020
Wed Aug  5 18:52:36 IST 2020
Wed Aug  5 18:52:37 IST 2020
Wed Aug  5 18:52:38 IST 2020
Wed Aug  5 18:52:39 IST 2020
Wed Aug  5 18:52:40 IST 2020
Wed Aug  5 18:52:41 IST 2020
Wed Aug  5 18:52:42 IST 2020
Wed Aug  5 18:52:43 IST 2020
Wed Aug  5 18:52:44 IST 2020
Wed Aug  5 18:52:45 IST 2020
Wed Aug  5 18:52:46 IST 2020
Wed Aug  5 18:52:47 IST 2020
Wed Aug  5 18:52:48 IST 2020
Wed Aug  5 18:52:49 IST 2020
Wed Aug  5 18:52:50 IST 2020
Wed Aug  5 18:52:51 IST 2020
Wed Aug  5 18:52:52 IST 2020
Wed Aug  5 18:52:53 IST 2020
Wed Aug  5 18:52:54 IST 2020
Wed Aug  5 18:52:55 IST 2020
Wed Aug  5 18:52:56 IST 2020
Wed Aug  5 18:52:57 IST 2020
Wed Aug  5 18:52:58 IST 2020
Wed Aug  5 18:52:59 IST 2020
Wed Aug  5 18:53:00 IST 2020
Wed Aug  5 18:53:01 IST 2020
Wed Aug  5 18:53:02 IST 2020
Wed Aug  5 18:53:03 IST 2020
Wed Aug  5 18:53:04 IST 2020
Wed Aug  5 18:53:05 IST 2020
Wed Aug  5 18:53:06 IST 2020
Wed Aug  5 18:53:07 IST 2020
Wed Aug  5 18:53:08 IST 2020
Wed Aug  5 18:53:09 IST 2020
Wed Aug  5 18:53:10 IST 2020
Wed Aug  5 18:53:11 IST 2020
Wed Aug  5 18:53:12 IST 2020
Wed Aug  5 18:53:13 IST 2020
Wed Aug  5 18:53:14 IST 2020
Wed Aug  5 18:53:15 IST 2020
Wed Aug  5 18:53:16 IST 2020
Wed Aug  5 18:53:17 IST 2020
Wed Aug  5 18:53:18 IST 2020
Wed Aug  5 18:53:19 IST 2020
Wed Aug  5 18:53:20 IST 2020
Wed Aug  5 18:53:21 IST 2020
Wed Aug  5 18:53:22 IST 2020
Wed Aug  5 18:53:23 IST 2020
Wed Aug  5 18:53:24 IST 2020
Wed Aug  5 18:53:25 IST 2020
Wed Aug  5 18:53:26 IST 2020
Wed Aug  5 18:53:27 IST 2020
Wed Aug  5 18:53:28 IST 2020
Wed Aug  5 18:53:29 IST 2020
Wed Aug  5 18:53:30 IST 2020
Wed Aug  5 18:53:31 IST 2020
Wed Aug  5 18:53:32 IST 2020
Wed Aug  5 18:53:33 IST 2020
Wed Aug  5 18:53:34 IST 2020
Wed Aug  5 18:53:35 IST 2020
Wed Aug  5 18:53:36 IST 2020
Wed Aug  5 18:53:37 IST 2020
Wed Aug  5 18:53:38 IST 2020
Wed Aug  5 18:53:39 IST 2020
Wed Aug  5 18:53:40 IST 2020
Wed Aug  5 18:53:41 IST 2020
Wed Aug  5 18:53:42 IST 2020
Wed Aug  5 18:53:43 IST 2020
Wed Aug  5 18:53:44 IST 2020
Wed Aug  5 18:53:45 IST 2020
Wed Aug  5 18:53:46 IST 2020
Wed Aug  5 18:53:47 IST 2020
Wed Aug  5 18:53:48 IST 2020
Wed Aug  5 18:53:49 IST 2020
Wed Aug  5 18:53:50 IST 2020
Wed Aug  5 18:53:51 IST 2020
Wed Aug  5 18:53:52 IST 2020
Wed Aug  5 18:53:53 IST 2020
Wed Aug  5 18:53:54 IST 2020
Wed Aug  5 18:53:55 IST 2020
Wed Aug  5 18:53:56 IST 2020
Wed Aug  5 18:53:57 IST 2020
Wed Aug  5 18:53:58 IST 2020
Wed Aug  5 18:53:59 IST 2020
Wed Aug  5 18:54:00 IST 2020
Wed Aug  5 18:54:01 IST 2020
Wed Aug  5 18:54:02 IST 2020
Wed Aug  5 18:54:03 IST 2020
Wed Aug  5 18:54:04 IST 2020
Wed Aug  5 18:54:05 IST 2020
Wed Aug  5 18:54:06 IST 2020
Wed Aug  5 18:54:07 IST 2020
Wed Aug  5 18:54:08 IST 2020
Wed Aug  5 18:54:09 IST 2020
Wed Aug  5 18:54:10 IST 2020
Wed Aug  5 18:54:11 IST 2020
Wed Aug  5 18:54:12 IST 2020
Wed Aug  5 18:54:13 IST 2020
Wed Aug  5 18:54:14 IST 2020
Wed Aug  5 18:54:15 IST 2020
Wed Aug  5 18:54:16 IST 2020
Wed Aug  5 18:54:17 IST 2020
Wed Aug  5 18:54:18 IST 2020
Wed Aug  5 18:54:19 IST 2020
Wed Aug  5 18:54:20 IST 2020
Wed Aug  5 18:54:21 IST 2020
Wed Aug  5 18:54:22 IST 2020
Wed Aug  5 18:54:23 IST 2020
Wed Aug  5 18:54:24 IST 2020
Wed Aug  5 18:54:25 IST 2020
Wed Aug  5 18:54:26 IST 2020
Wed Aug  5 18:54:27 IST 2020
Wed Aug  5 18:54:28 IST 2020
Wed Aug  5 18:54:29 IST 2020
Wed Aug  5 18:54:30 IST 2020
Wed Aug  5 18:54:31 IST 2020
Wed Aug  5 18:54:32 IST 2020
Wed Aug  5 18:54:33 IST 2020
Wed Aug  5 18:54:34 IST 2020
Wed Aug  5 18:54:35 IST 2020
Wed Aug  5 18:54:36 IST 2020
Wed Aug  5 18:54:37 IST 2020
Wed Aug  5 18:54:38 IST 2020
Wed Aug  5 18:54:39 IST 2020
Wed Aug  5 18:54:40 IST 2020
Wed Aug  5 18:54:41 IST 2020
Wed Aug  5 18:54:42 IST 2020
Wed Aug  5 18:54:43 IST 2020
Wed Aug  5 18:54:44 IST 2020
Wed Aug  5 18:54:45 IST 2020
Wed Aug  5 18:54:46 IST 2020
Wed Aug  5 18:54:47 IST 2020
Wed Aug  5 18:54:48 IST 2020
Wed Aug  5 18:54:49 IST 2020
Wed Aug  5 18:54:50 IST 2020
Wed Aug  5 18:54:51 IST 2020
Wed Aug  5 18:54:52 IST 2020
Wed Aug  5 18:54:53 IST 2020
Wed Aug  5 18:54:54 IST 2020
Wed Aug  5 18:54:55 IST 2020
Wed Aug  5 18:54:56 IST 2020
Wed Aug  5 18:54:57 IST 2020
Wed Aug  5 18:54:58 IST 2020
Wed Aug  5 18:54:59 IST 2020
Wed Aug  5 18:55:00 IST 2020
Wed Aug  5 18:55:01 IST 2020
Wed Aug  5 18:55:02 IST 2020
Wed Aug  5 18:55:03 IST 2020
Wed Aug  5 18:55:04 IST 2020
Wed Aug  5 18:55:05 IST 2020
Wed Aug  5 18:55:07 IST 2020
Wed Aug  5 18:55:08 IST 2020
Wed Aug  5 18:55:09 IST 2020
Wed Aug  5 18:55:10 IST 2020
Wed Aug  5 18:55:11 IST 2020
Wed Aug  5 18:55:12 IST 2020
Wed Aug  5 18:55:13 IST 2020
Wed Aug  5 18:55:14 IST 2020
Wed Aug  5 18:55:15 IST 2020
Wed Aug  5 18:55:16 IST 2020
Wed Aug  5 18:55:17 IST 2020
Wed Aug  5 18:55:18 IST 2020
Wed Aug  5 18:55:19 IST 2020
Wed Aug  5 18:55:20 IST 2020
Wed Aug  5 18:55:21 IST 2020
Wed Aug  5 18:55:22 IST 2020
Wed Aug  5 18:55:23 IST 2020
Wed Aug  5 18:55:24 IST 2020
Wed Aug  5 18:55:25 IST 2020
Wed Aug  5 18:55:26 IST 2020
Wed Aug  5 18:55:27 IST 2020
Wed Aug  5 18:55:28 IST 2020
Wed Aug  5 18:55:29 IST 2020
Wed Aug  5 18:55:30 IST 2020
Wed Aug  5 18:55:31 IST 2020
Wed Aug  5 18:55:32 IST 2020
Wed Aug  5 18:55:33 IST 2020
Wed Aug  5 18:55:34 IST 2020
Wed Aug  5 18:55:35 IST 2020
Wed Aug  5 18:55:36 IST 2020
Wed Aug  5 18:55:37 IST 2020
Wed Aug  5 18:55:38 IST 2020
Wed Aug  5 18:55:39 IST 2020
Wed Aug  5 18:55:40 IST 2020
Wed Aug  5 18:55:41 IST 2020
Wed Aug  5 18:55:42 IST 2020
Wed Aug  5 18:55:43 IST 2020
Wed Aug  5 18:55:44 IST 2020
Wed Aug  5 18:55:45 IST 2020
Wed Aug  5 18:55:46 IST 2020
Wed Aug  5 18:55:47 IST 2020
Wed Aug  5 18:55:48 IST 2020
Wed Aug  5 18:55:49 IST 2020
Wed Aug  5 18:55:50 IST 2020
Wed Aug  5 18:55:51 IST 2020
Wed Aug  5 18:55:52 IST 2020
Wed Aug  5 18:55:53 IST 2020
Wed Aug  5 18:55:54 IST 2020
Wed Aug  5 18:55:55 IST 2020
Wed Aug  5 18:55:56 IST 2020
Wed Aug  5 18:55:57 IST 2020
Wed Aug  5 18:55:58 IST 2020
Wed Aug  5 18:55:59 IST 2020
Wed Aug  5 18:56:00 IST 2020
Wed Aug  5 18:56:01 IST 2020
Wed Aug  5 18:56:02 IST 2020
Wed Aug  5 18:56:03 IST 2020
Wed Aug  5 18:56:04 IST 2020
Wed Aug  5 18:56:05 IST 2020
Wed Aug  5 18:56:06 IST 2020
Wed Aug  5 18:56:07 IST 2020
Wed Aug  5 18:56:08 IST 2020
Wed Aug  5 18:56:09 IST 2020
Wed Aug  5 18:56:10 IST 2020
Wed Aug  5 18:56:11 IST 2020
Wed Aug  5 18:56:12 IST 2020
Wed Aug  5 18:56:13 IST 2020
Wed Aug  5 18:56:14 IST 2020
Wed Aug  5 18:56:15 IST 2020
Wed Aug  5 18:56:16 IST 2020
Wed Aug  5 18:56:17 IST 2020
Wed Aug  5 18:56:18 IST 2020
Wed Aug  5 18:56:19 IST 2020
Wed Aug  5 18:56:20 IST 2020
Wed Aug  5 18:56:21 IST 2020
Wed Aug  5 18:56:22 IST 2020
Wed Aug  5 18:56:23 IST 2020
Wed Aug  5 18:56:24 IST 2020
Wed Aug  5 18:56:25 IST 2020
Wed Aug  5 18:56:26 IST 2020
Wed Aug  5 18:56:27 IST 2020
Wed Aug  5 18:56:28 IST 2020
Wed Aug  5 18:56:29 IST 2020
Wed Aug  5 18:56:30 IST 2020
Wed Aug  5 18:56:31 IST 2020
Wed Aug  5 18:56:32 IST 2020
Wed Aug  5 18:56:33 IST 2020
Wed Aug  5 18:56:34 IST 2020
Wed Aug  5 18:56:35 IST 2020
Wed Aug  5 18:56:36 IST 2020
Wed Aug  5 18:56:37 IST 2020
Wed Aug  5 18:56:38 IST 2020
Wed Aug  5 18:56:39 IST 2020
Wed Aug  5 18:56:40 IST 2020
Wed Aug  5 18:56:41 IST 2020
Wed Aug  5 18:56:42 IST 2020
Wed Aug  5 18:56:43 IST 2020
Wed Aug  5 18:56:44 IST 2020
Wed Aug  5 18:56:45 IST 2020
Wed Aug  5 18:56:46 IST 2020
Wed Aug  5 18:56:47 IST 2020
Wed Aug  5 18:56:48 IST 2020
Wed Aug  5 18:56:49 IST 2020
Wed Aug  5 18:56:50 IST 2020
Wed Aug  5 18:56:51 IST 2020
Wed Aug  5 18:56:52 IST 2020
Wed Aug  5 18:56:53 IST 2020
Wed Aug  5 18:56:54 IST 2020
Wed Aug  5 18:56:55 IST 2020
Wed Aug  5 18:56:56 IST 2020
Wed Aug  5 18:56:57 IST 2020
Wed Aug  5 18:56:58 IST 2020
Wed Aug  5 18:56:59 IST 2020
Wed Aug  5 18:57:00 IST 2020
Wed Aug  5 18:57:01 IST 2020
Wed Aug  5 18:57:02 IST 2020
Wed Aug  5 18:57:03 IST 2020
Wed Aug  5 18:57:04 IST 2020
Wed Aug  5 18:57:05 IST 2020
Wed Aug  5 18:57:06 IST 2020
Wed Aug  5 18:57:07 IST 2020
Wed Aug  5 18:57:08 IST 2020
Wed Aug  5 18:57:09 IST 2020
Wed Aug  5 18:57:10 IST 2020
Wed Aug  5 18:57:11 IST 2020
Wed Aug  5 18:57:12 IST 2020
Wed Aug  5 18:57:13 IST 2020
Wed Aug  5 18:57:14 IST 2020
Wed Aug  5 18:57:15 IST 2020
Wed Aug  5 18:57:16 IST 2020
Wed Aug  5 18:57:17 IST 2020
Wed Aug  5 18:57:18 IST 2020
Wed Aug  5 18:57:19 IST 2020
Wed Aug  5 18:57:20 IST 2020
Wed Aug  5 18:57:21 IST 2020
Wed Aug  5 18:57:22 IST 2020
Wed Aug  5 18:57:23 IST 2020
Wed Aug  5 18:57:24 IST 2020
Wed Aug  5 18:57:25 IST 2020
Wed Aug  5 18:57:26 IST 2020
Wed Aug  5 18:57:27 IST 2020
Wed Aug  5 18:57:28 IST 2020
Wed Aug  5 18:57:29 IST 2020
Wed Aug  5 18:57:30 IST 2020
Wed Aug  5 18:57:31 IST 2020
Wed Aug  5 18:57:32 IST 2020
Wed Aug  5 18:57:33 IST 2020
Wed Aug  5 18:57:34 IST 2020
Wed Aug  5 18:57:35 IST 2020
Wed Aug  5 18:57:36 IST 2020
Wed Aug  5 18:57:37 IST 2020
Wed Aug  5 18:57:38 IST 2020
Wed Aug  5 18:57:39 IST 2020
Wed Aug  5 18:57:40 IST 2020
Wed Aug  5 18:57:41 IST 2020
Wed Aug  5 18:57:42 IST 2020
Wed Aug  5 18:57:43 IST 2020
Wed Aug  5 18:57:44 IST 2020
Wed Aug  5 18:57:45 IST 2020
Wed Aug  5 18:57:46 IST 2020
Wed Aug  5 18:57:47 IST 2020
Wed Aug  5 18:57:48 IST 2020
Wed Aug  5 18:57:49 IST 2020
Wed Aug  5 18:57:50 IST 2020
Wed Aug  5 18:57:51 IST 2020
Wed Aug  5 18:57:52 IST 2020
Wed Aug  5 18:57:53 IST 2020
Wed Aug  5 18:57:54 IST 2020
Wed Aug  5 18:57:55 IST 2020
Wed Aug  5 18:57:56 IST 2020
Wed Aug  5 18:57:57 IST 2020
Wed Aug  5 18:57:58 IST 2020
Wed Aug  5 18:57:59 IST 2020
Wed Aug  5 18:58:00 IST 2020
Wed Aug  5 18:58:01 IST 2020
Wed Aug  5 18:58:02 IST 2020
Wed Aug  5 18:58:03 IST 2020
Wed Aug  5 18:58:04 IST 2020
Wed Aug  5 18:58:05 IST 2020
Wed Aug  5 18:58:06 IST 2020
Wed Aug  5 18:58:07 IST 2020
Wed Aug  5 18:58:08 IST 2020
Wed Aug  5 18:58:09 IST 2020
Wed Aug  5 18:58:10 IST 2020
Wed Aug  5 18:58:11 IST 2020
Wed Aug  5 18:58:12 IST 2020
Wed Aug  5 18:58:13 IST 2020
Wed Aug  5 18:58:14 IST 2020
Wed Aug  5 18:58:16 IST 2020
Wed Aug  5 18:58:17 IST 2020
Wed Aug  5 18:58:18 IST 2020
Wed Aug  5 18:58:19 IST 2020
Wed Aug  5 18:58:20 IST 2020
Wed Aug  5 18:58:21 IST 2020
Wed Aug  5 18:58:22 IST 2020
Wed Aug  5 18:58:23 IST 2020
Wed Aug  5 18:58:24 IST 2020
Wed Aug  5 18:58:25 IST 2020
Wed Aug  5 18:58:26 IST 2020
Wed Aug  5 18:58:27 IST 2020
Wed Aug  5 18:58:28 IST 2020
Wed Aug  5 18:58:29 IST 2020
Wed Aug  5 18:58:30 IST 2020
Wed Aug  5 18:58:31 IST 2020
Wed Aug  5 18:58:32 IST 2020
Wed Aug  5 18:58:33 IST 2020
Wed Aug  5 18:58:34 IST 2020
Wed Aug  5 18:58:35 IST 2020
Wed Aug  5 18:58:36 IST 2020
Wed Aug  5 18:58:37 IST 2020
Wed Aug  5 18:58:38 IST 2020
Wed Aug  5 18:58:39 IST 2020
Wed Aug  5 18:58:40 IST 2020
Wed Aug  5 18:58:41 IST 2020
Wed Aug  5 18:58:42 IST 2020
Wed Aug  5 18:58:43 IST 2020
Wed Aug  5 18:58:44 IST 2020
Wed Aug  5 18:58:45 IST 2020
Wed Aug  5 18:58:46 IST 2020
Wed Aug  5 18:58:47 IST 2020
Wed Aug  5 18:58:48 IST 2020
Wed Aug  5 18:58:49 IST 2020
Wed Aug  5 18:58:50 IST 2020
Wed Aug  5 18:58:51 IST 2020
Wed Aug  5 18:58:52 IST 2020
Wed Aug  5 18:58:53 IST 2020
Wed Aug  5 18:58:54 IST 2020
Wed Aug  5 18:58:55 IST 2020
Wed Aug  5 18:58:56 IST 2020
Wed Aug  5 18:58:57 IST 2020
Wed Aug  5 18:58:58 IST 2020
Wed Aug  5 18:58:59 IST 2020
Wed Aug  5 18:59:00 IST 2020
Wed Aug  5 18:59:02 IST 2020
Wed Aug  5 18:59:03 IST 2020
Wed Aug  5 18:59:04 IST 2020
Wed Aug  5 18:59:05 IST 2020
Wed Aug  5 18:59:06 IST 2020
Wed Aug  5 18:59:07 IST 2020
Wed Aug  5 18:59:08 IST 2020
Wed Aug  5 18:59:09 IST 2020
Wed Aug  5 18:59:10 IST 2020
Wed Aug  5 18:59:11 IST 2020
Wed Aug  5 18:59:12 IST 2020
Wed Aug  5 18:59:13 IST 2020
Wed Aug  5 18:59:14 IST 2020
Wed Aug  5 18:59:15 IST 2020
Wed Aug  5 18:59:16 IST 2020
Wed Aug  5 18:59:17 IST 2020
Wed Aug  5 18:59:18 IST 2020
Wed Aug  5 18:59:19 IST 2020
Wed Aug  5 18:59:20 IST 2020
Wed Aug  5 18:59:21 IST 2020
Wed Aug  5 18:59:22 IST 2020
Wed Aug  5 18:59:23 IST 2020
Wed Aug  5 18:59:24 IST 2020
Wed Aug  5 18:59:25 IST 2020
Wed Aug  5 18:59:26 IST 2020
Wed Aug  5 18:59:27 IST 2020
Wed Aug  5 18:59:28 IST 2020
Wed Aug  5 18:59:29 IST 2020
Wed Aug  5 18:59:30 IST 2020
Wed Aug  5 18:59:31 IST 2020
Wed Aug  5 18:59:32 IST 2020
Wed Aug  5 18:59:33 IST 2020
Wed Aug  5 18:59:34 IST 2020
Wed Aug  5 18:59:35 IST 2020
Wed Aug  5 18:59:36 IST 2020
Wed Aug  5 18:59:37 IST 2020
Wed Aug  5 18:59:38 IST 2020
Wed Aug  5 18:59:39 IST 2020
Wed Aug  5 18:59:40 IST 2020
Wed Aug  5 18:59:41 IST 2020
Wed Aug  5 18:59:42 IST 2020
Wed Aug  5 18:59:43 IST 2020
Wed Aug  5 18:59:44 IST 2020
Wed Aug  5 18:59:45 IST 2020
Wed Aug  5 18:59:46 IST 2020
Wed Aug  5 18:59:47 IST 2020
Wed Aug  5 18:59:48 IST 2020
Wed Aug  5 18:59:49 IST 2020
Wed Aug  5 18:59:50 IST 2020
Wed Aug  5 18:59:51 IST 2020
Wed Aug  5 18:59:52 IST 2020
Wed Aug  5 18:59:53 IST 2020
Wed Aug  5 18:59:54 IST 2020
Wed Aug  5 18:59:55 IST 2020
Wed Aug  5 18:59:56 IST 2020
Wed Aug  5 18:59:57 IST 2020
Wed Aug  5 18:59:58 IST 2020
Wed Aug  5 18:59:59 IST 2020
Wed Aug  5 19:00:00 IST 2020
Wed Aug  5 19:00:01 IST 2020
Wed Aug  5 19:00:02 IST 2020
Wed Aug  5 19:00:03 IST 2020
Wed Aug  5 19:00:04 IST 2020
Wed Aug  5 19:00:05 IST 2020
Wed Aug  5 19:00:06 IST 2020
Wed Aug  5 19:00:07 IST 2020
Wed Aug  5 19:00:08 IST 2020
Wed Aug  5 19:00:09 IST 2020
Wed Aug  5 19:00:10 IST 2020
Wed Aug  5 19:00:11 IST 2020
Wed Aug  5 19:00:12 IST 2020
Wed Aug  5 19:00:13 IST 2020
Wed Aug  5 19:00:14 IST 2020
Wed Aug  5 19:00:15 IST 2020
Wed Aug  5 19:00:16 IST 2020
Wed Aug  5 19:00:17 IST 2020
Wed Aug  5 19:00:18 IST 2020
Wed Aug  5 19:00:19 IST 2020
Wed Aug  5 19:00:20 IST 2020
Wed Aug  5 19:00:21 IST 2020
Wed Aug  5 19:00:22 IST 2020
Wed Aug  5 19:00:23 IST 2020
Wed Aug  5 19:00:24 IST 2020
Wed Aug  5 19:00:25 IST 2020
Wed Aug  5 19:00:26 IST 2020
Wed Aug  5 19:00:28 IST 2020
Wed Aug  5 19:00:29 IST 2020
Wed Aug  5 19:00:30 IST 2020
Wed Aug  5 19:00:31 IST 2020
Wed Aug  5 19:00:32 IST 2020
Wed Aug  5 19:00:33 IST 2020
Wed Aug  5 19:00:34 IST 2020
Wed Aug  5 19:00:35 IST 2020
Wed Aug  5 19:00:36 IST 2020
Wed Aug  5 19:00:37 IST 2020
Wed Aug  5 19:00:38 IST 2020
Wed Aug  5 19:00:39 IST 2020
Wed Aug  5 19:00:40 IST 2020
Wed Aug  5 19:00:41 IST 2020
Wed Aug  5 19:00:42 IST 2020
Wed Aug  5 19:00:43 IST 2020
Wed Aug  5 19:00:44 IST 2020
Wed Aug  5 19:00:45 IST 2020
Wed Aug  5 19:00:46 IST 2020
Wed Aug  5 19:00:47 IST 2020
Wed Aug  5 19:00:48 IST 2020
Wed Aug  5 19:00:49 IST 2020
Wed Aug  5 19:00:50 IST 2020
Wed Aug  5 19:00:51 IST 2020
Wed Aug  5 19:00:52 IST 2020
Wed Aug  5 19:00:53 IST 2020
Wed Aug  5 19:00:54 IST 2020
Wed Aug  5 19:00:55 IST 2020
Wed Aug  5 19:00:56 IST 2020
Wed Aug  5 19:00:57 IST 2020
Wed Aug  5 19:00:58 IST 2020
Wed Aug  5 19:00:59 IST 2020
Wed Aug  5 19:01:00 IST 2020
Wed Aug  5 19:01:01 IST 2020
Wed Aug  5 19:01:02 IST 2020
Wed Aug  5 19:01:03 IST 2020
Wed Aug  5 19:01:04 IST 2020
Wed Aug  5 19:01:05 IST 2020
Wed Aug  5 19:01:06 IST 2020
Wed Aug  5 19:01:07 IST 2020
Wed Aug  5 19:01:08 IST 2020
Wed Aug  5 19:01:09 IST 2020
Wed Aug  5 19:01:10 IST 2020
Wed Aug  5 19:01:11 IST 2020
Wed Aug  5 19:01:12 IST 2020
Wed Aug  5 19:01:13 IST 2020
Wed Aug  5 19:01:14 IST 2020
Wed Aug  5 19:01:15 IST 2020
Wed Aug  5 19:01:16 IST 2020
Wed Aug  5 19:01:17 IST 2020
Wed Aug  5 19:01:18 IST 2020
Wed Aug  5 19:01:19 IST 2020
Wed Aug  5 19:01:20 IST 2020
Wed Aug  5 19:01:21 IST 2020
Wed Aug  5 19:01:22 IST 2020
Wed Aug  5 19:01:23 IST 2020
Wed Aug  5 19:01:24 IST 2020
Wed Aug  5 19:01:25 IST 2020
Wed Aug  5 19:01:26 IST 2020
Wed Aug  5 19:01:27 IST 2020
Wed Aug  5 19:01:28 IST 2020
Wed Aug  5 19:01:29 IST 2020
Wed Aug  5 19:01:30 IST 2020
Wed Aug  5 19:01:31 IST 2020
Wed Aug  5 19:01:32 IST 2020
Wed Aug  5 19:01:33 IST 2020
Wed Aug  5 19:01:34 IST 2020
Wed Aug  5 19:01:35 IST 2020
Wed Aug  5 19:01:36 IST 2020
Wed Aug  5 19:01:37 IST 2020
Wed Aug  5 19:01:38 IST 2020
Wed Aug  5 19:01:39 IST 2020
Wed Aug  5 19:01:40 IST 2020
Wed Aug  5 19:01:41 IST 2020
Wed Aug  5 19:01:42 IST 2020
Wed Aug  5 19:01:43 IST 2020
Wed Aug  5 19:01:44 IST 2020
Wed Aug  5 19:01:45 IST 2020
Wed Aug  5 19:01:46 IST 2020
Wed Aug  5 19:01:47 IST 2020
Wed Aug  5 19:01:48 IST 2020
Wed Aug  5 19:01:49 IST 2020
Wed Aug  5 19:01:50 IST 2020
Wed Aug  5 19:01:51 IST 2020
Wed Aug  5 19:01:52 IST 2020
Wed Aug  5 19:01:53 IST 2020
Wed Aug  5 19:01:54 IST 2020
Wed Aug  5 19:01:55 IST 2020
Wed Aug  5 19:01:56 IST 2020
Wed Aug  5 19:01:57 IST 2020
Wed Aug  5 19:01:58 IST 2020
Wed Aug  5 19:01:59 IST 2020
Wed Aug  5 19:02:00 IST 2020
Wed Aug  5 19:02:01 IST 2020
Wed Aug  5 19:02:02 IST 2020
Wed Aug  5 19:02:03 IST 2020
Wed Aug  5 19:02:04 IST 2020
Wed Aug  5 19:02:05 IST 2020
Wed Aug  5 19:02:06 IST 2020
Wed Aug  5 19:02:07 IST 2020
Wed Aug  5 19:02:08 IST 2020
Wed Aug  5 19:02:09 IST 2020
Wed Aug  5 19:02:10 IST 2020
Wed Aug  5 19:02:11 IST 2020
Wed Aug  5 19:02:12 IST 2020
Wed Aug  5 19:02:13 IST 2020
Wed Aug  5 19:02:14 IST 2020
Wed Aug  5 19:02:15 IST 2020
Wed Aug  5 19:02:16 IST 2020
Wed Aug  5 19:02:17 IST 2020
Wed Aug  5 19:02:18 IST 2020
Wed Aug  5 19:02:19 IST 2020
Wed Aug  5 19:02:20 IST 2020
Wed Aug  5 19:02:21 IST 2020
Wed Aug  5 19:02:22 IST 2020
Wed Aug  5 19:02:23 IST 2020
Wed Aug  5 19:02:24 IST 2020
Wed Aug  5 19:02:25 IST 2020
Wed Aug  5 19:02:26 IST 2020
Wed Aug  5 19:02:27 IST 2020
Wed Aug  5 19:02:28 IST 2020
Wed Aug  5 19:02:29 IST 2020
Wed Aug  5 19:02:30 IST 2020
Wed Aug  5 19:02:31 IST 2020
Wed Aug  5 19:02:32 IST 2020
Wed Aug  5 19:02:33 IST 2020
Wed Aug  5 19:02:34 IST 2020
Wed Aug  5 19:02:35 IST 2020
Wed Aug  5 19:02:36 IST 2020
Wed Aug  5 19:02:37 IST 2020
Wed Aug  5 19:02:38 IST 2020
Wed Aug  5 19:02:39 IST 2020
Wed Aug  5 19:02:40 IST 2020
Wed Aug  5 19:02:41 IST 2020
Wed Aug  5 19:02:42 IST 2020
Wed Aug  5 19:02:43 IST 2020
Wed Aug  5 19:02:44 IST 2020
Wed Aug  5 19:02:45 IST 2020
Wed Aug  5 19:02:46 IST 2020
Wed Aug  5 19:02:47 IST 2020
Wed Aug  5 19:02:48 IST 2020
Wed Aug  5 19:02:49 IST 2020
Wed Aug  5 19:02:50 IST 2020
Wed Aug  5 19:02:51 IST 2020
Wed Aug  5 19:02:52 IST 2020
Wed Aug  5 19:02:53 IST 2020
Wed Aug  5 19:02:54 IST 2020
Wed Aug  5 19:02:55 IST 2020
Wed Aug  5 19:02:56 IST 2020
Wed Aug  5 19:02:57 IST 2020
Wed Aug  5 19:02:58 IST 2020
Wed Aug  5 19:02:59 IST 2020
Wed Aug  5 19:03:00 IST 2020
Wed Aug  5 19:03:01 IST 2020
Wed Aug  5 19:03:02 IST 2020
Wed Aug  5 19:03:03 IST 2020
Wed Aug  5 19:03:04 IST 2020
Wed Aug  5 19:03:05 IST 2020
Wed Aug  5 19:03:06 IST 2020
Wed Aug  5 19:03:07 IST 2020
Wed Aug  5 19:03:08 IST 2020
Wed Aug  5 19:03:09 IST 2020
Wed Aug  5 19:03:10 IST 2020
Wed Aug  5 19:03:11 IST 2020
Wed Aug  5 19:03:12 IST 2020
Wed Aug  5 19:03:13 IST 2020
Wed Aug  5 19:03:14 IST 2020
Wed Aug  5 19:03:15 IST 2020
Wed Aug  5 19:03:16 IST 2020
Wed Aug  5 19:03:17 IST 2020
Wed Aug  5 19:03:18 IST 2020
Wed Aug  5 19:03:19 IST 2020
Wed Aug  5 19:03:20 IST 2020
Wed Aug  5 19:03:21 IST 2020
Wed Aug  5 19:03:22 IST 2020
Wed Aug  5 19:03:23 IST 2020
Wed Aug  5 19:03:25 IST 2020
Wed Aug  5 19:03:26 IST 2020
Wed Aug  5 19:03:27 IST 2020
Wed Aug  5 19:03:28 IST 2020
Wed Aug  5 19:03:29 IST 2020
Wed Aug  5 19:03:30 IST 2020
Wed Aug  5 19:03:31 IST 2020
Wed Aug  5 19:03:32 IST 2020
Wed Aug  5 19:03:33 IST 2020
Wed Aug  5 19:03:34 IST 2020
Wed Aug  5 19:03:35 IST 2020
Wed Aug  5 19:03:36 IST 2020
Wed Aug  5 19:03:37 IST 2020
Wed Aug  5 19:03:38 IST 2020
Wed Aug  5 19:03:39 IST 2020
Wed Aug  5 19:03:40 IST 2020
Wed Aug  5 19:03:41 IST 2020
Wed Aug  5 19:03:42 IST 2020
Wed Aug  5 19:03:43 IST 2020
Wed Aug  5 19:03:44 IST 2020
Wed Aug  5 19:03:45 IST 2020
Wed Aug  5 19:03:46 IST 2020
Wed Aug  5 19:03:47 IST 2020
Wed Aug  5 19:03:48 IST 2020
Wed Aug  5 19:03:49 IST 2020
Wed Aug  5 19:03:50 IST 2020
Wed Aug  5 19:03:51 IST 2020
Wed Aug  5 19:03:52 IST 2020
Wed Aug  5 19:03:53 IST 2020
Wed Aug  5 19:03:54 IST 2020
Wed Aug  5 19:03:55 IST 2020
Wed Aug  5 19:03:56 IST 2020
Wed Aug  5 19:03:57 IST 2020
Wed Aug  5 19:03:58 IST 2020
Wed Aug  5 19:03:59 IST 2020
Wed Aug  5 19:04:00 IST 2020
Wed Aug  5 19:04:01 IST 2020
Wed Aug  5 19:04:02 IST 2020
Wed Aug  5 19:04:03 IST 2020
Wed Aug  5 19:04:04 IST 2020
Wed Aug  5 19:04:05 IST 2020
Wed Aug  5 19:04:06 IST 2020
Wed Aug  5 19:04:07 IST 2020
Wed Aug  5 19:04:08 IST 2020
Wed Aug  5 19:04:09 IST 2020
Wed Aug  5 19:04:10 IST 2020
Wed Aug  5 19:04:11 IST 2020
Wed Aug  5 19:04:12 IST 2020
Wed Aug  5 19:04:13 IST 2020
Wed Aug  5 19:04:14 IST 2020
Wed Aug  5 19:04:15 IST 2020
Wed Aug  5 19:04:16 IST 2020
Wed Aug  5 19:04:17 IST 2020
Wed Aug  5 19:04:18 IST 2020
Wed Aug  5 19:04:19 IST 2020
Wed Aug  5 19:04:20 IST 2020
Wed Aug  5 19:04:21 IST 2020
Wed Aug  5 19:04:22 IST 2020
Wed Aug  5 19:04:23 IST 2020
Wed Aug  5 19:04:24 IST 2020
Wed Aug  5 19:04:25 IST 2020
Wed Aug  5 19:04:26 IST 2020
Wed Aug  5 19:04:27 IST 2020
Wed Aug  5 19:04:28 IST 2020
Wed Aug  5 19:04:29 IST 2020
Wed Aug  5 19:04:30 IST 2020
Wed Aug  5 19:04:31 IST 2020
Wed Aug  5 19:04:32 IST 2020
Wed Aug  5 19:04:33 IST 2020
Wed Aug  5 19:04:34 IST 2020
Wed Aug  5 19:04:35 IST 2020
Wed Aug  5 19:04:36 IST 2020
Wed Aug  5 19:04:37 IST 2020
Wed Aug  5 19:04:38 IST 2020
Wed Aug  5 19:04:39 IST 2020
Wed Aug  5 19:04:40 IST 2020
Wed Aug  5 19:04:41 IST 2020
Wed Aug  5 19:04:42 IST 2020
Wed Aug  5 19:04:43 IST 2020
Wed Aug  5 19:04:44 IST 2020
Wed Aug  5 19:04:45 IST 2020
Wed Aug  5 19:04:46 IST 2020
Wed Aug  5 19:04:47 IST 2020
Wed Aug  5 19:04:48 IST 2020
Wed Aug  5 19:04:49 IST 2020
Wed Aug  5 19:04:50 IST 2020
Wed Aug  5 19:04:51 IST 2020
Wed Aug  5 19:04:52 IST 2020
Wed Aug  5 19:04:53 IST 2020
Wed Aug  5 19:04:54 IST 2020
Wed Aug  5 19:04:55 IST 2020
Wed Aug  5 19:04:56 IST 2020
Wed Aug  5 19:04:57 IST 2020
Wed Aug  5 19:04:58 IST 2020
Wed Aug  5 19:04:59 IST 2020
Wed Aug  5 19:05:00 IST 2020
Wed Aug  5 19:05:01 IST 2020
Wed Aug  5 19:05:02 IST 2020
Wed Aug  5 19:05:03 IST 2020
Wed Aug  5 19:05:04 IST 2020
Wed Aug  5 19:05:05 IST 2020
Wed Aug  5 19:05:06 IST 2020
Wed Aug  5 19:05:07 IST 2020
Wed Aug  5 19:05:08 IST 2020
Wed Aug  5 19:05:09 IST 2020
Wed Aug  5 19:05:10 IST 2020
Wed Aug  5 19:05:11 IST 2020
Wed Aug  5 19:05:12 IST 2020
Wed Aug  5 19:05:13 IST 2020
Wed Aug  5 19:05:14 IST 2020
Wed Aug  5 19:05:15 IST 2020
Wed Aug  5 19:05:16 IST 2020
Wed Aug  5 19:05:17 IST 2020
Wed Aug  5 19:05:18 IST 2020
Wed Aug  5 19:05:19 IST 2020
Wed Aug  5 19:05:20 IST 2020
Wed Aug  5 19:05:21 IST 2020
Wed Aug  5 19:05:22 IST 2020
Wed Aug  5 19:05:23 IST 2020
Wed Aug  5 19:05:24 IST 2020
Wed Aug  5 19:05:25 IST 2020
Wed Aug  5 19:05:26 IST 2020
Wed Aug  5 19:05:27 IST 2020
Wed Aug  5 19:05:28 IST 2020
Wed Aug  5 19:05:29 IST 2020
Wed Aug  5 19:05:30 IST 2020
Wed Aug  5 19:05:31 IST 2020
Wed Aug  5 19:05:32 IST 2020
Wed Aug  5 19:05:33 IST 2020
Wed Aug  5 19:05:34 IST 2020
Wed Aug  5 19:05:35 IST 2020
Wed Aug  5 19:05:36 IST 2020
Wed Aug  5 19:05:37 IST 2020
Wed Aug  5 19:05:38 IST 2020
Wed Aug  5 19:05:39 IST 2020
Wed Aug  5 19:05:40 IST 2020
Wed Aug  5 19:05:41 IST 2020
Wed Aug  5 19:05:42 IST 2020
Wed Aug  5 19:05:43 IST 2020
Wed Aug  5 19:05:44 IST 2020
Wed Aug  5 19:05:45 IST 2020
Wed Aug  5 19:05:46 IST 2020
Wed Aug  5 19:05:47 IST 2020
Wed Aug  5 19:05:48 IST 2020
Wed Aug  5 19:05:49 IST 2020
Wed Aug  5 19:05:50 IST 2020
Wed Aug  5 19:05:51 IST 2020
Wed Aug  5 19:05:52 IST 2020
Wed Aug  5 19:05:53 IST 2020
Wed Aug  5 19:05:54 IST 2020
Wed Aug  5 19:05:55 IST 2020
Wed Aug  5 19:05:56 IST 2020
Wed Aug  5 19:05:57 IST 2020
Wed Aug  5 19:05:58 IST 2020
Wed Aug  5 19:05:59 IST 2020
Wed Aug  5 19:06:00 IST 2020
Wed Aug  5 19:06:01 IST 2020
Wed Aug  5 19:06:02 IST 2020
Wed Aug  5 19:06:03 IST 2020
Wed Aug  5 19:06:04 IST 2020
Wed Aug  5 19:06:05 IST 2020
Wed Aug  5 19:06:06 IST 2020
Wed Aug  5 19:06:07 IST 2020
Wed Aug  5 19:06:08 IST 2020
Wed Aug  5 19:06:09 IST 2020
Wed Aug  5 19:06:10 IST 2020
Wed Aug  5 19:06:11 IST 2020
Wed Aug  5 19:06:12 IST 2020
Wed Aug  5 19:06:13 IST 2020
Wed Aug  5 19:06:14 IST 2020
Wed Aug  5 19:06:15 IST 2020
Wed Aug  5 19:06:16 IST 2020
Wed Aug  5 19:06:17 IST 2020
Wed Aug  5 19:06:18 IST 2020
Wed Aug  5 19:06:19 IST 2020
Wed Aug  5 19:06:20 IST 2020
Wed Aug  5 19:06:21 IST 2020
Wed Aug  5 19:06:22 IST 2020
Wed Aug  5 19:06:24 IST 2020
Wed Aug  5 19:06:25 IST 2020
Wed Aug  5 19:06:26 IST 2020
Wed Aug  5 19:06:27 IST 2020
Wed Aug  5 19:06:28 IST 2020
Wed Aug  5 19:06:29 IST 2020
Wed Aug  5 19:06:30 IST 2020
Wed Aug  5 19:06:31 IST 2020
Wed Aug  5 19:06:32 IST 2020
Wed Aug  5 19:06:33 IST 2020
Wed Aug  5 19:06:34 IST 2020
Wed Aug  5 19:06:35 IST 2020
Wed Aug  5 19:06:36 IST 2020
Wed Aug  5 19:06:37 IST 2020
Wed Aug  5 19:06:38 IST 2020
Wed Aug  5 19:06:39 IST 2020
Wed Aug  5 19:06:40 IST 2020
Wed Aug  5 19:06:41 IST 2020
Wed Aug  5 19:06:42 IST 2020
Wed Aug  5 19:06:43 IST 2020
Wed Aug  5 19:06:44 IST 2020
Wed Aug  5 19:06:45 IST 2020
Wed Aug  5 19:06:46 IST 2020
Wed Aug  5 19:06:47 IST 2020
Wed Aug  5 19:06:48 IST 2020
Wed Aug  5 19:06:49 IST 2020
Wed Aug  5 19:06:50 IST 2020
Wed Aug  5 19:06:51 IST 2020
Wed Aug  5 19:06:52 IST 2020
Wed Aug  5 19:06:53 IST 2020
Wed Aug  5 19:06:54 IST 2020
Wed Aug  5 19:06:55 IST 2020
Wed Aug  5 19:06:56 IST 2020
Wed Aug  5 19:06:57 IST 2020
Wed Aug  5 19:06:58 IST 2020
Wed Aug  5 19:06:59 IST 2020
Wed Aug  5 19:07:00 IST 2020
Wed Aug  5 19:07:01 IST 2020
Wed Aug  5 19:07:02 IST 2020
Wed Aug  5 19:07:03 IST 2020
Wed Aug  5 19:07:04 IST 2020
Wed Aug  5 19:07:05 IST 2020
Wed Aug  5 19:07:06 IST 2020
Wed Aug  5 19:07:07 IST 2020
Wed Aug  5 19:07:08 IST 2020
Wed Aug  5 19:07:09 IST 2020
Wed Aug  5 19:07:10 IST 2020
Wed Aug  5 19:07:11 IST 2020
Wed Aug  5 19:07:12 IST 2020
Wed Aug  5 19:07:13 IST 2020
Wed Aug  5 19:07:14 IST 2020
Wed Aug  5 19:07:15 IST 2020
Wed Aug  5 19:07:16 IST 2020
Wed Aug  5 19:07:17 IST 2020
Wed Aug  5 19:07:18 IST 2020
Wed Aug  5 19:07:19 IST 2020
Wed Aug  5 19:07:20 IST 2020
Wed Aug  5 19:07:21 IST 2020
Wed Aug  5 19:07:22 IST 2020
Wed Aug  5 19:07:23 IST 2020
Wed Aug  5 19:07:24 IST 2020
Wed Aug  5 19:07:25 IST 2020
Wed Aug  5 19:07:26 IST 2020
Wed Aug  5 19:07:27 IST 2020
Wed Aug  5 19:07:28 IST 2020
Wed Aug  5 19:07:29 IST 2020
Wed Aug  5 19:07:30 IST 2020
Wed Aug  5 19:07:31 IST 2020
Wed Aug  5 19:07:32 IST 2020
Wed Aug  5 19:07:33 IST 2020
Wed Aug  5 19:07:34 IST 2020
Wed Aug  5 19:07:35 IST 2020
Wed Aug  5 19:07:36 IST 2020
Wed Aug  5 19:07:37 IST 2020
Wed Aug  5 19:07:38 IST 2020
Wed Aug  5 19:07:39 IST 2020
Wed Aug  5 19:07:40 IST 2020
Wed Aug  5 19:07:41 IST 2020
Wed Aug  5 19:07:42 IST 2020
Wed Aug  5 19:07:43 IST 2020
Wed Aug  5 19:07:44 IST 2020
Wed Aug  5 19:07:45 IST 2020
Wed Aug  5 19:07:46 IST 2020
Wed Aug  5 19:07:47 IST 2020
Wed Aug  5 19:07:48 IST 2020
Wed Aug  5 19:07:49 IST 2020
Wed Aug  5 19:07:50 IST 2020
Wed Aug  5 19:07:51 IST 2020
Wed Aug  5 19:07:52 IST 2020
Wed Aug  5 19:07:53 IST 2020
Wed Aug  5 19:07:54 IST 2020
Wed Aug  5 19:07:55 IST 2020
Wed Aug  5 19:07:56 IST 2020
Wed Aug  5 19:07:57 IST 2020
Wed Aug  5 19:07:58 IST 2020
Wed Aug  5 19:07:59 IST 2020
Wed Aug  5 19:08:00 IST 2020
Wed Aug  5 19:08:01 IST 2020
Wed Aug  5 19:08:02 IST 2020
Wed Aug  5 19:08:03 IST 2020
Wed Aug  5 19:08:04 IST 2020
Wed Aug  5 19:08:05 IST 2020
Wed Aug  5 19:08:06 IST 2020
Wed Aug  5 19:08:07 IST 2020
Wed Aug  5 19:08:08 IST 2020
Wed Aug  5 19:08:09 IST 2020
Wed Aug  5 19:08:10 IST 2020
Wed Aug  5 19:08:11 IST 2020
Wed Aug  5 19:08:12 IST 2020
Wed Aug  5 19:08:13 IST 2020
Wed Aug  5 19:08:14 IST 2020
Wed Aug  5 19:08:15 IST 2020
Wed Aug  5 19:08:16 IST 2020
Wed Aug  5 19:08:17 IST 2020
Wed Aug  5 19:08:18 IST 2020
Wed Aug  5 19:08:19 IST 2020
Wed Aug  5 19:08:20 IST 2020
Wed Aug  5 19:08:21 IST 2020
Wed Aug  5 19:08:22 IST 2020
Wed Aug  5 19:08:23 IST 2020
Wed Aug  5 19:08:24 IST 2020
Wed Aug  5 19:08:25 IST 2020
Wed Aug  5 19:08:26 IST 2020
Wed Aug  5 19:08:27 IST 2020
Wed Aug  5 19:08:28 IST 2020
Wed Aug  5 19:08:29 IST 2020
Wed Aug  5 19:08:30 IST 2020
Wed Aug  5 19:08:31 IST 2020
Wed Aug  5 19:08:32 IST 2020
Wed Aug  5 19:08:33 IST 2020
Wed Aug  5 19:08:34 IST 2020
Wed Aug  5 19:08:35 IST 2020
Wed Aug  5 19:08:36 IST 2020
Wed Aug  5 19:08:37 IST 2020
Wed Aug  5 19:08:38 IST 2020
Wed Aug  5 19:08:39 IST 2020
Wed Aug  5 19:08:40 IST 2020
Wed Aug  5 19:08:41 IST 2020
Wed Aug  5 19:08:42 IST 2020
Wed Aug  5 19:08:43 IST 2020
Wed Aug  5 19:08:44 IST 2020
Wed Aug  5 19:08:45 IST 2020
Wed Aug  5 19:08:46 IST 2020
Wed Aug  5 19:08:47 IST 2020
Wed Aug  5 19:08:48 IST 2020
Wed Aug  5 19:08:49 IST 2020
Wed Aug  5 19:08:50 IST 2020
Wed Aug  5 19:08:51 IST 2020
Wed Aug  5 19:08:52 IST 2020
Wed Aug  5 19:08:53 IST 2020
Wed Aug  5 19:08:54 IST 2020
Wed Aug  5 19:08:55 IST 2020
Wed Aug  5 19:08:56 IST 2020
Wed Aug  5 19:08:57 IST 2020
Wed Aug  5 19:08:58 IST 2020
Wed Aug  5 19:08:59 IST 2020
Wed Aug  5 19:09:00 IST 2020
Wed Aug  5 19:09:01 IST 2020
Wed Aug  5 19:09:02 IST 2020
Wed Aug  5 19:09:03 IST 2020
Wed Aug  5 19:09:04 IST 2020
Wed Aug  5 19:09:05 IST 2020
Wed Aug  5 19:09:06 IST 2020
Wed Aug  5 19:09:07 IST 2020
Wed Aug  5 19:09:08 IST 2020
Wed Aug  5 19:09:09 IST 2020
Wed Aug  5 19:09:10 IST 2020
Wed Aug  5 19:09:11 IST 2020
Wed Aug  5 19:09:12 IST 2020
Wed Aug  5 19:09:13 IST 2020
Wed Aug  5 19:09:15 IST 2020
Wed Aug  5 19:09:16 IST 2020
Wed Aug  5 19:09:17 IST 2020
Wed Aug  5 19:09:18 IST 2020
Wed Aug  5 19:09:19 IST 2020
Wed Aug  5 19:09:20 IST 2020
Wed Aug  5 19:09:21 IST 2020
Wed Aug  5 19:09:22 IST 2020
Wed Aug  5 19:09:23 IST 2020
Wed Aug  5 19:09:24 IST 2020
Wed Aug  5 19:09:25 IST 2020
Wed Aug  5 19:09:26 IST 2020
Wed Aug  5 19:09:27 IST 2020
Wed Aug  5 19:09:28 IST 2020
Wed Aug  5 19:09:29 IST 2020
Wed Aug  5 19:09:30 IST 2020
Wed Aug  5 19:09:31 IST 2020
Wed Aug  5 19:09:32 IST 2020
Wed Aug  5 19:09:33 IST 2020
Wed Aug  5 19:09:34 IST 2020
Wed Aug  5 19:09:35 IST 2020
Wed Aug  5 19:09:36 IST 2020
Wed Aug  5 19:09:37 IST 2020
Wed Aug  5 19:09:38 IST 2020
Wed Aug  5 19:09:39 IST 2020
Wed Aug  5 19:09:40 IST 2020
Wed Aug  5 19:09:41 IST 2020
Wed Aug  5 19:09:42 IST 2020
Wed Aug  5 19:09:43 IST 2020
Wed Aug  5 19:09:44 IST 2020
Wed Aug  5 19:09:45 IST 2020
Wed Aug  5 19:09:46 IST 2020
Wed Aug  5 19:09:47 IST 2020
Wed Aug  5 19:09:48 IST 2020
Wed Aug  5 19:09:49 IST 2020
Wed Aug  5 19:09:50 IST 2020
Wed Aug  5 19:09:51 IST 2020
Wed Aug  5 19:09:52 IST 2020
Wed Aug  5 19:09:53 IST 2020
Wed Aug  5 19:09:54 IST 2020
Wed Aug  5 19:09:55 IST 2020
Wed Aug  5 19:09:56 IST 2020
Wed Aug  5 19:09:57 IST 2020
Wed Aug  5 19:09:58 IST 2020
Wed Aug  5 19:09:59 IST 2020
Wed Aug  5 19:10:00 IST 2020
Wed Aug  5 19:10:01 IST 2020
Wed Aug  5 19:10:02 IST 2020
Wed Aug  5 19:10:03 IST 2020
Wed Aug  5 19:10:04 IST 2020
Wed Aug  5 19:10:05 IST 2020
Wed Aug  5 19:10:06 IST 2020
Wed Aug  5 19:10:07 IST 2020
Wed Aug  5 19:10:08 IST 2020
Wed Aug  5 19:10:09 IST 2020
Wed Aug  5 19:10:10 IST 2020
Wed Aug  5 19:10:11 IST 2020
Wed Aug  5 19:10:12 IST 2020
Wed Aug  5 19:10:13 IST 2020
Wed Aug  5 19:10:14 IST 2020
Wed Aug  5 19:10:15 IST 2020
Wed Aug  5 19:10:16 IST 2020
Wed Aug  5 19:10:17 IST 2020
Wed Aug  5 19:10:18 IST 2020
Wed Aug  5 19:10:19 IST 2020
Wed Aug  5 19:10:20 IST 2020
Wed Aug  5 19:10:21 IST 2020
Wed Aug  5 19:10:22 IST 2020
Wed Aug  5 19:10:23 IST 2020
Wed Aug  5 19:10:24 IST 2020
Wed Aug  5 19:10:25 IST 2020
Wed Aug  5 19:10:26 IST 2020
Wed Aug  5 19:10:27 IST 2020
Wed Aug  5 19:10:28 IST 2020
Wed Aug  5 19:10:29 IST 2020
Wed Aug  5 19:10:30 IST 2020
Wed Aug  5 19:10:31 IST 2020
Wed Aug  5 19:10:32 IST 2020
Wed Aug  5 19:10:33 IST 2020
Wed Aug  5 19:10:34 IST 2020
Wed Aug  5 19:10:35 IST 2020
Wed Aug  5 19:10:36 IST 2020
Wed Aug  5 19:10:37 IST 2020
Wed Aug  5 19:10:38 IST 2020
Wed Aug  5 19:10:39 IST 2020
Wed Aug  5 19:10:40 IST 2020
Wed Aug  5 19:10:41 IST 2020
Wed Aug  5 19:10:42 IST 2020
Wed Aug  5 19:10:43 IST 2020
Wed Aug  5 19:10:44 IST 2020
Wed Aug  5 19:10:45 IST 2020
Wed Aug  5 19:10:46 IST 2020
Wed Aug  5 19:10:47 IST 2020
Wed Aug  5 19:10:48 IST 2020
Wed Aug  5 19:10:49 IST 2020
Wed Aug  5 19:10:50 IST 2020
Wed Aug  5 19:10:51 IST 2020
Wed Aug  5 19:10:52 IST 2020
Wed Aug  5 19:10:53 IST 2020
Wed Aug  5 19:10:54 IST 2020
Wed Aug  5 19:10:55 IST 2020
Wed Aug  5 19:10:56 IST 2020
Wed Aug  5 19:10:57 IST 2020
Wed Aug  5 19:10:58 IST 2020
Wed Aug  5 19:10:59 IST 2020
Wed Aug  5 19:11:00 IST 2020
Wed Aug  5 19:11:01 IST 2020
Wed Aug  5 19:11:02 IST 2020
Wed Aug  5 19:11:03 IST 2020
Wed Aug  5 19:11:04 IST 2020
Wed Aug  5 19:11:05 IST 2020
Wed Aug  5 19:11:06 IST 2020
Wed Aug  5 19:11:07 IST 2020
Wed Aug  5 19:11:08 IST 2020
Wed Aug  5 19:11:09 IST 2020
Wed Aug  5 19:11:10 IST 2020
Wed Aug  5 19:11:11 IST 2020
Wed Aug  5 19:11:12 IST 2020
Wed Aug  5 19:11:13 IST 2020
Wed Aug  5 19:11:14 IST 2020
Wed Aug  5 19:11:15 IST 2020
Wed Aug  5 19:11:16 IST 2020
Wed Aug  5 19:11:17 IST 2020
Wed Aug  5 19:11:18 IST 2020
Wed Aug  5 19:11:19 IST 2020
Wed Aug  5 19:11:20 IST 2020
Wed Aug  5 19:11:21 IST 2020
Wed Aug  5 19:11:22 IST 2020
Wed Aug  5 19:11:23 IST 2020
Wed Aug  5 19:11:24 IST 2020
Wed Aug  5 19:11:25 IST 2020
Wed Aug  5 19:11:26 IST 2020
Wed Aug  5 19:11:27 IST 2020
Wed Aug  5 19:11:28 IST 2020
Wed Aug  5 19:11:29 IST 2020
Wed Aug  5 19:11:30 IST 2020
Wed Aug  5 19:11:31 IST 2020
Wed Aug  5 19:11:32 IST 2020
Wed Aug  5 19:11:33 IST 2020
Wed Aug  5 19:11:34 IST 2020
Wed Aug  5 19:11:35 IST 2020
Wed Aug  5 19:11:36 IST 2020
Wed Aug  5 19:11:37 IST 2020
Wed Aug  5 19:11:38 IST 2020
Wed Aug  5 19:11:39 IST 2020
Wed Aug  5 19:11:40 IST 2020
Wed Aug  5 19:11:41 IST 2020
Wed Aug  5 19:11:42 IST 2020
Wed Aug  5 19:11:43 IST 2020
Wed Aug  5 19:11:44 IST 2020
Wed Aug  5 19:11:45 IST 2020
Wed Aug  5 19:11:46 IST 2020
Wed Aug  5 19:11:47 IST 2020
Wed Aug  5 19:11:48 IST 2020
Wed Aug  5 19:11:49 IST 2020
Wed Aug  5 19:11:51 IST 2020
Wed Aug  5 19:11:52 IST 2020
Wed Aug  5 19:11:53 IST 2020
Wed Aug  5 19:11:54 IST 2020
Wed Aug  5 19:11:55 IST 2020
Wed Aug  5 19:11:56 IST 2020
Wed Aug  5 19:11:57 IST 2020
Wed Aug  5 19:11:58 IST 2020
Wed Aug  5 19:11:59 IST 2020
Wed Aug  5 19:12:00 IST 2020
Wed Aug  5 19:12:01 IST 2020
Wed Aug  5 19:12:02 IST 2020
Wed Aug  5 19:12:03 IST 2020
Wed Aug  5 19:12:04 IST 2020
Wed Aug  5 19:12:05 IST 2020
Wed Aug  5 19:12:06 IST 2020
Wed Aug  5 19:12:07 IST 2020
Wed Aug  5 19:12:08 IST 2020
Wed Aug  5 19:12:09 IST 2020
Wed Aug  5 19:12:10 IST 2020
Wed Aug  5 19:12:11 IST 2020
Wed Aug  5 19:12:12 IST 2020
Wed Aug  5 19:12:13 IST 2020
Wed Aug  5 19:12:14 IST 2020
Wed Aug  5 19:12:15 IST 2020
Wed Aug  5 19:12:16 IST 2020
Wed Aug  5 19:12:17 IST 2020
Wed Aug  5 19:12:18 IST 2020
Wed Aug  5 19:12:19 IST 2020
Wed Aug  5 19:12:20 IST 2020
Wed Aug  5 19:12:21 IST 2020
Wed Aug  5 19:12:22 IST 2020
Wed Aug  5 19:12:23 IST 2020
Wed Aug  5 19:12:24 IST 2020
Wed Aug  5 19:12:25 IST 2020
Wed Aug  5 19:12:26 IST 2020
Wed Aug  5 19:12:27 IST 2020
Wed Aug  5 19:12:28 IST 2020
Wed Aug  5 19:12:29 IST 2020
Wed Aug  5 19:12:30 IST 2020
Wed Aug  5 19:12:31 IST 2020
Wed Aug  5 19:12:32 IST 2020
Wed Aug  5 19:12:33 IST 2020
Wed Aug  5 19:12:34 IST 2020
Wed Aug  5 19:12:35 IST 2020
Wed Aug  5 19:12:36 IST 2020
Wed Aug  5 19:12:37 IST 2020
Wed Aug  5 19:12:38 IST 2020
Wed Aug  5 19:12:39 IST 2020
Wed Aug  5 19:12:40 IST 2020
Wed Aug  5 19:12:41 IST 2020
Wed Aug  5 19:12:42 IST 2020
Wed Aug  5 19:12:43 IST 2020
Wed Aug  5 19:12:44 IST 2020
Wed Aug  5 19:12:45 IST 2020
Wed Aug  5 19:12:46 IST 2020
Wed Aug  5 19:12:47 IST 2020
Wed Aug  5 19:12:48 IST 2020
Wed Aug  5 19:12:49 IST 2020
Wed Aug  5 19:12:50 IST 2020
Wed Aug  5 19:12:51 IST 2020
Wed Aug  5 19:12:52 IST 2020
Wed Aug  5 19:12:53 IST 2020
Wed Aug  5 19:12:54 IST 2020
Wed Aug  5 19:12:55 IST 2020
Wed Aug  5 19:12:56 IST 2020
Wed Aug  5 19:12:57 IST 2020
Wed Aug  5 19:12:58 IST 2020
Wed Aug  5 19:12:59 IST 2020
Wed Aug  5 19:13:00 IST 2020
Wed Aug  5 19:13:01 IST 2020
Wed Aug  5 19:13:02 IST 2020
Wed Aug  5 19:13:03 IST 2020
Wed Aug  5 19:13:04 IST 2020
Wed Aug  5 19:13:05 IST 2020
Wed Aug  5 19:13:06 IST 2020
Wed Aug  5 19:13:07 IST 2020
Wed Aug  5 19:13:08 IST 2020
Wed Aug  5 19:13:09 IST 2020
Wed Aug  5 19:13:10 IST 2020
Wed Aug  5 19:13:11 IST 2020
Wed Aug  5 19:13:12 IST 2020
Wed Aug  5 19:13:13 IST 2020
Wed Aug  5 19:13:14 IST 2020
Wed Aug  5 19:13:15 IST 2020
Wed Aug  5 19:13:16 IST 2020
Wed Aug  5 19:13:17 IST 2020
Wed Aug  5 19:13:18 IST 2020
Wed Aug  5 19:13:19 IST 2020
Wed Aug  5 19:13:20 IST 2020
Wed Aug  5 19:13:21 IST 2020
Wed Aug  5 19:13:22 IST 2020
Wed Aug  5 19:13:23 IST 2020
Wed Aug  5 19:13:24 IST 2020
Wed Aug  5 19:13:25 IST 2020
Wed Aug  5 19:13:26 IST 2020
Wed Aug  5 19:13:27 IST 2020
Wed Aug  5 19:13:28 IST 2020
Wed Aug  5 19:13:29 IST 2020
Wed Aug  5 19:13:30 IST 2020
Wed Aug  5 19:13:31 IST 2020
Wed Aug  5 19:13:32 IST 2020
Wed Aug  5 19:13:33 IST 2020
Wed Aug  5 19:13:34 IST 2020
Wed Aug  5 19:13:35 IST 2020
Wed Aug  5 19:13:36 IST 2020
Wed Aug  5 19:13:37 IST 2020
Wed Aug  5 19:13:38 IST 2020
Wed Aug  5 19:13:39 IST 2020
Wed Aug  5 19:13:40 IST 2020
Wed Aug  5 19:13:41 IST 2020
Wed Aug  5 19:13:42 IST 2020
Wed Aug  5 19:13:43 IST 2020
Wed Aug  5 19:13:44 IST 2020
Wed Aug  5 19:13:45 IST 2020
Wed Aug  5 19:13:46 IST 2020
Wed Aug  5 19:13:47 IST 2020
Wed Aug  5 19:13:48 IST 2020
Wed Aug  5 19:13:49 IST 2020
Wed Aug  5 19:13:50 IST 2020
Wed Aug  5 19:13:51 IST 2020
Wed Aug  5 19:13:52 IST 2020
Wed Aug  5 19:13:53 IST 2020
Wed Aug  5 19:13:54 IST 2020
Wed Aug  5 19:13:55 IST 2020
Wed Aug  5 19:13:56 IST 2020
Wed Aug  5 19:13:57 IST 2020
Wed Aug  5 19:13:58 IST 2020
Wed Aug  5 19:13:59 IST 2020
Wed Aug  5 19:14:00 IST 2020
Wed Aug  5 19:14:01 IST 2020
Wed Aug  5 19:14:02 IST 2020
Wed Aug  5 19:14:03 IST 2020
Wed Aug  5 19:14:04 IST 2020
Wed Aug  5 19:14:05 IST 2020
Wed Aug  5 19:14:06 IST 2020
Wed Aug  5 19:14:07 IST 2020
Wed Aug  5 19:14:08 IST 2020
Wed Aug  5 19:14:09 IST 2020
Wed Aug  5 19:14:10 IST 2020
Wed Aug  5 19:14:11 IST 2020
Wed Aug  5 19:14:12 IST 2020
Wed Aug  5 19:14:13 IST 2020
Wed Aug  5 19:14:14 IST 2020
Wed Aug  5 19:14:15 IST 2020
Wed Aug  5 19:14:16 IST 2020
Wed Aug  5 19:14:17 IST 2020
Wed Aug  5 19:14:18 IST 2020
Wed Aug  5 19:14:19 IST 2020
Wed Aug  5 19:14:20 IST 2020
Wed Aug  5 19:14:21 IST 2020
Wed Aug  5 19:14:22 IST 2020
Wed Aug  5 19:14:23 IST 2020
Wed Aug  5 19:14:24 IST 2020
Wed Aug  5 19:14:25 IST 2020
Wed Aug  5 19:14:26 IST 2020
Wed Aug  5 19:14:27 IST 2020
Wed Aug  5 19:14:28 IST 2020
Wed Aug  5 19:14:29 IST 2020
Wed Aug  5 19:14:30 IST 2020
Wed Aug  5 19:14:31 IST 2020
Wed Aug  5 19:14:32 IST 2020
Wed Aug  5 19:14:33 IST 2020
Wed Aug  5 19:14:34 IST 2020
Wed Aug  5 19:14:35 IST 2020
Wed Aug  5 19:14:36 IST 2020
Wed Aug  5 19:14:37 IST 2020
Wed Aug  5 19:14:38 IST 2020
Wed Aug  5 19:14:39 IST 2020
Wed Aug  5 19:14:40 IST 2020
Wed Aug  5 19:14:41 IST 2020
Wed Aug  5 19:14:42 IST 2020
Wed Aug  5 19:14:43 IST 2020
Wed Aug  5 19:14:44 IST 2020
Wed Aug  5 19:14:45 IST 2020
Wed Aug  5 19:14:46 IST 2020
Wed Aug  5 19:14:47 IST 2020
Wed Aug  5 19:14:48 IST 2020
Wed Aug  5 19:14:49 IST 2020
Wed Aug  5 19:14:50 IST 2020
Wed Aug  5 19:14:51 IST 2020
Wed Aug  5 19:14:52 IST 2020
Wed Aug  5 19:14:53 IST 2020
Wed Aug  5 19:14:55 IST 2020
Wed Aug  5 19:14:56 IST 2020
Wed Aug  5 19:14:57 IST 2020
Wed Aug  5 19:14:58 IST 2020
Wed Aug  5 19:14:59 IST 2020
Wed Aug  5 19:15:00 IST 2020
Wed Aug  5 19:15:01 IST 2020
Wed Aug  5 19:15:02 IST 2020
Wed Aug  5 19:15:03 IST 2020
Wed Aug  5 19:15:04 IST 2020
Wed Aug  5 19:15:05 IST 2020
Wed Aug  5 19:15:06 IST 2020
Wed Aug  5 19:15:07 IST 2020
Wed Aug  5 19:15:08 IST 2020
Wed Aug  5 19:15:09 IST 2020
Wed Aug  5 19:15:10 IST 2020
Wed Aug  5 19:15:11 IST 2020
Wed Aug  5 19:15:12 IST 2020
Wed Aug  5 19:15:13 IST 2020
Wed Aug  5 19:15:14 IST 2020
Wed Aug  5 19:15:15 IST 2020
Wed Aug  5 19:15:16 IST 2020
Wed Aug  5 19:15:17 IST 2020
Wed Aug  5 19:15:18 IST 2020
Wed Aug  5 19:15:19 IST 2020
Wed Aug  5 19:15:20 IST 2020
Wed Aug  5 19:15:21 IST 2020
Wed Aug  5 19:15:22 IST 2020
Wed Aug  5 19:15:23 IST 2020
Wed Aug  5 19:15:24 IST 2020
Wed Aug  5 19:15:25 IST 2020
Wed Aug  5 19:15:26 IST 2020
Wed Aug  5 19:15:27 IST 2020
Wed Aug  5 19:15:28 IST 2020
Wed Aug  5 19:15:29 IST 2020
Wed Aug  5 19:15:30 IST 2020
Wed Aug  5 19:15:31 IST 2020
Wed Aug  5 19:15:32 IST 2020
Wed Aug  5 19:15:33 IST 2020
Wed Aug  5 19:15:34 IST 2020
Wed Aug  5 19:15:35 IST 2020
Wed Aug  5 19:15:36 IST 2020
Wed Aug  5 19:15:37 IST 2020
Wed Aug  5 19:15:38 IST 2020
Wed Aug  5 19:15:39 IST 2020
Wed Aug  5 19:15:40 IST 2020
Wed Aug  5 19:15:41 IST 2020
Wed Aug  5 19:15:42 IST 2020
Wed Aug  5 19:15:43 IST 2020
Wed Aug  5 19:15:44 IST 2020
Wed Aug  5 19:15:45 IST 2020
Wed Aug  5 19:15:46 IST 2020
Wed Aug  5 19:15:47 IST 2020
Wed Aug  5 19:15:48 IST 2020
Wed Aug  5 19:15:49 IST 2020
Wed Aug  5 19:15:50 IST 2020
Wed Aug  5 19:15:51 IST 2020
Wed Aug  5 19:15:52 IST 2020
Wed Aug  5 19:15:53 IST 2020
Wed Aug  5 19:15:54 IST 2020
Wed Aug  5 19:15:55 IST 2020
Wed Aug  5 19:15:56 IST 2020
Wed Aug  5 19:15:57 IST 2020
Wed Aug  5 19:15:58 IST 2020
Wed Aug  5 19:15:59 IST 2020
Wed Aug  5 19:16:00 IST 2020
Wed Aug  5 19:16:01 IST 2020
Wed Aug  5 19:16:02 IST 2020
Wed Aug  5 19:16:03 IST 2020
Wed Aug  5 19:16:04 IST 2020
Wed Aug  5 19:16:05 IST 2020
Wed Aug  5 19:16:06 IST 2020
Wed Aug  5 19:16:07 IST 2020
Wed Aug  5 19:16:08 IST 2020
Wed Aug  5 19:16:09 IST 2020
Wed Aug  5 19:16:10 IST 2020
Wed Aug  5 19:16:11 IST 2020
Wed Aug  5 19:16:12 IST 2020
Wed Aug  5 19:16:13 IST 2020
Wed Aug  5 19:16:14 IST 2020
Wed Aug  5 19:16:15 IST 2020
Wed Aug  5 19:16:16 IST 2020
Wed Aug  5 19:16:17 IST 2020
Wed Aug  5 19:16:18 IST 2020
Wed Aug  5 19:16:19 IST 2020
Wed Aug  5 19:16:20 IST 2020
Wed Aug  5 19:16:21 IST 2020
Wed Aug  5 19:16:22 IST 2020
Wed Aug  5 19:16:23 IST 2020
Wed Aug  5 19:16:24 IST 2020
Wed Aug  5 19:16:25 IST 2020
Wed Aug  5 19:16:26 IST 2020
Wed Aug  5 19:16:27 IST 2020
Wed Aug  5 19:16:28 IST 2020
Wed Aug  5 19:16:29 IST 2020
Wed Aug  5 19:16:30 IST 2020
Wed Aug  5 19:16:31 IST 2020
Wed Aug  5 19:16:32 IST 2020
Wed Aug  5 19:16:33 IST 2020
Wed Aug  5 19:16:34 IST 2020
Wed Aug  5 19:16:35 IST 2020
Wed Aug  5 19:16:36 IST 2020
Wed Aug  5 19:16:37 IST 2020
Wed Aug  5 19:16:38 IST 2020
Wed Aug  5 19:16:39 IST 2020
Wed Aug  5 19:16:40 IST 2020
Wed Aug  5 19:16:41 IST 2020
Wed Aug  5 19:16:42 IST 2020
Wed Aug  5 19:16:43 IST 2020
Wed Aug  5 19:16:44 IST 2020
Wed Aug  5 19:16:45 IST 2020
Wed Aug  5 19:16:46 IST 2020
Wed Aug  5 19:16:47 IST 2020
Wed Aug  5 19:16:48 IST 2020
Wed Aug  5 19:16:49 IST 2020
Wed Aug  5 19:16:50 IST 2020
Wed Aug  5 19:16:51 IST 2020
Wed Aug  5 19:16:52 IST 2020
Wed Aug  5 19:16:53 IST 2020
Wed Aug  5 19:16:54 IST 2020
Wed Aug  5 19:16:55 IST 2020
Wed Aug  5 19:16:56 IST 2020
Wed Aug  5 19:16:57 IST 2020
Wed Aug  5 19:16:58 IST 2020
Wed Aug  5 19:16:59 IST 2020
Wed Aug  5 19:17:00 IST 2020
Wed Aug  5 19:17:01 IST 2020
Wed Aug  5 19:17:02 IST 2020
Wed Aug  5 19:17:03 IST 2020
Wed Aug  5 19:17:04 IST 2020
Wed Aug  5 19:17:05 IST 2020
Wed Aug  5 19:17:06 IST 2020
Wed Aug  5 19:17:07 IST 2020
Wed Aug  5 19:17:08 IST 2020
Wed Aug  5 19:17:09 IST 2020
Wed Aug  5 19:17:10 IST 2020
Wed Aug  5 19:17:11 IST 2020
Wed Aug  5 19:17:12 IST 2020
Wed Aug  5 19:17:13 IST 2020
Wed Aug  5 19:17:14 IST 2020
Wed Aug  5 19:17:15 IST 2020
Wed Aug  5 19:17:16 IST 2020
Wed Aug  5 19:17:17 IST 2020
Wed Aug  5 19:17:18 IST 2020
Wed Aug  5 19:17:19 IST 2020
Wed Aug  5 19:17:20 IST 2020
Wed Aug  5 19:17:21 IST 2020
Wed Aug  5 19:17:22 IST 2020
Wed Aug  5 19:17:23 IST 2020
Wed Aug  5 19:17:24 IST 2020
Wed Aug  5 19:17:25 IST 2020
Wed Aug  5 19:17:26 IST 2020
Wed Aug  5 19:17:27 IST 2020
Wed Aug  5 19:17:28 IST 2020
Wed Aug  5 19:17:29 IST 2020
Wed Aug  5 19:17:30 IST 2020
Wed Aug  5 19:17:31 IST 2020
Wed Aug  5 19:17:32 IST 2020
Wed Aug  5 19:17:33 IST 2020
Wed Aug  5 19:17:34 IST 2020
Wed Aug  5 19:17:35 IST 2020
Wed Aug  5 19:17:36 IST 2020
Wed Aug  5 19:17:37 IST 2020
Wed Aug  5 19:17:38 IST 2020
Wed Aug  5 19:17:39 IST 2020
Wed Aug  5 19:17:40 IST 2020
Wed Aug  5 19:17:41 IST 2020
Wed Aug  5 19:17:42 IST 2020
Wed Aug  5 19:17:44 IST 2020
Wed Aug  5 19:17:45 IST 2020
Wed Aug  5 19:17:46 IST 2020
Wed Aug  5 19:17:47 IST 2020
Wed Aug  5 19:17:48 IST 2020
Wed Aug  5 19:17:49 IST 2020
Wed Aug  5 19:17:50 IST 2020
Wed Aug  5 19:17:51 IST 2020
Wed Aug  5 19:17:52 IST 2020
Wed Aug  5 19:17:53 IST 2020
Wed Aug  5 19:17:54 IST 2020
Wed Aug  5 19:17:55 IST 2020
Wed Aug  5 19:17:56 IST 2020
Wed Aug  5 19:17:57 IST 2020
Wed Aug  5 19:17:58 IST 2020
Wed Aug  5 19:17:59 IST 2020
Wed Aug  5 19:18:00 IST 2020
Wed Aug  5 19:18:01 IST 2020
Wed Aug  5 19:18:02 IST 2020
Wed Aug  5 19:18:03 IST 2020
Wed Aug  5 19:18:04 IST 2020
Wed Aug  5 19:18:05 IST 2020
Wed Aug  5 19:18:06 IST 2020
Wed Aug  5 19:18:07 IST 2020
Wed Aug  5 19:18:08 IST 2020
Wed Aug  5 19:18:09 IST 2020
Wed Aug  5 19:18:10 IST 2020
Wed Aug  5 19:18:11 IST 2020
Wed Aug  5 19:18:12 IST 2020
Wed Aug  5 19:18:13 IST 2020
Wed Aug  5 19:18:14 IST 2020
Wed Aug  5 19:18:15 IST 2020
Wed Aug  5 19:18:16 IST 2020
Wed Aug  5 19:18:17 IST 2020
Wed Aug  5 19:18:18 IST 2020
Wed Aug  5 19:18:19 IST 2020
Wed Aug  5 19:18:20 IST 2020
Wed Aug  5 19:18:21 IST 2020
Wed Aug  5 19:18:22 IST 2020
Wed Aug  5 19:18:23 IST 2020
Wed Aug  5 19:18:24 IST 2020
Wed Aug  5 19:18:25 IST 2020
Wed Aug  5 19:18:26 IST 2020
Wed Aug  5 19:18:27 IST 2020
Wed Aug  5 19:18:28 IST 2020
Wed Aug  5 19:18:29 IST 2020
Wed Aug  5 19:18:30 IST 2020
Wed Aug  5 19:18:31 IST 2020
Wed Aug  5 19:18:32 IST 2020
Wed Aug  5 19:18:33 IST 2020
Wed Aug  5 19:18:34 IST 2020
Wed Aug  5 19:18:35 IST 2020
Wed Aug  5 19:18:36 IST 2020
Wed Aug  5 19:18:37 IST 2020
Wed Aug  5 19:18:38 IST 2020
Wed Aug  5 19:18:39 IST 2020
Wed Aug  5 19:18:40 IST 2020
Wed Aug  5 19:18:41 IST 2020
Wed Aug  5 19:18:42 IST 2020
Wed Aug  5 19:18:43 IST 2020
Wed Aug  5 19:18:44 IST 2020
Wed Aug  5 19:18:45 IST 2020
Wed Aug  5 19:18:46 IST 2020
Wed Aug  5 19:18:47 IST 2020
Wed Aug  5 19:18:48 IST 2020
Wed Aug  5 19:18:49 IST 2020
Wed Aug  5 19:18:50 IST 2020
Wed Aug  5 19:18:51 IST 2020
Wed Aug  5 19:18:52 IST 2020
Wed Aug  5 19:18:53 IST 2020
Wed Aug  5 19:18:54 IST 2020
Wed Aug  5 19:18:55 IST 2020
Wed Aug  5 19:18:56 IST 2020
Wed Aug  5 19:18:57 IST 2020
Wed Aug  5 19:18:58 IST 2020
Wed Aug  5 19:18:59 IST 2020
Wed Aug  5 19:19:00 IST 2020
Wed Aug  5 19:19:01 IST 2020
Wed Aug  5 19:19:02 IST 2020
Wed Aug  5 19:19:03 IST 2020
Wed Aug  5 19:19:04 IST 2020
Wed Aug  5 19:19:05 IST 2020
Wed Aug  5 19:19:06 IST 2020
Wed Aug  5 19:19:07 IST 2020
Wed Aug  5 19:19:08 IST 2020
Wed Aug  5 19:19:09 IST 2020
Wed Aug  5 19:19:10 IST 2020
Wed Aug  5 19:19:11 IST 2020
Wed Aug  5 19:19:12 IST 2020
Wed Aug  5 19:19:13 IST 2020
Wed Aug  5 19:19:14 IST 2020
Wed Aug  5 19:19:15 IST 2020
Wed Aug  5 19:19:16 IST 2020
Wed Aug  5 19:19:17 IST 2020
Wed Aug  5 19:19:18 IST 2020
Wed Aug  5 19:19:19 IST 2020
Wed Aug  5 19:19:20 IST 2020
Wed Aug  5 19:19:21 IST 2020
Wed Aug  5 19:19:22 IST 2020
Wed Aug  5 19:19:23 IST 2020
Wed Aug  5 19:19:24 IST 2020
Wed Aug  5 19:19:25 IST 2020
Wed Aug  5 19:19:26 IST 2020
Wed Aug  5 19:19:27 IST 2020
Wed Aug  5 19:19:28 IST 2020
Wed Aug  5 19:19:29 IST 2020
Wed Aug  5 19:19:30 IST 2020
Wed Aug  5 19:19:31 IST 2020
Wed Aug  5 19:19:32 IST 2020
Wed Aug  5 19:19:33 IST 2020
Wed Aug  5 19:19:34 IST 2020
Wed Aug  5 19:19:35 IST 2020
Wed Aug  5 19:19:36 IST 2020
Wed Aug  5 19:19:37 IST 2020
Wed Aug  5 19:19:38 IST 2020
Wed Aug  5 19:19:39 IST 2020
Wed Aug  5 19:19:40 IST 2020
Wed Aug  5 19:19:41 IST 2020
Wed Aug  5 19:19:42 IST 2020
Wed Aug  5 19:19:43 IST 2020
Wed Aug  5 19:19:44 IST 2020
Wed Aug  5 19:19:45 IST 2020
Wed Aug  5 19:19:46 IST 2020
Wed Aug  5 19:19:47 IST 2020
Wed Aug  5 19:19:48 IST 2020
Wed Aug  5 19:19:49 IST 2020
Wed Aug  5 19:19:50 IST 2020
Wed Aug  5 19:19:51 IST 2020
Wed Aug  5 19:19:52 IST 2020
Wed Aug  5 19:19:53 IST 2020
Wed Aug  5 19:19:54 IST 2020
Wed Aug  5 19:19:55 IST 2020
Wed Aug  5 19:19:56 IST 2020
Wed Aug  5 19:19:57 IST 2020
Wed Aug  5 19:19:58 IST 2020
Wed Aug  5 19:19:59 IST 2020
Wed Aug  5 19:20:00 IST 2020
Wed Aug  5 19:20:01 IST 2020
Wed Aug  5 19:20:02 IST 2020
Wed Aug  5 19:20:03 IST 2020
Wed Aug  5 19:20:04 IST 2020
Wed Aug  5 19:20:05 IST 2020
Wed Aug  5 19:20:06 IST 2020
Wed Aug  5 19:20:07 IST 2020
Wed Aug  5 19:20:08 IST 2020
Wed Aug  5 19:20:09 IST 2020
Wed Aug  5 19:20:10 IST 2020
Wed Aug  5 19:20:11 IST 2020
Wed Aug  5 19:20:12 IST 2020
Wed Aug  5 19:20:13 IST 2020
Wed Aug  5 19:20:14 IST 2020
Wed Aug  5 19:20:15 IST 2020
Wed Aug  5 19:20:16 IST 2020
Wed Aug  5 19:20:17 IST 2020
Wed Aug  5 19:20:18 IST 2020
Wed Aug  5 19:20:19 IST 2020
Wed Aug  5 19:20:20 IST 2020
Wed Aug  5 19:20:21 IST 2020
Wed Aug  5 19:20:22 IST 2020
Wed Aug  5 19:20:23 IST 2020
Wed Aug  5 19:20:24 IST 2020
Wed Aug  5 19:20:25 IST 2020
Wed Aug  5 19:20:26 IST 2020
Wed Aug  5 19:20:27 IST 2020
Wed Aug  5 19:20:28 IST 2020
Wed Aug  5 19:20:29 IST 2020
Wed Aug  5 19:20:30 IST 2020
Wed Aug  5 19:20:31 IST 2020
Wed Aug  5 19:20:32 IST 2020
Wed Aug  5 19:20:33 IST 2020
Wed Aug  5 19:20:35 IST 2020
Wed Aug  5 19:20:36 IST 2020
Wed Aug  5 19:20:37 IST 2020
Wed Aug  5 19:20:38 IST 2020
Wed Aug  5 19:20:39 IST 2020
Wed Aug  5 19:20:40 IST 2020
Wed Aug  5 19:20:41 IST 2020
Wed Aug  5 19:20:42 IST 2020
Wed Aug  5 19:20:43 IST 2020
Wed Aug  5 19:20:44 IST 2020
Wed Aug  5 19:20:45 IST 2020
Wed Aug  5 19:20:46 IST 2020
Wed Aug  5 19:20:47 IST 2020
Wed Aug  5 19:20:48 IST 2020
Wed Aug  5 19:20:49 IST 2020
Wed Aug  5 19:20:50 IST 2020
Wed Aug  5 19:20:51 IST 2020
Wed Aug  5 19:20:52 IST 2020
Wed Aug  5 19:20:53 IST 2020
Wed Aug  5 19:20:54 IST 2020
Wed Aug  5 19:20:55 IST 2020
Wed Aug  5 19:20:56 IST 2020
Wed Aug  5 19:20:57 IST 2020
Wed Aug  5 19:20:58 IST 2020
Wed Aug  5 19:20:59 IST 2020
Wed Aug  5 19:21:00 IST 2020
Wed Aug  5 19:21:01 IST 2020
Wed Aug  5 19:21:02 IST 2020
Wed Aug  5 19:21:03 IST 2020
Wed Aug  5 19:21:04 IST 2020
Wed Aug  5 19:21:05 IST 2020
Wed Aug  5 19:21:06 IST 2020
Wed Aug  5 19:21:07 IST 2020
Wed Aug  5 19:21:08 IST 2020
Wed Aug  5 19:21:09 IST 2020
Wed Aug  5 19:21:10 IST 2020
Wed Aug  5 19:21:11 IST 2020
Wed Aug  5 19:21:12 IST 2020
Wed Aug  5 19:21:13 IST 2020
Wed Aug  5 19:21:14 IST 2020
Wed Aug  5 19:21:15 IST 2020
Wed Aug  5 19:21:16 IST 2020
Wed Aug  5 19:21:17 IST 2020
Wed Aug  5 19:21:18 IST 2020
Wed Aug  5 19:21:19 IST 2020
Wed Aug  5 19:21:20 IST 2020
Wed Aug  5 19:21:21 IST 2020
Wed Aug  5 19:21:22 IST 2020
Wed Aug  5 19:21:23 IST 2020
Wed Aug  5 19:21:24 IST 2020
Wed Aug  5 19:21:25 IST 2020
Wed Aug  5 19:21:26 IST 2020
Wed Aug  5 19:21:27 IST 2020
Wed Aug  5 19:21:28 IST 2020
Wed Aug  5 19:21:29 IST 2020
Wed Aug  5 19:21:30 IST 2020
Wed Aug  5 19:21:31 IST 2020
Wed Aug  5 19:21:32 IST 2020
Wed Aug  5 19:21:33 IST 2020
Wed Aug  5 19:21:34 IST 2020
Wed Aug  5 19:21:35 IST 2020
Wed Aug  5 19:21:36 IST 2020
Wed Aug  5 19:21:37 IST 2020
Wed Aug  5 19:21:38 IST 2020
Wed Aug  5 19:21:39 IST 2020
Wed Aug  5 19:21:40 IST 2020
Wed Aug  5 19:21:41 IST 2020
Wed Aug  5 19:21:42 IST 2020
Wed Aug  5 19:21:43 IST 2020
Wed Aug  5 19:21:44 IST 2020
Wed Aug  5 19:21:45 IST 2020
Wed Aug  5 19:21:46 IST 2020
Wed Aug  5 19:21:47 IST 2020
Wed Aug  5 19:21:48 IST 2020
Wed Aug  5 19:21:49 IST 2020
Wed Aug  5 19:21:50 IST 2020
Wed Aug  5 19:21:51 IST 2020
Wed Aug  5 19:21:52 IST 2020
Wed Aug  5 19:21:53 IST 2020
Wed Aug  5 19:21:54 IST 2020
Wed Aug  5 19:21:55 IST 2020
Wed Aug  5 19:21:56 IST 2020
Wed Aug  5 19:21:57 IST 2020
Wed Aug  5 19:21:58 IST 2020
Wed Aug  5 19:21:59 IST 2020
Wed Aug  5 19:22:00 IST 2020
Wed Aug  5 19:22:01 IST 2020
Wed Aug  5 19:22:02 IST 2020
Wed Aug  5 19:22:03 IST 2020
Wed Aug  5 19:22:04 IST 2020
Wed Aug  5 19:22:05 IST 2020
Wed Aug  5 19:22:06 IST 2020
Wed Aug  5 19:22:07 IST 2020
Wed Aug  5 19:22:08 IST 2020
Wed Aug  5 19:22:09 IST 2020
Wed Aug  5 19:22:10 IST 2020
Wed Aug  5 19:22:11 IST 2020
Wed Aug  5 19:22:12 IST 2020
Wed Aug  5 19:22:13 IST 2020
Wed Aug  5 19:22:14 IST 2020
Wed Aug  5 19:22:15 IST 2020
Wed Aug  5 19:22:16 IST 2020
Wed Aug  5 19:22:17 IST 2020
Wed Aug  5 19:22:19 IST 2020
Wed Aug  5 19:22:20 IST 2020
Wed Aug  5 19:22:21 IST 2020
Wed Aug  5 19:22:22 IST 2020
Wed Aug  5 19:22:23 IST 2020
Wed Aug  5 19:22:24 IST 2020
Wed Aug  5 19:22:25 IST 2020
Wed Aug  5 19:22:26 IST 2020
Wed Aug  5 19:22:27 IST 2020
Wed Aug  5 19:22:28 IST 2020
Wed Aug  5 19:22:29 IST 2020
Wed Aug  5 19:22:30 IST 2020
Wed Aug  5 19:22:31 IST 2020
Wed Aug  5 19:22:32 IST 2020
Wed Aug  5 19:22:33 IST 2020
Wed Aug  5 19:22:34 IST 2020
Wed Aug  5 19:22:35 IST 2020
Wed Aug  5 19:22:36 IST 2020
Wed Aug  5 19:22:37 IST 2020
Wed Aug  5 19:22:39 IST 2020
Wed Aug  5 19:22:40 IST 2020
Wed Aug  5 19:22:41 IST 2020
Wed Aug  5 19:22:42 IST 2020
Wed Aug  5 19:22:43 IST 2020
Wed Aug  5 19:22:44 IST 2020
Wed Aug  5 19:22:45 IST 2020
Wed Aug  5 19:22:46 IST 2020
Wed Aug  5 19:22:47 IST 2020
Wed Aug  5 19:22:48 IST 2020
Wed Aug  5 19:22:49 IST 2020
Wed Aug  5 19:22:50 IST 2020
Wed Aug  5 19:22:51 IST 2020
Wed Aug  5 19:22:52 IST 2020
Wed Aug  5 19:22:53 IST 2020
Wed Aug  5 19:22:54 IST 2020
Wed Aug  5 19:22:55 IST 2020
Wed Aug  5 19:22:56 IST 2020
Wed Aug  5 19:22:57 IST 2020
Wed Aug  5 19:22:58 IST 2020
Wed Aug  5 19:22:59 IST 2020
Wed Aug  5 19:23:00 IST 2020
Wed Aug  5 19:23:01 IST 2020
Wed Aug  5 19:23:02 IST 2020
Wed Aug  5 19:23:03 IST 2020
Wed Aug  5 19:23:04 IST 2020
Wed Aug  5 19:23:05 IST 2020
Wed Aug  5 19:23:06 IST 2020
Wed Aug  5 19:23:07 IST 2020
Wed Aug  5 19:23:08 IST 2020
Wed Aug  5 19:23:09 IST 2020
Wed Aug  5 19:23:10 IST 2020
Wed Aug  5 19:23:11 IST 2020
Wed Aug  5 19:23:12 IST 2020
Wed Aug  5 19:23:13 IST 2020
Wed Aug  5 19:23:14 IST 2020
Wed Aug  5 19:23:16 IST 2020
Wed Aug  5 19:23:17 IST 2020
Wed Aug  5 19:23:18 IST 2020
Wed Aug  5 19:23:19 IST 2020
Wed Aug  5 19:23:20 IST 2020
Wed Aug  5 19:23:21 IST 2020
Wed Aug  5 19:23:22 IST 2020
Wed Aug  5 19:23:23 IST 2020
Wed Aug  5 19:23:24 IST 2020
Wed Aug  5 19:23:25 IST 2020
Wed Aug  5 19:23:26 IST 2020
Wed Aug  5 19:23:27 IST 2020
Wed Aug  5 19:23:28 IST 2020
Wed Aug  5 19:23:29 IST 2020
Wed Aug  5 19:23:30 IST 2020
Wed Aug  5 19:23:31 IST 2020
Wed Aug  5 19:23:32 IST 2020
Wed Aug  5 19:23:33 IST 2020
Wed Aug  5 19:23:34 IST 2020
Wed Aug  5 19:23:35 IST 2020
Wed Aug  5 19:23:36 IST 2020
Wed Aug  5 19:23:37 IST 2020
Wed Aug  5 19:23:38 IST 2020
Wed Aug  5 19:23:39 IST 2020
Wed Aug  5 19:23:40 IST 2020
Wed Aug  5 19:23:41 IST 2020
Wed Aug  5 19:23:43 IST 2020
Wed Aug  5 19:23:44 IST 2020
Wed Aug  5 19:23:45 IST 2020
Wed Aug  5 19:23:46 IST 2020
Wed Aug  5 19:23:47 IST 2020
Wed Aug  5 19:23:48 IST 2020
Wed Aug  5 19:23:49 IST 2020
Wed Aug  5 19:23:50 IST 2020
Wed Aug  5 19:23:51 IST 2020
Wed Aug  5 19:23:52 IST 2020
Wed Aug  5 19:23:53 IST 2020
Wed Aug  5 19:23:54 IST 2020
Wed Aug  5 19:23:55 IST 2020
Wed Aug  5 19:23:56 IST 2020
Wed Aug  5 19:23:57 IST 2020
Wed Aug  5 19:23:58 IST 2020
Wed Aug  5 19:24:00 IST 2020
Wed Aug  5 19:24:01 IST 2020
Wed Aug  5 19:24:02 IST 2020
Wed Aug  5 19:24:03 IST 2020
Wed Aug  5 19:24:04 IST 2020
Wed Aug  5 19:24:05 IST 2020
Wed Aug  5 19:24:06 IST 2020
Wed Aug  5 19:24:07 IST 2020
Wed Aug  5 19:24:08 IST 2020
Wed Aug  5 19:24:09 IST 2020
Wed Aug  5 19:24:10 IST 2020
Wed Aug  5 19:24:11 IST 2020
Wed Aug  5 19:24:12 IST 2020
Wed Aug  5 19:24:13 IST 2020
Wed Aug  5 19:24:14 IST 2020
Wed Aug  5 19:24:15 IST 2020
Wed Aug  5 19:24:16 IST 2020
Wed Aug  5 19:24:17 IST 2020
Wed Aug  5 19:24:18 IST 2020
Wed Aug  5 19:24:19 IST 2020
Wed Aug  5 19:24:20 IST 2020
Wed Aug  5 19:24:21 IST 2020
Wed Aug  5 19:24:22 IST 2020
Wed Aug  5 19:24:23 IST 2020
Wed Aug  5 19:24:24 IST 2020
Wed Aug  5 19:24:25 IST 2020
Wed Aug  5 19:24:26 IST 2020
Wed Aug  5 19:24:27 IST 2020
Wed Aug  5 19:24:28 IST 2020
Wed Aug  5 19:24:29 IST 2020
Wed Aug  5 19:24:31 IST 2020
Wed Aug  5 19:24:32 IST 2020
Wed Aug  5 19:24:33 IST 2020
Wed Aug  5 19:24:34 IST 2020
Wed Aug  5 19:24:35 IST 2020
Wed Aug  5 19:24:36 IST 2020
Wed Aug  5 19:24:37 IST 2020
Wed Aug  5 19:24:38 IST 2020
Wed Aug  5 19:24:39 IST 2020
Wed Aug  5 19:24:40 IST 2020
Wed Aug  5 19:24:41 IST 2020
Wed Aug  5 19:24:42 IST 2020
Wed Aug  5 19:24:43 IST 2020
Wed Aug  5 19:24:44 IST 2020
Wed Aug  5 19:24:45 IST 2020
Wed Aug  5 19:24:46 IST 2020
Wed Aug  5 19:24:47 IST 2020
Wed Aug  5 19:24:48 IST 2020
Wed Aug  5 19:24:49 IST 2020
Wed Aug  5 19:24:50 IST 2020
Wed Aug  5 19:24:51 IST 2020
Wed Aug  5 19:24:52 IST 2020
Wed Aug  5 19:24:53 IST 2020
Wed Aug  5 19:24:54 IST 2020
Wed Aug  5 19:24:55 IST 2020
Wed Aug  5 19:24:56 IST 2020
Wed Aug  5 19:24:57 IST 2020
Wed Aug  5 19:24:58 IST 2020
Wed Aug  5 19:24:59 IST 2020
Wed Aug  5 19:25:00 IST 2020
Wed Aug  5 19:25:01 IST 2020
Wed Aug  5 19:25:02 IST 2020
Wed Aug  5 19:25:03 IST 2020
Wed Aug  5 19:25:04 IST 2020
Wed Aug  5 19:25:05 IST 2020
Wed Aug  5 19:25:06 IST 2020
Wed Aug  5 19:25:07 IST 2020
Wed Aug  5 19:25:08 IST 2020
Wed Aug  5 19:25:09 IST 2020
Wed Aug  5 19:25:10 IST 2020
Wed Aug  5 19:25:11 IST 2020
Wed Aug  5 19:25:12 IST 2020
Wed Aug  5 19:25:13 IST 2020
Wed Aug  5 19:25:14 IST 2020
Wed Aug  5 19:25:15 IST 2020
Wed Aug  5 19:25:16 IST 2020
Wed Aug  5 19:25:17 IST 2020
Wed Aug  5 19:25:18 IST 2020
Wed Aug  5 19:25:19 IST 2020
Wed Aug  5 19:25:20 IST 2020
Wed Aug  5 19:25:21 IST 2020
Wed Aug  5 19:25:22 IST 2020
Wed Aug  5 19:25:23 IST 2020
Wed Aug  5 19:25:24 IST 2020
Wed Aug  5 19:25:25 IST 2020
Wed Aug  5 19:25:26 IST 2020
Wed Aug  5 19:25:27 IST 2020
Wed Aug  5 19:25:28 IST 2020
Wed Aug  5 19:25:29 IST 2020
Wed Aug  5 19:25:30 IST 2020
Wed Aug  5 19:25:31 IST 2020
Wed Aug  5 19:25:32 IST 2020
Wed Aug  5 19:25:33 IST 2020
Wed Aug  5 19:25:34 IST 2020
Wed Aug  5 19:25:35 IST 2020
Wed Aug  5 19:25:37 IST 2020
Wed Aug  5 19:25:38 IST 2020
Wed Aug  5 19:25:39 IST 2020
Wed Aug  5 19:25:40 IST 2020
Wed Aug  5 19:25:41 IST 2020
Wed Aug  5 19:25:42 IST 2020
Wed Aug  5 19:25:43 IST 2020
Wed Aug  5 19:25:44 IST 2020
Wed Aug  5 19:25:45 IST 2020
Wed Aug  5 19:25:46 IST 2020
Wed Aug  5 19:25:47 IST 2020
Wed Aug  5 19:25:48 IST 2020
Wed Aug  5 19:25:49 IST 2020
Wed Aug  5 19:25:50 IST 2020
Wed Aug  5 19:25:51 IST 2020
Wed Aug  5 19:25:52 IST 2020
Wed Aug  5 19:25:53 IST 2020
Wed Aug  5 19:25:54 IST 2020
Wed Aug  5 19:25:55 IST 2020
Wed Aug  5 19:25:56 IST 2020
Wed Aug  5 19:25:57 IST 2020
Wed Aug  5 19:25:58 IST 2020
Wed Aug  5 19:25:59 IST 2020
Wed Aug  5 19:26:00 IST 2020
Wed Aug  5 19:26:01 IST 2020
Wed Aug  5 19:26:02 IST 2020
Wed Aug  5 19:26:03 IST 2020
Wed Aug  5 19:26:04 IST 2020
Wed Aug  5 19:26:05 IST 2020
Wed Aug  5 19:26:06 IST 2020
Wed Aug  5 19:26:07 IST 2020
Wed Aug  5 19:26:08 IST 2020
Wed Aug  5 19:26:09 IST 2020
Wed Aug  5 19:26:10 IST 2020
Wed Aug  5 19:26:11 IST 2020
Wed Aug  5 19:26:12 IST 2020
Wed Aug  5 19:26:13 IST 2020
Wed Aug  5 19:26:14 IST 2020
Wed Aug  5 19:26:15 IST 2020
Wed Aug  5 19:26:16 IST 2020
Wed Aug  5 19:26:17 IST 2020
Wed Aug  5 19:26:18 IST 2020
Wed Aug  5 19:26:19 IST 2020
Wed Aug  5 19:26:20 IST 2020
Wed Aug  5 19:26:21 IST 2020
Wed Aug  5 19:26:22 IST 2020
Wed Aug  5 19:26:23 IST 2020
Wed Aug  5 19:26:24 IST 2020
Wed Aug  5 19:26:25 IST 2020
Wed Aug  5 19:26:26 IST 2020
Wed Aug  5 19:26:27 IST 2020
Wed Aug  5 19:26:28 IST 2020
Wed Aug  5 19:26:29 IST 2020
Wed Aug  5 19:26:30 IST 2020
Wed Aug  5 19:26:31 IST 2020
Wed Aug  5 19:26:32 IST 2020
Wed Aug  5 19:26:33 IST 2020
Wed Aug  5 19:26:34 IST 2020
Wed Aug  5 19:26:35 IST 2020
Wed Aug  5 19:26:36 IST 2020
Wed Aug  5 19:26:37 IST 2020
Wed Aug  5 19:26:38 IST 2020
Wed Aug  5 19:26:39 IST 2020
Wed Aug  5 19:26:40 IST 2020
Wed Aug  5 19:26:41 IST 2020
Wed Aug  5 19:26:42 IST 2020
Wed Aug  5 19:26:43 IST 2020
Wed Aug  5 19:26:44 IST 2020
Wed Aug  5 19:26:45 IST 2020
Wed Aug  5 19:26:46 IST 2020
Wed Aug  5 19:26:47 IST 2020
Wed Aug  5 19:26:48 IST 2020
Wed Aug  5 19:26:49 IST 2020
Wed Aug  5 19:26:50 IST 2020
Wed Aug  5 19:26:51 IST 2020
Wed Aug  5 19:26:52 IST 2020
Wed Aug  5 19:26:53 IST 2020
Wed Aug  5 19:26:54 IST 2020
Wed Aug  5 19:26:55 IST 2020
Wed Aug  5 19:26:56 IST 2020
Wed Aug  5 19:26:57 IST 2020
Wed Aug  5 19:26:58 IST 2020
Wed Aug  5 19:26:59 IST 2020
Wed Aug  5 19:27:00 IST 2020
Wed Aug  5 19:27:01 IST 2020
Wed Aug  5 19:27:02 IST 2020
Wed Aug  5 19:27:03 IST 2020
Wed Aug  5 19:27:04 IST 2020
Wed Aug  5 19:27:05 IST 2020
Wed Aug  5 19:27:06 IST 2020
Wed Aug  5 19:27:07 IST 2020
Wed Aug  5 19:27:08 IST 2020
Wed Aug  5 19:27:09 IST 2020
Wed Aug  5 19:27:10 IST 2020
Wed Aug  5 19:27:11 IST 2020
Wed Aug  5 19:27:12 IST 2020
Wed Aug  5 19:27:13 IST 2020
Wed Aug  5 19:27:14 IST 2020
Wed Aug  5 19:27:15 IST 2020
Wed Aug  5 19:27:16 IST 2020
Wed Aug  5 19:27:17 IST 2020
Wed Aug  5 19:27:18 IST 2020
Wed Aug  5 19:27:19 IST 2020
Wed Aug  5 19:27:20 IST 2020
Wed Aug  5 19:27:21 IST 2020
Wed Aug  5 19:27:22 IST 2020
Wed Aug  5 19:27:23 IST 2020
Wed Aug  5 19:27:24 IST 2020
Wed Aug  5 19:27:25 IST 2020
Wed Aug  5 19:27:26 IST 2020
Wed Aug  5 19:27:27 IST 2020
Wed Aug  5 19:27:28 IST 2020
Wed Aug  5 19:27:29 IST 2020
Wed Aug  5 19:27:30 IST 2020
Wed Aug  5 19:27:32 IST 2020
Wed Aug  5 19:27:33 IST 2020
Wed Aug  5 19:27:34 IST 2020
Wed Aug  5 19:27:35 IST 2020
Wed Aug  5 19:27:36 IST 2020
Wed Aug  5 19:27:37 IST 2020
Wed Aug  5 19:27:38 IST 2020
Wed Aug  5 19:27:39 IST 2020
Wed Aug  5 19:27:40 IST 2020
Wed Aug  5 19:27:41 IST 2020
Wed Aug  5 19:27:42 IST 2020
Wed Aug  5 19:27:43 IST 2020
Wed Aug  5 19:27:44 IST 2020
Wed Aug  5 19:27:45 IST 2020
Wed Aug  5 19:27:46 IST 2020
Wed Aug  5 19:27:47 IST 2020
Wed Aug  5 19:27:48 IST 2020
Wed Aug  5 19:27:49 IST 2020
Wed Aug  5 19:27:50 IST 2020
Wed Aug  5 19:27:51 IST 2020
Wed Aug  5 19:27:52 IST 2020
Wed Aug  5 19:27:53 IST 2020
Wed Aug  5 19:27:54 IST 2020
Wed Aug  5 19:27:55 IST 2020
Wed Aug  5 19:27:56 IST 2020
Wed Aug  5 19:27:57 IST 2020
Wed Aug  5 19:27:58 IST 2020
Wed Aug  5 19:27:59 IST 2020
Wed Aug  5 19:28:00 IST 2020
Wed Aug  5 19:28:01 IST 2020
Wed Aug  5 19:28:02 IST 2020
Wed Aug  5 19:28:03 IST 2020
Wed Aug  5 19:28:04 IST 2020
Wed Aug  5 19:28:05 IST 2020
Wed Aug  5 19:28:06 IST 2020
Wed Aug  5 19:28:07 IST 2020
Wed Aug  5 19:28:08 IST 2020
Wed Aug  5 19:28:09 IST 2020
Wed Aug  5 19:28:10 IST 2020
Wed Aug  5 19:28:11 IST 2020
Wed Aug  5 19:28:12 IST 2020
Wed Aug  5 19:28:13 IST 2020
Wed Aug  5 19:28:14 IST 2020
Wed Aug  5 19:28:15 IST 2020
Wed Aug  5 19:28:16 IST 2020
Wed Aug  5 19:28:17 IST 2020
Wed Aug  5 19:28:18 IST 2020
Wed Aug  5 19:28:19 IST 2020
Wed Aug  5 19:28:20 IST 2020
Wed Aug  5 19:28:21 IST 2020
Wed Aug  5 19:28:22 IST 2020
Wed Aug  5 19:28:23 IST 2020
Wed Aug  5 19:28:24 IST 2020
Wed Aug  5 19:28:25 IST 2020
Wed Aug  5 19:28:26 IST 2020
Wed Aug  5 19:28:27 IST 2020
Wed Aug  5 19:28:28 IST 2020
Wed Aug  5 19:28:29 IST 2020
Wed Aug  5 19:28:30 IST 2020
Wed Aug  5 19:28:31 IST 2020
Wed Aug  5 19:28:32 IST 2020
Wed Aug  5 19:28:33 IST 2020
Wed Aug  5 19:28:34 IST 2020
Wed Aug  5 19:28:35 IST 2020
Wed Aug  5 19:28:36 IST 2020
Wed Aug  5 19:28:37 IST 2020
Wed Aug  5 19:28:38 IST 2020
Wed Aug  5 19:28:39 IST 2020
Wed Aug  5 19:28:40 IST 2020
Wed Aug  5 19:28:41 IST 2020
Wed Aug  5 19:28:42 IST 2020
Wed Aug  5 19:28:43 IST 2020
Wed Aug  5 19:28:44 IST 2020
Wed Aug  5 19:28:45 IST 2020
Wed Aug  5 19:28:46 IST 2020
Wed Aug  5 19:28:47 IST 2020
Wed Aug  5 19:28:48 IST 2020
Wed Aug  5 19:28:49 IST 2020
Wed Aug  5 19:28:50 IST 2020
Wed Aug  5 19:28:51 IST 2020
Wed Aug  5 19:28:52 IST 2020
Wed Aug  5 19:28:53 IST 2020
Wed Aug  5 19:28:54 IST 2020
Wed Aug  5 19:28:55 IST 2020
Wed Aug  5 19:28:56 IST 2020
Wed Aug  5 19:28:57 IST 2020
Wed Aug  5 19:28:58 IST 2020
Wed Aug  5 19:28:59 IST 2020
Wed Aug  5 19:29:00 IST 2020
Wed Aug  5 19:29:01 IST 2020
Wed Aug  5 19:29:02 IST 2020
Wed Aug  5 19:29:03 IST 2020
Wed Aug  5 19:29:04 IST 2020
Wed Aug  5 19:29:05 IST 2020
Wed Aug  5 19:29:06 IST 2020
Wed Aug  5 19:29:07 IST 2020
Wed Aug  5 19:29:08 IST 2020
Wed Aug  5 19:29:09 IST 2020
Wed Aug  5 19:29:10 IST 2020
Wed Aug  5 19:29:11 IST 2020
Wed Aug  5 19:29:12 IST 2020
Wed Aug  5 19:29:13 IST 2020
Wed Aug  5 19:29:14 IST 2020
Wed Aug  5 19:29:15 IST 2020
Wed Aug  5 19:29:16 IST 2020
Wed Aug  5 19:29:17 IST 2020
Wed Aug  5 19:29:18 IST 2020
Wed Aug  5 19:29:19 IST 2020
Wed Aug  5 19:29:20 IST 2020
Wed Aug  5 19:29:21 IST 2020
Wed Aug  5 19:29:22 IST 2020
Wed Aug  5 19:29:23 IST 2020
Wed Aug  5 19:29:24 IST 2020
Wed Aug  5 19:29:25 IST 2020
Wed Aug  5 19:29:26 IST 2020
Wed Aug  5 19:29:27 IST 2020
Wed Aug  5 19:29:28 IST 2020
Wed Aug  5 19:29:29 IST 2020
Wed Aug  5 19:29:30 IST 2020
Wed Aug  5 19:29:31 IST 2020
Wed Aug  5 19:29:32 IST 2020
Wed Aug  5 19:29:33 IST 2020
Wed Aug  5 19:29:34 IST 2020
Wed Aug  5 19:29:35 IST 2020
Wed Aug  5 19:29:36 IST 2020
Wed Aug  5 19:29:37 IST 2020
Wed Aug  5 19:29:38 IST 2020
Wed Aug  5 19:29:39 IST 2020
Wed Aug  5 19:29:40 IST 2020
Wed Aug  5 19:29:41 IST 2020
Wed Aug  5 19:29:42 IST 2020
Wed Aug  5 19:29:43 IST 2020
Wed Aug  5 19:29:44 IST 2020
Wed Aug  5 19:29:45 IST 2020
Wed Aug  5 19:29:46 IST 2020
Wed Aug  5 19:29:47 IST 2020
Wed Aug  5 19:29:48 IST 2020
Wed Aug  5 19:29:49 IST 2020
Wed Aug  5 19:29:50 IST 2020
Wed Aug  5 19:29:51 IST 2020
Wed Aug  5 19:29:52 IST 2020
Wed Aug  5 19:29:53 IST 2020
Wed Aug  5 19:29:54 IST 2020
Wed Aug  5 19:29:55 IST 2020
Wed Aug  5 19:29:56 IST 2020
Wed Aug  5 19:29:57 IST 2020
Wed Aug  5 19:29:58 IST 2020
Wed Aug  5 19:29:59 IST 2020
Wed Aug  5 19:30:00 IST 2020
Wed Aug  5 19:30:01 IST 2020
Wed Aug  5 19:30:02 IST 2020
Wed Aug  5 19:30:03 IST 2020
Wed Aug  5 19:30:04 IST 2020
Wed Aug  5 19:30:05 IST 2020
Wed Aug  5 19:30:06 IST 2020
Wed Aug  5 19:30:07 IST 2020
Wed Aug  5 19:30:08 IST 2020
Wed Aug  5 19:30:09 IST 2020
Wed Aug  5 19:30:10 IST 2020
Wed Aug  5 19:30:11 IST 2020
Wed Aug  5 19:30:12 IST 2020
Wed Aug  5 19:30:13 IST 2020
Wed Aug  5 19:30:14 IST 2020
Wed Aug  5 19:30:15 IST 2020
Wed Aug  5 19:30:16 IST 2020
Wed Aug  5 19:30:17 IST 2020
Wed Aug  5 19:30:18 IST 2020
Wed Aug  5 19:30:19 IST 2020
Wed Aug  5 19:30:20 IST 2020
Wed Aug  5 19:30:21 IST 2020
Wed Aug  5 19:30:22 IST 2020
Wed Aug  5 19:30:23 IST 2020
Wed Aug  5 19:30:24 IST 2020
Wed Aug  5 19:30:25 IST 2020
Wed Aug  5 19:30:26 IST 2020
Wed Aug  5 19:30:28 IST 2020
Wed Aug  5 19:30:29 IST 2020
Wed Aug  5 19:30:30 IST 2020
Wed Aug  5 19:30:31 IST 2020
Wed Aug  5 19:30:32 IST 2020
Wed Aug  5 19:30:33 IST 2020
Wed Aug  5 19:30:34 IST 2020
Wed Aug  5 19:30:35 IST 2020
Wed Aug  5 19:30:36 IST 2020
Wed Aug  5 19:30:37 IST 2020
Wed Aug  5 19:30:38 IST 2020
Wed Aug  5 19:30:39 IST 2020
Wed Aug  5 19:30:40 IST 2020
Wed Aug  5 19:30:41 IST 2020
Wed Aug  5 19:30:42 IST 2020
Wed Aug  5 19:30:43 IST 2020
Wed Aug  5 19:30:44 IST 2020
Wed Aug  5 19:30:45 IST 2020
Wed Aug  5 19:30:46 IST 2020
Wed Aug  5 19:30:47 IST 2020
Wed Aug  5 19:30:48 IST 2020
Wed Aug  5 19:30:49 IST 2020
Wed Aug  5 19:30:50 IST 2020
Wed Aug  5 19:30:51 IST 2020
Wed Aug  5 19:30:52 IST 2020
Wed Aug  5 19:30:53 IST 2020
Wed Aug  5 19:30:54 IST 2020
Wed Aug  5 19:30:55 IST 2020
Wed Aug  5 19:30:56 IST 2020
Wed Aug  5 19:30:57 IST 2020
Wed Aug  5 19:30:58 IST 2020
Wed Aug  5 19:30:59 IST 2020
Wed Aug  5 19:31:00 IST 2020
Wed Aug  5 19:31:01 IST 2020
Wed Aug  5 19:31:02 IST 2020
Wed Aug  5 19:31:03 IST 2020
Wed Aug  5 19:31:04 IST 2020
Wed Aug  5 19:31:05 IST 2020
Wed Aug  5 19:31:06 IST 2020
Wed Aug  5 19:31:07 IST 2020
Wed Aug  5 19:31:08 IST 2020
Wed Aug  5 19:31:09 IST 2020
Wed Aug  5 19:31:10 IST 2020
Wed Aug  5 19:31:11 IST 2020
Wed Aug  5 19:31:12 IST 2020
Wed Aug  5 19:31:13 IST 2020
Wed Aug  5 19:31:14 IST 2020
Wed Aug  5 19:31:15 IST 2020
Wed Aug  5 19:31:16 IST 2020
Wed Aug  5 19:31:17 IST 2020
Wed Aug  5 19:31:18 IST 2020
Wed Aug  5 19:31:19 IST 2020
Wed Aug  5 19:31:20 IST 2020
Wed Aug  5 19:31:21 IST 2020
Wed Aug  5 19:31:22 IST 2020
Wed Aug  5 19:31:23 IST 2020
Wed Aug  5 19:31:24 IST 2020
Wed Aug  5 19:31:25 IST 2020
Wed Aug  5 19:31:26 IST 2020
Wed Aug  5 19:31:27 IST 2020
Wed Aug  5 19:31:28 IST 2020
Wed Aug  5 19:31:29 IST 2020
Wed Aug  5 19:31:30 IST 2020
Wed Aug  5 19:31:31 IST 2020
Wed Aug  5 19:31:32 IST 2020
Wed Aug  5 19:31:33 IST 2020
Wed Aug  5 19:31:34 IST 2020
Wed Aug  5 19:31:35 IST 2020
Wed Aug  5 19:31:36 IST 2020
Wed Aug  5 19:31:37 IST 2020
Wed Aug  5 19:31:38 IST 2020
Wed Aug  5 19:31:39 IST 2020
Wed Aug  5 19:31:40 IST 2020
Wed Aug  5 19:31:41 IST 2020
Wed Aug  5 19:31:42 IST 2020
Wed Aug  5 19:31:43 IST 2020
Wed Aug  5 19:31:44 IST 2020
Wed Aug  5 19:31:45 IST 2020
Wed Aug  5 19:31:46 IST 2020
Wed Aug  5 19:31:47 IST 2020
Wed Aug  5 19:31:48 IST 2020
Wed Aug  5 19:31:49 IST 2020
Wed Aug  5 19:31:50 IST 2020
Wed Aug  5 19:31:51 IST 2020
Wed Aug  5 19:31:52 IST 2020
Wed Aug  5 19:31:53 IST 2020
Wed Aug  5 19:31:54 IST 2020
Wed Aug  5 19:31:55 IST 2020
Wed Aug  5 19:31:56 IST 2020
Wed Aug  5 19:31:57 IST 2020
Wed Aug  5 19:31:58 IST 2020
Wed Aug  5 19:31:59 IST 2020
Wed Aug  5 19:32:00 IST 2020
Wed Aug  5 19:32:01 IST 2020
Wed Aug  5 19:32:02 IST 2020
Wed Aug  5 19:32:03 IST 2020
Wed Aug  5 19:32:04 IST 2020
Wed Aug  5 19:32:05 IST 2020
Wed Aug  5 19:32:06 IST 2020
Wed Aug  5 19:32:07 IST 2020
Wed Aug  5 19:32:08 IST 2020
Wed Aug  5 19:32:09 IST 2020
Wed Aug  5 19:32:10 IST 2020
Wed Aug  5 19:32:11 IST 2020
Wed Aug  5 19:32:12 IST 2020
Wed Aug  5 19:32:13 IST 2020
Wed Aug  5 19:32:14 IST 2020
Wed Aug  5 19:32:15 IST 2020
Wed Aug  5 19:32:16 IST 2020
Wed Aug  5 19:32:17 IST 2020
Wed Aug  5 19:32:18 IST 2020
Wed Aug  5 19:32:19 IST 2020
Wed Aug  5 19:32:20 IST 2020
Wed Aug  5 19:32:21 IST 2020
Wed Aug  5 19:32:22 IST 2020
Wed Aug  5 19:32:23 IST 2020
Wed Aug  5 19:32:24 IST 2020
Wed Aug  5 19:32:25 IST 2020
Wed Aug  5 19:32:26 IST 2020
Wed Aug  5 19:32:27 IST 2020
Wed Aug  5 19:32:28 IST 2020
Wed Aug  5 19:32:29 IST 2020
Wed Aug  5 19:32:30 IST 2020
Wed Aug  5 19:32:31 IST 2020
Wed Aug  5 19:32:32 IST 2020
Wed Aug  5 19:32:33 IST 2020
Wed Aug  5 19:32:34 IST 2020
Wed Aug  5 19:32:35 IST 2020
Wed Aug  5 19:32:36 IST 2020
Wed Aug  5 19:32:37 IST 2020
Wed Aug  5 19:32:38 IST 2020
Wed Aug  5 19:32:39 IST 2020
Wed Aug  5 19:32:40 IST 2020
Wed Aug  5 19:32:41 IST 2020
Wed Aug  5 19:32:42 IST 2020
Wed Aug  5 19:32:43 IST 2020
Wed Aug  5 19:32:44 IST 2020
Wed Aug  5 19:32:45 IST 2020
Wed Aug  5 19:32:46 IST 2020
Wed Aug  5 19:32:47 IST 2020
Wed Aug  5 19:32:48 IST 2020
Wed Aug  5 19:32:49 IST 2020
Wed Aug  5 19:32:50 IST 2020
Wed Aug  5 19:32:51 IST 2020
Wed Aug  5 19:32:52 IST 2020
Wed Aug  5 19:32:53 IST 2020
Wed Aug  5 19:32:54 IST 2020
Wed Aug  5 19:32:55 IST 2020
Wed Aug  5 19:32:56 IST 2020
Wed Aug  5 19:32:57 IST 2020
Wed Aug  5 19:32:58 IST 2020
Wed Aug  5 19:32:59 IST 2020
Wed Aug  5 19:33:00 IST 2020
Wed Aug  5 19:33:01 IST 2020
Wed Aug  5 19:33:02 IST 2020
Wed Aug  5 19:33:03 IST 2020
Wed Aug  5 19:33:04 IST 2020
Wed Aug  5 19:33:05 IST 2020
Wed Aug  5 19:33:06 IST 2020
Wed Aug  5 19:33:07 IST 2020
Wed Aug  5 19:33:09 IST 2020
Wed Aug  5 19:33:10 IST 2020
Wed Aug  5 19:33:11 IST 2020
Wed Aug  5 19:33:12 IST 2020
Wed Aug  5 19:33:13 IST 2020
Wed Aug  5 19:33:14 IST 2020
Wed Aug  5 19:33:15 IST 2020
Wed Aug  5 19:33:16 IST 2020
Wed Aug  5 19:33:17 IST 2020
Wed Aug  5 19:33:18 IST 2020
Wed Aug  5 19:33:19 IST 2020
Wed Aug  5 19:33:20 IST 2020
Wed Aug  5 19:33:21 IST 2020
Wed Aug  5 19:33:22 IST 2020
Wed Aug  5 19:33:23 IST 2020
Wed Aug  5 19:33:24 IST 2020
Wed Aug  5 19:33:25 IST 2020
Wed Aug  5 19:33:26 IST 2020
Wed Aug  5 19:33:27 IST 2020
Wed Aug  5 19:33:28 IST 2020
Wed Aug  5 19:33:29 IST 2020
Wed Aug  5 19:33:30 IST 2020
Wed Aug  5 19:33:31 IST 2020
Wed Aug  5 19:33:32 IST 2020
Wed Aug  5 19:33:33 IST 2020
Wed Aug  5 19:33:34 IST 2020
Wed Aug  5 19:33:35 IST 2020
Wed Aug  5 19:33:36 IST 2020
Wed Aug  5 19:33:37 IST 2020
Wed Aug  5 19:33:38 IST 2020
Wed Aug  5 19:33:39 IST 2020
Wed Aug  5 19:33:40 IST 2020
Wed Aug  5 19:33:41 IST 2020
Wed Aug  5 19:33:42 IST 2020
Wed Aug  5 19:33:43 IST 2020
Wed Aug  5 19:33:44 IST 2020
Wed Aug  5 19:33:45 IST 2020
Wed Aug  5 19:33:46 IST 2020
Wed Aug  5 19:33:47 IST 2020
Wed Aug  5 19:33:48 IST 2020
Wed Aug  5 19:33:49 IST 2020
Wed Aug  5 19:33:50 IST 2020
Wed Aug  5 19:33:51 IST 2020
Wed Aug  5 19:33:52 IST 2020
Wed Aug  5 19:33:53 IST 2020
Wed Aug  5 19:33:54 IST 2020
Wed Aug  5 19:33:55 IST 2020
Wed Aug  5 19:33:56 IST 2020
Wed Aug  5 19:33:57 IST 2020
Wed Aug  5 19:33:58 IST 2020
Wed Aug  5 19:33:59 IST 2020
Wed Aug  5 19:34:00 IST 2020
Wed Aug  5 19:34:01 IST 2020
Wed Aug  5 19:34:02 IST 2020
Wed Aug  5 19:34:03 IST 2020
Wed Aug  5 19:34:04 IST 2020
Wed Aug  5 19:34:05 IST 2020
Wed Aug  5 19:34:06 IST 2020
Wed Aug  5 19:34:07 IST 2020
Wed Aug  5 19:34:08 IST 2020
Wed Aug  5 19:34:09 IST 2020
Wed Aug  5 19:34:10 IST 2020
Wed Aug  5 19:34:11 IST 2020
Wed Aug  5 19:34:12 IST 2020
Wed Aug  5 19:34:13 IST 2020
Wed Aug  5 19:34:14 IST 2020
Wed Aug  5 19:34:15 IST 2020
Wed Aug  5 19:34:16 IST 2020
Wed Aug  5 19:34:17 IST 2020
Wed Aug  5 19:34:18 IST 2020
Wed Aug  5 19:34:19 IST 2020
Wed Aug  5 19:34:20 IST 2020
Wed Aug  5 19:34:21 IST 2020
Wed Aug  5 19:34:22 IST 2020
Wed Aug  5 19:34:23 IST 2020
Wed Aug  5 19:34:24 IST 2020
Wed Aug  5 19:34:25 IST 2020
Wed Aug  5 19:34:26 IST 2020
Wed Aug  5 19:34:27 IST 2020
Wed Aug  5 19:34:28 IST 2020
Wed Aug  5 19:34:29 IST 2020
Wed Aug  5 19:34:30 IST 2020
Wed Aug  5 19:34:31 IST 2020
Wed Aug  5 19:34:32 IST 2020
Wed Aug  5 19:34:33 IST 2020
Wed Aug  5 19:34:34 IST 2020
Wed Aug  5 19:34:35 IST 2020
Wed Aug  5 19:34:36 IST 2020
Wed Aug  5 19:34:37 IST 2020
Wed Aug  5 19:34:38 IST 2020
Wed Aug  5 19:34:39 IST 2020
Wed Aug  5 19:34:40 IST 2020
Wed Aug  5 19:34:41 IST 2020
Wed Aug  5 19:34:42 IST 2020
Wed Aug  5 19:34:43 IST 2020
Wed Aug  5 19:34:44 IST 2020
Wed Aug  5 19:34:45 IST 2020
Wed Aug  5 19:34:46 IST 2020
Wed Aug  5 19:34:47 IST 2020
Wed Aug  5 19:34:48 IST 2020
Wed Aug  5 19:34:49 IST 2020
Wed Aug  5 19:34:50 IST 2020
Wed Aug  5 19:34:51 IST 2020
Wed Aug  5 19:34:52 IST 2020
Wed Aug  5 19:34:53 IST 2020
Wed Aug  5 19:34:54 IST 2020
Wed Aug  5 19:34:55 IST 2020
Wed Aug  5 19:34:56 IST 2020
Wed Aug  5 19:34:57 IST 2020
Wed Aug  5 19:34:58 IST 2020
Wed Aug  5 19:34:59 IST 2020
Wed Aug  5 19:35:00 IST 2020
Wed Aug  5 19:35:01 IST 2020
Wed Aug  5 19:35:02 IST 2020
Wed Aug  5 19:35:03 IST 2020
Wed Aug  5 19:35:04 IST 2020
Wed Aug  5 19:35:05 IST 2020
Wed Aug  5 19:35:06 IST 2020
Wed Aug  5 19:35:07 IST 2020
Wed Aug  5 19:35:08 IST 2020
Wed Aug  5 19:35:09 IST 2020
Wed Aug  5 19:35:10 IST 2020
Wed Aug  5 19:35:11 IST 2020
Wed Aug  5 19:35:12 IST 2020
Wed Aug  5 19:35:13 IST 2020
Wed Aug  5 19:35:14 IST 2020
Wed Aug  5 19:35:15 IST 2020
Wed Aug  5 19:35:16 IST 2020
Wed Aug  5 19:35:17 IST 2020
Wed Aug  5 19:35:18 IST 2020
Wed Aug  5 19:35:19 IST 2020
Wed Aug  5 19:35:20 IST 2020
Wed Aug  5 19:35:21 IST 2020
Wed Aug  5 19:35:22 IST 2020
Wed Aug  5 19:35:23 IST 2020
Wed Aug  5 19:35:24 IST 2020
Wed Aug  5 19:35:25 IST 2020
Wed Aug  5 19:35:26 IST 2020
Wed Aug  5 19:35:27 IST 2020
Wed Aug  5 19:35:28 IST 2020
Wed Aug  5 19:35:29 IST 2020
Wed Aug  5 19:35:30 IST 2020
Wed Aug  5 19:35:31 IST 2020
Wed Aug  5 19:35:32 IST 2020
Wed Aug  5 19:35:33 IST 2020
Wed Aug  5 19:35:34 IST 2020
Wed Aug  5 19:35:35 IST 2020
Wed Aug  5 19:35:36 IST 2020
Wed Aug  5 19:35:37 IST 2020
Wed Aug  5 19:35:38 IST 2020
Wed Aug  5 19:35:39 IST 2020
Wed Aug  5 19:35:40 IST 2020
Wed Aug  5 19:35:41 IST 2020
Wed Aug  5 19:35:42 IST 2020
Wed Aug  5 19:35:43 IST 2020
Wed Aug  5 19:35:44 IST 2020
Wed Aug  5 19:35:45 IST 2020
Wed Aug  5 19:35:46 IST 2020
Wed Aug  5 19:35:47 IST 2020
Wed Aug  5 19:35:48 IST 2020
Wed Aug  5 19:35:49 IST 2020
Wed Aug  5 19:35:50 IST 2020
Wed Aug  5 19:35:51 IST 2020
Wed Aug  5 19:35:52 IST 2020
Wed Aug  5 19:35:53 IST 2020
Wed Aug  5 19:35:54 IST 2020
Wed Aug  5 19:35:55 IST 2020
Wed Aug  5 19:35:56 IST 2020
Wed Aug  5 19:35:57 IST 2020
Wed Aug  5 19:35:59 IST 2020
Wed Aug  5 19:36:00 IST 2020
Wed Aug  5 19:36:01 IST 2020
Wed Aug  5 19:36:02 IST 2020
Wed Aug  5 19:36:03 IST 2020
Wed Aug  5 19:36:04 IST 2020
Wed Aug  5 19:36:05 IST 2020
Wed Aug  5 19:36:06 IST 2020
Wed Aug  5 19:36:07 IST 2020
Wed Aug  5 19:36:08 IST 2020
Wed Aug  5 19:36:09 IST 2020
Wed Aug  5 19:36:10 IST 2020
Wed Aug  5 19:36:11 IST 2020
Wed Aug  5 19:36:12 IST 2020
Wed Aug  5 19:36:13 IST 2020
Wed Aug  5 19:36:14 IST 2020
Wed Aug  5 19:36:15 IST 2020
Wed Aug  5 19:36:16 IST 2020
Wed Aug  5 19:36:17 IST 2020
Wed Aug  5 19:36:18 IST 2020
Wed Aug  5 19:36:19 IST 2020
Wed Aug  5 19:36:20 IST 2020
Wed Aug  5 19:36:21 IST 2020
Wed Aug  5 19:36:22 IST 2020
Wed Aug  5 19:36:23 IST 2020
Wed Aug  5 19:36:24 IST 2020
Wed Aug  5 19:36:25 IST 2020
Wed Aug  5 19:36:26 IST 2020
Wed Aug  5 19:36:27 IST 2020
Wed Aug  5 19:36:28 IST 2020
Wed Aug  5 19:36:29 IST 2020
Wed Aug  5 19:36:30 IST 2020
Wed Aug  5 19:36:31 IST 2020
Wed Aug  5 19:36:32 IST 2020
Wed Aug  5 19:36:33 IST 2020
Wed Aug  5 19:36:34 IST 2020
Wed Aug  5 19:36:35 IST 2020
Wed Aug  5 19:36:36 IST 2020
Wed Aug  5 19:36:37 IST 2020
Wed Aug  5 19:36:38 IST 2020
Wed Aug  5 19:36:39 IST 2020
Wed Aug  5 19:36:40 IST 2020
Wed Aug  5 19:36:41 IST 2020
Wed Aug  5 19:36:42 IST 2020
Wed Aug  5 19:36:43 IST 2020
Wed Aug  5 19:36:44 IST 2020
Wed Aug  5 19:36:45 IST 2020
Wed Aug  5 19:36:46 IST 2020
Wed Aug  5 19:36:47 IST 2020
Wed Aug  5 19:36:48 IST 2020
Wed Aug  5 19:36:49 IST 2020
Wed Aug  5 19:36:50 IST 2020
Wed Aug  5 19:36:51 IST 2020
Wed Aug  5 19:36:52 IST 2020
Wed Aug  5 19:36:53 IST 2020
Wed Aug  5 19:36:54 IST 2020
Wed Aug  5 19:36:55 IST 2020
Wed Aug  5 19:36:56 IST 2020
Wed Aug  5 19:36:57 IST 2020
Wed Aug  5 19:36:58 IST 2020
Wed Aug  5 19:36:59 IST 2020
Wed Aug  5 19:37:00 IST 2020
Wed Aug  5 19:37:01 IST 2020
Wed Aug  5 19:37:02 IST 2020
Wed Aug  5 19:37:03 IST 2020
Wed Aug  5 19:37:04 IST 2020
Wed Aug  5 19:37:05 IST 2020
Wed Aug  5 19:37:06 IST 2020
Wed Aug  5 19:37:07 IST 2020
Wed Aug  5 19:37:08 IST 2020
Wed Aug  5 19:37:09 IST 2020
Wed Aug  5 19:37:10 IST 2020
Wed Aug  5 19:37:11 IST 2020
Wed Aug  5 19:37:12 IST 2020
Wed Aug  5 19:37:13 IST 2020
Wed Aug  5 19:37:14 IST 2020
Wed Aug  5 19:37:15 IST 2020
Wed Aug  5 19:37:16 IST 2020
Wed Aug  5 19:37:17 IST 2020
Wed Aug  5 19:37:18 IST 2020
Wed Aug  5 19:37:19 IST 2020
Wed Aug  5 19:37:20 IST 2020
Wed Aug  5 19:37:21 IST 2020
Wed Aug  5 19:37:22 IST 2020
Wed Aug  5 19:37:23 IST 2020
Wed Aug  5 19:37:24 IST 2020
Wed Aug  5 19:37:25 IST 2020
Wed Aug  5 19:37:26 IST 2020
Wed Aug  5 19:37:27 IST 2020
Wed Aug  5 19:37:28 IST 2020
Wed Aug  5 19:37:29 IST 2020
Wed Aug  5 19:37:30 IST 2020
Wed Aug  5 19:37:31 IST 2020
Wed Aug  5 19:37:32 IST 2020
Wed Aug  5 19:37:33 IST 2020
Wed Aug  5 19:37:34 IST 2020
Wed Aug  5 19:37:35 IST 2020
Wed Aug  5 19:37:36 IST 2020
Wed Aug  5 19:37:37 IST 2020
Wed Aug  5 19:37:38 IST 2020
Wed Aug  5 19:37:39 IST 2020
Wed Aug  5 19:37:40 IST 2020
Wed Aug  5 19:37:41 IST 2020
Wed Aug  5 19:37:42 IST 2020
Wed Aug  5 19:37:43 IST 2020
Wed Aug  5 19:37:44 IST 2020
Wed Aug  5 19:37:45 IST 2020
Wed Aug  5 19:37:46 IST 2020
Wed Aug  5 19:37:47 IST 2020
Wed Aug  5 19:37:48 IST 2020
Wed Aug  5 19:37:49 IST 2020
Wed Aug  5 19:37:50 IST 2020
Wed Aug  5 19:37:51 IST 2020
Wed Aug  5 19:37:52 IST 2020
Wed Aug  5 19:37:53 IST 2020
Wed Aug  5 19:37:54 IST 2020
Wed Aug  5 19:37:55 IST 2020
Wed Aug  5 19:37:56 IST 2020
Wed Aug  5 19:37:57 IST 2020
Wed Aug  5 19:37:58 IST 2020
Wed Aug  5 19:38:00 IST 2020
Wed Aug  5 19:38:01 IST 2020
Wed Aug  5 19:38:02 IST 2020
Wed Aug  5 19:38:03 IST 2020
Wed Aug  5 19:38:04 IST 2020
Wed Aug  5 19:38:05 IST 2020
Wed Aug  5 19:38:06 IST 2020
Wed Aug  5 19:38:07 IST 2020
Wed Aug  5 19:38:08 IST 2020
Wed Aug  5 19:38:09 IST 2020
Wed Aug  5 19:38:10 IST 2020
Wed Aug  5 19:38:11 IST 2020
Wed Aug  5 19:38:12 IST 2020
Wed Aug  5 19:38:13 IST 2020
Wed Aug  5 19:38:14 IST 2020
Wed Aug  5 19:38:15 IST 2020
Wed Aug  5 19:38:16 IST 2020
Wed Aug  5 19:38:17 IST 2020
Wed Aug  5 19:38:18 IST 2020
Wed Aug  5 19:38:19 IST 2020
Wed Aug  5 19:38:20 IST 2020
Wed Aug  5 19:38:21 IST 2020
Wed Aug  5 19:38:22 IST 2020
Wed Aug  5 19:38:23 IST 2020
Wed Aug  5 19:38:24 IST 2020
Wed Aug  5 19:38:25 IST 2020
Wed Aug  5 19:38:26 IST 2020
Wed Aug  5 19:38:27 IST 2020
Wed Aug  5 19:38:28 IST 2020
Wed Aug  5 19:38:29 IST 2020
Wed Aug  5 19:38:30 IST 2020
Wed Aug  5 19:38:31 IST 2020
Wed Aug  5 19:38:32 IST 2020
Wed Aug  5 19:38:33 IST 2020
Wed Aug  5 19:38:34 IST 2020
Wed Aug  5 19:38:35 IST 2020
Wed Aug  5 19:38:36 IST 2020
Wed Aug  5 19:38:37 IST 2020
Wed Aug  5 19:38:38 IST 2020
Wed Aug  5 19:38:39 IST 2020
Wed Aug  5 19:38:40 IST 2020
Wed Aug  5 19:38:41 IST 2020
Wed Aug  5 19:38:42 IST 2020
Wed Aug  5 19:38:43 IST 2020
Wed Aug  5 19:38:44 IST 2020
Wed Aug  5 19:38:45 IST 2020
Wed Aug  5 19:38:46 IST 2020
Wed Aug  5 19:38:47 IST 2020
Wed Aug  5 19:38:48 IST 2020
Wed Aug  5 19:38:49 IST 2020
Wed Aug  5 19:38:50 IST 2020
Wed Aug  5 19:38:51 IST 2020
Wed Aug  5 19:38:52 IST 2020
Wed Aug  5 19:38:53 IST 2020
Wed Aug  5 19:38:54 IST 2020
Wed Aug  5 19:38:55 IST 2020
Wed Aug  5 19:38:56 IST 2020
Wed Aug  5 19:38:57 IST 2020
Wed Aug  5 19:38:58 IST 2020
Wed Aug  5 19:38:59 IST 2020
Wed Aug  5 19:39:00 IST 2020
Wed Aug  5 19:39:01 IST 2020
Wed Aug  5 19:39:02 IST 2020
Wed Aug  5 19:39:03 IST 2020
Wed Aug  5 19:39:04 IST 2020
Wed Aug  5 19:39:05 IST 2020
Wed Aug  5 19:39:06 IST 2020
Wed Aug  5 19:39:07 IST 2020
Wed Aug  5 19:39:08 IST 2020
Wed Aug  5 19:39:09 IST 2020
Wed Aug  5 19:39:10 IST 2020
Wed Aug  5 19:39:11 IST 2020
Wed Aug  5 19:39:12 IST 2020
Wed Aug  5 19:39:13 IST 2020
Wed Aug  5 19:39:14 IST 2020
Wed Aug  5 19:39:15 IST 2020
Wed Aug  5 19:39:16 IST 2020
Wed Aug  5 19:39:17 IST 2020
Wed Aug  5 19:39:18 IST 2020
Wed Aug  5 19:39:19 IST 2020
Wed Aug  5 19:39:20 IST 2020
Wed Aug  5 19:39:21 IST 2020
Wed Aug  5 19:39:22 IST 2020
Wed Aug  5 19:39:23 IST 2020
Wed Aug  5 19:39:24 IST 2020
Wed Aug  5 19:39:25 IST 2020
Wed Aug  5 19:39:26 IST 2020
Wed Aug  5 19:39:27 IST 2020
Wed Aug  5 19:39:28 IST 2020
Wed Aug  5 19:39:29 IST 2020
Wed Aug  5 19:39:30 IST 2020
Wed Aug  5 19:39:31 IST 2020
Wed Aug  5 19:39:32 IST 2020
Wed Aug  5 19:39:33 IST 2020
Wed Aug  5 19:39:34 IST 2020
Wed Aug  5 19:39:35 IST 2020
Wed Aug  5 19:39:36 IST 2020
Wed Aug  5 19:39:37 IST 2020
Wed Aug  5 19:39:38 IST 2020
Wed Aug  5 19:39:39 IST 2020
Wed Aug  5 19:39:40 IST 2020
Wed Aug  5 19:39:41 IST 2020
Wed Aug  5 19:39:42 IST 2020
Wed Aug  5 19:39:43 IST 2020
Wed Aug  5 19:39:44 IST 2020
Wed Aug  5 19:39:45 IST 2020
Wed Aug  5 19:39:46 IST 2020
Wed Aug  5 19:39:47 IST 2020
Wed Aug  5 19:39:48 IST 2020
Wed Aug  5 19:39:50 IST 2020
Wed Aug  5 19:39:51 IST 2020
Wed Aug  5 19:39:52 IST 2020
Wed Aug  5 19:39:53 IST 2020
Wed Aug  5 19:39:54 IST 2020
Wed Aug  5 19:39:55 IST 2020
Wed Aug  5 19:39:56 IST 2020
Wed Aug  5 19:39:57 IST 2020
Wed Aug  5 19:39:58 IST 2020
Wed Aug  5 19:39:59 IST 2020
Wed Aug  5 19:40:00 IST 2020
Wed Aug  5 19:40:01 IST 2020
Wed Aug  5 19:40:02 IST 2020
Wed Aug  5 19:40:03 IST 2020
Wed Aug  5 19:40:04 IST 2020
Wed Aug  5 19:40:05 IST 2020
Wed Aug  5 19:40:06 IST 2020
Wed Aug  5 19:40:07 IST 2020
Wed Aug  5 19:40:08 IST 2020
Wed Aug  5 19:40:09 IST 2020
Wed Aug  5 19:40:10 IST 2020
Wed Aug  5 19:40:11 IST 2020
Wed Aug  5 19:40:12 IST 2020
Wed Aug  5 19:40:13 IST 2020
Wed Aug  5 19:40:14 IST 2020
Wed Aug  5 19:40:15 IST 2020
Wed Aug  5 19:40:16 IST 2020
Wed Aug  5 19:40:17 IST 2020
Wed Aug  5 19:40:18 IST 2020
Wed Aug  5 19:40:19 IST 2020
Wed Aug  5 19:40:20 IST 2020
Wed Aug  5 19:40:21 IST 2020
Wed Aug  5 19:40:22 IST 2020
Wed Aug  5 19:40:23 IST 2020
Wed Aug  5 19:40:24 IST 2020
Wed Aug  5 19:40:25 IST 2020
Wed Aug  5 19:40:26 IST 2020
Wed Aug  5 19:40:27 IST 2020
Wed Aug  5 19:40:28 IST 2020
Wed Aug  5 19:40:29 IST 2020
Wed Aug  5 19:40:30 IST 2020
Wed Aug  5 19:40:31 IST 2020
Wed Aug  5 19:40:32 IST 2020
Wed Aug  5 19:40:33 IST 2020
Wed Aug  5 19:40:34 IST 2020
Wed Aug  5 19:40:35 IST 2020
Wed Aug  5 19:40:36 IST 2020
Wed Aug  5 19:40:37 IST 2020
Wed Aug  5 19:40:38 IST 2020
Wed Aug  5 19:40:39 IST 2020
Wed Aug  5 19:40:40 IST 2020
Wed Aug  5 19:40:41 IST 2020
Wed Aug  5 19:40:42 IST 2020
Wed Aug  5 19:40:43 IST 2020
Wed Aug  5 19:40:44 IST 2020
Wed Aug  5 19:40:45 IST 2020
Wed Aug  5 19:40:47 IST 2020
Wed Aug  5 19:40:48 IST 2020
Wed Aug  5 19:40:49 IST 2020
Wed Aug  5 19:40:50 IST 2020
Wed Aug  5 19:40:51 IST 2020
Wed Aug  5 19:40:52 IST 2020
Wed Aug  5 19:40:53 IST 2020
Wed Aug  5 19:40:54 IST 2020
Wed Aug  5 19:40:55 IST 2020
Wed Aug  5 19:40:56 IST 2020
Wed Aug  5 19:40:57 IST 2020
Wed Aug  5 19:40:58 IST 2020
Wed Aug  5 19:40:59 IST 2020
Wed Aug  5 19:41:00 IST 2020
Wed Aug  5 19:41:01 IST 2020
Wed Aug  5 19:41:02 IST 2020
Wed Aug  5 19:41:03 IST 2020
Wed Aug  5 19:41:04 IST 2020
Wed Aug  5 19:41:05 IST 2020
Wed Aug  5 19:41:06 IST 2020
Wed Aug  5 19:41:07 IST 2020
Wed Aug  5 19:41:08 IST 2020
Wed Aug  5 19:41:09 IST 2020
Wed Aug  5 19:41:10 IST 2020
Wed Aug  5 19:41:11 IST 2020
Wed Aug  5 19:41:12 IST 2020
Wed Aug  5 19:41:13 IST 2020
Wed Aug  5 19:41:14 IST 2020
Wed Aug  5 19:41:15 IST 2020
Wed Aug  5 19:41:16 IST 2020
Wed Aug  5 19:41:17 IST 2020
Wed Aug  5 19:41:18 IST 2020
Wed Aug  5 19:41:19 IST 2020
Wed Aug  5 19:41:20 IST 2020
Wed Aug  5 19:41:21 IST 2020
Wed Aug  5 19:41:22 IST 2020
Wed Aug  5 19:41:23 IST 2020
Wed Aug  5 19:41:24 IST 2020
Wed Aug  5 19:41:25 IST 2020
Wed Aug  5 19:41:26 IST 2020
Wed Aug  5 19:41:27 IST 2020
Wed Aug  5 19:41:28 IST 2020
Wed Aug  5 19:41:29 IST 2020
Wed Aug  5 19:41:30 IST 2020
Wed Aug  5 19:41:31 IST 2020
Wed Aug  5 19:41:32 IST 2020
Wed Aug  5 19:41:33 IST 2020
Wed Aug  5 19:41:34 IST 2020
Wed Aug  5 19:41:35 IST 2020
Wed Aug  5 19:41:36 IST 2020
Wed Aug  5 19:41:37 IST 2020
Wed Aug  5 19:41:38 IST 2020
Wed Aug  5 19:41:39 IST 2020
Wed Aug  5 19:41:40 IST 2020
Wed Aug  5 19:41:41 IST 2020
Wed Aug  5 19:41:42 IST 2020
Wed Aug  5 19:41:43 IST 2020
Wed Aug  5 19:41:44 IST 2020
Wed Aug  5 19:41:45 IST 2020
Wed Aug  5 19:41:46 IST 2020
Wed Aug  5 19:41:47 IST 2020
Wed Aug  5 19:41:48 IST 2020
Wed Aug  5 19:41:49 IST 2020
Wed Aug  5 19:41:50 IST 2020
Wed Aug  5 19:41:51 IST 2020
Wed Aug  5 19:41:52 IST 2020
Wed Aug  5 19:41:53 IST 2020
Wed Aug  5 19:41:54 IST 2020
Wed Aug  5 19:41:55 IST 2020
Wed Aug  5 19:41:56 IST 2020
Wed Aug  5 19:41:57 IST 2020
Wed Aug  5 19:41:58 IST 2020
Wed Aug  5 19:41:59 IST 2020
Wed Aug  5 19:42:00 IST 2020
Wed Aug  5 19:42:01 IST 2020
Wed Aug  5 19:42:02 IST 2020
Wed Aug  5 19:42:03 IST 2020
Wed Aug  5 19:42:04 IST 2020
Wed Aug  5 19:42:05 IST 2020
Wed Aug  5 19:42:06 IST 2020
Wed Aug  5 19:42:07 IST 2020
Wed Aug  5 19:42:08 IST 2020
Wed Aug  5 19:42:09 IST 2020
Wed Aug  5 19:42:10 IST 2020
Wed Aug  5 19:42:11 IST 2020
Wed Aug  5 19:42:12 IST 2020
Wed Aug  5 19:42:13 IST 2020
Wed Aug  5 19:42:14 IST 2020
Wed Aug  5 19:42:15 IST 2020
Wed Aug  5 19:42:16 IST 2020
Wed Aug  5 19:42:17 IST 2020
Wed Aug  5 19:42:18 IST 2020
Wed Aug  5 19:42:19 IST 2020
Wed Aug  5 19:42:20 IST 2020
Wed Aug  5 19:42:21 IST 2020
Wed Aug  5 19:42:22 IST 2020
Wed Aug  5 19:42:23 IST 2020
Wed Aug  5 19:42:24 IST 2020
Wed Aug  5 19:42:25 IST 2020
Wed Aug  5 19:42:26 IST 2020
Wed Aug  5 19:42:27 IST 2020
Wed Aug  5 19:42:28 IST 2020
Wed Aug  5 19:42:29 IST 2020
Wed Aug  5 19:42:30 IST 2020
Wed Aug  5 19:42:31 IST 2020
Wed Aug  5 19:42:32 IST 2020
Wed Aug  5 19:42:33 IST 2020
Wed Aug  5 19:42:34 IST 2020
Wed Aug  5 19:42:35 IST 2020
Wed Aug  5 19:42:36 IST 2020
Wed Aug  5 19:42:37 IST 2020
Wed Aug  5 19:42:38 IST 2020
Wed Aug  5 19:42:39 IST 2020
Wed Aug  5 19:42:40 IST 2020
Wed Aug  5 19:42:41 IST 2020
Wed Aug  5 19:42:42 IST 2020
Wed Aug  5 19:42:43 IST 2020
Wed Aug  5 19:42:44 IST 2020
Wed Aug  5 19:42:45 IST 2020
Wed Aug  5 19:42:46 IST 2020
Wed Aug  5 19:42:47 IST 2020
Wed Aug  5 19:42:48 IST 2020
Wed Aug  5 19:42:49 IST 2020
Wed Aug  5 19:42:50 IST 2020
Wed Aug  5 19:42:51 IST 2020
Wed Aug  5 19:42:52 IST 2020
Wed Aug  5 19:42:53 IST 2020
Wed Aug  5 19:42:54 IST 2020
Wed Aug  5 19:42:55 IST 2020
Wed Aug  5 19:42:56 IST 2020
Wed Aug  5 19:42:57 IST 2020
Wed Aug  5 19:42:58 IST 2020
Wed Aug  5 19:42:59 IST 2020
Wed Aug  5 19:43:00 IST 2020
Wed Aug  5 19:43:01 IST 2020
Wed Aug  5 19:43:02 IST 2020
Wed Aug  5 19:43:03 IST 2020
Wed Aug  5 19:43:04 IST 2020
Wed Aug  5 19:43:05 IST 2020
Wed Aug  5 19:43:06 IST 2020
Wed Aug  5 19:43:07 IST 2020
Wed Aug  5 19:43:08 IST 2020
Wed Aug  5 19:43:09 IST 2020
Wed Aug  5 19:43:10 IST 2020
Wed Aug  5 19:43:11 IST 2020
Wed Aug  5 19:43:12 IST 2020
Wed Aug  5 19:43:13 IST 2020
Wed Aug  5 19:43:14 IST 2020
Wed Aug  5 19:43:15 IST 2020
Wed Aug  5 19:43:16 IST 2020
Wed Aug  5 19:43:17 IST 2020
Wed Aug  5 19:43:18 IST 2020
Wed Aug  5 19:43:19 IST 2020
Wed Aug  5 19:43:20 IST 2020
Wed Aug  5 19:43:21 IST 2020
Wed Aug  5 19:43:22 IST 2020
Wed Aug  5 19:43:23 IST 2020
Wed Aug  5 19:43:24 IST 2020
Wed Aug  5 19:43:25 IST 2020
Wed Aug  5 19:43:26 IST 2020
Wed Aug  5 19:43:27 IST 2020
Wed Aug  5 19:43:28 IST 2020
Wed Aug  5 19:43:29 IST 2020
Wed Aug  5 19:43:30 IST 2020
Wed Aug  5 19:43:31 IST 2020
Wed Aug  5 19:43:32 IST 2020
Wed Aug  5 19:43:34 IST 2020
Wed Aug  5 19:43:35 IST 2020
Wed Aug  5 19:43:36 IST 2020
Wed Aug  5 19:43:37 IST 2020
Wed Aug  5 19:43:38 IST 2020
Wed Aug  5 19:43:39 IST 2020
Wed Aug  5 19:43:40 IST 2020
Wed Aug  5 19:43:41 IST 2020
Wed Aug  5 19:43:42 IST 2020
Wed Aug  5 19:43:43 IST 2020
Wed Aug  5 19:43:44 IST 2020
Wed Aug  5 19:43:45 IST 2020
Wed Aug  5 19:43:46 IST 2020
Wed Aug  5 19:43:47 IST 2020
Wed Aug  5 19:43:48 IST 2020
Wed Aug  5 19:43:49 IST 2020
Wed Aug  5 19:43:50 IST 2020
Wed Aug  5 19:43:51 IST 2020
Wed Aug  5 19:43:52 IST 2020
Wed Aug  5 19:43:53 IST 2020
Wed Aug  5 19:43:54 IST 2020
Wed Aug  5 19:43:55 IST 2020
Wed Aug  5 19:43:56 IST 2020
Wed Aug  5 19:43:57 IST 2020
Wed Aug  5 19:43:58 IST 2020
Wed Aug  5 19:43:59 IST 2020
Wed Aug  5 19:44:00 IST 2020
Wed Aug  5 19:44:01 IST 2020
Wed Aug  5 19:44:02 IST 2020
Wed Aug  5 19:44:03 IST 2020
Wed Aug  5 19:44:04 IST 2020
Wed Aug  5 19:44:05 IST 2020
Wed Aug  5 19:44:06 IST 2020
Wed Aug  5 19:44:07 IST 2020
Wed Aug  5 19:44:08 IST 2020
Wed Aug  5 19:44:09 IST 2020
Wed Aug  5 19:44:10 IST 2020
Wed Aug  5 19:44:11 IST 2020
Wed Aug  5 19:44:12 IST 2020
Wed Aug  5 19:44:13 IST 2020
Wed Aug  5 19:44:14 IST 2020
Wed Aug  5 19:44:15 IST 2020
Wed Aug  5 19:44:16 IST 2020
Wed Aug  5 19:44:17 IST 2020
Wed Aug  5 19:44:18 IST 2020
Wed Aug  5 19:44:19 IST 2020
Wed Aug  5 19:44:20 IST 2020
Wed Aug  5 19:44:21 IST 2020
Wed Aug  5 19:44:22 IST 2020
Wed Aug  5 19:44:23 IST 2020
Wed Aug  5 19:44:24 IST 2020
Wed Aug  5 19:44:25 IST 2020
Wed Aug  5 19:44:26 IST 2020
Wed Aug  5 19:44:27 IST 2020
Wed Aug  5 19:44:28 IST 2020
Wed Aug  5 19:44:29 IST 2020
Wed Aug  5 19:44:30 IST 2020
Wed Aug  5 19:44:31 IST 2020
Wed Aug  5 19:44:32 IST 2020
Wed Aug  5 19:44:33 IST 2020
Wed Aug  5 19:44:34 IST 2020
Wed Aug  5 19:44:35 IST 2020
Wed Aug  5 19:44:36 IST 2020
Wed Aug  5 19:44:37 IST 2020
Wed Aug  5 19:44:38 IST 2020
Wed Aug  5 19:44:39 IST 2020
Wed Aug  5 19:44:40 IST 2020
Wed Aug  5 19:44:41 IST 2020
Wed Aug  5 19:44:42 IST 2020
Wed Aug  5 19:44:43 IST 2020
Wed Aug  5 19:44:45 IST 2020
Wed Aug  5 19:44:46 IST 2020
Wed Aug  5 19:44:47 IST 2020
Wed Aug  5 19:44:48 IST 2020
Wed Aug  5 19:44:49 IST 2020
Wed Aug  5 19:44:50 IST 2020
Wed Aug  5 19:44:51 IST 2020
Wed Aug  5 19:44:52 IST 2020
Wed Aug  5 19:44:53 IST 2020
Wed Aug  5 19:44:54 IST 2020
Wed Aug  5 19:44:55 IST 2020
Wed Aug  5 19:44:56 IST 2020
Wed Aug  5 19:44:57 IST 2020
Wed Aug  5 19:44:58 IST 2020
Wed Aug  5 19:44:59 IST 2020
Wed Aug  5 19:45:00 IST 2020
Wed Aug  5 19:45:01 IST 2020
Wed Aug  5 19:45:02 IST 2020
Wed Aug  5 19:45:03 IST 2020
Wed Aug  5 19:45:04 IST 2020
Wed Aug  5 19:45:05 IST 2020
Wed Aug  5 19:45:06 IST 2020
Wed Aug  5 19:45:07 IST 2020
Wed Aug  5 19:45:08 IST 2020
Wed Aug  5 19:45:09 IST 2020
Wed Aug  5 19:45:10 IST 2020
Wed Aug  5 19:45:11 IST 2020
Wed Aug  5 19:45:12 IST 2020
Wed Aug  5 19:45:13 IST 2020
Wed Aug  5 19:45:14 IST 2020
Wed Aug  5 19:45:15 IST 2020
Wed Aug  5 19:45:16 IST 2020
Wed Aug  5 19:45:17 IST 2020
Wed Aug  5 19:45:18 IST 2020
Wed Aug  5 19:45:19 IST 2020
Wed Aug  5 19:45:20 IST 2020
Wed Aug  5 19:45:21 IST 2020
Wed Aug  5 19:45:22 IST 2020
Wed Aug  5 19:45:23 IST 2020
Wed Aug  5 19:45:24 IST 2020
Wed Aug  5 19:45:25 IST 2020
Wed Aug  5 19:45:26 IST 2020
Wed Aug  5 19:45:27 IST 2020
Wed Aug  5 19:45:28 IST 2020
Wed Aug  5 19:45:29 IST 2020
Wed Aug  5 19:45:30 IST 2020
Wed Aug  5 19:45:31 IST 2020
Wed Aug  5 19:45:32 IST 2020
Wed Aug  5 19:45:33 IST 2020
Wed Aug  5 19:45:34 IST 2020
Wed Aug  5 19:45:35 IST 2020
Wed Aug  5 19:45:36 IST 2020
Wed Aug  5 19:45:37 IST 2020
Wed Aug  5 19:45:38 IST 2020
Wed Aug  5 19:45:39 IST 2020
Wed Aug  5 19:45:40 IST 2020
Wed Aug  5 19:45:41 IST 2020
Wed Aug  5 19:45:42 IST 2020
Wed Aug  5 19:45:43 IST 2020
Wed Aug  5 19:45:44 IST 2020
Wed Aug  5 19:45:45 IST 2020
Wed Aug  5 19:45:46 IST 2020
Wed Aug  5 19:45:47 IST 2020
Wed Aug  5 19:45:48 IST 2020
Wed Aug  5 19:45:49 IST 2020
Wed Aug  5 19:45:50 IST 2020
Wed Aug  5 19:45:51 IST 2020
Wed Aug  5 19:45:52 IST 2020
Wed Aug  5 19:45:53 IST 2020
Wed Aug  5 19:45:54 IST 2020
Wed Aug  5 19:45:55 IST 2020
Wed Aug  5 19:45:56 IST 2020
Wed Aug  5 19:45:57 IST 2020
Wed Aug  5 19:45:58 IST 2020
Wed Aug  5 19:45:59 IST 2020
Wed Aug  5 19:46:00 IST 2020
Wed Aug  5 19:46:01 IST 2020
Wed Aug  5 19:46:02 IST 2020
Wed Aug  5 19:46:03 IST 2020
Wed Aug  5 19:46:04 IST 2020
Wed Aug  5 19:46:05 IST 2020
Wed Aug  5 19:46:06 IST 2020
Wed Aug  5 19:46:07 IST 2020
Wed Aug  5 19:46:08 IST 2020
Wed Aug  5 19:46:09 IST 2020
Wed Aug  5 19:46:10 IST 2020
Wed Aug  5 19:46:11 IST 2020
Wed Aug  5 19:46:12 IST 2020
Wed Aug  5 19:46:13 IST 2020
Wed Aug  5 19:46:14 IST 2020
Wed Aug  5 19:46:15 IST 2020
Wed Aug  5 19:46:16 IST 2020
Wed Aug  5 19:46:17 IST 2020
Wed Aug  5 19:46:18 IST 2020
Wed Aug  5 19:46:19 IST 2020
Wed Aug  5 19:46:20 IST 2020
Wed Aug  5 19:46:21 IST 2020
Wed Aug  5 19:46:22 IST 2020
Wed Aug  5 19:46:23 IST 2020
Wed Aug  5 19:46:24 IST 2020
Wed Aug  5 19:46:25 IST 2020
Wed Aug  5 19:46:26 IST 2020
Wed Aug  5 19:46:27 IST 2020
Wed Aug  5 19:46:28 IST 2020
Wed Aug  5 19:46:29 IST 2020
Wed Aug  5 19:46:30 IST 2020
Wed Aug  5 19:46:31 IST 2020
Wed Aug  5 19:46:32 IST 2020
Wed Aug  5 19:46:33 IST 2020
Wed Aug  5 19:46:34 IST 2020
Wed Aug  5 19:46:35 IST 2020
Wed Aug  5 19:46:36 IST 2020
Wed Aug  5 19:46:37 IST 2020
Wed Aug  5 19:46:38 IST 2020
Wed Aug  5 19:46:39 IST 2020
Wed Aug  5 19:46:40 IST 2020
Wed Aug  5 19:46:41 IST 2020
Wed Aug  5 19:46:42 IST 2020
Wed Aug  5 19:46:43 IST 2020
Wed Aug  5 19:46:44 IST 2020
Wed Aug  5 19:46:45 IST 2020
Wed Aug  5 19:46:46 IST 2020
Wed Aug  5 19:46:47 IST 2020
Wed Aug  5 19:46:48 IST 2020
Wed Aug  5 19:46:49 IST 2020
Wed Aug  5 19:46:50 IST 2020
Wed Aug  5 19:46:51 IST 2020
Wed Aug  5 19:46:52 IST 2020
Wed Aug  5 19:46:53 IST 2020
Wed Aug  5 19:46:54 IST 2020
Wed Aug  5 19:46:55 IST 2020
Wed Aug  5 19:46:56 IST 2020
Wed Aug  5 19:46:57 IST 2020
Wed Aug  5 19:46:58 IST 2020
Wed Aug  5 19:46:59 IST 2020
Wed Aug  5 19:47:01 IST 2020
Wed Aug  5 19:47:02 IST 2020
Wed Aug  5 19:47:03 IST 2020
Wed Aug  5 19:47:04 IST 2020
Wed Aug  5 19:47:05 IST 2020
Wed Aug  5 19:47:06 IST 2020
Wed Aug  5 19:47:07 IST 2020
Wed Aug  5 19:47:08 IST 2020
Wed Aug  5 19:47:09 IST 2020
Wed Aug  5 19:47:10 IST 2020
Wed Aug  5 19:47:11 IST 2020
Wed Aug  5 19:47:12 IST 2020
Wed Aug  5 19:47:13 IST 2020
Wed Aug  5 19:47:14 IST 2020
Wed Aug  5 19:47:15 IST 2020
Wed Aug  5 19:47:16 IST 2020
Wed Aug  5 19:47:17 IST 2020
Wed Aug  5 19:47:18 IST 2020
Wed Aug  5 19:47:19 IST 2020
Wed Aug  5 19:47:20 IST 2020
Wed Aug  5 19:47:21 IST 2020
Wed Aug  5 19:47:22 IST 2020
Wed Aug  5 19:47:23 IST 2020
Wed Aug  5 19:47:24 IST 2020
Wed Aug  5 19:47:25 IST 2020
Wed Aug  5 19:47:26 IST 2020
Wed Aug  5 19:47:27 IST 2020
Wed Aug  5 19:47:28 IST 2020
Wed Aug  5 19:47:29 IST 2020
Wed Aug  5 19:47:30 IST 2020
Wed Aug  5 19:47:31 IST 2020
Wed Aug  5 19:47:32 IST 2020
Wed Aug  5 19:47:33 IST 2020
Wed Aug  5 19:47:34 IST 2020
Wed Aug  5 19:47:35 IST 2020
Wed Aug  5 19:47:36 IST 2020
Wed Aug  5 19:47:37 IST 2020
Wed Aug  5 19:47:38 IST 2020
Wed Aug  5 19:47:39 IST 2020
Wed Aug  5 19:47:40 IST 2020
Wed Aug  5 19:47:41 IST 2020
Wed Aug  5 19:47:42 IST 2020
Wed Aug  5 19:47:43 IST 2020
Wed Aug  5 19:47:44 IST 2020
Wed Aug  5 19:47:45 IST 2020
Wed Aug  5 19:47:46 IST 2020
Wed Aug  5 19:47:47 IST 2020
Wed Aug  5 19:47:48 IST 2020
Wed Aug  5 19:47:49 IST 2020
Wed Aug  5 19:47:50 IST 2020
Wed Aug  5 19:47:51 IST 2020
Wed Aug  5 19:47:52 IST 2020
Wed Aug  5 19:47:53 IST 2020
Wed Aug  5 19:47:54 IST 2020
Wed Aug  5 19:47:55 IST 2020
Wed Aug  5 19:47:56 IST 2020
Wed Aug  5 19:47:57 IST 2020
Wed Aug  5 19:47:58 IST 2020
Wed Aug  5 19:47:59 IST 2020
Wed Aug  5 19:48:00 IST 2020
Wed Aug  5 19:48:01 IST 2020
Wed Aug  5 19:48:02 IST 2020
Wed Aug  5 19:48:03 IST 2020
Wed Aug  5 19:48:04 IST 2020
Wed Aug  5 19:48:05 IST 2020
Wed Aug  5 19:48:06 IST 2020
Wed Aug  5 19:48:07 IST 2020
Wed Aug  5 19:48:08 IST 2020
Wed Aug  5 19:48:09 IST 2020
Wed Aug  5 19:48:10 IST 2020
Wed Aug  5 19:48:11 IST 2020
Wed Aug  5 19:48:12 IST 2020
Wed Aug  5 19:48:13 IST 2020
Wed Aug  5 19:48:14 IST 2020
Wed Aug  5 19:48:15 IST 2020
Wed Aug  5 19:48:16 IST 2020
Wed Aug  5 19:48:17 IST 2020
Wed Aug  5 19:48:18 IST 2020
Wed Aug  5 19:48:19 IST 2020
Wed Aug  5 19:48:20 IST 2020
Wed Aug  5 19:48:21 IST 2020
Wed Aug  5 19:48:22 IST 2020
Wed Aug  5 19:48:23 IST 2020
Wed Aug  5 19:48:24 IST 2020
Wed Aug  5 19:48:25 IST 2020
Wed Aug  5 19:48:26 IST 2020
Wed Aug  5 19:48:27 IST 2020
Wed Aug  5 19:48:28 IST 2020
Wed Aug  5 19:48:29 IST 2020
Wed Aug  5 19:48:30 IST 2020
Wed Aug  5 19:48:31 IST 2020
Wed Aug  5 19:48:32 IST 2020
Wed Aug  5 19:48:33 IST 2020
Wed Aug  5 19:48:34 IST 2020
Wed Aug  5 19:48:35 IST 2020
Wed Aug  5 19:48:36 IST 2020
Wed Aug  5 19:48:37 IST 2020
Wed Aug  5 19:48:38 IST 2020
Wed Aug  5 19:48:39 IST 2020
Wed Aug  5 19:48:40 IST 2020
Wed Aug  5 19:48:41 IST 2020
Wed Aug  5 19:48:42 IST 2020
Wed Aug  5 19:48:43 IST 2020
Wed Aug  5 19:48:44 IST 2020
Wed Aug  5 19:48:45 IST 2020
Wed Aug  5 19:48:46 IST 2020
Wed Aug  5 19:48:47 IST 2020
Wed Aug  5 19:48:48 IST 2020
Wed Aug  5 19:48:49 IST 2020
Wed Aug  5 19:48:50 IST 2020
Wed Aug  5 19:48:51 IST 2020
Wed Aug  5 19:48:52 IST 2020
Wed Aug  5 19:48:53 IST 2020
Wed Aug  5 19:48:54 IST 2020
Wed Aug  5 19:48:55 IST 2020
Wed Aug  5 19:48:56 IST 2020
Wed Aug  5 19:48:57 IST 2020
Wed Aug  5 19:48:58 IST 2020
Wed Aug  5 19:48:59 IST 2020
Wed Aug  5 19:49:00 IST 2020
Wed Aug  5 19:49:01 IST 2020
Wed Aug  5 19:49:02 IST 2020
Wed Aug  5 19:49:03 IST 2020
Wed Aug  5 19:49:04 IST 2020
Wed Aug  5 19:49:05 IST 2020
Wed Aug  5 19:49:06 IST 2020
Wed Aug  5 19:49:07 IST 2020
Wed Aug  5 19:49:08 IST 2020
Wed Aug  5 19:49:09 IST 2020
Wed Aug  5 19:49:10 IST 2020
Wed Aug  5 19:49:11 IST 2020
Wed Aug  5 19:49:12 IST 2020
Wed Aug  5 19:49:13 IST 2020
Wed Aug  5 19:49:14 IST 2020
Wed Aug  5 19:49:15 IST 2020
Wed Aug  5 19:49:16 IST 2020
Wed Aug  5 19:49:17 IST 2020
Wed Aug  5 19:49:18 IST 2020
Wed Aug  5 19:49:19 IST 2020
Wed Aug  5 19:49:20 IST 2020
Wed Aug  5 19:49:21 IST 2020
Wed Aug  5 19:49:22 IST 2020
Wed Aug  5 19:49:23 IST 2020
Wed Aug  5 19:49:24 IST 2020
Wed Aug  5 19:49:25 IST 2020
Wed Aug  5 19:49:26 IST 2020
Wed Aug  5 19:49:27 IST 2020
Wed Aug  5 19:49:28 IST 2020
Wed Aug  5 19:49:29 IST 2020
Wed Aug  5 19:49:30 IST 2020
Wed Aug  5 19:49:31 IST 2020
Wed Aug  5 19:49:32 IST 2020
Wed Aug  5 19:49:33 IST 2020
Wed Aug  5 19:49:34 IST 2020
Wed Aug  5 19:49:35 IST 2020
Wed Aug  5 19:49:36 IST 2020
Wed Aug  5 19:49:37 IST 2020
Wed Aug  5 19:49:38 IST 2020
Wed Aug  5 19:49:39 IST 2020
Wed Aug  5 19:49:40 IST 2020
Wed Aug  5 19:49:41 IST 2020
Wed Aug  5 19:49:42 IST 2020
Wed Aug  5 19:49:43 IST 2020
Wed Aug  5 19:49:44 IST 2020
Wed Aug  5 19:49:45 IST 2020
Wed Aug  5 19:49:46 IST 2020
Wed Aug  5 19:49:48 IST 2020
Wed Aug  5 19:49:49 IST 2020
Wed Aug  5 19:49:50 IST 2020
Wed Aug  5 19:49:51 IST 2020
Wed Aug  5 19:49:52 IST 2020
Wed Aug  5 19:49:53 IST 2020
Wed Aug  5 19:49:54 IST 2020
Wed Aug  5 19:49:55 IST 2020
Wed Aug  5 19:49:56 IST 2020
Wed Aug  5 19:49:57 IST 2020
Wed Aug  5 19:49:58 IST 2020
Wed Aug  5 19:49:59 IST 2020
Wed Aug  5 19:50:00 IST 2020
Wed Aug  5 19:50:01 IST 2020
Wed Aug  5 19:50:02 IST 2020
Wed Aug  5 19:50:03 IST 2020
Wed Aug  5 19:50:04 IST 2020
Wed Aug  5 19:50:05 IST 2020
Wed Aug  5 19:50:06 IST 2020
Wed Aug  5 19:50:07 IST 2020
Wed Aug  5 19:50:08 IST 2020
Wed Aug  5 19:50:09 IST 2020
Wed Aug  5 19:50:10 IST 2020
Wed Aug  5 19:50:11 IST 2020
Wed Aug  5 19:50:12 IST 2020
Wed Aug  5 19:50:13 IST 2020
Wed Aug  5 19:50:14 IST 2020
Wed Aug  5 19:50:15 IST 2020
Wed Aug  5 19:50:16 IST 2020
Wed Aug  5 19:50:17 IST 2020
Wed Aug  5 19:50:18 IST 2020
Wed Aug  5 19:50:19 IST 2020
Wed Aug  5 19:50:20 IST 2020
Wed Aug  5 19:50:21 IST 2020
Wed Aug  5 19:50:22 IST 2020
Wed Aug  5 19:50:23 IST 2020
Wed Aug  5 19:50:24 IST 2020
Wed Aug  5 19:50:25 IST 2020
Wed Aug  5 19:50:26 IST 2020
Wed Aug  5 19:50:27 IST 2020
Wed Aug  5 19:50:28 IST 2020
Wed Aug  5 19:50:29 IST 2020
Wed Aug  5 19:50:30 IST 2020
Wed Aug  5 19:50:31 IST 2020
Wed Aug  5 19:50:32 IST 2020
Wed Aug  5 19:50:33 IST 2020
Wed Aug  5 19:50:34 IST 2020
Wed Aug  5 19:50:35 IST 2020
Wed Aug  5 19:50:36 IST 2020
Wed Aug  5 19:50:37 IST 2020
Wed Aug  5 19:50:38 IST 2020
Wed Aug  5 19:50:39 IST 2020
Wed Aug  5 19:50:40 IST 2020
Wed Aug  5 19:50:41 IST 2020
Wed Aug  5 19:50:42 IST 2020
Wed Aug  5 19:50:43 IST 2020
Wed Aug  5 19:50:44 IST 2020
Wed Aug  5 19:50:45 IST 2020
Wed Aug  5 19:50:46 IST 2020
Wed Aug  5 19:50:47 IST 2020
Wed Aug  5 19:50:48 IST 2020
Wed Aug  5 19:50:49 IST 2020
Wed Aug  5 19:50:50 IST 2020
Wed Aug  5 19:50:51 IST 2020
Wed Aug  5 19:50:52 IST 2020
Wed Aug  5 19:50:53 IST 2020
Wed Aug  5 19:50:54 IST 2020
Wed Aug  5 19:50:55 IST 2020
Wed Aug  5 19:50:56 IST 2020
Wed Aug  5 19:50:57 IST 2020
Wed Aug  5 19:50:58 IST 2020
Wed Aug  5 19:50:59 IST 2020
Wed Aug  5 19:51:00 IST 2020
Wed Aug  5 19:51:01 IST 2020
Wed Aug  5 19:51:02 IST 2020
Wed Aug  5 19:51:03 IST 2020
Wed Aug  5 19:51:04 IST 2020
Wed Aug  5 19:51:05 IST 2020
Wed Aug  5 19:51:06 IST 2020
Wed Aug  5 19:51:07 IST 2020
Wed Aug  5 19:51:08 IST 2020
Wed Aug  5 19:51:09 IST 2020
Wed Aug  5 19:51:10 IST 2020
Wed Aug  5 19:51:11 IST 2020
Wed Aug  5 19:51:12 IST 2020
Wed Aug  5 19:51:13 IST 2020
Wed Aug  5 19:51:14 IST 2020
Wed Aug  5 19:51:15 IST 2020
Wed Aug  5 19:51:16 IST 2020
Wed Aug  5 19:51:17 IST 2020
Wed Aug  5 19:51:18 IST 2020
Wed Aug  5 19:51:19 IST 2020
Wed Aug  5 19:51:20 IST 2020
Wed Aug  5 19:51:21 IST 2020
Wed Aug  5 19:51:22 IST 2020
Wed Aug  5 19:51:23 IST 2020
Wed Aug  5 19:51:24 IST 2020
Wed Aug  5 19:51:25 IST 2020
Wed Aug  5 19:51:26 IST 2020
Wed Aug  5 19:51:27 IST 2020
Wed Aug  5 19:51:28 IST 2020
Wed Aug  5 19:51:29 IST 2020
Wed Aug  5 19:51:30 IST 2020
Wed Aug  5 19:51:31 IST 2020
Wed Aug  5 19:51:32 IST 2020
Wed Aug  5 19:51:33 IST 2020
Wed Aug  5 19:51:34 IST 2020
Wed Aug  5 19:51:35 IST 2020
Wed Aug  5 19:51:36 IST 2020
Wed Aug  5 19:51:37 IST 2020
Wed Aug  5 19:51:38 IST 2020
Wed Aug  5 19:51:39 IST 2020
Wed Aug  5 19:51:40 IST 2020
Wed Aug  5 19:51:41 IST 2020
Wed Aug  5 19:51:42 IST 2020
Wed Aug  5 19:51:43 IST 2020
Wed Aug  5 19:51:44 IST 2020
Wed Aug  5 19:51:45 IST 2020
Wed Aug  5 19:51:46 IST 2020
Wed Aug  5 19:51:47 IST 2020
Wed Aug  5 19:51:48 IST 2020
Wed Aug  5 19:51:49 IST 2020
Wed Aug  5 19:51:50 IST 2020
Wed Aug  5 19:51:51 IST 2020
Wed Aug  5 19:51:52 IST 2020
Wed Aug  5 19:51:53 IST 2020
Wed Aug  5 19:51:54 IST 2020
Wed Aug  5 19:51:55 IST 2020
Wed Aug  5 19:51:56 IST 2020
Wed Aug  5 19:51:57 IST 2020
Wed Aug  5 19:51:58 IST 2020
Wed Aug  5 19:51:59 IST 2020
Wed Aug  5 19:52:00 IST 2020
Wed Aug  5 19:52:01 IST 2020
Wed Aug  5 19:52:02 IST 2020
Wed Aug  5 19:52:03 IST 2020
Wed Aug  5 19:52:04 IST 2020
Wed Aug  5 19:52:05 IST 2020
Wed Aug  5 19:52:06 IST 2020
Wed Aug  5 19:52:07 IST 2020
Wed Aug  5 19:52:08 IST 2020
Wed Aug  5 19:52:09 IST 2020
Wed Aug  5 19:52:10 IST 2020
Wed Aug  5 19:52:11 IST 2020
Wed Aug  5 19:52:12 IST 2020
Wed Aug  5 19:52:13 IST 2020
Wed Aug  5 19:52:14 IST 2020
Wed Aug  5 19:52:15 IST 2020
Wed Aug  5 19:52:16 IST 2020
Wed Aug  5 19:52:17 IST 2020
Wed Aug  5 19:52:18 IST 2020
Wed Aug  5 19:52:19 IST 2020
Wed Aug  5 19:52:20 IST 2020
Wed Aug  5 19:52:21 IST 2020
Wed Aug  5 19:52:22 IST 2020
Wed Aug  5 19:52:23 IST 2020
Wed Aug  5 19:52:24 IST 2020
Wed Aug  5 19:52:25 IST 2020
Wed Aug  5 19:52:26 IST 2020
Wed Aug  5 19:52:27 IST 2020
Wed Aug  5 19:52:28 IST 2020
Wed Aug  5 19:52:29 IST 2020
Wed Aug  5 19:52:30 IST 2020
Wed Aug  5 19:52:31 IST 2020
Wed Aug  5 19:52:33 IST 2020
Wed Aug  5 19:52:34 IST 2020
Wed Aug  5 19:52:35 IST 2020
Wed Aug  5 19:52:36 IST 2020
Wed Aug  5 19:52:37 IST 2020
Wed Aug  5 19:52:38 IST 2020
Wed Aug  5 19:52:39 IST 2020
Wed Aug  5 19:52:40 IST 2020
Wed Aug  5 19:52:41 IST 2020
Wed Aug  5 19:52:42 IST 2020
Wed Aug  5 19:52:43 IST 2020
Wed Aug  5 19:52:44 IST 2020
Wed Aug  5 19:52:45 IST 2020
Wed Aug  5 19:52:46 IST 2020
Wed Aug  5 19:52:47 IST 2020
Wed Aug  5 19:52:48 IST 2020
Wed Aug  5 19:52:49 IST 2020
Wed Aug  5 19:52:50 IST 2020
Wed Aug  5 19:52:51 IST 2020
Wed Aug  5 19:52:52 IST 2020
Wed Aug  5 19:52:53 IST 2020
Wed Aug  5 19:52:54 IST 2020
Wed Aug  5 19:52:55 IST 2020
Wed Aug  5 19:52:56 IST 2020
Wed Aug  5 19:52:57 IST 2020
Wed Aug  5 19:52:58 IST 2020
Wed Aug  5 19:52:59 IST 2020
Wed Aug  5 19:53:00 IST 2020
Wed Aug  5 19:53:01 IST 2020
Wed Aug  5 19:53:02 IST 2020
Wed Aug  5 19:53:03 IST 2020
Wed Aug  5 19:53:04 IST 2020
Wed Aug  5 19:53:05 IST 2020
Wed Aug  5 19:53:06 IST 2020
Wed Aug  5 19:53:07 IST 2020
Wed Aug  5 19:53:08 IST 2020
Wed Aug  5 19:53:09 IST 2020
Wed Aug  5 19:53:10 IST 2020
Wed Aug  5 19:53:11 IST 2020
Wed Aug  5 19:53:12 IST 2020
Wed Aug  5 19:53:13 IST 2020
Wed Aug  5 19:53:14 IST 2020
Wed Aug  5 19:53:15 IST 2020
Wed Aug  5 19:53:16 IST 2020
Wed Aug  5 19:53:17 IST 2020
Wed Aug  5 19:53:18 IST 2020
Wed Aug  5 19:53:19 IST 2020
Wed Aug  5 19:53:20 IST 2020
Wed Aug  5 19:53:21 IST 2020
Wed Aug  5 19:53:22 IST 2020
Wed Aug  5 19:53:23 IST 2020
Wed Aug  5 19:53:24 IST 2020
Wed Aug  5 19:53:25 IST 2020
Wed Aug  5 19:53:26 IST 2020
Wed Aug  5 19:53:27 IST 2020
Wed Aug  5 19:53:28 IST 2020
Wed Aug  5 19:53:29 IST 2020
Wed Aug  5 19:53:30 IST 2020
Wed Aug  5 19:53:31 IST 2020
Wed Aug  5 19:53:32 IST 2020
Wed Aug  5 19:53:33 IST 2020
Wed Aug  5 19:53:34 IST 2020
Wed Aug  5 19:53:35 IST 2020
Wed Aug  5 19:53:36 IST 2020
Wed Aug  5 19:53:37 IST 2020
Wed Aug  5 19:53:38 IST 2020
Wed Aug  5 19:53:39 IST 2020
Wed Aug  5 19:53:40 IST 2020
Wed Aug  5 19:53:41 IST 2020
Wed Aug  5 19:53:42 IST 2020
Wed Aug  5 19:53:43 IST 2020
Wed Aug  5 19:53:44 IST 2020
Wed Aug  5 19:53:45 IST 2020
Wed Aug  5 19:53:46 IST 2020
Wed Aug  5 19:53:47 IST 2020
Wed Aug  5 19:53:48 IST 2020
Wed Aug  5 19:53:49 IST 2020
Wed Aug  5 19:53:50 IST 2020
Wed Aug  5 19:53:51 IST 2020
Wed Aug  5 19:53:52 IST 2020
Wed Aug  5 19:53:53 IST 2020
Wed Aug  5 19:53:54 IST 2020
Wed Aug  5 19:53:55 IST 2020
Wed Aug  5 19:53:56 IST 2020
Wed Aug  5 19:53:57 IST 2020
Wed Aug  5 19:53:58 IST 2020
Wed Aug  5 19:53:59 IST 2020
Wed Aug  5 19:54:00 IST 2020
Wed Aug  5 19:54:01 IST 2020
Wed Aug  5 19:54:03 IST 2020
Wed Aug  5 19:54:04 IST 2020
Wed Aug  5 19:54:05 IST 2020
Wed Aug  5 19:54:06 IST 2020
Wed Aug  5 19:54:07 IST 2020
Wed Aug  5 19:54:08 IST 2020
Wed Aug  5 19:54:09 IST 2020
Wed Aug  5 19:54:10 IST 2020
Wed Aug  5 19:54:11 IST 2020
Wed Aug  5 19:54:12 IST 2020
Wed Aug  5 19:54:13 IST 2020
Wed Aug  5 19:54:14 IST 2020
Wed Aug  5 19:54:15 IST 2020
Wed Aug  5 19:54:16 IST 2020
Wed Aug  5 19:54:17 IST 2020
Wed Aug  5 19:54:18 IST 2020
Wed Aug  5 19:54:19 IST 2020
Wed Aug  5 19:54:20 IST 2020
Wed Aug  5 19:54:21 IST 2020
Wed Aug  5 19:54:22 IST 2020
Wed Aug  5 19:54:23 IST 2020
Wed Aug  5 19:54:24 IST 2020
Wed Aug  5 19:54:25 IST 2020
Wed Aug  5 19:54:26 IST 2020
Wed Aug  5 19:54:27 IST 2020
Wed Aug  5 19:54:28 IST 2020
Wed Aug  5 19:54:29 IST 2020
Wed Aug  5 19:54:30 IST 2020
Wed Aug  5 19:54:31 IST 2020
Wed Aug  5 19:54:32 IST 2020
Wed Aug  5 19:54:33 IST 2020
Wed Aug  5 19:54:34 IST 2020
Wed Aug  5 19:54:35 IST 2020
Wed Aug  5 19:54:36 IST 2020
Wed Aug  5 19:54:37 IST 2020
Wed Aug  5 19:54:38 IST 2020
Wed Aug  5 19:54:39 IST 2020
Wed Aug  5 19:54:40 IST 2020
Wed Aug  5 19:54:41 IST 2020
Wed Aug  5 19:54:42 IST 2020
Wed Aug  5 19:54:43 IST 2020
Wed Aug  5 19:54:44 IST 2020
Wed Aug  5 19:54:45 IST 2020
Wed Aug  5 19:54:46 IST 2020
Wed Aug  5 19:54:47 IST 2020
Wed Aug  5 19:54:48 IST 2020
Wed Aug  5 19:54:49 IST 2020
Wed Aug  5 19:54:50 IST 2020
Wed Aug  5 19:54:51 IST 2020
Wed Aug  5 19:54:52 IST 2020
Wed Aug  5 19:54:53 IST 2020
Wed Aug  5 19:54:54 IST 2020
Wed Aug  5 19:54:55 IST 2020
Wed Aug  5 19:54:56 IST 2020
Wed Aug  5 19:54:57 IST 2020
Wed Aug  5 19:54:58 IST 2020
Wed Aug  5 19:54:59 IST 2020
Wed Aug  5 19:55:00 IST 2020
Wed Aug  5 19:55:01 IST 2020
Wed Aug  5 19:55:02 IST 2020
Wed Aug  5 19:55:03 IST 2020
Wed Aug  5 19:55:04 IST 2020
Wed Aug  5 19:55:05 IST 2020
Wed Aug  5 19:55:06 IST 2020
Wed Aug  5 19:55:07 IST 2020
Wed Aug  5 19:55:08 IST 2020
Wed Aug  5 19:55:09 IST 2020
Wed Aug  5 19:55:10 IST 2020
Wed Aug  5 19:55:11 IST 2020
Wed Aug  5 19:55:12 IST 2020
Wed Aug  5 19:55:13 IST 2020
Wed Aug  5 19:55:14 IST 2020
Wed Aug  5 19:55:15 IST 2020
Wed Aug  5 19:55:16 IST 2020
Wed Aug  5 19:55:17 IST 2020
Wed Aug  5 19:55:18 IST 2020
Wed Aug  5 19:55:19 IST 2020
Wed Aug  5 19:55:20 IST 2020
Wed Aug  5 19:55:21 IST 2020
Wed Aug  5 19:55:22 IST 2020
Wed Aug  5 19:55:23 IST 2020
Wed Aug  5 19:55:24 IST 2020
Wed Aug  5 19:55:25 IST 2020
Wed Aug  5 19:55:26 IST 2020
Wed Aug  5 19:55:27 IST 2020
Wed Aug  5 19:55:28 IST 2020
Wed Aug  5 19:55:29 IST 2020
Wed Aug  5 19:55:30 IST 2020
Wed Aug  5 19:55:31 IST 2020
Wed Aug  5 19:55:32 IST 2020
Wed Aug  5 19:55:33 IST 2020
Wed Aug  5 19:55:34 IST 2020
Wed Aug  5 19:55:35 IST 2020
Wed Aug  5 19:55:36 IST 2020
Wed Aug  5 19:55:37 IST 2020
Wed Aug  5 19:55:38 IST 2020
Wed Aug  5 19:55:40 IST 2020
Wed Aug  5 19:55:41 IST 2020
Wed Aug  5 19:55:42 IST 2020
Wed Aug  5 19:55:43 IST 2020
Wed Aug  5 19:55:44 IST 2020
Wed Aug  5 19:55:45 IST 2020
Wed Aug  5 19:55:46 IST 2020
Wed Aug  5 19:55:47 IST 2020
Wed Aug  5 19:55:48 IST 2020
Wed Aug  5 19:55:49 IST 2020
Wed Aug  5 19:55:50 IST 2020
Wed Aug  5 19:55:51 IST 2020
Wed Aug  5 19:55:52 IST 2020
Wed Aug  5 19:55:53 IST 2020
Wed Aug  5 19:55:54 IST 2020
Wed Aug  5 19:55:55 IST 2020
Wed Aug  5 19:55:56 IST 2020
Wed Aug  5 19:55:57 IST 2020
Wed Aug  5 19:55:58 IST 2020
Wed Aug  5 19:55:59 IST 2020
Wed Aug  5 19:56:00 IST 2020
Wed Aug  5 19:56:01 IST 2020
Wed Aug  5 19:56:02 IST 2020
Wed Aug  5 19:56:03 IST 2020
Wed Aug  5 19:56:04 IST 2020
Wed Aug  5 19:56:05 IST 2020
Wed Aug  5 19:56:06 IST 2020
Wed Aug  5 19:56:07 IST 2020
Wed Aug  5 19:56:08 IST 2020
Wed Aug  5 19:56:09 IST 2020
Wed Aug  5 19:56:10 IST 2020
Wed Aug  5 19:56:11 IST 2020
Wed Aug  5 19:56:12 IST 2020
Wed Aug  5 19:56:13 IST 2020
Wed Aug  5 19:56:14 IST 2020
Wed Aug  5 19:56:15 IST 2020
Wed Aug  5 19:56:16 IST 2020
Wed Aug  5 19:56:17 IST 2020
Wed Aug  5 19:56:18 IST 2020
Wed Aug  5 19:56:19 IST 2020
Wed Aug  5 19:56:20 IST 2020
Wed Aug  5 19:56:21 IST 2020
Wed Aug  5 19:56:22 IST 2020
Wed Aug  5 19:56:23 IST 2020
Wed Aug  5 19:56:24 IST 2020
Wed Aug  5 19:56:25 IST 2020
Wed Aug  5 19:56:26 IST 2020
Wed Aug  5 19:56:27 IST 2020
Wed Aug  5 19:56:28 IST 2020
Wed Aug  5 19:56:29 IST 2020
Wed Aug  5 19:56:30 IST 2020
Wed Aug  5 19:56:31 IST 2020
Wed Aug  5 19:56:32 IST 2020
Wed Aug  5 19:56:33 IST 2020
Wed Aug  5 19:56:34 IST 2020
Wed Aug  5 19:56:35 IST 2020
Wed Aug  5 19:56:36 IST 2020
Wed Aug  5 19:56:37 IST 2020
Wed Aug  5 19:56:38 IST 2020
Wed Aug  5 19:56:39 IST 2020
Wed Aug  5 19:56:40 IST 2020
Wed Aug  5 19:56:41 IST 2020
Wed Aug  5 19:56:42 IST 2020
Wed Aug  5 19:56:44 IST 2020
Wed Aug  5 19:56:45 IST 2020
Wed Aug  5 19:56:46 IST 2020
Wed Aug  5 19:56:47 IST 2020
Wed Aug  5 19:56:48 IST 2020
Wed Aug  5 19:56:49 IST 2020
Wed Aug  5 19:56:50 IST 2020
Wed Aug  5 19:56:51 IST 2020
Wed Aug  5 19:56:52 IST 2020
Wed Aug  5 19:56:53 IST 2020
Wed Aug  5 19:56:54 IST 2020
Wed Aug  5 19:56:55 IST 2020
Wed Aug  5 19:56:56 IST 2020
Wed Aug  5 19:56:57 IST 2020
Wed Aug  5 19:56:58 IST 2020
Wed Aug  5 19:56:59 IST 2020
Wed Aug  5 19:57:00 IST 2020
Wed Aug  5 19:57:01 IST 2020
Wed Aug  5 19:57:02 IST 2020
Wed Aug  5 19:57:03 IST 2020
Wed Aug  5 19:57:04 IST 2020
Wed Aug  5 19:57:05 IST 2020
Wed Aug  5 19:57:06 IST 2020
Wed Aug  5 19:57:07 IST 2020
Wed Aug  5 19:57:08 IST 2020
Wed Aug  5 19:57:09 IST 2020
Wed Aug  5 19:57:10 IST 2020
Wed Aug  5 19:57:11 IST 2020
Wed Aug  5 19:57:12 IST 2020
Wed Aug  5 19:57:13 IST 2020
Wed Aug  5 19:57:14 IST 2020
Wed Aug  5 19:57:15 IST 2020
Wed Aug  5 19:57:16 IST 2020
Wed Aug  5 19:57:17 IST 2020
Wed Aug  5 19:57:18 IST 2020
Wed Aug  5 19:57:19 IST 2020
Wed Aug  5 19:57:20 IST 2020
Wed Aug  5 19:57:21 IST 2020
Wed Aug  5 19:57:22 IST 2020
Wed Aug  5 19:57:23 IST 2020
Wed Aug  5 19:57:24 IST 2020
Wed Aug  5 19:57:25 IST 2020
Wed Aug  5 19:57:26 IST 2020
Wed Aug  5 19:57:27 IST 2020
Wed Aug  5 19:57:28 IST 2020
Wed Aug  5 19:57:29 IST 2020
Wed Aug  5 19:57:30 IST 2020
Wed Aug  5 19:57:31 IST 2020
Wed Aug  5 19:57:32 IST 2020
Wed Aug  5 19:57:33 IST 2020
Wed Aug  5 19:57:34 IST 2020
Wed Aug  5 19:57:35 IST 2020
Wed Aug  5 19:57:36 IST 2020
Wed Aug  5 19:57:37 IST 2020
Wed Aug  5 19:57:38 IST 2020
Wed Aug  5 19:57:39 IST 2020
Wed Aug  5 19:57:40 IST 2020
Wed Aug  5 19:57:41 IST 2020
Wed Aug  5 19:57:42 IST 2020
Wed Aug  5 19:57:43 IST 2020
Wed Aug  5 19:57:44 IST 2020
Wed Aug  5 19:57:45 IST 2020
Wed Aug  5 19:57:46 IST 2020
Wed Aug  5 19:57:47 IST 2020
Wed Aug  5 19:57:48 IST 2020
Wed Aug  5 19:57:49 IST 2020
Wed Aug  5 19:57:50 IST 2020
Wed Aug  5 19:57:51 IST 2020
Wed Aug  5 19:57:52 IST 2020
Wed Aug  5 19:57:53 IST 2020
Wed Aug  5 19:57:54 IST 2020
Wed Aug  5 19:57:55 IST 2020
Wed Aug  5 19:57:56 IST 2020
Wed Aug  5 19:57:57 IST 2020
Wed Aug  5 19:57:58 IST 2020
Wed Aug  5 19:57:59 IST 2020
Wed Aug  5 19:58:00 IST 2020
Wed Aug  5 19:58:01 IST 2020
Wed Aug  5 19:58:02 IST 2020
Wed Aug  5 19:58:03 IST 2020
Wed Aug  5 19:58:04 IST 2020
Wed Aug  5 19:58:05 IST 2020
Wed Aug  5 19:58:06 IST 2020
Wed Aug  5 19:58:07 IST 2020
Wed Aug  5 19:58:08 IST 2020
Wed Aug  5 19:58:09 IST 2020
Wed Aug  5 19:58:10 IST 2020
Wed Aug  5 19:58:11 IST 2020
Wed Aug  5 19:58:12 IST 2020
Wed Aug  5 19:58:13 IST 2020
Wed Aug  5 19:58:14 IST 2020
Wed Aug  5 19:58:15 IST 2020
Wed Aug  5 19:58:16 IST 2020
Wed Aug  5 19:58:17 IST 2020
Wed Aug  5 19:58:18 IST 2020
Wed Aug  5 19:58:19 IST 2020
Wed Aug  5 19:58:20 IST 2020
Wed Aug  5 19:58:21 IST 2020
Wed Aug  5 19:58:22 IST 2020
Wed Aug  5 19:58:23 IST 2020
Wed Aug  5 19:58:24 IST 2020
Wed Aug  5 19:58:25 IST 2020
Wed Aug  5 19:58:26 IST 2020
Wed Aug  5 19:58:27 IST 2020
Wed Aug  5 19:58:28 IST 2020
Wed Aug  5 19:58:29 IST 2020
Wed Aug  5 19:58:30 IST 2020
Wed Aug  5 19:58:31 IST 2020
Wed Aug  5 19:58:32 IST 2020
Wed Aug  5 19:58:33 IST 2020
Wed Aug  5 19:58:34 IST 2020
Wed Aug  5 19:58:35 IST 2020
Wed Aug  5 19:58:36 IST 2020
Wed Aug  5 19:58:37 IST 2020
Wed Aug  5 19:58:38 IST 2020
Wed Aug  5 19:58:39 IST 2020
Wed Aug  5 19:58:40 IST 2020
Wed Aug  5 19:58:41 IST 2020
Wed Aug  5 19:58:42 IST 2020
Wed Aug  5 19:58:43 IST 2020
Wed Aug  5 19:58:44 IST 2020
Wed Aug  5 19:58:45 IST 2020
Wed Aug  5 19:58:46 IST 2020
Wed Aug  5 19:58:47 IST 2020
Wed Aug  5 19:58:48 IST 2020
Wed Aug  5 19:58:49 IST 2020
Wed Aug  5 19:58:50 IST 2020
Wed Aug  5 19:58:51 IST 2020
Wed Aug  5 19:58:52 IST 2020
Wed Aug  5 19:58:54 IST 2020
Wed Aug  5 19:58:55 IST 2020
Wed Aug  5 19:58:56 IST 2020
Wed Aug  5 19:58:57 IST 2020
Wed Aug  5 19:58:58 IST 2020
Wed Aug  5 19:58:59 IST 2020
Wed Aug  5 19:59:00 IST 2020
Wed Aug  5 19:59:01 IST 2020
Wed Aug  5 19:59:02 IST 2020
Wed Aug  5 19:59:03 IST 2020
Wed Aug  5 19:59:04 IST 2020
Wed Aug  5 19:59:05 IST 2020
Wed Aug  5 19:59:06 IST 2020
Wed Aug  5 19:59:07 IST 2020
Wed Aug  5 19:59:08 IST 2020
Wed Aug  5 19:59:09 IST 2020
Wed Aug  5 19:59:10 IST 2020
Wed Aug  5 19:59:11 IST 2020
Wed Aug  5 19:59:12 IST 2020
Wed Aug  5 19:59:13 IST 2020
Wed Aug  5 19:59:14 IST 2020
Wed Aug  5 19:59:15 IST 2020
Wed Aug  5 19:59:16 IST 2020
Wed Aug  5 19:59:17 IST 2020
Wed Aug  5 19:59:18 IST 2020
Wed Aug  5 19:59:19 IST 2020
Wed Aug  5 19:59:20 IST 2020
Wed Aug  5 19:59:21 IST 2020
Wed Aug  5 19:59:22 IST 2020
Wed Aug  5 19:59:23 IST 2020
Wed Aug  5 19:59:24 IST 2020
Wed Aug  5 19:59:25 IST 2020
Wed Aug  5 19:59:26 IST 2020
Wed Aug  5 19:59:27 IST 2020
Wed Aug  5 19:59:28 IST 2020
Wed Aug  5 19:59:29 IST 2020
Wed Aug  5 19:59:30 IST 2020
Wed Aug  5 19:59:31 IST 2020
Wed Aug  5 19:59:32 IST 2020
Wed Aug  5 19:59:33 IST 2020
Wed Aug  5 19:59:34 IST 2020
Wed Aug  5 19:59:35 IST 2020
Wed Aug  5 19:59:36 IST 2020
Wed Aug  5 19:59:37 IST 2020
Wed Aug  5 19:59:38 IST 2020
Wed Aug  5 19:59:39 IST 2020
Wed Aug  5 19:59:40 IST 2020
Wed Aug  5 19:59:41 IST 2020
Wed Aug  5 19:59:42 IST 2020
Wed Aug  5 19:59:43 IST 2020
Wed Aug  5 19:59:44 IST 2020
Wed Aug  5 19:59:45 IST 2020
Wed Aug  5 19:59:46 IST 2020
Wed Aug  5 19:59:47 IST 2020
Wed Aug  5 19:59:48 IST 2020
Wed Aug  5 19:59:49 IST 2020
Wed Aug  5 19:59:50 IST 2020
Wed Aug  5 19:59:51 IST 2020
Wed Aug  5 19:59:52 IST 2020
Wed Aug  5 19:59:53 IST 2020
Wed Aug  5 19:59:54 IST 2020
Wed Aug  5 19:59:55 IST 2020
Wed Aug  5 19:59:56 IST 2020
Wed Aug  5 19:59:57 IST 2020
Wed Aug  5 19:59:58 IST 2020
Wed Aug  5 19:59:59 IST 2020
Wed Aug  5 20:00:00 IST 2020
Wed Aug  5 20:00:01 IST 2020
Wed Aug  5 20:00:02 IST 2020
Wed Aug  5 20:00:03 IST 2020
Wed Aug  5 20:00:04 IST 2020
Wed Aug  5 20:00:05 IST 2020
Wed Aug  5 20:00:06 IST 2020
Wed Aug  5 20:00:07 IST 2020
Wed Aug  5 20:00:08 IST 2020
Wed Aug  5 20:00:09 IST 2020
Wed Aug  5 20:00:10 IST 2020
Wed Aug  5 20:00:11 IST 2020
Wed Aug  5 20:00:12 IST 2020
Wed Aug  5 20:00:13 IST 2020
Wed Aug  5 20:00:14 IST 2020
Wed Aug  5 20:00:15 IST 2020
Wed Aug  5 20:00:16 IST 2020
Wed Aug  5 20:00:17 IST 2020
Wed Aug  5 20:00:18 IST 2020
Wed Aug  5 20:00:19 IST 2020
Wed Aug  5 20:00:20 IST 2020
Wed Aug  5 20:00:21 IST 2020
Wed Aug  5 20:00:22 IST 2020
Wed Aug  5 20:00:23 IST 2020
Wed Aug  5 20:00:24 IST 2020
Wed Aug  5 20:00:25 IST 2020
Wed Aug  5 20:00:26 IST 2020
Wed Aug  5 20:00:27 IST 2020
Wed Aug  5 20:00:28 IST 2020
Wed Aug  5 20:00:29 IST 2020
Wed Aug  5 20:00:30 IST 2020
Wed Aug  5 20:00:31 IST 2020
Wed Aug  5 20:00:32 IST 2020
Wed Aug  5 20:00:33 IST 2020
Wed Aug  5 20:00:35 IST 2020
Wed Aug  5 20:00:36 IST 2020
Wed Aug  5 20:00:37 IST 2020
Wed Aug  5 20:00:38 IST 2020
Wed Aug  5 20:00:39 IST 2020
Wed Aug  5 20:00:40 IST 2020
Wed Aug  5 20:00:41 IST 2020
Wed Aug  5 20:00:42 IST 2020
Wed Aug  5 20:00:43 IST 2020
Wed Aug  5 20:00:44 IST 2020
Wed Aug  5 20:00:45 IST 2020
Wed Aug  5 20:00:46 IST 2020
Wed Aug  5 20:00:47 IST 2020
Wed Aug  5 20:00:48 IST 2020
Wed Aug  5 20:00:49 IST 2020
Wed Aug  5 20:00:50 IST 2020
Wed Aug  5 20:00:51 IST 2020
Wed Aug  5 20:00:52 IST 2020
Wed Aug  5 20:00:53 IST 2020
Wed Aug  5 20:00:54 IST 2020
Wed Aug  5 20:00:55 IST 2020
Wed Aug  5 20:00:56 IST 2020
Wed Aug  5 20:00:57 IST 2020
Wed Aug  5 20:00:58 IST 2020
Wed Aug  5 20:00:59 IST 2020
Wed Aug  5 20:01:00 IST 2020
Wed Aug  5 20:01:01 IST 2020
Wed Aug  5 20:01:02 IST 2020
Wed Aug  5 20:01:03 IST 2020
Wed Aug  5 20:01:04 IST 2020
Wed Aug  5 20:01:05 IST 2020
Wed Aug  5 20:01:06 IST 2020
Wed Aug  5 20:01:07 IST 2020
Wed Aug  5 20:01:08 IST 2020
Wed Aug  5 20:01:09 IST 2020
Wed Aug  5 20:01:10 IST 2020
Wed Aug  5 20:01:11 IST 2020
Wed Aug  5 20:01:12 IST 2020
Wed Aug  5 20:01:13 IST 2020
Wed Aug  5 20:01:14 IST 2020
Wed Aug  5 20:01:15 IST 2020
Wed Aug  5 20:01:16 IST 2020
Wed Aug  5 20:01:17 IST 2020
Wed Aug  5 20:01:18 IST 2020
Wed Aug  5 20:01:19 IST 2020
Wed Aug  5 20:01:20 IST 2020
Wed Aug  5 20:01:21 IST 2020
Wed Aug  5 20:01:22 IST 2020
Wed Aug  5 20:01:23 IST 2020
Wed Aug  5 20:01:24 IST 2020
Wed Aug  5 20:01:25 IST 2020
Wed Aug  5 20:01:26 IST 2020
Wed Aug  5 20:01:27 IST 2020
Wed Aug  5 20:01:28 IST 2020
Wed Aug  5 20:01:29 IST 2020
Wed Aug  5 20:01:30 IST 2020
Wed Aug  5 20:01:31 IST 2020
Wed Aug  5 20:01:32 IST 2020
Wed Aug  5 20:01:33 IST 2020
Wed Aug  5 20:01:34 IST 2020
Wed Aug  5 20:01:35 IST 2020
Wed Aug  5 20:01:36 IST 2020
Wed Aug  5 20:01:37 IST 2020
Wed Aug  5 20:01:38 IST 2020
Wed Aug  5 20:01:39 IST 2020
Wed Aug  5 20:01:40 IST 2020
Wed Aug  5 20:01:41 IST 2020
Wed Aug  5 20:01:42 IST 2020
Wed Aug  5 20:01:43 IST 2020
Wed Aug  5 20:01:44 IST 2020
Wed Aug  5 20:01:45 IST 2020
Wed Aug  5 20:01:46 IST 2020
Wed Aug  5 20:01:47 IST 2020
Wed Aug  5 20:01:48 IST 2020
Wed Aug  5 20:01:49 IST 2020
Wed Aug  5 20:01:50 IST 2020
Wed Aug  5 20:01:51 IST 2020
Wed Aug  5 20:01:52 IST 2020
Wed Aug  5 20:01:53 IST 2020
Wed Aug  5 20:01:54 IST 2020
Wed Aug  5 20:01:55 IST 2020
Wed Aug  5 20:01:56 IST 2020
Wed Aug  5 20:01:57 IST 2020
Wed Aug  5 20:01:58 IST 2020
Wed Aug  5 20:01:59 IST 2020
Wed Aug  5 20:02:00 IST 2020
Wed Aug  5 20:02:01 IST 2020
Wed Aug  5 20:02:02 IST 2020
Wed Aug  5 20:02:03 IST 2020
Wed Aug  5 20:02:04 IST 2020
Wed Aug  5 20:02:05 IST 2020
Wed Aug  5 20:02:06 IST 2020
Wed Aug  5 20:02:07 IST 2020
Wed Aug  5 20:02:08 IST 2020
Wed Aug  5 20:02:09 IST 2020
Wed Aug  5 20:02:10 IST 2020
Wed Aug  5 20:02:11 IST 2020
Wed Aug  5 20:02:12 IST 2020
Wed Aug  5 20:02:13 IST 2020
Wed Aug  5 20:02:14 IST 2020
Wed Aug  5 20:02:15 IST 2020
Wed Aug  5 20:02:16 IST 2020
Wed Aug  5 20:02:17 IST 2020
Wed Aug  5 20:02:18 IST 2020
Wed Aug  5 20:02:19 IST 2020
Wed Aug  5 20:02:20 IST 2020
Wed Aug  5 20:02:21 IST 2020
Wed Aug  5 20:02:22 IST 2020
Wed Aug  5 20:02:23 IST 2020
Wed Aug  5 20:02:24 IST 2020
Wed Aug  5 20:02:25 IST 2020
Wed Aug  5 20:02:26 IST 2020
Wed Aug  5 20:02:27 IST 2020
Wed Aug  5 20:02:28 IST 2020
Wed Aug  5 20:02:29 IST 2020
Wed Aug  5 20:02:30 IST 2020
Wed Aug  5 20:02:31 IST 2020
Wed Aug  5 20:02:32 IST 2020
Wed Aug  5 20:02:33 IST 2020
Wed Aug  5 20:02:34 IST 2020
Wed Aug  5 20:02:35 IST 2020
Wed Aug  5 20:02:36 IST 2020
Wed Aug  5 20:02:37 IST 2020
Wed Aug  5 20:02:38 IST 2020
Wed Aug  5 20:02:39 IST 2020
Wed Aug  5 20:02:40 IST 2020
Wed Aug  5 20:02:41 IST 2020
Wed Aug  5 20:02:42 IST 2020
Wed Aug  5 20:02:43 IST 2020
Wed Aug  5 20:02:44 IST 2020
Wed Aug  5 20:02:45 IST 2020
Wed Aug  5 20:02:46 IST 2020
Wed Aug  5 20:02:47 IST 2020
Wed Aug  5 20:02:48 IST 2020
Wed Aug  5 20:02:49 IST 2020
Wed Aug  5 20:02:50 IST 2020
Wed Aug  5 20:02:51 IST 2020
Wed Aug  5 20:02:52 IST 2020
Wed Aug  5 20:02:53 IST 2020
Wed Aug  5 20:02:54 IST 2020
Wed Aug  5 20:02:55 IST 2020
Wed Aug  5 20:02:56 IST 2020
Wed Aug  5 20:02:57 IST 2020
Wed Aug  5 20:02:58 IST 2020
Wed Aug  5 20:02:59 IST 2020
Wed Aug  5 20:03:00 IST 2020
Wed Aug  5 20:03:01 IST 2020
Wed Aug  5 20:03:02 IST 2020
Wed Aug  5 20:03:03 IST 2020
Wed Aug  5 20:03:04 IST 2020
Wed Aug  5 20:03:05 IST 2020
Wed Aug  5 20:03:06 IST 2020
Wed Aug  5 20:03:07 IST 2020
Wed Aug  5 20:03:08 IST 2020
Wed Aug  5 20:03:09 IST 2020
Wed Aug  5 20:03:10 IST 2020
Wed Aug  5 20:03:11 IST 2020
Wed Aug  5 20:03:12 IST 2020
Wed Aug  5 20:03:13 IST 2020
Wed Aug  5 20:03:14 IST 2020
Wed Aug  5 20:03:15 IST 2020
Wed Aug  5 20:03:16 IST 2020
Wed Aug  5 20:03:17 IST 2020
Wed Aug  5 20:03:18 IST 2020
Wed Aug  5 20:03:20 IST 2020
Wed Aug  5 20:03:21 IST 2020
Wed Aug  5 20:03:22 IST 2020
Wed Aug  5 20:03:23 IST 2020
Wed Aug  5 20:03:24 IST 2020
Wed Aug  5 20:03:25 IST 2020
Wed Aug  5 20:03:26 IST 2020
Wed Aug  5 20:03:27 IST 2020
Wed Aug  5 20:03:28 IST 2020
Wed Aug  5 20:03:29 IST 2020
Wed Aug  5 20:03:30 IST 2020
Wed Aug  5 20:03:31 IST 2020
Wed Aug  5 20:03:32 IST 2020
Wed Aug  5 20:03:33 IST 2020
Wed Aug  5 20:03:34 IST 2020
Wed Aug  5 20:03:35 IST 2020
Wed Aug  5 20:03:36 IST 2020
Wed Aug  5 20:03:37 IST 2020
Wed Aug  5 20:03:38 IST 2020
Wed Aug  5 20:03:39 IST 2020
Wed Aug  5 20:03:40 IST 2020
Wed Aug  5 20:03:41 IST 2020
Wed Aug  5 20:03:42 IST 2020
Wed Aug  5 20:03:43 IST 2020
Wed Aug  5 20:03:44 IST 2020
Wed Aug  5 20:03:45 IST 2020
Wed Aug  5 20:03:46 IST 2020
Wed Aug  5 20:03:47 IST 2020
Wed Aug  5 20:03:48 IST 2020
Wed Aug  5 20:03:49 IST 2020
Wed Aug  5 20:03:50 IST 2020
Wed Aug  5 20:03:51 IST 2020
Wed Aug  5 20:03:52 IST 2020
Wed Aug  5 20:03:53 IST 2020
Wed Aug  5 20:03:54 IST 2020
Wed Aug  5 20:03:55 IST 2020
Wed Aug  5 20:03:56 IST 2020
Wed Aug  5 20:03:57 IST 2020
Wed Aug  5 20:03:58 IST 2020
Wed Aug  5 20:03:59 IST 2020
Wed Aug  5 20:04:00 IST 2020
Wed Aug  5 20:04:01 IST 2020
Wed Aug  5 20:04:02 IST 2020
Wed Aug  5 20:04:03 IST 2020
Wed Aug  5 20:04:04 IST 2020
Wed Aug  5 20:04:05 IST 2020
Wed Aug  5 20:04:06 IST 2020
Wed Aug  5 20:04:07 IST 2020
Wed Aug  5 20:04:08 IST 2020
Wed Aug  5 20:04:09 IST 2020
Wed Aug  5 20:04:10 IST 2020
Wed Aug  5 20:04:11 IST 2020
Wed Aug  5 20:04:12 IST 2020
Wed Aug  5 20:04:13 IST 2020
Wed Aug  5 20:04:14 IST 2020
Wed Aug  5 20:04:15 IST 2020
Wed Aug  5 20:04:16 IST 2020
Wed Aug  5 20:04:17 IST 2020
Wed Aug  5 20:04:18 IST 2020
Wed Aug  5 20:04:19 IST 2020
Wed Aug  5 20:04:20 IST 2020
Wed Aug  5 20:04:21 IST 2020
Wed Aug  5 20:04:22 IST 2020
Wed Aug  5 20:04:23 IST 2020
Wed Aug  5 20:04:24 IST 2020
Wed Aug  5 20:04:25 IST 2020
Wed Aug  5 20:04:26 IST 2020
Wed Aug  5 20:04:27 IST 2020
Wed Aug  5 20:04:28 IST 2020
Wed Aug  5 20:04:29 IST 2020
Wed Aug  5 20:04:30 IST 2020
Wed Aug  5 20:04:31 IST 2020
Wed Aug  5 20:04:32 IST 2020
Wed Aug  5 20:04:33 IST 2020
Wed Aug  5 20:04:34 IST 2020
Wed Aug  5 20:04:35 IST 2020
Wed Aug  5 20:04:36 IST 2020
Wed Aug  5 20:04:37 IST 2020
Wed Aug  5 20:04:38 IST 2020
Wed Aug  5 20:04:39 IST 2020
Wed Aug  5 20:04:40 IST 2020
Wed Aug  5 20:04:41 IST 2020
Wed Aug  5 20:04:42 IST 2020
Wed Aug  5 20:04:43 IST 2020
Wed Aug  5 20:04:44 IST 2020
Wed Aug  5 20:04:45 IST 2020
Wed Aug  5 20:04:46 IST 2020
Wed Aug  5 20:04:47 IST 2020
Wed Aug  5 20:04:48 IST 2020
Wed Aug  5 20:04:49 IST 2020
Wed Aug  5 20:04:50 IST 2020
Wed Aug  5 20:04:51 IST 2020
Wed Aug  5 20:04:52 IST 2020
Wed Aug  5 20:04:53 IST 2020
Wed Aug  5 20:04:54 IST 2020
Wed Aug  5 20:04:55 IST 2020
Wed Aug  5 20:04:56 IST 2020
Wed Aug  5 20:04:57 IST 2020
Wed Aug  5 20:04:58 IST 2020
Wed Aug  5 20:04:59 IST 2020
Wed Aug  5 20:05:00 IST 2020
Wed Aug  5 20:05:01 IST 2020
Wed Aug  5 20:05:02 IST 2020
Wed Aug  5 20:05:04 IST 2020
Wed Aug  5 20:05:05 IST 2020
Wed Aug  5 20:05:06 IST 2020
Wed Aug  5 20:05:07 IST 2020
Wed Aug  5 20:05:08 IST 2020
Wed Aug  5 20:05:09 IST 2020
Wed Aug  5 20:05:10 IST 2020
Wed Aug  5 20:05:11 IST 2020
Wed Aug  5 20:05:12 IST 2020
Wed Aug  5 20:05:13 IST 2020
Wed Aug  5 20:05:14 IST 2020
Wed Aug  5 20:05:15 IST 2020
Wed Aug  5 20:05:16 IST 2020
Wed Aug  5 20:05:17 IST 2020
Wed Aug  5 20:05:18 IST 2020
Wed Aug  5 20:05:19 IST 2020
Wed Aug  5 20:05:20 IST 2020
Wed Aug  5 20:05:21 IST 2020
Wed Aug  5 20:05:22 IST 2020
Wed Aug  5 20:05:23 IST 2020
Wed Aug  5 20:05:24 IST 2020
Wed Aug  5 20:05:25 IST 2020
Wed Aug  5 20:05:26 IST 2020
Wed Aug  5 20:05:27 IST 2020
Wed Aug  5 20:05:28 IST 2020
Wed Aug  5 20:05:29 IST 2020
Wed Aug  5 20:05:30 IST 2020
Wed Aug  5 20:05:31 IST 2020
Wed Aug  5 20:05:32 IST 2020
Wed Aug  5 20:05:33 IST 2020
Wed Aug  5 20:05:34 IST 2020
Wed Aug  5 20:05:35 IST 2020
Wed Aug  5 20:05:36 IST 2020
Wed Aug  5 20:05:37 IST 2020
Wed Aug  5 20:05:38 IST 2020
Wed Aug  5 20:05:39 IST 2020
Wed Aug  5 20:05:40 IST 2020
Wed Aug  5 20:05:41 IST 2020
Wed Aug  5 20:05:42 IST 2020
Wed Aug  5 20:05:43 IST 2020
Wed Aug  5 20:05:44 IST 2020
Wed Aug  5 20:05:45 IST 2020
Wed Aug  5 20:05:46 IST 2020
Wed Aug  5 20:05:47 IST 2020
Wed Aug  5 20:05:48 IST 2020
Wed Aug  5 20:05:49 IST 2020
Wed Aug  5 20:05:50 IST 2020
Wed Aug  5 20:05:51 IST 2020
Wed Aug  5 20:05:52 IST 2020
Wed Aug  5 20:05:53 IST 2020
Wed Aug  5 20:05:54 IST 2020
Wed Aug  5 20:05:55 IST 2020
Wed Aug  5 20:05:56 IST 2020
Wed Aug  5 20:05:57 IST 2020
Wed Aug  5 20:05:58 IST 2020
Wed Aug  5 20:05:59 IST 2020
Wed Aug  5 20:06:00 IST 2020
Wed Aug  5 20:06:01 IST 2020
Wed Aug  5 20:06:02 IST 2020
Wed Aug  5 20:06:03 IST 2020
Wed Aug  5 20:06:04 IST 2020
Wed Aug  5 20:06:05 IST 2020
Wed Aug  5 20:06:06 IST 2020
Wed Aug  5 20:06:07 IST 2020
Wed Aug  5 20:06:08 IST 2020
Wed Aug  5 20:06:09 IST 2020
Wed Aug  5 20:06:10 IST 2020
Wed Aug  5 20:06:11 IST 2020
Wed Aug  5 20:06:12 IST 2020
Wed Aug  5 20:06:13 IST 2020
Wed Aug  5 20:06:14 IST 2020
Wed Aug  5 20:06:15 IST 2020
Wed Aug  5 20:06:16 IST 2020
Wed Aug  5 20:06:17 IST 2020
Wed Aug  5 20:06:18 IST 2020
Wed Aug  5 20:06:19 IST 2020
Wed Aug  5 20:06:20 IST 2020
Wed Aug  5 20:06:21 IST 2020
Wed Aug  5 20:06:22 IST 2020
Wed Aug  5 20:06:23 IST 2020
Wed Aug  5 20:06:24 IST 2020
Wed Aug  5 20:06:25 IST 2020
Wed Aug  5 20:06:26 IST 2020
Wed Aug  5 20:06:27 IST 2020
Wed Aug  5 20:06:28 IST 2020
Wed Aug  5 20:06:29 IST 2020
Wed Aug  5 20:06:30 IST 2020
Wed Aug  5 20:06:31 IST 2020
Wed Aug  5 20:06:32 IST 2020
Wed Aug  5 20:06:33 IST 2020
Wed Aug  5 20:06:34 IST 2020
Wed Aug  5 20:06:35 IST 2020
Wed Aug  5 20:06:36 IST 2020
Wed Aug  5 20:06:37 IST 2020
Wed Aug  5 20:06:38 IST 2020
Wed Aug  5 20:06:39 IST 2020
Wed Aug  5 20:06:40 IST 2020
Wed Aug  5 20:06:41 IST 2020
Wed Aug  5 20:06:42 IST 2020
Wed Aug  5 20:06:43 IST 2020
Wed Aug  5 20:06:44 IST 2020
Wed Aug  5 20:06:45 IST 2020
Wed Aug  5 20:06:46 IST 2020
Wed Aug  5 20:06:47 IST 2020
Wed Aug  5 20:06:48 IST 2020
Wed Aug  5 20:06:49 IST 2020
Wed Aug  5 20:06:50 IST 2020
Wed Aug  5 20:06:51 IST 2020
Wed Aug  5 20:06:52 IST 2020
Wed Aug  5 20:06:53 IST 2020
Wed Aug  5 20:06:54 IST 2020
Wed Aug  5 20:06:55 IST 2020
Wed Aug  5 20:06:56 IST 2020
Wed Aug  5 20:06:57 IST 2020
Wed Aug  5 20:06:58 IST 2020
Wed Aug  5 20:06:59 IST 2020
Wed Aug  5 20:07:00 IST 2020
Wed Aug  5 20:07:01 IST 2020
Wed Aug  5 20:07:02 IST 2020
Wed Aug  5 20:07:03 IST 2020
Wed Aug  5 20:07:04 IST 2020
Wed Aug  5 20:07:05 IST 2020
Wed Aug  5 20:07:06 IST 2020
Wed Aug  5 20:07:07 IST 2020
Wed Aug  5 20:07:08 IST 2020
Wed Aug  5 20:07:09 IST 2020
Wed Aug  5 20:07:10 IST 2020
Wed Aug  5 20:07:11 IST 2020
Wed Aug  5 20:07:12 IST 2020
Wed Aug  5 20:07:13 IST 2020
Wed Aug  5 20:07:14 IST 2020
Wed Aug  5 20:07:15 IST 2020
Wed Aug  5 20:07:16 IST 2020
Wed Aug  5 20:07:17 IST 2020
Wed Aug  5 20:07:18 IST 2020
Wed Aug  5 20:07:19 IST 2020
Wed Aug  5 20:07:20 IST 2020
Wed Aug  5 20:07:21 IST 2020
Wed Aug  5 20:07:22 IST 2020
Wed Aug  5 20:07:23 IST 2020
Wed Aug  5 20:07:24 IST 2020
Wed Aug  5 20:07:25 IST 2020
Wed Aug  5 20:07:26 IST 2020
Wed Aug  5 20:07:27 IST 2020
Wed Aug  5 20:07:28 IST 2020
Wed Aug  5 20:07:29 IST 2020
Wed Aug  5 20:07:30 IST 2020
Wed Aug  5 20:07:31 IST 2020
Wed Aug  5 20:07:32 IST 2020
Wed Aug  5 20:07:33 IST 2020
Wed Aug  5 20:07:34 IST 2020
Wed Aug  5 20:07:35 IST 2020
Wed Aug  5 20:07:36 IST 2020
Wed Aug  5 20:07:37 IST 2020
Wed Aug  5 20:07:38 IST 2020
Wed Aug  5 20:07:39 IST 2020
Wed Aug  5 20:07:40 IST 2020
Wed Aug  5 20:07:41 IST 2020
Wed Aug  5 20:07:42 IST 2020
Wed Aug  5 20:07:43 IST 2020
Wed Aug  5 20:07:44 IST 2020
Wed Aug  5 20:07:45 IST 2020
Wed Aug  5 20:07:46 IST 2020
Wed Aug  5 20:07:47 IST 2020
Wed Aug  5 20:07:48 IST 2020
Wed Aug  5 20:07:49 IST 2020
Wed Aug  5 20:07:50 IST 2020
Wed Aug  5 20:07:51 IST 2020
Wed Aug  5 20:07:52 IST 2020
Wed Aug  5 20:07:53 IST 2020
Wed Aug  5 20:07:54 IST 2020
Wed Aug  5 20:07:55 IST 2020
Wed Aug  5 20:07:56 IST 2020
Wed Aug  5 20:07:57 IST 2020
Wed Aug  5 20:07:58 IST 2020
Wed Aug  5 20:07:59 IST 2020
Wed Aug  5 20:08:00 IST 2020
Wed Aug  5 20:08:01 IST 2020
Wed Aug  5 20:08:02 IST 2020
Wed Aug  5 20:08:03 IST 2020
Wed Aug  5 20:08:05 IST 2020
Wed Aug  5 20:08:06 IST 2020
Wed Aug  5 20:08:07 IST 2020
Wed Aug  5 20:08:08 IST 2020
Wed Aug  5 20:08:09 IST 2020
Wed Aug  5 20:08:10 IST 2020
Wed Aug  5 20:08:11 IST 2020
Wed Aug  5 20:08:12 IST 2020
Wed Aug  5 20:08:13 IST 2020
Wed Aug  5 20:08:14 IST 2020
Wed Aug  5 20:08:15 IST 2020
Wed Aug  5 20:08:16 IST 2020
Wed Aug  5 20:08:17 IST 2020
Wed Aug  5 20:08:18 IST 2020
Wed Aug  5 20:08:19 IST 2020
Wed Aug  5 20:08:20 IST 2020
Wed Aug  5 20:08:21 IST 2020
Wed Aug  5 20:08:22 IST 2020
Wed Aug  5 20:08:23 IST 2020
Wed Aug  5 20:08:24 IST 2020
Wed Aug  5 20:08:25 IST 2020
Wed Aug  5 20:08:26 IST 2020
Wed Aug  5 20:08:27 IST 2020
Wed Aug  5 20:08:28 IST 2020
Wed Aug  5 20:08:29 IST 2020
Wed Aug  5 20:08:30 IST 2020
Wed Aug  5 20:08:31 IST 2020
Wed Aug  5 20:08:32 IST 2020
Wed Aug  5 20:08:33 IST 2020
Wed Aug  5 20:08:35 IST 2020
Wed Aug  5 20:08:36 IST 2020
Wed Aug  5 20:08:37 IST 2020
Wed Aug  5 20:08:38 IST 2020
Wed Aug  5 20:08:39 IST 2020
Wed Aug  5 20:08:40 IST 2020
Wed Aug  5 20:08:41 IST 2020
Wed Aug  5 20:08:42 IST 2020
Wed Aug  5 20:08:43 IST 2020
Wed Aug  5 20:08:44 IST 2020
Wed Aug  5 20:08:45 IST 2020
Wed Aug  5 20:08:46 IST 2020
Wed Aug  5 20:08:47 IST 2020
Wed Aug  5 20:08:48 IST 2020
Wed Aug  5 20:08:49 IST 2020
Wed Aug  5 20:08:50 IST 2020
Wed Aug  5 20:08:51 IST 2020
Wed Aug  5 20:08:52 IST 2020
Wed Aug  5 20:08:53 IST 2020
Wed Aug  5 20:08:54 IST 2020
Wed Aug  5 20:08:55 IST 2020
Wed Aug  5 20:08:56 IST 2020
Wed Aug  5 20:08:57 IST 2020
Wed Aug  5 20:08:58 IST 2020
Wed Aug  5 20:08:59 IST 2020
Wed Aug  5 20:09:00 IST 2020
Wed Aug  5 20:09:01 IST 2020
Wed Aug  5 20:09:02 IST 2020
Wed Aug  5 20:09:03 IST 2020
Wed Aug  5 20:09:04 IST 2020
Wed Aug  5 20:09:05 IST 2020
Wed Aug  5 20:09:06 IST 2020
Wed Aug  5 20:09:07 IST 2020
Wed Aug  5 20:09:08 IST 2020
Wed Aug  5 20:09:09 IST 2020
Wed Aug  5 20:09:10 IST 2020
Wed Aug  5 20:09:11 IST 2020
Wed Aug  5 20:09:12 IST 2020
Wed Aug  5 20:09:13 IST 2020
Wed Aug  5 20:09:14 IST 2020
Wed Aug  5 20:09:15 IST 2020
Wed Aug  5 20:09:16 IST 2020
Wed Aug  5 20:09:17 IST 2020
Wed Aug  5 20:09:18 IST 2020
Wed Aug  5 20:09:19 IST 2020
Wed Aug  5 20:09:20 IST 2020
Wed Aug  5 20:09:21 IST 2020
Wed Aug  5 20:09:22 IST 2020
Wed Aug  5 20:09:23 IST 2020
Wed Aug  5 20:09:24 IST 2020
Wed Aug  5 20:09:25 IST 2020
Wed Aug  5 20:09:26 IST 2020
Wed Aug  5 20:09:27 IST 2020
Wed Aug  5 20:09:28 IST 2020
Wed Aug  5 20:09:29 IST 2020
Wed Aug  5 20:09:30 IST 2020
Wed Aug  5 20:09:31 IST 2020
Wed Aug  5 20:09:32 IST 2020
Wed Aug  5 20:09:33 IST 2020
Wed Aug  5 20:09:34 IST 2020
Wed Aug  5 20:09:35 IST 2020
Wed Aug  5 20:09:36 IST 2020
Wed Aug  5 20:09:37 IST 2020
Wed Aug  5 20:09:38 IST 2020
Wed Aug  5 20:09:39 IST 2020
Wed Aug  5 20:09:40 IST 2020
Wed Aug  5 20:09:41 IST 2020
Wed Aug  5 20:09:42 IST 2020
Wed Aug  5 20:09:43 IST 2020
Wed Aug  5 20:09:44 IST 2020
Wed Aug  5 20:09:45 IST 2020
Wed Aug  5 20:09:46 IST 2020
Wed Aug  5 20:09:47 IST 2020
Wed Aug  5 20:09:48 IST 2020
Wed Aug  5 20:09:49 IST 2020
Wed Aug  5 20:09:50 IST 2020
Wed Aug  5 20:09:51 IST 2020
Wed Aug  5 20:09:52 IST 2020
Wed Aug  5 20:09:53 IST 2020
Wed Aug  5 20:09:54 IST 2020
Wed Aug  5 20:09:55 IST 2020
Wed Aug  5 20:09:56 IST 2020
Wed Aug  5 20:09:57 IST 2020
Wed Aug  5 20:09:58 IST 2020
Wed Aug  5 20:09:59 IST 2020
Wed Aug  5 20:10:00 IST 2020
Wed Aug  5 20:10:01 IST 2020
Wed Aug  5 20:10:02 IST 2020
Wed Aug  5 20:10:03 IST 2020
Wed Aug  5 20:10:04 IST 2020
Wed Aug  5 20:10:05 IST 2020
Wed Aug  5 20:10:06 IST 2020
Wed Aug  5 20:10:07 IST 2020
Wed Aug  5 20:10:08 IST 2020
Wed Aug  5 20:10:09 IST 2020
Wed Aug  5 20:10:10 IST 2020
Wed Aug  5 20:10:11 IST 2020
Wed Aug  5 20:10:12 IST 2020
Wed Aug  5 20:10:13 IST 2020
Wed Aug  5 20:10:14 IST 2020
Wed Aug  5 20:10:15 IST 2020
Wed Aug  5 20:10:16 IST 2020
Wed Aug  5 20:10:17 IST 2020
Wed Aug  5 20:10:18 IST 2020
Wed Aug  5 20:10:19 IST 2020
Wed Aug  5 20:10:21 IST 2020
Wed Aug  5 20:10:22 IST 2020
Wed Aug  5 20:10:23 IST 2020
Wed Aug  5 20:10:24 IST 2020
Wed Aug  5 20:10:25 IST 2020
Wed Aug  5 20:10:26 IST 2020
Wed Aug  5 20:10:27 IST 2020
Wed Aug  5 20:10:28 IST 2020
Wed Aug  5 20:10:29 IST 2020
Wed Aug  5 20:10:30 IST 2020
Wed Aug  5 20:10:31 IST 2020
Wed Aug  5 20:10:32 IST 2020
Wed Aug  5 20:10:33 IST 2020
Wed Aug  5 20:10:34 IST 2020
Wed Aug  5 20:10:35 IST 2020
Wed Aug  5 20:10:36 IST 2020
Wed Aug  5 20:10:37 IST 2020
Wed Aug  5 20:10:38 IST 2020
Wed Aug  5 20:10:39 IST 2020
Wed Aug  5 20:10:40 IST 2020
Wed Aug  5 20:10:41 IST 2020
Wed Aug  5 20:10:42 IST 2020
Wed Aug  5 20:10:43 IST 2020
Wed Aug  5 20:10:44 IST 2020
Wed Aug  5 20:10:45 IST 2020
Wed Aug  5 20:10:46 IST 2020
Wed Aug  5 20:10:47 IST 2020
Wed Aug  5 20:10:48 IST 2020
Wed Aug  5 20:10:49 IST 2020
Wed Aug  5 20:10:50 IST 2020
Wed Aug  5 20:10:51 IST 2020
Wed Aug  5 20:10:52 IST 2020
Wed Aug  5 20:10:53 IST 2020
Wed Aug  5 20:10:54 IST 2020
Wed Aug  5 20:10:55 IST 2020
Wed Aug  5 20:10:56 IST 2020
Wed Aug  5 20:10:57 IST 2020
Wed Aug  5 20:10:58 IST 2020
Wed Aug  5 20:10:59 IST 2020
Wed Aug  5 20:11:00 IST 2020
Wed Aug  5 20:11:01 IST 2020
Wed Aug  5 20:11:02 IST 2020
Wed Aug  5 20:11:03 IST 2020
Wed Aug  5 20:11:04 IST 2020
Wed Aug  5 20:11:05 IST 2020
Wed Aug  5 20:11:06 IST 2020
Wed Aug  5 20:11:07 IST 2020
Wed Aug  5 20:11:08 IST 2020
Wed Aug  5 20:11:09 IST 2020
Wed Aug  5 20:11:10 IST 2020
Wed Aug  5 20:11:11 IST 2020
Wed Aug  5 20:11:12 IST 2020
Wed Aug  5 20:11:13 IST 2020
Wed Aug  5 20:11:14 IST 2020
Wed Aug  5 20:11:15 IST 2020
Wed Aug  5 20:11:16 IST 2020
Wed Aug  5 20:11:17 IST 2020
Wed Aug  5 20:11:18 IST 2020
Wed Aug  5 20:11:19 IST 2020
Wed Aug  5 20:11:20 IST 2020
Wed Aug  5 20:11:21 IST 2020
Wed Aug  5 20:11:22 IST 2020
Wed Aug  5 20:11:23 IST 2020
Wed Aug  5 20:11:24 IST 2020
Wed Aug  5 20:11:25 IST 2020
Wed Aug  5 20:11:26 IST 2020
Wed Aug  5 20:11:27 IST 2020
Wed Aug  5 20:11:28 IST 2020
Wed Aug  5 20:11:29 IST 2020
Wed Aug  5 20:11:30 IST 2020
Wed Aug  5 20:11:31 IST 2020
Wed Aug  5 20:11:32 IST 2020
Wed Aug  5 20:11:33 IST 2020
Wed Aug  5 20:11:34 IST 2020
Wed Aug  5 20:11:35 IST 2020
Wed Aug  5 20:11:36 IST 2020
Wed Aug  5 20:11:37 IST 2020
Wed Aug  5 20:11:38 IST 2020
Wed Aug  5 20:11:39 IST 2020
Wed Aug  5 20:11:40 IST 2020
Wed Aug  5 20:11:41 IST 2020
Wed Aug  5 20:11:42 IST 2020
Wed Aug  5 20:11:43 IST 2020
Wed Aug  5 20:11:44 IST 2020
Wed Aug  5 20:11:45 IST 2020
Wed Aug  5 20:11:46 IST 2020
Wed Aug  5 20:11:47 IST 2020
Wed Aug  5 20:11:48 IST 2020
Wed Aug  5 20:11:49 IST 2020
Wed Aug  5 20:11:50 IST 2020
Wed Aug  5 20:11:51 IST 2020
Wed Aug  5 20:11:52 IST 2020
Wed Aug  5 20:11:53 IST 2020
Wed Aug  5 20:11:54 IST 2020
Wed Aug  5 20:11:55 IST 2020
Wed Aug  5 20:11:56 IST 2020
Wed Aug  5 20:11:59 IST 2020
Wed Aug  5 20:12:00 IST 2020
Wed Aug  5 20:12:01 IST 2020
Wed Aug  5 20:12:02 IST 2020
Wed Aug  5 20:12:03 IST 2020
Wed Aug  5 20:12:04 IST 2020
Wed Aug  5 20:12:05 IST 2020
Wed Aug  5 20:12:06 IST 2020
Wed Aug  5 20:12:07 IST 2020
Wed Aug  5 20:12:08 IST 2020
Wed Aug  5 20:12:09 IST 2020
Wed Aug  5 20:12:10 IST 2020
Wed Aug  5 20:12:11 IST 2020
Wed Aug  5 20:12:12 IST 2020
Wed Aug  5 20:12:13 IST 2020
Wed Aug  5 20:12:14 IST 2020
Wed Aug  5 20:12:15 IST 2020
Wed Aug  5 20:12:16 IST 2020
Wed Aug  5 20:12:17 IST 2020
Wed Aug  5 20:12:18 IST 2020
Wed Aug  5 20:12:19 IST 2020
Wed Aug  5 20:12:20 IST 2020
Wed Aug  5 20:12:21 IST 2020
Wed Aug  5 20:12:22 IST 2020
Wed Aug  5 20:12:23 IST 2020
Wed Aug  5 20:12:24 IST 2020
Wed Aug  5 20:12:25 IST 2020
Wed Aug  5 20:12:26 IST 2020
Wed Aug  5 20:12:27 IST 2020
Wed Aug  5 20:12:28 IST 2020
Wed Aug  5 20:12:29 IST 2020
Wed Aug  5 20:12:30 IST 2020
Wed Aug  5 20:12:31 IST 2020
Wed Aug  5 20:12:32 IST 2020
Wed Aug  5 20:12:33 IST 2020
Wed Aug  5 20:12:34 IST 2020
Wed Aug  5 20:12:35 IST 2020
Wed Aug  5 20:12:36 IST 2020
Wed Aug  5 20:12:37 IST 2020
Wed Aug  5 20:12:38 IST 2020
Wed Aug  5 20:12:39 IST 2020
Wed Aug  5 20:12:40 IST 2020
Wed Aug  5 20:12:41 IST 2020
Wed Aug  5 20:12:42 IST 2020
Wed Aug  5 20:12:43 IST 2020
Wed Aug  5 20:12:44 IST 2020
Wed Aug  5 20:12:45 IST 2020
Wed Aug  5 20:12:46 IST 2020
Wed Aug  5 20:12:47 IST 2020
Wed Aug  5 20:12:48 IST 2020
Wed Aug  5 20:12:49 IST 2020
Wed Aug  5 20:12:50 IST 2020
Wed Aug  5 20:12:51 IST 2020
Wed Aug  5 20:12:52 IST 2020
Wed Aug  5 20:12:53 IST 2020
Wed Aug  5 20:12:54 IST 2020
Wed Aug  5 20:12:55 IST 2020
Wed Aug  5 20:12:56 IST 2020
Wed Aug  5 20:12:57 IST 2020
Wed Aug  5 20:12:58 IST 2020
Wed Aug  5 20:12:59 IST 2020
Wed Aug  5 20:13:00 IST 2020
Wed Aug  5 20:13:01 IST 2020
Wed Aug  5 20:13:02 IST 2020
Wed Aug  5 20:13:03 IST 2020
Wed Aug  5 20:13:04 IST 2020
Wed Aug  5 20:13:05 IST 2020
Wed Aug  5 20:13:06 IST 2020
Wed Aug  5 20:13:07 IST 2020
Wed Aug  5 20:13:08 IST 2020
Wed Aug  5 20:13:09 IST 2020
Wed Aug  5 20:13:10 IST 2020
Wed Aug  5 20:13:11 IST 2020
Wed Aug  5 20:13:12 IST 2020
Wed Aug  5 20:13:13 IST 2020
Wed Aug  5 20:13:14 IST 2020
Wed Aug  5 20:13:15 IST 2020
Wed Aug  5 20:13:16 IST 2020
Wed Aug  5 20:13:17 IST 2020
Wed Aug  5 20:13:18 IST 2020
Wed Aug  5 20:13:19 IST 2020
Wed Aug  5 20:13:20 IST 2020
Wed Aug  5 20:13:22 IST 2020
Wed Aug  5 20:13:23 IST 2020
Wed Aug  5 20:13:24 IST 2020
Wed Aug  5 20:13:25 IST 2020
Wed Aug  5 20:13:26 IST 2020
Wed Aug  5 20:13:27 IST 2020
Wed Aug  5 20:13:28 IST 2020
Wed Aug  5 20:13:29 IST 2020
Wed Aug  5 20:13:30 IST 2020
Wed Aug  5 20:13:31 IST 2020
Wed Aug  5 20:13:32 IST 2020
Wed Aug  5 20:13:33 IST 2020
Wed Aug  5 20:13:34 IST 2020
Wed Aug  5 20:13:35 IST 2020
Wed Aug  5 20:13:36 IST 2020
Wed Aug  5 20:13:37 IST 2020
Wed Aug  5 20:13:38 IST 2020
Wed Aug  5 20:13:39 IST 2020
Wed Aug  5 20:13:40 IST 2020
Wed Aug  5 20:13:41 IST 2020
Wed Aug  5 20:13:42 IST 2020
Wed Aug  5 20:13:43 IST 2020
Wed Aug  5 20:13:44 IST 2020
Wed Aug  5 20:13:45 IST 2020
Wed Aug  5 20:13:46 IST 2020
Wed Aug  5 20:13:47 IST 2020
Wed Aug  5 20:13:48 IST 2020
Wed Aug  5 20:13:49 IST 2020
Wed Aug  5 20:13:50 IST 2020
Wed Aug  5 20:13:51 IST 2020
Wed Aug  5 20:13:52 IST 2020
Wed Aug  5 20:13:53 IST 2020
Wed Aug  5 20:13:54 IST 2020
Wed Aug  5 20:13:55 IST 2020
Wed Aug  5 20:13:56 IST 2020
Wed Aug  5 20:13:57 IST 2020
Wed Aug  5 20:13:58 IST 2020
Wed Aug  5 20:13:59 IST 2020
Wed Aug  5 20:14:00 IST 2020
Wed Aug  5 20:14:01 IST 2020
Wed Aug  5 20:14:02 IST 2020
Wed Aug  5 20:14:03 IST 2020
Wed Aug  5 20:14:04 IST 2020
Wed Aug  5 20:14:05 IST 2020
Wed Aug  5 20:14:06 IST 2020
Wed Aug  5 20:14:07 IST 2020
Wed Aug  5 20:14:08 IST 2020
Wed Aug  5 20:14:09 IST 2020
Wed Aug  5 20:14:10 IST 2020
Wed Aug  5 20:14:11 IST 2020
Wed Aug  5 20:14:12 IST 2020
Wed Aug  5 20:14:13 IST 2020
Wed Aug  5 20:14:14 IST 2020
Wed Aug  5 20:14:15 IST 2020
Wed Aug  5 20:14:16 IST 2020
Wed Aug  5 20:14:17 IST 2020
Wed Aug  5 20:14:18 IST 2020
Wed Aug  5 20:14:19 IST 2020
Wed Aug  5 20:14:20 IST 2020
Wed Aug  5 20:14:21 IST 2020
Wed Aug  5 20:14:22 IST 2020
Wed Aug  5 20:14:23 IST 2020
Wed Aug  5 20:14:24 IST 2020
Wed Aug  5 20:14:25 IST 2020
Wed Aug  5 20:14:26 IST 2020
Wed Aug  5 20:14:27 IST 2020
Wed Aug  5 20:14:28 IST 2020
Wed Aug  5 20:14:29 IST 2020
Wed Aug  5 20:14:30 IST 2020
Wed Aug  5 20:14:31 IST 2020
Wed Aug  5 20:14:32 IST 2020
Wed Aug  5 20:14:33 IST 2020
Wed Aug  5 20:14:34 IST 2020
Wed Aug  5 20:14:35 IST 2020
Wed Aug  5 20:14:36 IST 2020
Wed Aug  5 20:14:37 IST 2020
Wed Aug  5 20:14:38 IST 2020
Wed Aug  5 20:14:39 IST 2020
Wed Aug  5 20:14:40 IST 2020
Wed Aug  5 20:14:41 IST 2020
Wed Aug  5 20:14:42 IST 2020
Wed Aug  5 20:14:43 IST 2020
Wed Aug  5 20:14:44 IST 2020
Wed Aug  5 20:14:45 IST 2020
Wed Aug  5 20:14:46 IST 2020
Wed Aug  5 20:14:47 IST 2020
Wed Aug  5 20:14:48 IST 2020
Wed Aug  5 20:14:49 IST 2020
Wed Aug  5 20:14:50 IST 2020
Wed Aug  5 20:14:51 IST 2020
Wed Aug  5 20:14:52 IST 2020
Wed Aug  5 20:14:53 IST 2020
Wed Aug  5 20:14:54 IST 2020
Wed Aug  5 20:14:55 IST 2020
Wed Aug  5 20:14:56 IST 2020
Wed Aug  5 20:14:57 IST 2020
Wed Aug  5 20:14:58 IST 2020
Wed Aug  5 20:14:59 IST 2020
Wed Aug  5 20:15:00 IST 2020
Wed Aug  5 20:15:01 IST 2020
Wed Aug  5 20:15:02 IST 2020
Wed Aug  5 20:15:03 IST 2020
Wed Aug  5 20:15:04 IST 2020
Wed Aug  5 20:15:05 IST 2020
Wed Aug  5 20:15:06 IST 2020
Wed Aug  5 20:15:07 IST 2020
Wed Aug  5 20:15:08 IST 2020
Wed Aug  5 20:15:09 IST 2020
Wed Aug  5 20:15:10 IST 2020
Wed Aug  5 20:15:11 IST 2020
Wed Aug  5 20:15:12 IST 2020
Wed Aug  5 20:15:13 IST 2020
Wed Aug  5 20:15:14 IST 2020
Wed Aug  5 20:15:15 IST 2020
Wed Aug  5 20:15:16 IST 2020
Wed Aug  5 20:15:17 IST 2020
Wed Aug  5 20:15:18 IST 2020
Wed Aug  5 20:15:19 IST 2020
Wed Aug  5 20:15:20 IST 2020
Wed Aug  5 20:15:21 IST 2020
Wed Aug  5 20:15:22 IST 2020
Wed Aug  5 20:15:23 IST 2020
Wed Aug  5 20:15:24 IST 2020
Wed Aug  5 20:15:25 IST 2020
Wed Aug  5 20:15:26 IST 2020
Wed Aug  5 20:15:27 IST 2020
Wed Aug  5 20:15:28 IST 2020
Wed Aug  5 20:15:29 IST 2020
Wed Aug  5 20:15:30 IST 2020
Wed Aug  5 20:15:31 IST 2020
Wed Aug  5 20:15:32 IST 2020
Wed Aug  5 20:15:33 IST 2020
Wed Aug  5 20:15:34 IST 2020
Wed Aug  5 20:15:35 IST 2020
Wed Aug  5 20:15:36 IST 2020
Wed Aug  5 20:15:37 IST 2020
Wed Aug  5 20:15:38 IST 2020
Wed Aug  5 20:15:39 IST 2020
Wed Aug  5 20:15:40 IST 2020
Wed Aug  5 20:15:41 IST 2020
Wed Aug  5 20:15:42 IST 2020
Wed Aug  5 20:15:43 IST 2020
Wed Aug  5 20:15:44 IST 2020
Wed Aug  5 20:15:45 IST 2020
Wed Aug  5 20:15:46 IST 2020
Wed Aug  5 20:15:47 IST 2020
Wed Aug  5 20:15:48 IST 2020
Wed Aug  5 20:15:49 IST 2020
Wed Aug  5 20:15:50 IST 2020
Wed Aug  5 20:15:51 IST 2020
Wed Aug  5 20:15:52 IST 2020
Wed Aug  5 20:15:53 IST 2020
Wed Aug  5 20:15:54 IST 2020
Wed Aug  5 20:15:55 IST 2020
Wed Aug  5 20:15:56 IST 2020
Wed Aug  5 20:15:57 IST 2020
Wed Aug  5 20:15:58 IST 2020
Wed Aug  5 20:15:59 IST 2020
Wed Aug  5 20:16:00 IST 2020
Wed Aug  5 20:16:01 IST 2020
Wed Aug  5 20:16:02 IST 2020
Wed Aug  5 20:16:03 IST 2020
Wed Aug  5 20:16:04 IST 2020
Wed Aug  5 20:16:05 IST 2020
Wed Aug  5 20:16:06 IST 2020
Wed Aug  5 20:16:07 IST 2020
Wed Aug  5 20:16:08 IST 2020
Wed Aug  5 20:16:09 IST 2020
Wed Aug  5 20:16:10 IST 2020
Wed Aug  5 20:16:11 IST 2020
Wed Aug  5 20:16:13 IST 2020
Wed Aug  5 20:16:14 IST 2020
Wed Aug  5 20:16:15 IST 2020
Wed Aug  5 20:16:16 IST 2020
Wed Aug  5 20:16:17 IST 2020
Wed Aug  5 20:16:18 IST 2020
Wed Aug  5 20:16:19 IST 2020
Wed Aug  5 20:16:20 IST 2020
Wed Aug  5 20:16:21 IST 2020
Wed Aug  5 20:16:22 IST 2020
Wed Aug  5 20:16:23 IST 2020
Wed Aug  5 20:16:24 IST 2020
Wed Aug  5 20:16:25 IST 2020
Wed Aug  5 20:16:26 IST 2020
Wed Aug  5 20:16:27 IST 2020
Wed Aug  5 20:16:28 IST 2020
Wed Aug  5 20:16:29 IST 2020
Wed Aug  5 20:16:30 IST 2020
Wed Aug  5 20:16:31 IST 2020
Wed Aug  5 20:16:32 IST 2020
Wed Aug  5 20:16:33 IST 2020
Wed Aug  5 20:16:34 IST 2020
Wed Aug  5 20:16:35 IST 2020
Wed Aug  5 20:16:36 IST 2020
Wed Aug  5 20:16:37 IST 2020
Wed Aug  5 20:16:38 IST 2020
Wed Aug  5 20:16:39 IST 2020
Wed Aug  5 20:16:40 IST 2020
Wed Aug  5 20:16:41 IST 2020
Wed Aug  5 20:16:42 IST 2020
Wed Aug  5 20:16:43 IST 2020
Wed Aug  5 20:16:44 IST 2020
Wed Aug  5 20:16:45 IST 2020
Wed Aug  5 20:16:46 IST 2020
Wed Aug  5 20:16:47 IST 2020
Wed Aug  5 20:16:48 IST 2020
Wed Aug  5 20:16:49 IST 2020
Wed Aug  5 20:16:50 IST 2020
Wed Aug  5 20:16:51 IST 2020
Wed Aug  5 20:16:52 IST 2020
Wed Aug  5 20:16:53 IST 2020
Wed Aug  5 20:16:54 IST 2020
Wed Aug  5 20:16:55 IST 2020
Wed Aug  5 20:16:56 IST 2020
Wed Aug  5 20:16:57 IST 2020
Wed Aug  5 20:16:58 IST 2020
Wed Aug  5 20:16:59 IST 2020
Wed Aug  5 20:17:00 IST 2020
Wed Aug  5 20:17:01 IST 2020
Wed Aug  5 20:17:02 IST 2020
Wed Aug  5 20:17:03 IST 2020
Wed Aug  5 20:17:04 IST 2020
Wed Aug  5 20:17:05 IST 2020
Wed Aug  5 20:17:06 IST 2020
Wed Aug  5 20:17:07 IST 2020
Wed Aug  5 20:17:08 IST 2020
Wed Aug  5 20:17:09 IST 2020
Wed Aug  5 20:17:10 IST 2020
Wed Aug  5 20:17:11 IST 2020
Wed Aug  5 20:17:12 IST 2020
Wed Aug  5 20:17:13 IST 2020
Wed Aug  5 20:17:14 IST 2020
Wed Aug  5 20:17:15 IST 2020
Wed Aug  5 20:17:16 IST 2020
Wed Aug  5 20:17:17 IST 2020
Wed Aug  5 20:17:18 IST 2020
Wed Aug  5 20:17:19 IST 2020
Wed Aug  5 20:17:20 IST 2020
Wed Aug  5 20:17:21 IST 2020
Wed Aug  5 20:17:22 IST 2020
Wed Aug  5 20:17:23 IST 2020
Wed Aug  5 20:17:24 IST 2020
Wed Aug  5 20:17:25 IST 2020
Wed Aug  5 20:17:26 IST 2020
Wed Aug  5 20:17:27 IST 2020
Wed Aug  5 20:17:28 IST 2020
Wed Aug  5 20:17:29 IST 2020
Wed Aug  5 20:17:30 IST 2020
Wed Aug  5 20:17:31 IST 2020
Wed Aug  5 20:17:32 IST 2020
Wed Aug  5 20:17:33 IST 2020
Wed Aug  5 20:17:34 IST 2020
Wed Aug  5 20:17:35 IST 2020
Wed Aug  5 20:17:36 IST 2020
Wed Aug  5 20:17:37 IST 2020
Wed Aug  5 20:17:38 IST 2020
Wed Aug  5 20:17:39 IST 2020
Wed Aug  5 20:17:40 IST 2020
Wed Aug  5 20:17:41 IST 2020
Wed Aug  5 20:17:42 IST 2020
Wed Aug  5 20:17:43 IST 2020
Wed Aug  5 20:17:44 IST 2020
Wed Aug  5 20:17:45 IST 2020
Wed Aug  5 20:17:46 IST 2020
Wed Aug  5 20:17:47 IST 2020
Wed Aug  5 20:17:48 IST 2020
Wed Aug  5 20:17:49 IST 2020
Wed Aug  5 20:17:50 IST 2020
Wed Aug  5 20:17:51 IST 2020
Wed Aug  5 20:17:52 IST 2020
Wed Aug  5 20:17:53 IST 2020
Wed Aug  5 20:17:54 IST 2020
Wed Aug  5 20:17:55 IST 2020
Wed Aug  5 20:17:56 IST 2020
Wed Aug  5 20:17:57 IST 2020
Wed Aug  5 20:17:58 IST 2020
Wed Aug  5 20:17:59 IST 2020
Wed Aug  5 20:18:00 IST 2020
Wed Aug  5 20:18:01 IST 2020
Wed Aug  5 20:18:02 IST 2020
Wed Aug  5 20:18:03 IST 2020
Wed Aug  5 20:18:04 IST 2020
Wed Aug  5 20:18:05 IST 2020
Wed Aug  5 20:18:06 IST 2020
Wed Aug  5 20:18:07 IST 2020
Wed Aug  5 20:18:08 IST 2020
Wed Aug  5 20:18:09 IST 2020
Wed Aug  5 20:18:10 IST 2020
Wed Aug  5 20:18:11 IST 2020
Wed Aug  5 20:18:12 IST 2020
Wed Aug  5 20:18:13 IST 2020
Wed Aug  5 20:18:14 IST 2020
Wed Aug  5 20:18:15 IST 2020
Wed Aug  5 20:18:16 IST 2020
Wed Aug  5 20:18:17 IST 2020
Wed Aug  5 20:18:18 IST 2020
Wed Aug  5 20:18:19 IST 2020
Wed Aug  5 20:18:20 IST 2020
Wed Aug  5 20:18:21 IST 2020
Wed Aug  5 20:18:22 IST 2020
Wed Aug  5 20:18:23 IST 2020
Wed Aug  5 20:18:24 IST 2020
Wed Aug  5 20:18:25 IST 2020
Wed Aug  5 20:18:26 IST 2020
Wed Aug  5 20:18:27 IST 2020
Wed Aug  5 20:18:28 IST 2020
Wed Aug  5 20:18:29 IST 2020
Wed Aug  5 20:18:30 IST 2020
Wed Aug  5 20:18:31 IST 2020
Wed Aug  5 20:18:32 IST 2020
Wed Aug  5 20:18:33 IST 2020
Wed Aug  5 20:18:34 IST 2020
Wed Aug  5 20:18:35 IST 2020
Wed Aug  5 20:18:36 IST 2020
Wed Aug  5 20:18:37 IST 2020
Wed Aug  5 20:18:38 IST 2020
Wed Aug  5 20:18:39 IST 2020
Wed Aug  5 20:18:40 IST 2020
Wed Aug  5 20:18:41 IST 2020
Wed Aug  5 20:18:42 IST 2020
Wed Aug  5 20:18:43 IST 2020
Wed Aug  5 20:18:44 IST 2020
Wed Aug  5 20:18:45 IST 2020
Wed Aug  5 20:18:46 IST 2020
Wed Aug  5 20:18:47 IST 2020
Wed Aug  5 20:18:49 IST 2020
Wed Aug  5 20:18:50 IST 2020
Wed Aug  5 20:18:51 IST 2020
Wed Aug  5 20:18:52 IST 2020
Wed Aug  5 20:18:53 IST 2020
Wed Aug  5 20:18:54 IST 2020
Wed Aug  5 20:18:55 IST 2020
Wed Aug  5 20:18:56 IST 2020
Wed Aug  5 20:18:57 IST 2020
Wed Aug  5 20:18:58 IST 2020
Wed Aug  5 20:18:59 IST 2020
Wed Aug  5 20:19:00 IST 2020
Wed Aug  5 20:19:01 IST 2020
Wed Aug  5 20:19:02 IST 2020
Wed Aug  5 20:19:03 IST 2020
Wed Aug  5 20:19:04 IST 2020
Wed Aug  5 20:19:05 IST 2020
Wed Aug  5 20:19:06 IST 2020
Wed Aug  5 20:19:07 IST 2020
Wed Aug  5 20:19:08 IST 2020
Wed Aug  5 20:19:09 IST 2020
Wed Aug  5 20:19:10 IST 2020
Wed Aug  5 20:19:11 IST 2020
Wed Aug  5 20:19:12 IST 2020
Wed Aug  5 20:19:13 IST 2020
Wed Aug  5 20:19:14 IST 2020
Wed Aug  5 20:19:15 IST 2020
Wed Aug  5 20:19:16 IST 2020
Wed Aug  5 20:19:17 IST 2020
Wed Aug  5 20:19:18 IST 2020
Wed Aug  5 20:19:19 IST 2020
Wed Aug  5 20:19:20 IST 2020
Wed Aug  5 20:19:21 IST 2020
Wed Aug  5 20:19:22 IST 2020
Wed Aug  5 20:19:23 IST 2020
Wed Aug  5 20:19:24 IST 2020
Wed Aug  5 20:19:25 IST 2020
Wed Aug  5 20:19:26 IST 2020
Wed Aug  5 20:19:27 IST 2020
Wed Aug  5 20:19:28 IST 2020
Wed Aug  5 20:19:29 IST 2020
Wed Aug  5 20:19:30 IST 2020
Wed Aug  5 20:19:31 IST 2020
Wed Aug  5 20:19:32 IST 2020
Wed Aug  5 20:19:33 IST 2020
Wed Aug  5 20:19:34 IST 2020
Wed Aug  5 20:19:35 IST 2020
Wed Aug  5 20:19:36 IST 2020
Wed Aug  5 20:19:37 IST 2020
Wed Aug  5 20:19:38 IST 2020
Wed Aug  5 20:19:39 IST 2020
Wed Aug  5 20:19:40 IST 2020
Wed Aug  5 20:19:41 IST 2020
Wed Aug  5 20:19:42 IST 2020
Wed Aug  5 20:19:43 IST 2020
Wed Aug  5 20:19:44 IST 2020
Wed Aug  5 20:19:45 IST 2020
Wed Aug  5 20:19:46 IST 2020
Wed Aug  5 20:19:47 IST 2020
Wed Aug  5 20:19:48 IST 2020
Wed Aug  5 20:19:49 IST 2020
Wed Aug  5 20:19:50 IST 2020
Wed Aug  5 20:19:51 IST 2020
Wed Aug  5 20:19:52 IST 2020
Wed Aug  5 20:19:53 IST 2020
Wed Aug  5 20:19:54 IST 2020
Wed Aug  5 20:19:55 IST 2020
Wed Aug  5 20:19:56 IST 2020
Wed Aug  5 20:19:57 IST 2020
Wed Aug  5 20:19:58 IST 2020
Wed Aug  5 20:19:59 IST 2020
Wed Aug  5 20:20:00 IST 2020
Wed Aug  5 20:20:01 IST 2020
Wed Aug  5 20:20:02 IST 2020
Wed Aug  5 20:20:03 IST 2020
Wed Aug  5 20:20:04 IST 2020
Wed Aug  5 20:20:05 IST 2020
Wed Aug  5 20:20:06 IST 2020
Wed Aug  5 20:20:07 IST 2020
Wed Aug  5 20:20:08 IST 2020
Wed Aug  5 20:20:09 IST 2020
Wed Aug  5 20:20:10 IST 2020
Wed Aug  5 20:20:11 IST 2020
Wed Aug  5 20:20:12 IST 2020
Wed Aug  5 20:20:13 IST 2020
Wed Aug  5 20:20:14 IST 2020
Wed Aug  5 20:20:15 IST 2020
Wed Aug  5 20:20:16 IST 2020
Wed Aug  5 20:20:17 IST 2020
Wed Aug  5 20:20:18 IST 2020
Wed Aug  5 20:20:19 IST 2020
Wed Aug  5 20:20:20 IST 2020
Wed Aug  5 20:20:21 IST 2020
Wed Aug  5 20:20:22 IST 2020
Wed Aug  5 20:20:23 IST 2020
Wed Aug  5 20:20:24 IST 2020
Wed Aug  5 20:20:25 IST 2020
Wed Aug  5 20:20:26 IST 2020
Wed Aug  5 20:20:27 IST 2020
Wed Aug  5 20:20:28 IST 2020
Wed Aug  5 20:20:29 IST 2020
Wed Aug  5 20:20:30 IST 2020
Wed Aug  5 20:20:31 IST 2020
Wed Aug  5 20:20:32 IST 2020
Wed Aug  5 20:20:33 IST 2020
Wed Aug  5 20:20:34 IST 2020
Wed Aug  5 20:20:35 IST 2020
Wed Aug  5 20:20:36 IST 2020
Wed Aug  5 20:20:37 IST 2020
Wed Aug  5 20:20:38 IST 2020
Wed Aug  5 20:20:39 IST 2020
Wed Aug  5 20:20:40 IST 2020
Wed Aug  5 20:20:41 IST 2020
Wed Aug  5 20:20:42 IST 2020
Wed Aug  5 20:20:43 IST 2020
Wed Aug  5 20:20:44 IST 2020
Wed Aug  5 20:20:45 IST 2020
Wed Aug  5 20:20:46 IST 2020
Wed Aug  5 20:20:47 IST 2020
Wed Aug  5 20:20:48 IST 2020
Wed Aug  5 20:20:49 IST 2020
Wed Aug  5 20:20:50 IST 2020
Wed Aug  5 20:20:51 IST 2020
Wed Aug  5 20:20:52 IST 2020
Wed Aug  5 20:20:53 IST 2020
Wed Aug  5 20:20:54 IST 2020
Wed Aug  5 20:20:55 IST 2020
Wed Aug  5 20:20:56 IST 2020
Wed Aug  5 20:20:57 IST 2020
Wed Aug  5 20:20:58 IST 2020
Wed Aug  5 20:20:59 IST 2020
Wed Aug  5 20:21:00 IST 2020
Wed Aug  5 20:21:01 IST 2020
Wed Aug  5 20:21:02 IST 2020
Wed Aug  5 20:21:03 IST 2020
Wed Aug  5 20:21:04 IST 2020
Wed Aug  5 20:21:05 IST 2020
Wed Aug  5 20:21:06 IST 2020
Wed Aug  5 20:21:07 IST 2020
Wed Aug  5 20:21:08 IST 2020
Wed Aug  5 20:21:09 IST 2020
Wed Aug  5 20:21:10 IST 2020
Wed Aug  5 20:21:11 IST 2020
Wed Aug  5 20:21:12 IST 2020
Wed Aug  5 20:21:13 IST 2020
Wed Aug  5 20:21:14 IST 2020
Wed Aug  5 20:21:15 IST 2020
Wed Aug  5 20:21:16 IST 2020
Wed Aug  5 20:21:17 IST 2020
Wed Aug  5 20:21:18 IST 2020
Wed Aug  5 20:21:19 IST 2020
Wed Aug  5 20:21:20 IST 2020
Wed Aug  5 20:21:21 IST 2020
Wed Aug  5 20:21:22 IST 2020
Wed Aug  5 20:21:23 IST 2020
Wed Aug  5 20:21:24 IST 2020
Wed Aug  5 20:21:25 IST 2020
Wed Aug  5 20:21:26 IST 2020
Wed Aug  5 20:21:27 IST 2020
Wed Aug  5 20:21:28 IST 2020
Wed Aug  5 20:21:29 IST 2020
Wed Aug  5 20:21:30 IST 2020
Wed Aug  5 20:21:31 IST 2020
Wed Aug  5 20:21:32 IST 2020
Wed Aug  5 20:21:33 IST 2020
Wed Aug  5 20:21:34 IST 2020
Wed Aug  5 20:21:35 IST 2020
Wed Aug  5 20:21:36 IST 2020
Wed Aug  5 20:21:37 IST 2020
Wed Aug  5 20:21:38 IST 2020
Wed Aug  5 20:21:39 IST 2020
Wed Aug  5 20:21:40 IST 2020
Wed Aug  5 20:21:41 IST 2020
Wed Aug  5 20:21:42 IST 2020
Wed Aug  5 20:21:43 IST 2020
Wed Aug  5 20:21:44 IST 2020
Wed Aug  5 20:21:45 IST 2020
Wed Aug  5 20:21:47 IST 2020
Wed Aug  5 20:21:48 IST 2020
Wed Aug  5 20:21:49 IST 2020
Wed Aug  5 20:21:50 IST 2020
Wed Aug  5 20:21:51 IST 2020
Wed Aug  5 20:21:52 IST 2020
Wed Aug  5 20:21:53 IST 2020
Wed Aug  5 20:21:54 IST 2020
Wed Aug  5 20:21:55 IST 2020
Wed Aug  5 20:21:56 IST 2020
Wed Aug  5 20:21:57 IST 2020
Wed Aug  5 20:21:58 IST 2020
Wed Aug  5 20:21:59 IST 2020
Wed Aug  5 20:22:00 IST 2020
Wed Aug  5 20:22:01 IST 2020
Wed Aug  5 20:22:02 IST 2020
Wed Aug  5 20:22:03 IST 2020
Wed Aug  5 20:22:04 IST 2020
Wed Aug  5 20:22:05 IST 2020
Wed Aug  5 20:22:06 IST 2020
Wed Aug  5 20:22:07 IST 2020
Wed Aug  5 20:22:08 IST 2020
Wed Aug  5 20:22:09 IST 2020
Wed Aug  5 20:22:10 IST 2020
Wed Aug  5 20:22:11 IST 2020
Wed Aug  5 20:22:12 IST 2020
Wed Aug  5 20:22:13 IST 2020
Wed Aug  5 20:22:14 IST 2020
Wed Aug  5 20:22:15 IST 2020
Wed Aug  5 20:22:16 IST 2020
Wed Aug  5 20:22:17 IST 2020
Wed Aug  5 20:22:18 IST 2020
Wed Aug  5 20:22:19 IST 2020
Wed Aug  5 20:22:20 IST 2020
Wed Aug  5 20:22:21 IST 2020
Wed Aug  5 20:22:22 IST 2020
Wed Aug  5 20:22:23 IST 2020
Wed Aug  5 20:22:24 IST 2020
Wed Aug  5 20:22:25 IST 2020
Wed Aug  5 20:22:26 IST 2020
Wed Aug  5 20:22:27 IST 2020
Wed Aug  5 20:22:28 IST 2020
Wed Aug  5 20:22:29 IST 2020
Wed Aug  5 20:22:30 IST 2020
Wed Aug  5 20:22:31 IST 2020
Wed Aug  5 20:22:32 IST 2020
Wed Aug  5 20:22:33 IST 2020
Wed Aug  5 20:22:34 IST 2020
Wed Aug  5 20:22:35 IST 2020
Wed Aug  5 20:22:36 IST 2020
Wed Aug  5 20:22:37 IST 2020
Wed Aug  5 20:22:38 IST 2020
Wed Aug  5 20:22:39 IST 2020
Wed Aug  5 20:22:40 IST 2020
Wed Aug  5 20:22:41 IST 2020
Wed Aug  5 20:22:42 IST 2020
Wed Aug  5 20:22:43 IST 2020
Wed Aug  5 20:22:44 IST 2020
Wed Aug  5 20:22:45 IST 2020
Wed Aug  5 20:22:46 IST 2020
Wed Aug  5 20:22:47 IST 2020
Wed Aug  5 20:22:48 IST 2020
Wed Aug  5 20:22:49 IST 2020
Wed Aug  5 20:22:50 IST 2020
Wed Aug  5 20:22:51 IST 2020
Wed Aug  5 20:22:52 IST 2020
Wed Aug  5 20:22:53 IST 2020
Wed Aug  5 20:22:54 IST 2020
Wed Aug  5 20:22:55 IST 2020
Wed Aug  5 20:22:56 IST 2020
Wed Aug  5 20:22:57 IST 2020
Wed Aug  5 20:22:58 IST 2020
Wed Aug  5 20:22:59 IST 2020
Wed Aug  5 20:23:00 IST 2020
Wed Aug  5 20:23:01 IST 2020
Wed Aug  5 20:23:02 IST 2020
Wed Aug  5 20:23:03 IST 2020
Wed Aug  5 20:23:04 IST 2020
Wed Aug  5 20:23:05 IST 2020
Wed Aug  5 20:23:06 IST 2020
Wed Aug  5 20:23:07 IST 2020
Wed Aug  5 20:23:08 IST 2020
Wed Aug  5 20:23:09 IST 2020
Wed Aug  5 20:23:10 IST 2020
Wed Aug  5 20:23:11 IST 2020
Wed Aug  5 20:23:12 IST 2020
Wed Aug  5 20:23:13 IST 2020
Wed Aug  5 20:23:14 IST 2020
Wed Aug  5 20:23:15 IST 2020
Wed Aug  5 20:23:16 IST 2020
Wed Aug  5 20:23:17 IST 2020
Wed Aug  5 20:23:18 IST 2020
Wed Aug  5 20:23:19 IST 2020
Wed Aug  5 20:23:20 IST 2020
Wed Aug  5 20:23:21 IST 2020
Wed Aug  5 20:23:22 IST 2020
Wed Aug  5 20:23:23 IST 2020
Wed Aug  5 20:23:24 IST 2020
Wed Aug  5 20:23:25 IST 2020
Wed Aug  5 20:23:26 IST 2020
Wed Aug  5 20:23:27 IST 2020
Wed Aug  5 20:23:28 IST 2020
Wed Aug  5 20:23:29 IST 2020
Wed Aug  5 20:23:30 IST 2020
Wed Aug  5 20:23:31 IST 2020
Wed Aug  5 20:23:32 IST 2020
Wed Aug  5 20:23:33 IST 2020
Wed Aug  5 20:23:34 IST 2020
Wed Aug  5 20:23:35 IST 2020
Wed Aug  5 20:23:36 IST 2020
Wed Aug  5 20:23:37 IST 2020
Wed Aug  5 20:23:38 IST 2020
Wed Aug  5 20:23:39 IST 2020
Wed Aug  5 20:23:40 IST 2020
Wed Aug  5 20:23:41 IST 2020
Wed Aug  5 20:23:42 IST 2020
Wed Aug  5 20:23:43 IST 2020
Wed Aug  5 20:23:44 IST 2020
Wed Aug  5 20:23:45 IST 2020
Wed Aug  5 20:23:46 IST 2020
Wed Aug  5 20:23:47 IST 2020
Wed Aug  5 20:23:48 IST 2020
Wed Aug  5 20:23:49 IST 2020
Wed Aug  5 20:23:50 IST 2020
Wed Aug  5 20:23:51 IST 2020
Wed Aug  5 20:23:52 IST 2020
Wed Aug  5 20:23:53 IST 2020
Wed Aug  5 20:23:54 IST 2020
Wed Aug  5 20:23:55 IST 2020
Wed Aug  5 20:23:56 IST 2020
Wed Aug  5 20:23:57 IST 2020
Wed Aug  5 20:23:58 IST 2020
Wed Aug  5 20:23:59 IST 2020
Wed Aug  5 20:24:00 IST 2020
Wed Aug  5 20:24:01 IST 2020
Wed Aug  5 20:24:02 IST 2020
Wed Aug  5 20:24:03 IST 2020
Wed Aug  5 20:24:04 IST 2020
Wed Aug  5 20:24:05 IST 2020
Wed Aug  5 20:24:06 IST 2020
Wed Aug  5 20:24:07 IST 2020
Wed Aug  5 20:24:08 IST 2020
Wed Aug  5 20:24:09 IST 2020
Wed Aug  5 20:24:10 IST 2020
Wed Aug  5 20:24:11 IST 2020
Wed Aug  5 20:24:12 IST 2020
Wed Aug  5 20:24:13 IST 2020
Wed Aug  5 20:24:14 IST 2020
Wed Aug  5 20:24:15 IST 2020
Wed Aug  5 20:24:16 IST 2020
Wed Aug  5 20:24:17 IST 2020
Wed Aug  5 20:24:18 IST 2020
Wed Aug  5 20:24:19 IST 2020
Wed Aug  5 20:24:20 IST 2020
Wed Aug  5 20:24:22 IST 2020
Wed Aug  5 20:24:23 IST 2020
Wed Aug  5 20:24:24 IST 2020
Wed Aug  5 20:24:25 IST 2020
Wed Aug  5 20:24:26 IST 2020
Wed Aug  5 20:24:27 IST 2020
Wed Aug  5 20:24:28 IST 2020
Wed Aug  5 20:24:29 IST 2020
Wed Aug  5 20:24:30 IST 2020
Wed Aug  5 20:24:31 IST 2020
Wed Aug  5 20:24:32 IST 2020
Wed Aug  5 20:24:33 IST 2020
Wed Aug  5 20:24:34 IST 2020
Wed Aug  5 20:24:35 IST 2020
Wed Aug  5 20:24:36 IST 2020
Wed Aug  5 20:24:37 IST 2020
Wed Aug  5 20:24:38 IST 2020
Wed Aug  5 20:24:39 IST 2020
Wed Aug  5 20:24:40 IST 2020
Wed Aug  5 20:24:41 IST 2020
Wed Aug  5 20:24:42 IST 2020
Wed Aug  5 20:24:43 IST 2020
Wed Aug  5 20:24:44 IST 2020
Wed Aug  5 20:24:45 IST 2020
Wed Aug  5 20:24:46 IST 2020
Wed Aug  5 20:24:47 IST 2020
Wed Aug  5 20:24:48 IST 2020
Wed Aug  5 20:24:49 IST 2020
Wed Aug  5 20:24:50 IST 2020
Wed Aug  5 20:24:51 IST 2020
Wed Aug  5 20:24:52 IST 2020
Wed Aug  5 20:24:53 IST 2020
Wed Aug  5 20:24:54 IST 2020
Wed Aug  5 20:24:55 IST 2020
Wed Aug  5 20:24:56 IST 2020
Wed Aug  5 20:24:57 IST 2020
Wed Aug  5 20:24:58 IST 2020
Wed Aug  5 20:24:59 IST 2020
Wed Aug  5 20:25:00 IST 2020
Wed Aug  5 20:25:01 IST 2020
Wed Aug  5 20:25:02 IST 2020
Wed Aug  5 20:25:03 IST 2020
Wed Aug  5 20:25:04 IST 2020
Wed Aug  5 20:25:05 IST 2020
Wed Aug  5 20:25:06 IST 2020
Wed Aug  5 20:25:07 IST 2020
Wed Aug  5 20:25:08 IST 2020
Wed Aug  5 20:25:09 IST 2020
Wed Aug  5 20:25:10 IST 2020
Wed Aug  5 20:25:11 IST 2020
Wed Aug  5 20:25:12 IST 2020
Wed Aug  5 20:25:13 IST 2020
Wed Aug  5 20:25:14 IST 2020
Wed Aug  5 20:25:15 IST 2020
Wed Aug  5 20:25:16 IST 2020
Wed Aug  5 20:25:17 IST 2020
Wed Aug  5 20:25:18 IST 2020
Wed Aug  5 20:25:19 IST 2020
Wed Aug  5 20:25:20 IST 2020
Wed Aug  5 20:25:21 IST 2020
Wed Aug  5 20:25:22 IST 2020
Wed Aug  5 20:25:23 IST 2020
Wed Aug  5 20:25:24 IST 2020
Wed Aug  5 20:25:25 IST 2020
Wed Aug  5 20:25:26 IST 2020
Wed Aug  5 20:25:27 IST 2020
Wed Aug  5 20:25:28 IST 2020
Wed Aug  5 20:25:29 IST 2020
Wed Aug  5 20:25:30 IST 2020
Wed Aug  5 20:25:31 IST 2020
Wed Aug  5 20:25:32 IST 2020
Wed Aug  5 20:25:33 IST 2020
Wed Aug  5 20:25:34 IST 2020
Wed Aug  5 20:25:35 IST 2020
Wed Aug  5 20:25:36 IST 2020
Wed Aug  5 20:25:37 IST 2020
Wed Aug  5 20:25:38 IST 2020
Wed Aug  5 20:25:39 IST 2020
Wed Aug  5 20:25:40 IST 2020
Wed Aug  5 20:25:41 IST 2020
Wed Aug  5 20:25:42 IST 2020
Wed Aug  5 20:25:43 IST 2020
Wed Aug  5 20:25:44 IST 2020
Wed Aug  5 20:25:45 IST 2020
Wed Aug  5 20:25:46 IST 2020
Wed Aug  5 20:25:47 IST 2020
Wed Aug  5 20:25:48 IST 2020
Wed Aug  5 20:25:49 IST 2020
Wed Aug  5 20:25:50 IST 2020
Wed Aug  5 20:25:51 IST 2020
Wed Aug  5 20:25:52 IST 2020
Wed Aug  5 20:25:53 IST 2020
Wed Aug  5 20:25:54 IST 2020
Wed Aug  5 20:25:55 IST 2020
Wed Aug  5 20:25:56 IST 2020
Wed Aug  5 20:25:57 IST 2020
Wed Aug  5 20:25:58 IST 2020
Wed Aug  5 20:25:59 IST 2020
Wed Aug  5 20:26:00 IST 2020
Wed Aug  5 20:26:01 IST 2020
Wed Aug  5 20:26:02 IST 2020
Wed Aug  5 20:26:03 IST 2020
Wed Aug  5 20:26:04 IST 2020
Wed Aug  5 20:26:05 IST 2020
Wed Aug  5 20:26:06 IST 2020
Wed Aug  5 20:26:07 IST 2020
Wed Aug  5 20:26:08 IST 2020
Wed Aug  5 20:26:09 IST 2020
Wed Aug  5 20:26:10 IST 2020
Wed Aug  5 20:26:11 IST 2020
Wed Aug  5 20:26:12 IST 2020
Wed Aug  5 20:26:13 IST 2020
Wed Aug  5 20:26:14 IST 2020
Wed Aug  5 20:26:15 IST 2020
Wed Aug  5 20:26:16 IST 2020
Wed Aug  5 20:26:17 IST 2020
Wed Aug  5 20:26:18 IST 2020
Wed Aug  5 20:26:19 IST 2020
Wed Aug  5 20:26:20 IST 2020
Wed Aug  5 20:26:21 IST 2020
Wed Aug  5 20:26:22 IST 2020
Wed Aug  5 20:26:23 IST 2020
Wed Aug  5 20:26:24 IST 2020
Wed Aug  5 20:26:25 IST 2020
Wed Aug  5 20:26:26 IST 2020
Wed Aug  5 20:26:27 IST 2020
Wed Aug  5 20:26:28 IST 2020
Wed Aug  5 20:26:29 IST 2020
Wed Aug  5 20:26:30 IST 2020
Wed Aug  5 20:26:31 IST 2020
Wed Aug  5 20:26:32 IST 2020
Wed Aug  5 20:26:33 IST 2020
Wed Aug  5 20:26:34 IST 2020
Wed Aug  5 20:26:35 IST 2020
Wed Aug  5 20:26:36 IST 2020
Wed Aug  5 20:26:37 IST 2020
Wed Aug  5 20:26:38 IST 2020
Wed Aug  5 20:26:39 IST 2020
Wed Aug  5 20:26:40 IST 2020
Wed Aug  5 20:26:41 IST 2020
Wed Aug  5 20:26:42 IST 2020
Wed Aug  5 20:26:43 IST 2020
Wed Aug  5 20:26:44 IST 2020
Wed Aug  5 20:26:45 IST 2020
Wed Aug  5 20:26:46 IST 2020
Wed Aug  5 20:26:47 IST 2020
Wed Aug  5 20:26:48 IST 2020
Wed Aug  5 20:26:49 IST 2020
Wed Aug  5 20:26:50 IST 2020
Wed Aug  5 20:26:51 IST 2020
Wed Aug  5 20:26:52 IST 2020
Wed Aug  5 20:26:53 IST 2020
Wed Aug  5 20:26:54 IST 2020
Wed Aug  5 20:26:55 IST 2020
Wed Aug  5 20:26:57 IST 2020
Wed Aug  5 20:26:58 IST 2020
Wed Aug  5 20:26:59 IST 2020
Wed Aug  5 20:27:00 IST 2020
Wed Aug  5 20:27:01 IST 2020
Wed Aug  5 20:27:02 IST 2020
Wed Aug  5 20:27:03 IST 2020
Wed Aug  5 20:27:04 IST 2020
Wed Aug  5 20:27:05 IST 2020
Wed Aug  5 20:27:06 IST 2020
Wed Aug  5 20:27:07 IST 2020
Wed Aug  5 20:27:08 IST 2020
Wed Aug  5 20:27:09 IST 2020
Wed Aug  5 20:27:10 IST 2020
Wed Aug  5 20:27:11 IST 2020
Wed Aug  5 20:27:12 IST 2020
Wed Aug  5 20:27:13 IST 2020
Wed Aug  5 20:27:14 IST 2020
Wed Aug  5 20:27:15 IST 2020
Wed Aug  5 20:27:16 IST 2020
Wed Aug  5 20:27:17 IST 2020
Wed Aug  5 20:27:18 IST 2020
Wed Aug  5 20:27:19 IST 2020
Wed Aug  5 20:27:20 IST 2020
Wed Aug  5 20:27:21 IST 2020
Wed Aug  5 20:27:22 IST 2020
Wed Aug  5 20:27:23 IST 2020
Wed Aug  5 20:27:24 IST 2020
Wed Aug  5 20:27:25 IST 2020
Wed Aug  5 20:27:26 IST 2020
Wed Aug  5 20:27:27 IST 2020
Wed Aug  5 20:27:28 IST 2020
Wed Aug  5 20:27:29 IST 2020
Wed Aug  5 20:27:30 IST 2020
Wed Aug  5 20:27:31 IST 2020
Wed Aug  5 20:27:32 IST 2020
Wed Aug  5 20:27:33 IST 2020
Wed Aug  5 20:27:34 IST 2020
Wed Aug  5 20:27:35 IST 2020
Wed Aug  5 20:27:36 IST 2020
Wed Aug  5 20:27:37 IST 2020
Wed Aug  5 20:27:38 IST 2020
Wed Aug  5 20:27:39 IST 2020
Wed Aug  5 20:27:40 IST 2020
Wed Aug  5 20:27:41 IST 2020
Wed Aug  5 20:27:42 IST 2020
Wed Aug  5 20:27:43 IST 2020
Wed Aug  5 20:27:44 IST 2020
Wed Aug  5 20:27:45 IST 2020
Wed Aug  5 20:27:46 IST 2020
Wed Aug  5 20:27:47 IST 2020
Wed Aug  5 20:27:48 IST 2020
Wed Aug  5 20:27:49 IST 2020
Wed Aug  5 20:27:50 IST 2020
Wed Aug  5 20:27:51 IST 2020
Wed Aug  5 20:27:52 IST 2020
Wed Aug  5 20:27:53 IST 2020
Wed Aug  5 20:27:54 IST 2020
Wed Aug  5 20:27:55 IST 2020
Wed Aug  5 20:27:56 IST 2020
Wed Aug  5 20:27:57 IST 2020
Wed Aug  5 20:27:58 IST 2020
Wed Aug  5 20:27:59 IST 2020
Wed Aug  5 20:28:00 IST 2020
Wed Aug  5 20:28:01 IST 2020
Wed Aug  5 20:28:02 IST 2020
Wed Aug  5 20:28:03 IST 2020
Wed Aug  5 20:28:04 IST 2020
Wed Aug  5 20:28:05 IST 2020
Wed Aug  5 20:28:06 IST 2020
Wed Aug  5 20:28:07 IST 2020
Wed Aug  5 20:28:08 IST 2020
Wed Aug  5 20:28:09 IST 2020
Wed Aug  5 20:28:10 IST 2020
Wed Aug  5 20:28:11 IST 2020
Wed Aug  5 20:28:12 IST 2020
Wed Aug  5 20:28:13 IST 2020
Wed Aug  5 20:28:14 IST 2020
Wed Aug  5 20:28:15 IST 2020
Wed Aug  5 20:28:16 IST 2020
Wed Aug  5 20:28:17 IST 2020
Wed Aug  5 20:28:18 IST 2020
Wed Aug  5 20:28:19 IST 2020
Wed Aug  5 20:28:20 IST 2020
Wed Aug  5 20:28:21 IST 2020
Wed Aug  5 20:28:22 IST 2020
Wed Aug  5 20:28:23 IST 2020
Wed Aug  5 20:28:24 IST 2020
Wed Aug  5 20:28:25 IST 2020
Wed Aug  5 20:28:26 IST 2020
Wed Aug  5 20:28:27 IST 2020
Wed Aug  5 20:28:28 IST 2020
Wed Aug  5 20:28:29 IST 2020
Wed Aug  5 20:28:30 IST 2020
Wed Aug  5 20:28:31 IST 2020
Wed Aug  5 20:28:32 IST 2020
Wed Aug  5 20:28:33 IST 2020
Wed Aug  5 20:28:34 IST 2020
Wed Aug  5 20:28:35 IST 2020
Wed Aug  5 20:28:36 IST 2020
Wed Aug  5 20:28:37 IST 2020
Wed Aug  5 20:28:38 IST 2020
Wed Aug  5 20:28:39 IST 2020
Wed Aug  5 20:28:40 IST 2020
Wed Aug  5 20:28:41 IST 2020
Wed Aug  5 20:28:42 IST 2020
Wed Aug  5 20:28:43 IST 2020
Wed Aug  5 20:28:44 IST 2020
Wed Aug  5 20:28:45 IST 2020
Wed Aug  5 20:28:46 IST 2020
Wed Aug  5 20:28:47 IST 2020
Wed Aug  5 20:28:48 IST 2020
Wed Aug  5 20:28:49 IST 2020
Wed Aug  5 20:28:50 IST 2020
Wed Aug  5 20:28:51 IST 2020
Wed Aug  5 20:28:52 IST 2020
Wed Aug  5 20:28:53 IST 2020
Wed Aug  5 20:28:54 IST 2020
Wed Aug  5 20:28:55 IST 2020
Wed Aug  5 20:28:56 IST 2020
Wed Aug  5 20:28:57 IST 2020
Wed Aug  5 20:28:59 IST 2020
Wed Aug  5 20:29:00 IST 2020
Wed Aug  5 20:29:01 IST 2020
Wed Aug  5 20:29:02 IST 2020
Wed Aug  5 20:29:03 IST 2020
Wed Aug  5 20:29:04 IST 2020
Wed Aug  5 20:29:05 IST 2020
Wed Aug  5 20:29:06 IST 2020
Wed Aug  5 20:29:07 IST 2020
Wed Aug  5 20:29:08 IST 2020
Wed Aug  5 20:29:09 IST 2020
Wed Aug  5 20:29:10 IST 2020
Wed Aug  5 20:29:11 IST 2020
Wed Aug  5 20:29:12 IST 2020
Wed Aug  5 20:29:13 IST 2020
Wed Aug  5 20:29:14 IST 2020
Wed Aug  5 20:29:15 IST 2020
Wed Aug  5 20:29:16 IST 2020
Wed Aug  5 20:29:17 IST 2020
Wed Aug  5 20:29:18 IST 2020
Wed Aug  5 20:29:19 IST 2020
Wed Aug  5 20:29:20 IST 2020
Wed Aug  5 20:29:21 IST 2020
Wed Aug  5 20:29:22 IST 2020
Wed Aug  5 20:29:23 IST 2020
Wed Aug  5 20:29:24 IST 2020
Wed Aug  5 20:29:25 IST 2020
Wed Aug  5 20:29:26 IST 2020
Wed Aug  5 20:29:27 IST 2020
Wed Aug  5 20:29:28 IST 2020
Wed Aug  5 20:29:29 IST 2020
Wed Aug  5 20:29:30 IST 2020
Wed Aug  5 20:29:31 IST 2020
Wed Aug  5 20:29:32 IST 2020
Wed Aug  5 20:29:33 IST 2020
Wed Aug  5 20:29:34 IST 2020
Wed Aug  5 20:29:35 IST 2020
Wed Aug  5 20:29:36 IST 2020
Wed Aug  5 20:29:37 IST 2020
Wed Aug  5 20:29:38 IST 2020
Wed Aug  5 20:29:39 IST 2020
Wed Aug  5 20:29:40 IST 2020
Wed Aug  5 20:29:41 IST 2020
Wed Aug  5 20:29:42 IST 2020
Wed Aug  5 20:29:43 IST 2020
Wed Aug  5 20:29:44 IST 2020
Wed Aug  5 20:29:45 IST 2020
Wed Aug  5 20:29:46 IST 2020
Wed Aug  5 20:29:47 IST 2020
Wed Aug  5 20:29:48 IST 2020
Wed Aug  5 20:29:49 IST 2020
Wed Aug  5 20:29:50 IST 2020
Wed Aug  5 20:29:51 IST 2020
Wed Aug  5 20:29:52 IST 2020
Wed Aug  5 20:29:53 IST 2020
Wed Aug  5 20:29:54 IST 2020
Wed Aug  5 20:29:55 IST 2020
Wed Aug  5 20:29:56 IST 2020
Wed Aug  5 20:29:57 IST 2020
Wed Aug  5 20:29:58 IST 2020
Wed Aug  5 20:29:59 IST 2020
Wed Aug  5 20:30:00 IST 2020
Wed Aug  5 20:30:01 IST 2020
Wed Aug  5 20:30:02 IST 2020
Wed Aug  5 20:30:03 IST 2020
Wed Aug  5 20:30:04 IST 2020
Wed Aug  5 20:30:05 IST 2020
Wed Aug  5 20:30:06 IST 2020
Wed Aug  5 20:30:07 IST 2020
Wed Aug  5 20:30:08 IST 2020
Wed Aug  5 20:30:09 IST 2020
Wed Aug  5 20:30:10 IST 2020
Wed Aug  5 20:30:11 IST 2020
Wed Aug  5 20:30:12 IST 2020
Wed Aug  5 20:30:13 IST 2020
Wed Aug  5 20:30:14 IST 2020
Wed Aug  5 20:30:15 IST 2020
Wed Aug  5 20:30:16 IST 2020
Wed Aug  5 20:30:17 IST 2020
Wed Aug  5 20:30:18 IST 2020
Wed Aug  5 20:30:19 IST 2020
Wed Aug  5 20:30:20 IST 2020
Wed Aug  5 20:30:21 IST 2020
Wed Aug  5 20:30:22 IST 2020
Wed Aug  5 20:30:23 IST 2020
Wed Aug  5 20:30:24 IST 2020
Wed Aug  5 20:30:25 IST 2020
Wed Aug  5 20:30:26 IST 2020
Wed Aug  5 20:30:27 IST 2020
Wed Aug  5 20:30:28 IST 2020
Wed Aug  5 20:30:29 IST 2020
Wed Aug  5 20:30:30 IST 2020
Wed Aug  5 20:30:31 IST 2020
Wed Aug  5 20:30:32 IST 2020
Wed Aug  5 20:30:33 IST 2020
Wed Aug  5 20:30:34 IST 2020
Wed Aug  5 20:30:35 IST 2020
Wed Aug  5 20:30:36 IST 2020
Wed Aug  5 20:30:37 IST 2020
Wed Aug  5 20:30:38 IST 2020
Wed Aug  5 20:30:39 IST 2020
Wed Aug  5 20:30:40 IST 2020
Wed Aug  5 20:30:41 IST 2020
Wed Aug  5 20:30:42 IST 2020
Wed Aug  5 20:30:43 IST 2020
Wed Aug  5 20:30:44 IST 2020
Wed Aug  5 20:30:45 IST 2020
Wed Aug  5 20:30:46 IST 2020
Wed Aug  5 20:30:47 IST 2020
Wed Aug  5 20:30:48 IST 2020
Wed Aug  5 20:30:49 IST 2020
Wed Aug  5 20:30:50 IST 2020
Wed Aug  5 20:30:51 IST 2020
Wed Aug  5 20:30:52 IST 2020
Wed Aug  5 20:30:53 IST 2020
Wed Aug  5 20:30:54 IST 2020
Wed Aug  5 20:30:55 IST 2020
Wed Aug  5 20:30:56 IST 2020
Wed Aug  5 20:30:57 IST 2020
Wed Aug  5 20:30:58 IST 2020
Wed Aug  5 20:30:59 IST 2020
Wed Aug  5 20:31:00 IST 2020
Wed Aug  5 20:31:01 IST 2020
Wed Aug  5 20:31:02 IST 2020
Wed Aug  5 20:31:03 IST 2020
Wed Aug  5 20:31:04 IST 2020
Wed Aug  5 20:31:05 IST 2020
Wed Aug  5 20:31:06 IST 2020
Wed Aug  5 20:31:07 IST 2020
Wed Aug  5 20:31:08 IST 2020
Wed Aug  5 20:31:09 IST 2020
Wed Aug  5 20:31:10 IST 2020
Wed Aug  5 20:31:11 IST 2020
Wed Aug  5 20:31:12 IST 2020
Wed Aug  5 20:31:13 IST 2020
Wed Aug  5 20:31:14 IST 2020
Wed Aug  5 20:31:15 IST 2020
Wed Aug  5 20:31:16 IST 2020
Wed Aug  5 20:31:17 IST 2020
Wed Aug  5 20:31:18 IST 2020
Wed Aug  5 20:31:19 IST 2020
Wed Aug  5 20:31:20 IST 2020
Wed Aug  5 20:31:21 IST 2020
Wed Aug  5 20:31:22 IST 2020
Wed Aug  5 20:31:23 IST 2020
Wed Aug  5 20:31:24 IST 2020
Wed Aug  5 20:31:25 IST 2020
Wed Aug  5 20:31:26 IST 2020
Wed Aug  5 20:31:27 IST 2020
Wed Aug  5 20:31:28 IST 2020
Wed Aug  5 20:31:29 IST 2020
Wed Aug  5 20:31:30 IST 2020
Wed Aug  5 20:31:31 IST 2020
Wed Aug  5 20:31:32 IST 2020
Wed Aug  5 20:31:33 IST 2020
Wed Aug  5 20:31:34 IST 2020
Wed Aug  5 20:31:35 IST 2020
Wed Aug  5 20:31:36 IST 2020
Wed Aug  5 20:31:37 IST 2020
Wed Aug  5 20:31:38 IST 2020
Wed Aug  5 20:31:39 IST 2020
Wed Aug  5 20:31:40 IST 2020
Wed Aug  5 20:31:41 IST 2020
Wed Aug  5 20:31:42 IST 2020
Wed Aug  5 20:31:43 IST 2020
Wed Aug  5 20:31:44 IST 2020
Wed Aug  5 20:31:45 IST 2020
Wed Aug  5 20:31:46 IST 2020
Wed Aug  5 20:31:48 IST 2020
Wed Aug  5 20:31:49 IST 2020
Wed Aug  5 20:31:50 IST 2020
Wed Aug  5 20:31:51 IST 2020
Wed Aug  5 20:31:52 IST 2020
Wed Aug  5 20:31:53 IST 2020
Wed Aug  5 20:31:54 IST 2020
Wed Aug  5 20:31:55 IST 2020
Wed Aug  5 20:31:56 IST 2020
Wed Aug  5 20:31:57 IST 2020
Wed Aug  5 20:31:58 IST 2020
Wed Aug  5 20:31:59 IST 2020
Wed Aug  5 20:32:00 IST 2020
Wed Aug  5 20:32:01 IST 2020
Wed Aug  5 20:32:02 IST 2020
Wed Aug  5 20:32:03 IST 2020
Wed Aug  5 20:32:04 IST 2020
Wed Aug  5 20:32:05 IST 2020
Wed Aug  5 20:32:06 IST 2020
Wed Aug  5 20:32:07 IST 2020
Wed Aug  5 20:32:08 IST 2020
Wed Aug  5 20:32:09 IST 2020
Wed Aug  5 20:32:10 IST 2020
Wed Aug  5 20:32:11 IST 2020
Wed Aug  5 20:32:12 IST 2020
Wed Aug  5 20:32:13 IST 2020
Wed Aug  5 20:32:14 IST 2020
Wed Aug  5 20:32:15 IST 2020
Wed Aug  5 20:32:16 IST 2020
Wed Aug  5 20:32:17 IST 2020
Wed Aug  5 20:32:18 IST 2020
Wed Aug  5 20:32:19 IST 2020
Wed Aug  5 20:32:20 IST 2020
Wed Aug  5 20:32:21 IST 2020
Wed Aug  5 20:32:22 IST 2020
Wed Aug  5 20:32:23 IST 2020
Wed Aug  5 20:32:24 IST 2020
Wed Aug  5 20:32:25 IST 2020
Wed Aug  5 20:32:26 IST 2020
Wed Aug  5 20:32:27 IST 2020
Wed Aug  5 20:32:28 IST 2020
Wed Aug  5 20:32:29 IST 2020
Wed Aug  5 20:32:30 IST 2020
Wed Aug  5 20:32:31 IST 2020
Wed Aug  5 20:32:32 IST 2020
Wed Aug  5 20:32:33 IST 2020
Wed Aug  5 20:32:34 IST 2020
Wed Aug  5 20:32:35 IST 2020
Wed Aug  5 20:32:36 IST 2020
Wed Aug  5 20:32:37 IST 2020
Wed Aug  5 20:32:38 IST 2020
Wed Aug  5 20:32:39 IST 2020
Wed Aug  5 20:32:40 IST 2020
Wed Aug  5 20:32:41 IST 2020
Wed Aug  5 20:32:42 IST 2020
Wed Aug  5 20:32:43 IST 2020
Wed Aug  5 20:32:44 IST 2020
Wed Aug  5 20:32:45 IST 2020
Wed Aug  5 20:32:46 IST 2020
Wed Aug  5 20:32:47 IST 2020
Wed Aug  5 20:32:48 IST 2020
Wed Aug  5 20:32:49 IST 2020
Wed Aug  5 20:32:50 IST 2020
Wed Aug  5 20:32:51 IST 2020
Wed Aug  5 20:32:52 IST 2020
Wed Aug  5 20:32:53 IST 2020
Wed Aug  5 20:32:54 IST 2020
Wed Aug  5 20:32:55 IST 2020
Wed Aug  5 20:32:56 IST 2020
Wed Aug  5 20:32:57 IST 2020
Wed Aug  5 20:32:58 IST 2020
Wed Aug  5 20:32:59 IST 2020
Wed Aug  5 20:33:00 IST 2020
Wed Aug  5 20:33:01 IST 2020
Wed Aug  5 20:33:02 IST 2020
Wed Aug  5 20:33:03 IST 2020
Wed Aug  5 20:33:04 IST 2020
Wed Aug  5 20:33:05 IST 2020
Wed Aug  5 20:33:06 IST 2020
Wed Aug  5 20:33:07 IST 2020
Wed Aug  5 20:33:08 IST 2020
Wed Aug  5 20:33:09 IST 2020
Wed Aug  5 20:33:10 IST 2020
Wed Aug  5 20:33:11 IST 2020
Wed Aug  5 20:33:12 IST 2020
Wed Aug  5 20:33:13 IST 2020
Wed Aug  5 20:33:14 IST 2020
Wed Aug  5 20:33:15 IST 2020
Wed Aug  5 20:33:16 IST 2020
Wed Aug  5 20:33:17 IST 2020
Wed Aug  5 20:33:18 IST 2020
Wed Aug  5 20:33:19 IST 2020
Wed Aug  5 20:33:20 IST 2020
Wed Aug  5 20:33:21 IST 2020
Wed Aug  5 20:33:22 IST 2020
Wed Aug  5 20:33:23 IST 2020
Wed Aug  5 20:33:24 IST 2020
Wed Aug  5 20:33:25 IST 2020
Wed Aug  5 20:33:26 IST 2020
Wed Aug  5 20:33:27 IST 2020
Wed Aug  5 20:33:28 IST 2020
Wed Aug  5 20:33:29 IST 2020
Wed Aug  5 20:33:30 IST 2020
Wed Aug  5 20:33:31 IST 2020
Wed Aug  5 20:33:32 IST 2020
Wed Aug  5 20:33:33 IST 2020
Wed Aug  5 20:33:34 IST 2020
Wed Aug  5 20:33:35 IST 2020
Wed Aug  5 20:33:36 IST 2020
Wed Aug  5 20:33:37 IST 2020
Wed Aug  5 20:33:38 IST 2020
Wed Aug  5 20:33:39 IST 2020
Wed Aug  5 20:33:40 IST 2020
Wed Aug  5 20:33:41 IST 2020
Wed Aug  5 20:33:42 IST 2020
Wed Aug  5 20:33:43 IST 2020
Wed Aug  5 20:33:44 IST 2020
Wed Aug  5 20:33:45 IST 2020
Wed Aug  5 20:33:46 IST 2020
Wed Aug  5 20:33:47 IST 2020
Wed Aug  5 20:33:48 IST 2020
Wed Aug  5 20:33:49 IST 2020
Wed Aug  5 20:33:50 IST 2020
Wed Aug  5 20:33:51 IST 2020
Wed Aug  5 20:33:52 IST 2020
Wed Aug  5 20:33:53 IST 2020
Wed Aug  5 20:33:54 IST 2020
Wed Aug  5 20:33:55 IST 2020
Wed Aug  5 20:33:56 IST 2020
Wed Aug  5 20:33:57 IST 2020
Wed Aug  5 20:33:58 IST 2020
Wed Aug  5 20:33:59 IST 2020
Wed Aug  5 20:34:00 IST 2020
Wed Aug  5 20:34:01 IST 2020
Wed Aug  5 20:34:02 IST 2020
Wed Aug  5 20:34:03 IST 2020
Wed Aug  5 20:34:04 IST 2020
Wed Aug  5 20:34:05 IST 2020
Wed Aug  5 20:34:06 IST 2020
Wed Aug  5 20:34:07 IST 2020
Wed Aug  5 20:34:08 IST 2020
Wed Aug  5 20:34:09 IST 2020
Wed Aug  5 20:34:10 IST 2020
Wed Aug  5 20:34:11 IST 2020
Wed Aug  5 20:34:12 IST 2020
Wed Aug  5 20:34:13 IST 2020
Wed Aug  5 20:34:14 IST 2020
Wed Aug  5 20:34:15 IST 2020
Wed Aug  5 20:34:16 IST 2020
Wed Aug  5 20:34:17 IST 2020
Wed Aug  5 20:34:18 IST 2020
Wed Aug  5 20:34:19 IST 2020
Wed Aug  5 20:34:20 IST 2020
Wed Aug  5 20:34:21 IST 2020
Wed Aug  5 20:34:22 IST 2020
Wed Aug  5 20:34:23 IST 2020
Wed Aug  5 20:34:24 IST 2020
Wed Aug  5 20:34:25 IST 2020
Wed Aug  5 20:34:26 IST 2020
Wed Aug  5 20:34:27 IST 2020
Wed Aug  5 20:34:28 IST 2020
Wed Aug  5 20:34:29 IST 2020
Wed Aug  5 20:34:30 IST 2020
Wed Aug  5 20:34:31 IST 2020
Wed Aug  5 20:34:32 IST 2020
Wed Aug  5 20:34:33 IST 2020
Wed Aug  5 20:34:34 IST 2020
Wed Aug  5 20:34:35 IST 2020
Wed Aug  5 20:34:36 IST 2020
Wed Aug  5 20:34:37 IST 2020
Wed Aug  5 20:34:39 IST 2020
Wed Aug  5 20:34:40 IST 2020
Wed Aug  5 20:34:41 IST 2020
Wed Aug  5 20:34:42 IST 2020
Wed Aug  5 20:34:43 IST 2020
Wed Aug  5 20:34:44 IST 2020
Wed Aug  5 20:34:45 IST 2020
Wed Aug  5 20:34:46 IST 2020
Wed Aug  5 20:34:47 IST 2020
Wed Aug  5 20:34:48 IST 2020
Wed Aug  5 20:34:49 IST 2020
Wed Aug  5 20:34:50 IST 2020
Wed Aug  5 20:34:51 IST 2020
Wed Aug  5 20:34:52 IST 2020
Wed Aug  5 20:34:53 IST 2020
Wed Aug  5 20:34:54 IST 2020
Wed Aug  5 20:34:55 IST 2020
Wed Aug  5 20:34:56 IST 2020
Wed Aug  5 20:34:57 IST 2020
Wed Aug  5 20:34:58 IST 2020
Wed Aug  5 20:34:59 IST 2020
Wed Aug  5 20:35:00 IST 2020
Wed Aug  5 20:35:01 IST 2020
Wed Aug  5 20:35:02 IST 2020
Wed Aug  5 20:35:03 IST 2020
Wed Aug  5 20:35:04 IST 2020
Wed Aug  5 20:35:05 IST 2020
Wed Aug  5 20:35:06 IST 2020
Wed Aug  5 20:35:07 IST 2020
Wed Aug  5 20:35:08 IST 2020
Wed Aug  5 20:35:09 IST 2020
Wed Aug  5 20:35:10 IST 2020
Wed Aug  5 20:35:11 IST 2020
Wed Aug  5 20:35:12 IST 2020
Wed Aug  5 20:35:13 IST 2020
Wed Aug  5 20:35:14 IST 2020
Wed Aug  5 20:35:15 IST 2020
Wed Aug  5 20:35:16 IST 2020
Wed Aug  5 20:35:17 IST 2020
Wed Aug  5 20:35:18 IST 2020
Wed Aug  5 20:35:19 IST 2020
Wed Aug  5 20:35:20 IST 2020
Wed Aug  5 20:35:21 IST 2020
Wed Aug  5 20:35:22 IST 2020
Wed Aug  5 20:35:23 IST 2020
Wed Aug  5 20:35:24 IST 2020
Wed Aug  5 20:35:25 IST 2020
Wed Aug  5 20:35:26 IST 2020
Wed Aug  5 20:35:27 IST 2020
Wed Aug  5 20:35:28 IST 2020
Wed Aug  5 20:35:29 IST 2020
Wed Aug  5 20:35:30 IST 2020
Wed Aug  5 20:35:31 IST 2020
Wed Aug  5 20:35:32 IST 2020
Wed Aug  5 20:35:33 IST 2020
Wed Aug  5 20:35:34 IST 2020
Wed Aug  5 20:35:35 IST 2020
Wed Aug  5 20:35:36 IST 2020
Wed Aug  5 20:35:37 IST 2020
Wed Aug  5 20:35:38 IST 2020
Wed Aug  5 20:35:39 IST 2020
Wed Aug  5 20:35:40 IST 2020
Wed Aug  5 20:35:41 IST 2020
Wed Aug  5 20:35:42 IST 2020
Wed Aug  5 20:35:43 IST 2020
Wed Aug  5 20:35:44 IST 2020
Wed Aug  5 20:35:45 IST 2020
Wed Aug  5 20:35:46 IST 2020
Wed Aug  5 20:35:47 IST 2020
Wed Aug  5 20:35:48 IST 2020
Wed Aug  5 20:35:49 IST 2020
Wed Aug  5 20:35:50 IST 2020
Wed Aug  5 20:35:51 IST 2020
Wed Aug  5 20:35:52 IST 2020
Wed Aug  5 20:35:53 IST 2020
Wed Aug  5 20:35:54 IST 2020
Wed Aug  5 20:35:55 IST 2020
Wed Aug  5 20:35:56 IST 2020
Wed Aug  5 20:35:57 IST 2020
Wed Aug  5 20:35:58 IST 2020
Wed Aug  5 20:35:59 IST 2020
Wed Aug  5 20:36:00 IST 2020
Wed Aug  5 20:36:01 IST 2020
Wed Aug  5 20:36:02 IST 2020
Wed Aug  5 20:36:03 IST 2020
Wed Aug  5 20:36:04 IST 2020
Wed Aug  5 20:36:05 IST 2020
Wed Aug  5 20:36:06 IST 2020
Wed Aug  5 20:36:07 IST 2020
Wed Aug  5 20:36:08 IST 2020
Wed Aug  5 20:36:09 IST 2020
Wed Aug  5 20:36:10 IST 2020
Wed Aug  5 20:36:11 IST 2020
Wed Aug  5 20:36:12 IST 2020
Wed Aug  5 20:36:13 IST 2020
Wed Aug  5 20:36:14 IST 2020
Wed Aug  5 20:36:15 IST 2020
Wed Aug  5 20:36:16 IST 2020
Wed Aug  5 20:36:17 IST 2020
Wed Aug  5 20:36:18 IST 2020
Wed Aug  5 20:36:19 IST 2020
Wed Aug  5 20:36:20 IST 2020
Wed Aug  5 20:36:21 IST 2020
Wed Aug  5 20:36:22 IST 2020
Wed Aug  5 20:36:23 IST 2020
Wed Aug  5 20:36:24 IST 2020
Wed Aug  5 20:36:25 IST 2020
Wed Aug  5 20:36:26 IST 2020
Wed Aug  5 20:36:27 IST 2020
Wed Aug  5 20:36:28 IST 2020
Wed Aug  5 20:36:29 IST 2020
Wed Aug  5 20:36:30 IST 2020
Wed Aug  5 20:36:31 IST 2020
Wed Aug  5 20:36:32 IST 2020
Wed Aug  5 20:36:33 IST 2020
Wed Aug  5 20:36:34 IST 2020
Wed Aug  5 20:36:35 IST 2020
Wed Aug  5 20:36:36 IST 2020
Wed Aug  5 20:36:37 IST 2020
Wed Aug  5 20:36:38 IST 2020
Wed Aug  5 20:36:39 IST 2020
Wed Aug  5 20:36:40 IST 2020
Wed Aug  5 20:36:41 IST 2020
Wed Aug  5 20:36:42 IST 2020
Wed Aug  5 20:36:43 IST 2020
Wed Aug  5 20:36:44 IST 2020
Wed Aug  5 20:36:45 IST 2020
Wed Aug  5 20:36:46 IST 2020
Wed Aug  5 20:36:47 IST 2020
Wed Aug  5 20:36:48 IST 2020
Wed Aug  5 20:36:49 IST 2020
Wed Aug  5 20:36:50 IST 2020
Wed Aug  5 20:36:51 IST 2020
Wed Aug  5 20:36:52 IST 2020
Wed Aug  5 20:36:53 IST 2020
Wed Aug  5 20:36:54 IST 2020
Wed Aug  5 20:36:55 IST 2020
Wed Aug  5 20:36:56 IST 2020
Wed Aug  5 20:36:57 IST 2020
Wed Aug  5 20:36:58 IST 2020
Wed Aug  5 20:36:59 IST 2020
Wed Aug  5 20:37:00 IST 2020
Wed Aug  5 20:37:01 IST 2020
Wed Aug  5 20:37:02 IST 2020
Wed Aug  5 20:37:03 IST 2020
Wed Aug  5 20:37:04 IST 2020
Wed Aug  5 20:37:05 IST 2020
Wed Aug  5 20:37:06 IST 2020
Wed Aug  5 20:37:07 IST 2020
Wed Aug  5 20:37:08 IST 2020
Wed Aug  5 20:37:09 IST 2020
Wed Aug  5 20:37:10 IST 2020
Wed Aug  5 20:37:11 IST 2020
Wed Aug  5 20:37:12 IST 2020
Wed Aug  5 20:37:13 IST 2020
Wed Aug  5 20:37:14 IST 2020
Wed Aug  5 20:37:15 IST 2020
Wed Aug  5 20:37:16 IST 2020
Wed Aug  5 20:37:17 IST 2020
Wed Aug  5 20:37:18 IST 2020
Wed Aug  5 20:37:19 IST 2020
Wed Aug  5 20:37:20 IST 2020
Wed Aug  5 20:37:21 IST 2020
Wed Aug  5 20:37:22 IST 2020
Wed Aug  5 20:37:23 IST 2020
Wed Aug  5 20:37:24 IST 2020
Wed Aug  5 20:37:25 IST 2020
Wed Aug  5 20:37:26 IST 2020
Wed Aug  5 20:37:27 IST 2020
Wed Aug  5 20:37:28 IST 2020
Wed Aug  5 20:37:29 IST 2020
Wed Aug  5 20:37:30 IST 2020
Wed Aug  5 20:37:31 IST 2020
Wed Aug  5 20:37:32 IST 2020
Wed Aug  5 20:37:33 IST 2020
Wed Aug  5 20:37:35 IST 2020
Wed Aug  5 20:37:36 IST 2020
Wed Aug  5 20:37:37 IST 2020
Wed Aug  5 20:37:38 IST 2020
Wed Aug  5 20:37:39 IST 2020
Wed Aug  5 20:37:40 IST 2020
Wed Aug  5 20:37:41 IST 2020
Wed Aug  5 20:37:42 IST 2020
Wed Aug  5 20:37:43 IST 2020
Wed Aug  5 20:37:44 IST 2020
Wed Aug  5 20:37:45 IST 2020
Wed Aug  5 20:37:46 IST 2020
Wed Aug  5 20:37:47 IST 2020
Wed Aug  5 20:37:48 IST 2020
Wed Aug  5 20:37:49 IST 2020
Wed Aug  5 20:37:50 IST 2020
Wed Aug  5 20:37:51 IST 2020
Wed Aug  5 20:37:52 IST 2020
Wed Aug  5 20:37:53 IST 2020
Wed Aug  5 20:37:54 IST 2020
Wed Aug  5 20:37:55 IST 2020
Wed Aug  5 20:37:56 IST 2020
Wed Aug  5 20:37:57 IST 2020
Wed Aug  5 20:37:58 IST 2020
Wed Aug  5 20:37:59 IST 2020
Wed Aug  5 20:38:00 IST 2020
Wed Aug  5 20:38:01 IST 2020
Wed Aug  5 20:38:02 IST 2020
Wed Aug  5 20:38:03 IST 2020
Wed Aug  5 20:38:04 IST 2020
Wed Aug  5 20:38:05 IST 2020
Wed Aug  5 20:38:06 IST 2020
Wed Aug  5 20:38:07 IST 2020
Wed Aug  5 20:38:08 IST 2020
Wed Aug  5 20:38:09 IST 2020
Wed Aug  5 20:38:10 IST 2020
Wed Aug  5 20:38:11 IST 2020
Wed Aug  5 20:38:13 IST 2020
Wed Aug  5 20:38:14 IST 2020
Wed Aug  5 20:38:15 IST 2020
Wed Aug  5 20:38:16 IST 2020
Wed Aug  5 20:38:17 IST 2020
Wed Aug  5 20:38:18 IST 2020
Wed Aug  5 20:38:19 IST 2020
Wed Aug  5 20:38:20 IST 2020
Wed Aug  5 20:38:21 IST 2020
Wed Aug  5 20:38:22 IST 2020
Wed Aug  5 20:38:23 IST 2020
Wed Aug  5 20:38:24 IST 2020
Wed Aug  5 20:38:25 IST 2020
Wed Aug  5 20:38:26 IST 2020
Wed Aug  5 20:38:27 IST 2020
Wed Aug  5 20:38:28 IST 2020
Wed Aug  5 20:38:29 IST 2020
Wed Aug  5 20:38:30 IST 2020
Wed Aug  5 20:38:31 IST 2020
Wed Aug  5 20:38:32 IST 2020
Wed Aug  5 20:38:33 IST 2020
Wed Aug  5 20:38:34 IST 2020
Wed Aug  5 20:38:35 IST 2020
Wed Aug  5 20:38:36 IST 2020
Wed Aug  5 20:38:37 IST 2020
Wed Aug  5 20:38:38 IST 2020
Wed Aug  5 20:38:39 IST 2020
Wed Aug  5 20:38:40 IST 2020
Wed Aug  5 20:38:41 IST 2020
Wed Aug  5 20:38:42 IST 2020
Wed Aug  5 20:38:43 IST 2020
Wed Aug  5 20:38:44 IST 2020
Wed Aug  5 20:38:45 IST 2020
Wed Aug  5 20:38:46 IST 2020
Wed Aug  5 20:38:47 IST 2020
Wed Aug  5 20:38:48 IST 2020
Wed Aug  5 20:38:49 IST 2020
Wed Aug  5 20:38:50 IST 2020
Wed Aug  5 20:38:51 IST 2020
Wed Aug  5 20:38:52 IST 2020
Wed Aug  5 20:38:53 IST 2020
Wed Aug  5 20:38:54 IST 2020
Wed Aug  5 20:38:55 IST 2020
Wed Aug  5 20:38:56 IST 2020
Wed Aug  5 20:38:57 IST 2020
Wed Aug  5 20:38:58 IST 2020
Wed Aug  5 20:38:59 IST 2020
Wed Aug  5 20:39:00 IST 2020
Wed Aug  5 20:39:02 IST 2020
Wed Aug  5 20:39:03 IST 2020
Wed Aug  5 20:39:04 IST 2020
Wed Aug  5 20:39:05 IST 2020
Wed Aug  5 20:39:06 IST 2020
Wed Aug  5 20:39:07 IST 2020
Wed Aug  5 20:39:08 IST 2020
Wed Aug  5 20:39:09 IST 2020
Wed Aug  5 20:39:10 IST 2020
Wed Aug  5 20:39:11 IST 2020
Wed Aug  5 20:39:12 IST 2020
Wed Aug  5 20:39:13 IST 2020
Wed Aug  5 20:39:14 IST 2020
Wed Aug  5 20:39:15 IST 2020
Wed Aug  5 20:39:16 IST 2020
Wed Aug  5 20:39:17 IST 2020
Wed Aug  5 20:39:18 IST 2020
Wed Aug  5 20:39:19 IST 2020
Wed Aug  5 20:39:20 IST 2020
Wed Aug  5 20:39:21 IST 2020
Wed Aug  5 20:39:22 IST 2020
Wed Aug  5 20:39:23 IST 2020
Wed Aug  5 20:39:24 IST 2020
Wed Aug  5 20:39:25 IST 2020
Wed Aug  5 20:39:26 IST 2020
Wed Aug  5 20:39:27 IST 2020
Wed Aug  5 20:39:28 IST 2020
Wed Aug  5 20:39:29 IST 2020
Wed Aug  5 20:39:30 IST 2020
Wed Aug  5 20:39:31 IST 2020
Wed Aug  5 20:39:32 IST 2020
Wed Aug  5 20:39:33 IST 2020
Wed Aug  5 20:39:34 IST 2020
Wed Aug  5 20:39:35 IST 2020
Wed Aug  5 20:39:36 IST 2020
Wed Aug  5 20:39:37 IST 2020
Wed Aug  5 20:39:38 IST 2020
Wed Aug  5 20:39:39 IST 2020
Wed Aug  5 20:39:40 IST 2020
Wed Aug  5 20:39:41 IST 2020
Wed Aug  5 20:39:42 IST 2020
Wed Aug  5 20:39:43 IST 2020
Wed Aug  5 20:39:44 IST 2020
Wed Aug  5 20:39:45 IST 2020
Wed Aug  5 20:39:46 IST 2020
Wed Aug  5 20:39:47 IST 2020
Wed Aug  5 20:39:48 IST 2020
Wed Aug  5 20:39:49 IST 2020
Wed Aug  5 20:39:50 IST 2020
Wed Aug  5 20:39:51 IST 2020
Wed Aug  5 20:39:52 IST 2020
Wed Aug  5 20:39:53 IST 2020
Wed Aug  5 20:39:54 IST 2020
Wed Aug  5 20:39:55 IST 2020
Wed Aug  5 20:39:56 IST 2020
Wed Aug  5 20:39:57 IST 2020
Wed Aug  5 20:39:58 IST 2020
Wed Aug  5 20:39:59 IST 2020
Wed Aug  5 20:40:00 IST 2020
Wed Aug  5 20:40:01 IST 2020
Wed Aug  5 20:40:02 IST 2020
Wed Aug  5 20:40:03 IST 2020
Wed Aug  5 20:40:04 IST 2020
Wed Aug  5 20:40:05 IST 2020
Wed Aug  5 20:40:06 IST 2020
Wed Aug  5 20:40:07 IST 2020
Wed Aug  5 20:40:08 IST 2020
Wed Aug  5 20:40:09 IST 2020
Wed Aug  5 20:40:10 IST 2020
Wed Aug  5 20:40:11 IST 2020
Wed Aug  5 20:40:12 IST 2020
Wed Aug  5 20:40:13 IST 2020
Wed Aug  5 20:40:14 IST 2020
Wed Aug  5 20:40:15 IST 2020
Wed Aug  5 20:40:16 IST 2020
Wed Aug  5 20:40:17 IST 2020
Wed Aug  5 20:40:18 IST 2020
Wed Aug  5 20:40:19 IST 2020
Wed Aug  5 20:40:20 IST 2020
Wed Aug  5 20:40:21 IST 2020
Wed Aug  5 20:40:22 IST 2020
Wed Aug  5 20:40:23 IST 2020
Wed Aug  5 20:40:24 IST 2020
Wed Aug  5 20:40:25 IST 2020
Wed Aug  5 20:40:26 IST 2020
Wed Aug  5 20:40:27 IST 2020
Wed Aug  5 20:40:28 IST 2020
Wed Aug  5 20:40:29 IST 2020
Wed Aug  5 20:40:30 IST 2020
Wed Aug  5 20:40:31 IST 2020
Wed Aug  5 20:40:32 IST 2020
Wed Aug  5 20:40:34 IST 2020
Wed Aug  5 20:40:35 IST 2020
Wed Aug  5 20:40:36 IST 2020
Wed Aug  5 20:40:37 IST 2020
Wed Aug  5 20:40:38 IST 2020
Wed Aug  5 20:40:39 IST 2020
Wed Aug  5 20:40:40 IST 2020
Wed Aug  5 20:40:41 IST 2020
Wed Aug  5 20:40:42 IST 2020
Wed Aug  5 20:40:43 IST 2020
Wed Aug  5 20:40:44 IST 2020
Wed Aug  5 20:40:45 IST 2020
Wed Aug  5 20:40:46 IST 2020
Wed Aug  5 20:40:47 IST 2020
Wed Aug  5 20:40:48 IST 2020
Wed Aug  5 20:40:49 IST 2020
Wed Aug  5 20:40:50 IST 2020
Wed Aug  5 20:40:51 IST 2020
Wed Aug  5 20:40:52 IST 2020
Wed Aug  5 20:40:53 IST 2020
Wed Aug  5 20:40:54 IST 2020
Wed Aug  5 20:40:55 IST 2020
Wed Aug  5 20:40:56 IST 2020
Wed Aug  5 20:40:57 IST 2020
Wed Aug  5 20:40:58 IST 2020
Wed Aug  5 20:40:59 IST 2020
Wed Aug  5 20:41:00 IST 2020
Wed Aug  5 20:41:01 IST 2020
Wed Aug  5 20:41:02 IST 2020
Wed Aug  5 20:41:03 IST 2020
Wed Aug  5 20:41:04 IST 2020
Wed Aug  5 20:41:05 IST 2020
Wed Aug  5 20:41:06 IST 2020
Wed Aug  5 20:41:07 IST 2020
Wed Aug  5 20:41:08 IST 2020
Wed Aug  5 20:41:09 IST 2020
Wed Aug  5 20:41:10 IST 2020
Wed Aug  5 20:41:11 IST 2020
Wed Aug  5 20:41:12 IST 2020
Wed Aug  5 20:41:13 IST 2020
Wed Aug  5 20:41:14 IST 2020
Wed Aug  5 20:41:15 IST 2020
Wed Aug  5 20:41:16 IST 2020
Wed Aug  5 20:41:17 IST 2020
Wed Aug  5 20:41:18 IST 2020
Wed Aug  5 20:41:19 IST 2020
Wed Aug  5 20:41:20 IST 2020
Wed Aug  5 20:41:21 IST 2020
Wed Aug  5 20:41:22 IST 2020
Wed Aug  5 20:41:23 IST 2020
Wed Aug  5 20:41:24 IST 2020
Wed Aug  5 20:41:25 IST 2020
Wed Aug  5 20:41:26 IST 2020
Wed Aug  5 20:41:27 IST 2020
Wed Aug  5 20:41:28 IST 2020
Wed Aug  5 20:41:29 IST 2020
Wed Aug  5 20:41:30 IST 2020
Wed Aug  5 20:41:31 IST 2020
Wed Aug  5 20:41:32 IST 2020
Wed Aug  5 20:41:33 IST 2020
Wed Aug  5 20:41:34 IST 2020
Wed Aug  5 20:41:35 IST 2020
Wed Aug  5 20:41:36 IST 2020
Wed Aug  5 20:41:37 IST 2020
Wed Aug  5 20:41:38 IST 2020
Wed Aug  5 20:41:40 IST 2020
Wed Aug  5 20:41:41 IST 2020
Wed Aug  5 20:41:42 IST 2020
Wed Aug  5 20:41:43 IST 2020
Wed Aug  5 20:41:44 IST 2020
Wed Aug  5 20:41:45 IST 2020
Wed Aug  5 20:41:46 IST 2020
Wed Aug  5 20:41:47 IST 2020
Wed Aug  5 20:41:48 IST 2020
Wed Aug  5 20:41:49 IST 2020
Wed Aug  5 20:41:50 IST 2020
Wed Aug  5 20:41:51 IST 2020
Wed Aug  5 20:41:52 IST 2020
Wed Aug  5 20:41:53 IST 2020
Wed Aug  5 20:41:54 IST 2020
Wed Aug  5 20:41:55 IST 2020
Wed Aug  5 20:41:56 IST 2020
Wed Aug  5 20:41:57 IST 2020
Wed Aug  5 20:41:58 IST 2020
Wed Aug  5 20:41:59 IST 2020
Wed Aug  5 20:42:00 IST 2020
Wed Aug  5 20:42:01 IST 2020
Wed Aug  5 20:42:02 IST 2020
Wed Aug  5 20:42:03 IST 2020
Wed Aug  5 20:42:04 IST 2020
Wed Aug  5 20:42:05 IST 2020
Wed Aug  5 20:42:06 IST 2020
Wed Aug  5 20:42:07 IST 2020
Wed Aug  5 20:42:08 IST 2020
Wed Aug  5 20:42:09 IST 2020
Wed Aug  5 20:42:10 IST 2020
Wed Aug  5 20:42:11 IST 2020
Wed Aug  5 20:42:12 IST 2020
Wed Aug  5 20:42:13 IST 2020
Wed Aug  5 20:42:14 IST 2020
Wed Aug  5 20:42:15 IST 2020
Wed Aug  5 20:42:16 IST 2020
Wed Aug  5 20:42:17 IST 2020
Wed Aug  5 20:42:18 IST 2020
Wed Aug  5 20:42:19 IST 2020
Wed Aug  5 20:42:20 IST 2020
Wed Aug  5 20:42:21 IST 2020
Wed Aug  5 20:42:22 IST 2020
Wed Aug  5 20:42:23 IST 2020
Wed Aug  5 20:42:24 IST 2020
Wed Aug  5 20:42:25 IST 2020
Wed Aug  5 20:42:26 IST 2020
Wed Aug  5 20:42:27 IST 2020
Wed Aug  5 20:42:28 IST 2020
Wed Aug  5 20:42:29 IST 2020
Wed Aug  5 20:42:30 IST 2020
Wed Aug  5 20:42:31 IST 2020
Wed Aug  5 20:42:32 IST 2020
Wed Aug  5 20:42:33 IST 2020
Wed Aug  5 20:42:34 IST 2020
Wed Aug  5 20:42:35 IST 2020
Wed Aug  5 20:42:36 IST 2020
Wed Aug  5 20:42:37 IST 2020
Wed Aug  5 20:42:38 IST 2020
Wed Aug  5 20:42:39 IST 2020
Wed Aug  5 20:42:40 IST 2020
Wed Aug  5 20:42:41 IST 2020
Wed Aug  5 20:42:42 IST 2020
Wed Aug  5 20:42:43 IST 2020
Wed Aug  5 20:42:44 IST 2020
Wed Aug  5 20:42:45 IST 2020
Wed Aug  5 20:42:46 IST 2020
Wed Aug  5 20:42:47 IST 2020
Wed Aug  5 20:42:48 IST 2020
Wed Aug  5 20:42:49 IST 2020
Wed Aug  5 20:42:51 IST 2020
Wed Aug  5 20:42:52 IST 2020
Wed Aug  5 20:42:53 IST 2020
Wed Aug  5 20:42:54 IST 2020
Wed Aug  5 20:42:55 IST 2020
Wed Aug  5 20:42:56 IST 2020
Wed Aug  5 20:42:57 IST 2020
Wed Aug  5 20:42:58 IST 2020
Wed Aug  5 20:42:59 IST 2020
Wed Aug  5 20:43:00 IST 2020
Wed Aug  5 20:43:01 IST 2020
Wed Aug  5 20:43:02 IST 2020
Wed Aug  5 20:43:03 IST 2020
Wed Aug  5 20:43:04 IST 2020
Wed Aug  5 20:43:05 IST 2020
Wed Aug  5 20:43:06 IST 2020
Wed Aug  5 20:43:07 IST 2020
Wed Aug  5 20:43:08 IST 2020
Wed Aug  5 20:43:09 IST 2020
Wed Aug  5 20:43:10 IST 2020
Wed Aug  5 20:43:11 IST 2020
Wed Aug  5 20:43:12 IST 2020
Wed Aug  5 20:43:13 IST 2020
Wed Aug  5 20:43:14 IST 2020
Wed Aug  5 20:43:15 IST 2020
Wed Aug  5 20:43:16 IST 2020
Wed Aug  5 20:43:17 IST 2020
Wed Aug  5 20:43:18 IST 2020
Wed Aug  5 20:43:19 IST 2020
Wed Aug  5 20:43:20 IST 2020
Wed Aug  5 20:43:21 IST 2020
Wed Aug  5 20:43:22 IST 2020
Wed Aug  5 20:43:23 IST 2020
Wed Aug  5 20:43:24 IST 2020
Wed Aug  5 20:43:25 IST 2020
Wed Aug  5 20:43:26 IST 2020
Wed Aug  5 20:43:27 IST 2020
Wed Aug  5 20:43:28 IST 2020
Wed Aug  5 20:43:29 IST 2020
Wed Aug  5 20:43:30 IST 2020
Wed Aug  5 20:43:31 IST 2020
Wed Aug  5 20:43:32 IST 2020
Wed Aug  5 20:43:33 IST 2020
Wed Aug  5 20:43:34 IST 2020
Wed Aug  5 20:43:35 IST 2020
Wed Aug  5 20:43:36 IST 2020
Wed Aug  5 20:43:37 IST 2020
Wed Aug  5 20:43:38 IST 2020
Wed Aug  5 20:43:39 IST 2020
Wed Aug  5 20:43:40 IST 2020
Wed Aug  5 20:43:41 IST 2020
Wed Aug  5 20:43:42 IST 2020
Wed Aug  5 20:43:43 IST 2020
Wed Aug  5 20:43:44 IST 2020
Wed Aug  5 20:43:45 IST 2020
Wed Aug  5 20:43:46 IST 2020
Wed Aug  5 20:43:47 IST 2020
Wed Aug  5 20:43:48 IST 2020
Wed Aug  5 20:43:49 IST 2020
Wed Aug  5 20:43:50 IST 2020
Wed Aug  5 20:43:51 IST 2020
Wed Aug  5 20:43:52 IST 2020
Wed Aug  5 20:43:53 IST 2020
Wed Aug  5 20:43:54 IST 2020
Wed Aug  5 20:43:55 IST 2020
Wed Aug  5 20:43:56 IST 2020
Wed Aug  5 20:43:57 IST 2020
Wed Aug  5 20:43:58 IST 2020
Wed Aug  5 20:43:59 IST 2020
Wed Aug  5 20:44:00 IST 2020
Wed Aug  5 20:44:01 IST 2020
Wed Aug  5 20:44:02 IST 2020
Wed Aug  5 20:44:03 IST 2020
Wed Aug  5 20:44:04 IST 2020
Wed Aug  5 20:44:05 IST 2020
Wed Aug  5 20:44:06 IST 2020
Wed Aug  5 20:44:07 IST 2020
Wed Aug  5 20:44:08 IST 2020
Wed Aug  5 20:44:09 IST 2020
Wed Aug  5 20:44:10 IST 2020
Wed Aug  5 20:44:11 IST 2020
Wed Aug  5 20:44:12 IST 2020
Wed Aug  5 20:44:13 IST 2020
Wed Aug  5 20:44:14 IST 2020
Wed Aug  5 20:44:15 IST 2020
Wed Aug  5 20:44:16 IST 2020
Wed Aug  5 20:44:17 IST 2020
Wed Aug  5 20:44:18 IST 2020
Wed Aug  5 20:44:19 IST 2020
Wed Aug  5 20:44:20 IST 2020
Wed Aug  5 20:44:21 IST 2020
Wed Aug  5 20:44:22 IST 2020
Wed Aug  5 20:44:23 IST 2020
Wed Aug  5 20:44:24 IST 2020
Wed Aug  5 20:44:25 IST 2020
Wed Aug  5 20:44:26 IST 2020
Wed Aug  5 20:44:27 IST 2020
Wed Aug  5 20:44:28 IST 2020
Wed Aug  5 20:44:29 IST 2020
Wed Aug  5 20:44:30 IST 2020
Wed Aug  5 20:44:31 IST 2020
Wed Aug  5 20:44:32 IST 2020
Wed Aug  5 20:44:33 IST 2020
Wed Aug  5 20:44:34 IST 2020
Wed Aug  5 20:44:35 IST 2020
Wed Aug  5 20:44:36 IST 2020
Wed Aug  5 20:44:37 IST 2020
Wed Aug  5 20:44:38 IST 2020
Wed Aug  5 20:44:39 IST 2020
Wed Aug  5 20:44:40 IST 2020
Wed Aug  5 20:44:41 IST 2020
Wed Aug  5 20:44:42 IST 2020
Wed Aug  5 20:44:43 IST 2020
Wed Aug  5 20:44:44 IST 2020
Wed Aug  5 20:44:45 IST 2020
Wed Aug  5 20:44:46 IST 2020
Wed Aug  5 20:44:47 IST 2020
Wed Aug  5 20:44:48 IST 2020
Wed Aug  5 20:44:49 IST 2020
Wed Aug  5 20:44:50 IST 2020
Wed Aug  5 20:44:51 IST 2020
Wed Aug  5 20:44:52 IST 2020
Wed Aug  5 20:44:53 IST 2020
Wed Aug  5 20:44:54 IST 2020
Wed Aug  5 20:44:56 IST 2020
Wed Aug  5 20:44:57 IST 2020
Wed Aug  5 20:44:58 IST 2020
Wed Aug  5 20:44:59 IST 2020
Wed Aug  5 20:45:00 IST 2020
Wed Aug  5 20:45:01 IST 2020
Wed Aug  5 20:45:02 IST 2020
Wed Aug  5 20:45:03 IST 2020
Wed Aug  5 20:45:04 IST 2020
Wed Aug  5 20:45:05 IST 2020
Wed Aug  5 20:45:06 IST 2020
Wed Aug  5 20:45:07 IST 2020
Wed Aug  5 20:45:08 IST 2020
Wed Aug  5 20:45:09 IST 2020
Wed Aug  5 20:45:10 IST 2020
Wed Aug  5 20:45:11 IST 2020
Wed Aug  5 20:45:12 IST 2020
Wed Aug  5 20:45:13 IST 2020
Wed Aug  5 20:45:14 IST 2020
Wed Aug  5 20:45:15 IST 2020
Wed Aug  5 20:45:16 IST 2020
Wed Aug  5 20:45:17 IST 2020
Wed Aug  5 20:45:18 IST 2020
Wed Aug  5 20:45:19 IST 2020
Wed Aug  5 20:45:20 IST 2020
Wed Aug  5 20:45:21 IST 2020
Wed Aug  5 20:45:22 IST 2020
Wed Aug  5 20:45:23 IST 2020
Wed Aug  5 20:45:24 IST 2020
Wed Aug  5 20:45:25 IST 2020
Wed Aug  5 20:45:26 IST 2020
Wed Aug  5 20:45:27 IST 2020
Wed Aug  5 20:45:28 IST 2020
Wed Aug  5 20:45:29 IST 2020
Wed Aug  5 20:45:30 IST 2020
Wed Aug  5 20:45:31 IST 2020
Wed Aug  5 20:45:32 IST 2020
Wed Aug  5 20:45:33 IST 2020
Wed Aug  5 20:45:35 IST 2020
Wed Aug  5 20:45:36 IST 2020
Wed Aug  5 20:45:37 IST 2020
Wed Aug  5 20:45:38 IST 2020
Wed Aug  5 20:45:39 IST 2020
Wed Aug  5 20:45:40 IST 2020
Wed Aug  5 20:45:41 IST 2020
Wed Aug  5 20:45:42 IST 2020
Wed Aug  5 20:45:43 IST 2020
Wed Aug  5 20:45:44 IST 2020
Wed Aug  5 20:45:45 IST 2020
Wed Aug  5 20:45:46 IST 2020
Wed Aug  5 20:45:47 IST 2020
Wed Aug  5 20:45:48 IST 2020
Wed Aug  5 20:45:49 IST 2020
Wed Aug  5 20:45:50 IST 2020
Wed Aug  5 20:45:51 IST 2020
Wed Aug  5 20:45:52 IST 2020
Wed Aug  5 20:45:53 IST 2020
Wed Aug  5 20:45:54 IST 2020
Wed Aug  5 20:45:55 IST 2020
Wed Aug  5 20:45:56 IST 2020
Wed Aug  5 20:45:57 IST 2020
Wed Aug  5 20:45:58 IST 2020
Wed Aug  5 20:45:59 IST 2020
Wed Aug  5 20:46:00 IST 2020
Wed Aug  5 20:46:01 IST 2020
Wed Aug  5 20:46:02 IST 2020
Wed Aug  5 20:46:03 IST 2020
Wed Aug  5 20:46:04 IST 2020
Wed Aug  5 20:46:05 IST 2020
Wed Aug  5 20:46:06 IST 2020
Wed Aug  5 20:46:07 IST 2020
Wed Aug  5 20:46:08 IST 2020
Wed Aug  5 20:46:09 IST 2020
Wed Aug  5 20:46:10 IST 2020
Wed Aug  5 20:46:11 IST 2020
Wed Aug  5 20:46:12 IST 2020
Wed Aug  5 20:46:13 IST 2020
Wed Aug  5 20:46:14 IST 2020
Wed Aug  5 20:46:15 IST 2020
Wed Aug  5 20:46:16 IST 2020
Wed Aug  5 20:46:17 IST 2020
Wed Aug  5 20:46:18 IST 2020
Wed Aug  5 20:46:19 IST 2020
Wed Aug  5 20:46:20 IST 2020
Wed Aug  5 20:46:21 IST 2020
Wed Aug  5 20:46:22 IST 2020
Wed Aug  5 20:46:23 IST 2020
Wed Aug  5 20:46:24 IST 2020
Wed Aug  5 20:46:25 IST 2020
Wed Aug  5 20:46:26 IST 2020
Wed Aug  5 20:46:27 IST 2020
Wed Aug  5 20:46:28 IST 2020
Wed Aug  5 20:46:29 IST 2020
Wed Aug  5 20:46:30 IST 2020
Wed Aug  5 20:46:31 IST 2020
Wed Aug  5 20:46:32 IST 2020
Wed Aug  5 20:46:33 IST 2020
Wed Aug  5 20:46:34 IST 2020
Wed Aug  5 20:46:35 IST 2020
Wed Aug  5 20:46:37 IST 2020
Wed Aug  5 20:46:38 IST 2020
Wed Aug  5 20:46:39 IST 2020
Wed Aug  5 20:46:40 IST 2020
Wed Aug  5 20:46:41 IST 2020
Wed Aug  5 20:46:42 IST 2020
Wed Aug  5 20:46:43 IST 2020
Wed Aug  5 20:46:44 IST 2020
Wed Aug  5 20:46:45 IST 2020
Wed Aug  5 20:46:46 IST 2020
Wed Aug  5 20:46:47 IST 2020
Wed Aug  5 20:46:48 IST 2020
Wed Aug  5 20:46:49 IST 2020
Wed Aug  5 20:46:50 IST 2020
Wed Aug  5 20:46:51 IST 2020
Wed Aug  5 20:46:52 IST 2020
Wed Aug  5 20:46:53 IST 2020
Wed Aug  5 20:46:54 IST 2020
Wed Aug  5 20:46:55 IST 2020
Wed Aug  5 20:46:56 IST 2020
Wed Aug  5 20:46:57 IST 2020
Wed Aug  5 20:46:58 IST 2020
Wed Aug  5 20:46:59 IST 2020
Wed Aug  5 20:47:00 IST 2020
Wed Aug  5 20:47:01 IST 2020
Wed Aug  5 20:47:02 IST 2020
Wed Aug  5 20:47:03 IST 2020
Wed Aug  5 20:47:04 IST 2020
Wed Aug  5 20:47:05 IST 2020
Wed Aug  5 20:47:06 IST 2020
Wed Aug  5 20:47:07 IST 2020
Wed Aug  5 20:47:08 IST 2020
Wed Aug  5 20:47:09 IST 2020
Wed Aug  5 20:47:10 IST 2020
Wed Aug  5 20:47:11 IST 2020
Wed Aug  5 20:47:12 IST 2020
Wed Aug  5 20:47:13 IST 2020
Wed Aug  5 20:47:14 IST 2020
Wed Aug  5 20:47:15 IST 2020
Wed Aug  5 20:47:16 IST 2020
Wed Aug  5 20:47:17 IST 2020
Wed Aug  5 20:47:18 IST 2020
Wed Aug  5 20:47:19 IST 2020
Wed Aug  5 20:47:20 IST 2020
Wed Aug  5 20:47:21 IST 2020
Wed Aug  5 20:47:22 IST 2020
Wed Aug  5 20:47:23 IST 2020
Wed Aug  5 20:47:24 IST 2020
Wed Aug  5 20:47:25 IST 2020
Wed Aug  5 20:47:26 IST 2020
Wed Aug  5 20:47:27 IST 2020
Wed Aug  5 20:47:28 IST 2020
Wed Aug  5 20:47:29 IST 2020
Wed Aug  5 20:47:30 IST 2020
Wed Aug  5 20:47:31 IST 2020
Wed Aug  5 20:47:32 IST 2020
Wed Aug  5 20:47:33 IST 2020
Wed Aug  5 20:47:34 IST 2020
Wed Aug  5 20:47:35 IST 2020
Wed Aug  5 20:47:36 IST 2020
Wed Aug  5 20:47:37 IST 2020
Wed Aug  5 20:47:38 IST 2020
Wed Aug  5 20:47:39 IST 2020
Wed Aug  5 20:47:40 IST 2020
Wed Aug  5 20:47:41 IST 2020
Wed Aug  5 20:47:42 IST 2020
Wed Aug  5 20:47:43 IST 2020
Wed Aug  5 20:47:44 IST 2020
Wed Aug  5 20:47:45 IST 2020
Wed Aug  5 20:47:46 IST 2020
Wed Aug  5 20:47:47 IST 2020
Wed Aug  5 20:47:48 IST 2020
Wed Aug  5 20:47:49 IST 2020
Wed Aug  5 20:47:50 IST 2020
Wed Aug  5 20:47:51 IST 2020
Wed Aug  5 20:47:52 IST 2020
Wed Aug  5 20:47:53 IST 2020
Wed Aug  5 20:47:54 IST 2020
Wed Aug  5 20:47:55 IST 2020
Wed Aug  5 20:47:56 IST 2020
Wed Aug  5 20:47:57 IST 2020
Wed Aug  5 20:47:58 IST 2020
Wed Aug  5 20:47:59 IST 2020
Wed Aug  5 20:48:00 IST 2020
Wed Aug  5 20:48:01 IST 2020
Wed Aug  5 20:48:02 IST 2020
Wed Aug  5 20:48:03 IST 2020
Wed Aug  5 20:48:04 IST 2020
Wed Aug  5 20:48:05 IST 2020
Wed Aug  5 20:48:06 IST 2020
Wed Aug  5 20:48:07 IST 2020
Wed Aug  5 20:48:08 IST 2020
Wed Aug  5 20:48:09 IST 2020
Wed Aug  5 20:48:10 IST 2020
Wed Aug  5 20:48:11 IST 2020
Wed Aug  5 20:48:12 IST 2020
Wed Aug  5 20:48:13 IST 2020
Wed Aug  5 20:48:14 IST 2020
Wed Aug  5 20:48:15 IST 2020
Wed Aug  5 20:48:16 IST 2020
Wed Aug  5 20:48:17 IST 2020
Wed Aug  5 20:48:18 IST 2020
Wed Aug  5 20:48:19 IST 2020
Wed Aug  5 20:48:20 IST 2020
Wed Aug  5 20:48:21 IST 2020
Wed Aug  5 20:48:22 IST 2020
Wed Aug  5 20:48:23 IST 2020
Wed Aug  5 20:48:24 IST 2020
Wed Aug  5 20:48:25 IST 2020
Wed Aug  5 20:48:26 IST 2020
Wed Aug  5 20:48:27 IST 2020
Wed Aug  5 20:48:28 IST 2020
Wed Aug  5 20:48:29 IST 2020
Wed Aug  5 20:48:30 IST 2020
Wed Aug  5 20:48:31 IST 2020
Wed Aug  5 20:48:32 IST 2020
Wed Aug  5 20:48:33 IST 2020
Wed Aug  5 20:48:34 IST 2020
Wed Aug  5 20:48:35 IST 2020
Wed Aug  5 20:48:36 IST 2020
Wed Aug  5 20:48:37 IST 2020
Wed Aug  5 20:48:38 IST 2020
Wed Aug  5 20:48:39 IST 2020
Wed Aug  5 20:48:40 IST 2020
Wed Aug  5 20:48:41 IST 2020
Wed Aug  5 20:48:42 IST 2020
Wed Aug  5 20:48:43 IST 2020
Wed Aug  5 20:48:44 IST 2020
Wed Aug  5 20:48:45 IST 2020
Wed Aug  5 20:48:46 IST 2020
Wed Aug  5 20:48:47 IST 2020
Wed Aug  5 20:48:48 IST 2020
Wed Aug  5 20:48:49 IST 2020
Wed Aug  5 20:48:50 IST 2020
Wed Aug  5 20:48:51 IST 2020
Wed Aug  5 20:48:52 IST 2020
Wed Aug  5 20:48:53 IST 2020
Wed Aug  5 20:48:54 IST 2020
Wed Aug  5 20:48:55 IST 2020
Wed Aug  5 20:48:56 IST 2020
Wed Aug  5 20:48:57 IST 2020
Wed Aug  5 20:48:58 IST 2020
Wed Aug  5 20:48:59 IST 2020
Wed Aug  5 20:49:00 IST 2020
Wed Aug  5 20:49:01 IST 2020
Wed Aug  5 20:49:02 IST 2020
Wed Aug  5 20:49:03 IST 2020
Wed Aug  5 20:49:04 IST 2020
Wed Aug  5 20:49:05 IST 2020
Wed Aug  5 20:49:06 IST 2020
Wed Aug  5 20:49:07 IST 2020
Wed Aug  5 20:49:08 IST 2020
Wed Aug  5 20:49:09 IST 2020
Wed Aug  5 20:49:10 IST 2020
Wed Aug  5 20:49:12 IST 2020
Wed Aug  5 20:49:13 IST 2020
Wed Aug  5 20:49:14 IST 2020
Wed Aug  5 20:49:15 IST 2020
Wed Aug  5 20:49:16 IST 2020
Wed Aug  5 20:49:17 IST 2020
Wed Aug  5 20:49:18 IST 2020
Wed Aug  5 20:49:19 IST 2020
Wed Aug  5 20:49:20 IST 2020
Wed Aug  5 20:49:21 IST 2020
Wed Aug  5 20:49:22 IST 2020
Wed Aug  5 20:49:23 IST 2020
Wed Aug  5 20:49:24 IST 2020
Wed Aug  5 20:49:25 IST 2020
Wed Aug  5 20:49:26 IST 2020
Wed Aug  5 20:49:27 IST 2020
Wed Aug  5 20:49:28 IST 2020
Wed Aug  5 20:49:29 IST 2020
Wed Aug  5 20:49:30 IST 2020
Wed Aug  5 20:49:31 IST 2020
Wed Aug  5 20:49:32 IST 2020
Wed Aug  5 20:49:33 IST 2020
Wed Aug  5 20:49:34 IST 2020
Wed Aug  5 20:49:35 IST 2020
Wed Aug  5 20:49:36 IST 2020
Wed Aug  5 20:49:37 IST 2020
Wed Aug  5 20:49:38 IST 2020
Wed Aug  5 20:49:39 IST 2020
Wed Aug  5 20:49:40 IST 2020
Wed Aug  5 20:49:41 IST 2020
Wed Aug  5 20:49:42 IST 2020
Wed Aug  5 20:49:43 IST 2020
Wed Aug  5 20:49:44 IST 2020
Wed Aug  5 20:49:45 IST 2020
Wed Aug  5 20:49:46 IST 2020
Wed Aug  5 20:49:47 IST 2020
Wed Aug  5 20:49:48 IST 2020
Wed Aug  5 20:49:49 IST 2020
Wed Aug  5 20:49:50 IST 2020
Wed Aug  5 20:49:51 IST 2020
Wed Aug  5 20:49:52 IST 2020
Wed Aug  5 20:49:53 IST 2020
Wed Aug  5 20:49:54 IST 2020
Wed Aug  5 20:49:55 IST 2020
Wed Aug  5 20:49:56 IST 2020
Wed Aug  5 20:49:57 IST 2020
Wed Aug  5 20:49:58 IST 2020
Wed Aug  5 20:49:59 IST 2020
Wed Aug  5 20:50:00 IST 2020
Wed Aug  5 20:50:01 IST 2020
Wed Aug  5 20:50:02 IST 2020
Wed Aug  5 20:50:03 IST 2020
Wed Aug  5 20:50:04 IST 2020
Wed Aug  5 20:50:05 IST 2020
Wed Aug  5 20:50:06 IST 2020
Wed Aug  5 20:50:07 IST 2020
Wed Aug  5 20:50:08 IST 2020
Wed Aug  5 20:50:09 IST 2020
Wed Aug  5 20:50:10 IST 2020
Wed Aug  5 20:50:11 IST 2020
Wed Aug  5 20:50:12 IST 2020
Wed Aug  5 20:50:13 IST 2020
Wed Aug  5 20:50:14 IST 2020
Wed Aug  5 20:50:15 IST 2020
Wed Aug  5 20:50:16 IST 2020
Wed Aug  5 20:50:17 IST 2020
Wed Aug  5 20:50:18 IST 2020
Wed Aug  5 20:50:19 IST 2020
Wed Aug  5 20:50:20 IST 2020
Wed Aug  5 20:50:21 IST 2020
Wed Aug  5 20:50:22 IST 2020
Wed Aug  5 20:50:23 IST 2020
Wed Aug  5 20:50:24 IST 2020
Wed Aug  5 20:50:25 IST 2020
Wed Aug  5 20:50:26 IST 2020
Wed Aug  5 20:50:27 IST 2020
Wed Aug  5 20:50:28 IST 2020
Wed Aug  5 20:50:29 IST 2020
Wed Aug  5 20:50:30 IST 2020
Wed Aug  5 20:50:31 IST 2020
Wed Aug  5 20:50:32 IST 2020
Wed Aug  5 20:50:33 IST 2020
Wed Aug  5 20:50:34 IST 2020
Wed Aug  5 20:50:35 IST 2020
Wed Aug  5 20:50:36 IST 2020
Wed Aug  5 20:50:37 IST 2020
Wed Aug  5 20:50:38 IST 2020
Wed Aug  5 20:50:39 IST 2020
Wed Aug  5 20:50:40 IST 2020
Wed Aug  5 20:50:41 IST 2020
Wed Aug  5 20:50:42 IST 2020
Wed Aug  5 20:50:43 IST 2020
Wed Aug  5 20:50:44 IST 2020
Wed Aug  5 20:50:45 IST 2020
Wed Aug  5 20:50:46 IST 2020
Wed Aug  5 20:50:47 IST 2020
Wed Aug  5 20:50:48 IST 2020
Wed Aug  5 20:50:49 IST 2020
Wed Aug  5 20:50:50 IST 2020
Wed Aug  5 20:50:51 IST 2020
Wed Aug  5 20:50:52 IST 2020
Wed Aug  5 20:50:53 IST 2020
Wed Aug  5 20:50:54 IST 2020
Wed Aug  5 20:50:55 IST 2020
Wed Aug  5 20:50:56 IST 2020
Wed Aug  5 20:50:57 IST 2020
Wed Aug  5 20:50:58 IST 2020
Wed Aug  5 20:50:59 IST 2020
Wed Aug  5 20:51:00 IST 2020
Wed Aug  5 20:51:01 IST 2020
Wed Aug  5 20:51:02 IST 2020
Wed Aug  5 20:51:03 IST 2020
Wed Aug  5 20:51:04 IST 2020
Wed Aug  5 20:51:05 IST 2020
Wed Aug  5 20:51:06 IST 2020
Wed Aug  5 20:51:07 IST 2020
Wed Aug  5 20:51:08 IST 2020
Wed Aug  5 20:51:09 IST 2020
Wed Aug  5 20:51:10 IST 2020
Wed Aug  5 20:51:11 IST 2020
Wed Aug  5 20:51:12 IST 2020
Wed Aug  5 20:51:13 IST 2020
Wed Aug  5 20:51:14 IST 2020
Wed Aug  5 20:51:15 IST 2020
Wed Aug  5 20:51:16 IST 2020
Wed Aug  5 20:51:17 IST 2020
Wed Aug  5 20:51:18 IST 2020
Wed Aug  5 20:51:19 IST 2020
Wed Aug  5 20:51:20 IST 2020
Wed Aug  5 20:51:21 IST 2020
Wed Aug  5 20:51:22 IST 2020
Wed Aug  5 20:51:23 IST 2020
Wed Aug  5 20:51:24 IST 2020
Wed Aug  5 20:51:25 IST 2020
Wed Aug  5 20:51:26 IST 2020
Wed Aug  5 20:51:27 IST 2020
Wed Aug  5 20:51:28 IST 2020
Wed Aug  5 20:51:29 IST 2020
Wed Aug  5 20:51:30 IST 2020
Wed Aug  5 20:51:31 IST 2020
Wed Aug  5 20:51:32 IST 2020
Wed Aug  5 20:51:33 IST 2020
Wed Aug  5 20:51:34 IST 2020
Wed Aug  5 20:51:35 IST 2020
Wed Aug  5 20:51:36 IST 2020
Wed Aug  5 20:51:37 IST 2020
Wed Aug  5 20:51:38 IST 2020
Wed Aug  5 20:51:39 IST 2020
Wed Aug  5 20:51:40 IST 2020
Wed Aug  5 20:51:41 IST 2020
Wed Aug  5 20:51:42 IST 2020
Wed Aug  5 20:51:43 IST 2020
Wed Aug  5 20:51:44 IST 2020
Wed Aug  5 20:51:45 IST 2020
Wed Aug  5 20:51:46 IST 2020
Wed Aug  5 20:51:47 IST 2020
Wed Aug  5 20:51:48 IST 2020
Wed Aug  5 20:51:49 IST 2020
Wed Aug  5 20:51:50 IST 2020
Wed Aug  5 20:51:51 IST 2020
Wed Aug  5 20:51:52 IST 2020
Wed Aug  5 20:51:53 IST 2020
Wed Aug  5 20:51:54 IST 2020
Wed Aug  5 20:51:55 IST 2020
Wed Aug  5 20:51:56 IST 2020
Wed Aug  5 20:51:57 IST 2020
Wed Aug  5 20:51:58 IST 2020
Wed Aug  5 20:51:59 IST 2020
Wed Aug  5 20:52:00 IST 2020
Wed Aug  5 20:52:01 IST 2020
Wed Aug  5 20:52:02 IST 2020
Wed Aug  5 20:52:03 IST 2020
Wed Aug  5 20:52:04 IST 2020
Wed Aug  5 20:52:06 IST 2020
Wed Aug  5 20:52:07 IST 2020
Wed Aug  5 20:52:08 IST 2020
Wed Aug  5 20:52:09 IST 2020
Wed Aug  5 20:52:10 IST 2020
Wed Aug  5 20:52:11 IST 2020
Wed Aug  5 20:52:12 IST 2020
Wed Aug  5 20:52:13 IST 2020
Wed Aug  5 20:52:14 IST 2020
Wed Aug  5 20:52:15 IST 2020
Wed Aug  5 20:52:16 IST 2020
Wed Aug  5 20:52:17 IST 2020
Wed Aug  5 20:52:18 IST 2020
Wed Aug  5 20:52:19 IST 2020
Wed Aug  5 20:52:20 IST 2020
Wed Aug  5 20:52:21 IST 2020
Wed Aug  5 20:52:22 IST 2020
Wed Aug  5 20:52:23 IST 2020
Wed Aug  5 20:52:24 IST 2020
Wed Aug  5 20:52:25 IST 2020
Wed Aug  5 20:52:26 IST 2020
Wed Aug  5 20:52:27 IST 2020
Wed Aug  5 20:52:28 IST 2020
Wed Aug  5 20:52:29 IST 2020
Wed Aug  5 20:52:30 IST 2020
Wed Aug  5 20:52:31 IST 2020
Wed Aug  5 20:52:32 IST 2020
Wed Aug  5 20:52:33 IST 2020
Wed Aug  5 20:52:34 IST 2020
Wed Aug  5 20:52:35 IST 2020
Wed Aug  5 20:52:36 IST 2020
Wed Aug  5 20:52:37 IST 2020
Wed Aug  5 20:52:38 IST 2020
Wed Aug  5 20:52:39 IST 2020
Wed Aug  5 20:52:40 IST 2020
Wed Aug  5 20:52:41 IST 2020
Wed Aug  5 20:52:42 IST 2020
Wed Aug  5 20:52:43 IST 2020
Wed Aug  5 20:52:44 IST 2020
Wed Aug  5 20:52:45 IST 2020
Wed Aug  5 20:52:46 IST 2020
Wed Aug  5 20:52:47 IST 2020
Wed Aug  5 20:52:48 IST 2020
Wed Aug  5 20:52:49 IST 2020
Wed Aug  5 20:52:50 IST 2020
Wed Aug  5 20:52:51 IST 2020
Wed Aug  5 20:52:52 IST 2020
Wed Aug  5 20:52:53 IST 2020
Wed Aug  5 20:52:54 IST 2020
Wed Aug  5 20:52:55 IST 2020
Wed Aug  5 20:52:56 IST 2020
Wed Aug  5 20:52:57 IST 2020
Wed Aug  5 20:52:58 IST 2020
Wed Aug  5 20:52:59 IST 2020
Wed Aug  5 20:53:00 IST 2020
Wed Aug  5 20:53:01 IST 2020
Wed Aug  5 20:53:02 IST 2020
Wed Aug  5 20:53:03 IST 2020
Wed Aug  5 20:53:04 IST 2020
Wed Aug  5 20:53:05 IST 2020
Wed Aug  5 20:53:06 IST 2020
Wed Aug  5 20:53:07 IST 2020
Wed Aug  5 20:53:08 IST 2020
Wed Aug  5 20:53:09 IST 2020
Wed Aug  5 20:53:10 IST 2020
Wed Aug  5 20:53:11 IST 2020
Wed Aug  5 20:53:12 IST 2020
Wed Aug  5 20:53:13 IST 2020
Wed Aug  5 20:53:14 IST 2020
Wed Aug  5 20:53:15 IST 2020
Wed Aug  5 20:53:16 IST 2020
Wed Aug  5 20:53:17 IST 2020
Wed Aug  5 20:53:18 IST 2020
Wed Aug  5 20:53:19 IST 2020
Wed Aug  5 20:53:20 IST 2020
Wed Aug  5 20:53:21 IST 2020
Wed Aug  5 20:53:22 IST 2020
Wed Aug  5 20:53:23 IST 2020
Wed Aug  5 20:53:24 IST 2020
Wed Aug  5 20:53:25 IST 2020
Wed Aug  5 20:53:26 IST 2020
Wed Aug  5 20:53:27 IST 2020
Wed Aug  5 20:53:28 IST 2020
Wed Aug  5 20:53:29 IST 2020
Wed Aug  5 20:53:30 IST 2020
Wed Aug  5 20:53:31 IST 2020
Wed Aug  5 20:53:32 IST 2020
Wed Aug  5 20:53:33 IST 2020
Wed Aug  5 20:53:34 IST 2020
Wed Aug  5 20:53:36 IST 2020
Wed Aug  5 20:53:37 IST 2020
Wed Aug  5 20:53:38 IST 2020
Wed Aug  5 20:53:39 IST 2020
Wed Aug  5 20:53:40 IST 2020
Wed Aug  5 20:53:41 IST 2020
Wed Aug  5 20:53:42 IST 2020
Wed Aug  5 20:53:43 IST 2020
Wed Aug  5 20:53:44 IST 2020
Wed Aug  5 20:53:45 IST 2020
Wed Aug  5 20:53:46 IST 2020
Wed Aug  5 20:53:47 IST 2020
Wed Aug  5 20:53:48 IST 2020
Wed Aug  5 20:53:49 IST 2020
Wed Aug  5 20:53:50 IST 2020
Wed Aug  5 20:53:51 IST 2020
Wed Aug  5 20:53:52 IST 2020
Wed Aug  5 20:53:53 IST 2020
Wed Aug  5 20:53:54 IST 2020
Wed Aug  5 20:53:55 IST 2020
Wed Aug  5 20:53:56 IST 2020
Wed Aug  5 20:53:57 IST 2020
Wed Aug  5 20:53:58 IST 2020
Wed Aug  5 20:53:59 IST 2020
Wed Aug  5 20:54:00 IST 2020
Wed Aug  5 20:54:01 IST 2020
Wed Aug  5 20:54:02 IST 2020
Wed Aug  5 20:54:03 IST 2020
Wed Aug  5 20:54:04 IST 2020
Wed Aug  5 20:54:05 IST 2020
Wed Aug  5 20:54:06 IST 2020
Wed Aug  5 20:54:07 IST 2020
Wed Aug  5 20:54:08 IST 2020
Wed Aug  5 20:54:09 IST 2020
Wed Aug  5 20:54:10 IST 2020
Wed Aug  5 20:54:11 IST 2020
Wed Aug  5 20:54:12 IST 2020
Wed Aug  5 20:54:13 IST 2020
Wed Aug  5 20:54:14 IST 2020
Wed Aug  5 20:54:15 IST 2020
Wed Aug  5 20:54:16 IST 2020
Wed Aug  5 20:54:17 IST 2020
Wed Aug  5 20:54:18 IST 2020
Wed Aug  5 20:54:19 IST 2020
Wed Aug  5 20:54:20 IST 2020
Wed Aug  5 20:54:21 IST 2020
Wed Aug  5 20:54:22 IST 2020
Wed Aug  5 20:54:23 IST 2020
Wed Aug  5 20:54:24 IST 2020
Wed Aug  5 20:54:25 IST 2020
Wed Aug  5 20:54:26 IST 2020
Wed Aug  5 20:54:27 IST 2020
Wed Aug  5 20:54:28 IST 2020
Wed Aug  5 20:54:29 IST 2020
Wed Aug  5 20:54:30 IST 2020
Wed Aug  5 20:54:31 IST 2020
Wed Aug  5 20:54:32 IST 2020
Wed Aug  5 20:54:33 IST 2020
Wed Aug  5 20:54:34 IST 2020
Wed Aug  5 20:54:35 IST 2020
Wed Aug  5 20:54:36 IST 2020
Wed Aug  5 20:54:37 IST 2020
Wed Aug  5 20:54:38 IST 2020
Wed Aug  5 20:54:39 IST 2020
Wed Aug  5 20:54:40 IST 2020
Wed Aug  5 20:54:41 IST 2020
Wed Aug  5 20:54:42 IST 2020
Wed Aug  5 20:54:43 IST 2020
Wed Aug  5 20:54:44 IST 2020
Wed Aug  5 20:54:45 IST 2020
Wed Aug  5 20:54:46 IST 2020
Wed Aug  5 20:54:47 IST 2020
Wed Aug  5 20:54:48 IST 2020
Wed Aug  5 20:54:49 IST 2020
Wed Aug  5 20:54:50 IST 2020
Wed Aug  5 20:54:51 IST 2020
Wed Aug  5 20:54:52 IST 2020
Wed Aug  5 20:54:53 IST 2020
Wed Aug  5 20:54:54 IST 2020
Wed Aug  5 20:54:55 IST 2020
Wed Aug  5 20:54:56 IST 2020
Wed Aug  5 20:54:57 IST 2020
Wed Aug  5 20:54:58 IST 2020
Wed Aug  5 20:54:59 IST 2020
Wed Aug  5 20:55:00 IST 2020
Wed Aug  5 20:55:01 IST 2020
Wed Aug  5 20:55:02 IST 2020
Wed Aug  5 20:55:03 IST 2020
Wed Aug  5 20:55:04 IST 2020
Wed Aug  5 20:55:05 IST 2020
Wed Aug  5 20:55:06 IST 2020
Wed Aug  5 20:55:07 IST 2020
Wed Aug  5 20:55:08 IST 2020
Wed Aug  5 20:55:09 IST 2020
Wed Aug  5 20:55:10 IST 2020
Wed Aug  5 20:55:11 IST 2020
Wed Aug  5 20:55:12 IST 2020
Wed Aug  5 20:55:13 IST 2020
Wed Aug  5 20:55:14 IST 2020
Wed Aug  5 20:55:15 IST 2020
Wed Aug  5 20:55:16 IST 2020
Wed Aug  5 20:55:17 IST 2020
Wed Aug  5 20:55:18 IST 2020
Wed Aug  5 20:55:19 IST 2020
Wed Aug  5 20:55:20 IST 2020
Wed Aug  5 20:55:21 IST 2020
Wed Aug  5 20:55:22 IST 2020
Wed Aug  5 20:55:23 IST 2020
Wed Aug  5 20:55:24 IST 2020
Wed Aug  5 20:55:25 IST 2020
Wed Aug  5 20:55:26 IST 2020
Wed Aug  5 20:55:27 IST 2020
Wed Aug  5 20:55:28 IST 2020
Wed Aug  5 20:55:29 IST 2020
Wed Aug  5 20:55:30 IST 2020
Wed Aug  5 20:55:31 IST 2020
Wed Aug  5 20:55:32 IST 2020
Wed Aug  5 20:55:33 IST 2020
Wed Aug  5 20:55:34 IST 2020
Wed Aug  5 20:55:35 IST 2020
Wed Aug  5 20:55:36 IST 2020
Wed Aug  5 20:55:37 IST 2020
Wed Aug  5 20:55:38 IST 2020
Wed Aug  5 20:55:39 IST 2020
Wed Aug  5 20:55:40 IST 2020
Wed Aug  5 20:55:41 IST 2020
Wed Aug  5 20:55:42 IST 2020
Wed Aug  5 20:55:43 IST 2020
Wed Aug  5 20:55:44 IST 2020
Wed Aug  5 20:55:45 IST 2020
Wed Aug  5 20:55:46 IST 2020
Wed Aug  5 20:55:47 IST 2020
Wed Aug  5 20:55:48 IST 2020
Wed Aug  5 20:55:49 IST 2020
Wed Aug  5 20:55:50 IST 2020
Wed Aug  5 20:55:51 IST 2020
Wed Aug  5 20:55:52 IST 2020
Wed Aug  5 20:55:53 IST 2020
Wed Aug  5 20:55:54 IST 2020
Wed Aug  5 20:55:55 IST 2020
Wed Aug  5 20:55:56 IST 2020
Wed Aug  5 20:55:57 IST 2020
Wed Aug  5 20:55:58 IST 2020
Wed Aug  5 20:55:59 IST 2020
Wed Aug  5 20:56:00 IST 2020
Wed Aug  5 20:56:01 IST 2020
Wed Aug  5 20:56:02 IST 2020
Wed Aug  5 20:56:03 IST 2020
Wed Aug  5 20:56:04 IST 2020
Wed Aug  5 20:56:05 IST 2020
Wed Aug  5 20:56:06 IST 2020
Wed Aug  5 20:56:07 IST 2020
Wed Aug  5 20:56:08 IST 2020
Wed Aug  5 20:56:09 IST 2020
Wed Aug  5 20:56:10 IST 2020
Wed Aug  5 20:56:11 IST 2020
Wed Aug  5 20:56:12 IST 2020
Wed Aug  5 20:56:13 IST 2020
Wed Aug  5 20:56:14 IST 2020
Wed Aug  5 20:56:15 IST 2020
Wed Aug  5 20:56:16 IST 2020
Wed Aug  5 20:56:17 IST 2020
Wed Aug  5 20:56:18 IST 2020
Wed Aug  5 20:56:19 IST 2020
Wed Aug  5 20:56:20 IST 2020
Wed Aug  5 20:56:21 IST 2020
Wed Aug  5 20:56:23 IST 2020
Wed Aug  5 20:56:24 IST 2020
Wed Aug  5 20:56:25 IST 2020
Wed Aug  5 20:56:26 IST 2020
Wed Aug  5 20:56:27 IST 2020
Wed Aug  5 20:56:28 IST 2020
Wed Aug  5 20:56:29 IST 2020
Wed Aug  5 20:56:30 IST 2020
Wed Aug  5 20:56:31 IST 2020
Wed Aug  5 20:56:32 IST 2020
Wed Aug  5 20:56:33 IST 2020
Wed Aug  5 20:56:34 IST 2020
Wed Aug  5 20:56:35 IST 2020
Wed Aug  5 20:56:36 IST 2020
Wed Aug  5 20:56:37 IST 2020
Wed Aug  5 20:56:38 IST 2020
Wed Aug  5 20:56:39 IST 2020
Wed Aug  5 20:56:40 IST 2020
Wed Aug  5 20:56:41 IST 2020
Wed Aug  5 20:56:42 IST 2020
Wed Aug  5 20:56:43 IST 2020
Wed Aug  5 20:56:44 IST 2020
Wed Aug  5 20:56:45 IST 2020
Wed Aug  5 20:56:46 IST 2020
Wed Aug  5 20:56:47 IST 2020
Wed Aug  5 20:56:48 IST 2020
Wed Aug  5 20:56:49 IST 2020
Wed Aug  5 20:56:50 IST 2020
Wed Aug  5 20:56:51 IST 2020
Wed Aug  5 20:56:52 IST 2020
Wed Aug  5 20:56:53 IST 2020
Wed Aug  5 20:56:54 IST 2020
Wed Aug  5 20:56:55 IST 2020
Wed Aug  5 20:56:56 IST 2020
Wed Aug  5 20:56:57 IST 2020
Wed Aug  5 20:56:58 IST 2020
Wed Aug  5 20:56:59 IST 2020
Wed Aug  5 20:57:00 IST 2020
Wed Aug  5 20:57:01 IST 2020
Wed Aug  5 20:57:02 IST 2020
Wed Aug  5 20:57:03 IST 2020
Wed Aug  5 20:57:04 IST 2020
Wed Aug  5 20:57:05 IST 2020
Wed Aug  5 20:57:06 IST 2020
Wed Aug  5 20:57:07 IST 2020
Wed Aug  5 20:57:08 IST 2020
Wed Aug  5 20:57:09 IST 2020
Wed Aug  5 20:57:10 IST 2020
Wed Aug  5 20:57:11 IST 2020
Wed Aug  5 20:57:12 IST 2020
Wed Aug  5 20:57:13 IST 2020
Wed Aug  5 20:57:14 IST 2020
Wed Aug  5 20:57:15 IST 2020
Wed Aug  5 20:57:16 IST 2020
Wed Aug  5 20:57:17 IST 2020
Wed Aug  5 20:57:18 IST 2020
Wed Aug  5 20:57:19 IST 2020
Wed Aug  5 20:57:20 IST 2020
Wed Aug  5 20:57:21 IST 2020
Wed Aug  5 20:57:22 IST 2020
Wed Aug  5 20:57:23 IST 2020
Wed Aug  5 20:57:24 IST 2020
Wed Aug  5 20:57:25 IST 2020
Wed Aug  5 20:57:26 IST 2020
Wed Aug  5 20:57:27 IST 2020
Wed Aug  5 20:57:28 IST 2020
Wed Aug  5 20:57:29 IST 2020
Wed Aug  5 20:57:30 IST 2020
Wed Aug  5 20:57:31 IST 2020
Wed Aug  5 20:57:32 IST 2020
Wed Aug  5 20:57:34 IST 2020
Wed Aug  5 20:57:35 IST 2020
Wed Aug  5 20:57:36 IST 2020
Wed Aug  5 20:57:37 IST 2020
Wed Aug  5 20:57:38 IST 2020
Wed Aug  5 20:57:39 IST 2020
Wed Aug  5 20:57:40 IST 2020
Wed Aug  5 20:57:41 IST 2020
Wed Aug  5 20:57:42 IST 2020
Wed Aug  5 20:57:43 IST 2020
Wed Aug  5 20:57:44 IST 2020
Wed Aug  5 20:57:45 IST 2020
Wed Aug  5 20:57:46 IST 2020
Wed Aug  5 20:57:47 IST 2020
Wed Aug  5 20:57:48 IST 2020
Wed Aug  5 20:57:49 IST 2020
Wed Aug  5 20:57:50 IST 2020
Wed Aug  5 20:57:51 IST 2020
Wed Aug  5 20:57:52 IST 2020
Wed Aug  5 20:57:53 IST 2020
Wed Aug  5 20:57:54 IST 2020
Wed Aug  5 20:57:55 IST 2020
Wed Aug  5 20:57:56 IST 2020
Wed Aug  5 20:57:57 IST 2020
Wed Aug  5 20:57:58 IST 2020
Wed Aug  5 20:57:59 IST 2020
Wed Aug  5 20:58:00 IST 2020
Wed Aug  5 20:58:01 IST 2020
Wed Aug  5 20:58:02 IST 2020
Wed Aug  5 20:58:03 IST 2020
Wed Aug  5 20:58:04 IST 2020
Wed Aug  5 20:58:05 IST 2020
Wed Aug  5 20:58:06 IST 2020
Wed Aug  5 20:58:07 IST 2020
Wed Aug  5 20:58:08 IST 2020
Wed Aug  5 20:58:09 IST 2020
Wed Aug  5 20:58:10 IST 2020
Wed Aug  5 20:58:11 IST 2020
Wed Aug  5 20:58:12 IST 2020
Wed Aug  5 20:58:13 IST 2020
Wed Aug  5 20:58:14 IST 2020
Wed Aug  5 20:58:15 IST 2020
Wed Aug  5 20:58:16 IST 2020
Wed Aug  5 20:58:17 IST 2020
Wed Aug  5 20:58:18 IST 2020
Wed Aug  5 20:58:19 IST 2020
Wed Aug  5 20:58:20 IST 2020
Wed Aug  5 20:58:21 IST 2020
Wed Aug  5 20:58:22 IST 2020
Wed Aug  5 20:58:23 IST 2020
Wed Aug  5 20:58:24 IST 2020
Wed Aug  5 20:58:25 IST 2020
Wed Aug  5 20:58:26 IST 2020
Wed Aug  5 20:58:27 IST 2020
Wed Aug  5 20:58:28 IST 2020
Wed Aug  5 20:58:29 IST 2020
Wed Aug  5 20:58:30 IST 2020
Wed Aug  5 20:58:31 IST 2020
Wed Aug  5 20:58:32 IST 2020
Wed Aug  5 20:58:33 IST 2020
Wed Aug  5 20:58:34 IST 2020
Wed Aug  5 20:58:35 IST 2020
Wed Aug  5 20:58:37 IST 2020
Wed Aug  5 20:58:38 IST 2020
Wed Aug  5 20:58:39 IST 2020
Wed Aug  5 20:58:40 IST 2020
Wed Aug  5 20:58:41 IST 2020
Wed Aug  5 20:58:42 IST 2020
Wed Aug  5 20:58:43 IST 2020
Wed Aug  5 20:58:44 IST 2020
Wed Aug  5 20:58:45 IST 2020
Wed Aug  5 20:58:46 IST 2020
Wed Aug  5 20:58:47 IST 2020
Wed Aug  5 20:58:48 IST 2020
Wed Aug  5 20:58:49 IST 2020
Wed Aug  5 20:58:50 IST 2020
Wed Aug  5 20:58:51 IST 2020
Wed Aug  5 20:58:52 IST 2020
Wed Aug  5 20:58:53 IST 2020
Wed Aug  5 20:58:54 IST 2020
Wed Aug  5 20:58:55 IST 2020
Wed Aug  5 20:58:56 IST 2020
Wed Aug  5 20:58:57 IST 2020
Wed Aug  5 20:58:58 IST 2020
Wed Aug  5 20:58:59 IST 2020
Wed Aug  5 20:59:00 IST 2020
Wed Aug  5 20:59:01 IST 2020
Wed Aug  5 20:59:02 IST 2020
Wed Aug  5 20:59:03 IST 2020
Wed Aug  5 20:59:04 IST 2020
Wed Aug  5 20:59:05 IST 2020
Wed Aug  5 20:59:06 IST 2020
Wed Aug  5 20:59:07 IST 2020
Wed Aug  5 20:59:08 IST 2020
Wed Aug  5 20:59:09 IST 2020
Wed Aug  5 20:59:10 IST 2020
Wed Aug  5 20:59:11 IST 2020
Wed Aug  5 20:59:12 IST 2020
Wed Aug  5 20:59:13 IST 2020
Wed Aug  5 20:59:14 IST 2020
Wed Aug  5 20:59:15 IST 2020
Wed Aug  5 20:59:16 IST 2020
Wed Aug  5 20:59:17 IST 2020
Wed Aug  5 20:59:18 IST 2020
Wed Aug  5 20:59:19 IST 2020
Wed Aug  5 20:59:20 IST 2020
Wed Aug  5 20:59:21 IST 2020
Wed Aug  5 20:59:22 IST 2020
Wed Aug  5 20:59:23 IST 2020
Wed Aug  5 20:59:24 IST 2020
Wed Aug  5 20:59:25 IST 2020
Wed Aug  5 20:59:26 IST 2020
Wed Aug  5 20:59:27 IST 2020
Wed Aug  5 20:59:28 IST 2020
Wed Aug  5 20:59:29 IST 2020
Wed Aug  5 20:59:30 IST 2020
Wed Aug  5 20:59:31 IST 2020
Wed Aug  5 20:59:32 IST 2020
Wed Aug  5 20:59:33 IST 2020
Wed Aug  5 20:59:34 IST 2020
Wed Aug  5 20:59:35 IST 2020
Wed Aug  5 20:59:36 IST 2020
Wed Aug  5 20:59:37 IST 2020
Wed Aug  5 20:59:38 IST 2020
Wed Aug  5 20:59:39 IST 2020
Wed Aug  5 20:59:40 IST 2020
Wed Aug  5 20:59:41 IST 2020
Wed Aug  5 20:59:42 IST 2020
Wed Aug  5 20:59:43 IST 2020
Wed Aug  5 20:59:44 IST 2020
Wed Aug  5 20:59:45 IST 2020
Wed Aug  5 20:59:46 IST 2020
Wed Aug  5 20:59:47 IST 2020
Wed Aug  5 20:59:48 IST 2020
Wed Aug  5 20:59:49 IST 2020
Wed Aug  5 20:59:50 IST 2020
Wed Aug  5 20:59:51 IST 2020
Wed Aug  5 20:59:52 IST 2020
Wed Aug  5 20:59:53 IST 2020
Wed Aug  5 20:59:54 IST 2020
Wed Aug  5 20:59:55 IST 2020
Wed Aug  5 20:59:56 IST 2020
Wed Aug  5 20:59:57 IST 2020
Wed Aug  5 20:59:58 IST 2020
Wed Aug  5 20:59:59 IST 2020
Wed Aug  5 21:00:00 IST 2020
Wed Aug  5 21:00:01 IST 2020
Wed Aug  5 21:00:02 IST 2020
Wed Aug  5 21:00:03 IST 2020
Wed Aug  5 21:00:04 IST 2020
Wed Aug  5 21:00:05 IST 2020
Wed Aug  5 21:00:06 IST 2020
Wed Aug  5 21:00:07 IST 2020
Wed Aug  5 21:00:08 IST 2020
Wed Aug  5 21:00:09 IST 2020
Wed Aug  5 21:00:10 IST 2020
Wed Aug  5 21:00:11 IST 2020
Wed Aug  5 21:00:12 IST 2020
Wed Aug  5 21:00:13 IST 2020
Wed Aug  5 21:00:14 IST 2020
Wed Aug  5 21:00:15 IST 2020
Wed Aug  5 21:00:16 IST 2020
Wed Aug  5 21:00:17 IST 2020
Wed Aug  5 21:00:18 IST 2020
Wed Aug  5 21:00:19 IST 2020
Wed Aug  5 21:00:20 IST 2020
Wed Aug  5 21:00:21 IST 2020
Wed Aug  5 21:00:22 IST 2020
Wed Aug  5 21:00:23 IST 2020
Wed Aug  5 21:00:24 IST 2020
Wed Aug  5 21:00:25 IST 2020
Wed Aug  5 21:00:26 IST 2020
Wed Aug  5 21:00:27 IST 2020
Wed Aug  5 21:00:28 IST 2020
Wed Aug  5 21:00:29 IST 2020
Wed Aug  5 21:00:30 IST 2020
Wed Aug  5 21:00:31 IST 2020
Wed Aug  5 21:00:32 IST 2020
Wed Aug  5 21:00:33 IST 2020
Wed Aug  5 21:00:34 IST 2020
Wed Aug  5 21:00:35 IST 2020
Wed Aug  5 21:00:36 IST 2020
Wed Aug  5 21:00:37 IST 2020
Wed Aug  5 21:00:38 IST 2020
Wed Aug  5 21:00:39 IST 2020
Wed Aug  5 21:00:40 IST 2020
Wed Aug  5 21:00:41 IST 2020
Wed Aug  5 21:00:42 IST 2020
Wed Aug  5 21:00:43 IST 2020
Wed Aug  5 21:00:44 IST 2020
Wed Aug  5 21:00:45 IST 2020
Wed Aug  5 21:00:46 IST 2020
Wed Aug  5 21:00:47 IST 2020
Wed Aug  5 21:00:48 IST 2020
Wed Aug  5 21:00:49 IST 2020
Wed Aug  5 21:00:50 IST 2020
Wed Aug  5 21:00:51 IST 2020
Wed Aug  5 21:00:52 IST 2020
Wed Aug  5 21:00:53 IST 2020
Wed Aug  5 21:00:54 IST 2020
Wed Aug  5 21:00:55 IST 2020
Wed Aug  5 21:00:56 IST 2020
Wed Aug  5 21:00:57 IST 2020
Wed Aug  5 21:00:58 IST 2020
Wed Aug  5 21:00:59 IST 2020
Wed Aug  5 21:01:00 IST 2020
Wed Aug  5 21:01:01 IST 2020
Wed Aug  5 21:01:02 IST 2020
Wed Aug  5 21:01:03 IST 2020
Wed Aug  5 21:01:04 IST 2020
Wed Aug  5 21:01:05 IST 2020
Wed Aug  5 21:01:06 IST 2020
Wed Aug  5 21:01:07 IST 2020
Wed Aug  5 21:01:08 IST 2020
Wed Aug  5 21:01:09 IST 2020
Wed Aug  5 21:01:10 IST 2020
Wed Aug  5 21:01:11 IST 2020
Wed Aug  5 21:01:12 IST 2020
Wed Aug  5 21:01:13 IST 2020
Wed Aug  5 21:01:14 IST 2020
Wed Aug  5 21:01:15 IST 2020
Wed Aug  5 21:01:16 IST 2020
Wed Aug  5 21:01:17 IST 2020
Wed Aug  5 21:01:18 IST 2020
Wed Aug  5 21:01:19 IST 2020
Wed Aug  5 21:01:20 IST 2020
Wed Aug  5 21:01:21 IST 2020
Wed Aug  5 21:01:22 IST 2020
Wed Aug  5 21:01:23 IST 2020
Wed Aug  5 21:01:24 IST 2020
Wed Aug  5 21:01:25 IST 2020
Wed Aug  5 21:01:26 IST 2020
Wed Aug  5 21:01:27 IST 2020
Wed Aug  5 21:01:28 IST 2020
Wed Aug  5 21:01:29 IST 2020
Wed Aug  5 21:01:30 IST 2020
Wed Aug  5 21:01:31 IST 2020
Wed Aug  5 21:01:32 IST 2020
Wed Aug  5 21:01:34 IST 2020
Wed Aug  5 21:01:35 IST 2020
Wed Aug  5 21:01:36 IST 2020
Wed Aug  5 21:01:37 IST 2020
Wed Aug  5 21:01:38 IST 2020
Wed Aug  5 21:01:39 IST 2020
Wed Aug  5 21:01:40 IST 2020
Wed Aug  5 21:01:41 IST 2020
Wed Aug  5 21:01:42 IST 2020
Wed Aug  5 21:01:43 IST 2020
Wed Aug  5 21:01:44 IST 2020
Wed Aug  5 21:01:45 IST 2020
Wed Aug  5 21:01:46 IST 2020
Wed Aug  5 21:01:47 IST 2020
Wed Aug  5 21:01:48 IST 2020
Wed Aug  5 21:01:49 IST 2020
Wed Aug  5 21:01:50 IST 2020
Wed Aug  5 21:01:51 IST 2020
Wed Aug  5 21:01:52 IST 2020
Wed Aug  5 21:01:53 IST 2020
Wed Aug  5 21:01:54 IST 2020
Wed Aug  5 21:01:55 IST 2020
Wed Aug  5 21:01:56 IST 2020
Wed Aug  5 21:01:57 IST 2020
Wed Aug  5 21:01:58 IST 2020
Wed Aug  5 21:01:59 IST 2020
Wed Aug  5 21:02:00 IST 2020
Wed Aug  5 21:02:01 IST 2020
Wed Aug  5 21:02:02 IST 2020
Wed Aug  5 21:02:03 IST 2020
Wed Aug  5 21:02:04 IST 2020
Wed Aug  5 21:02:05 IST 2020
Wed Aug  5 21:02:06 IST 2020
Wed Aug  5 21:02:07 IST 2020
Wed Aug  5 21:02:08 IST 2020
Wed Aug  5 21:02:09 IST 2020
Wed Aug  5 21:02:10 IST 2020
Wed Aug  5 21:02:11 IST 2020
Wed Aug  5 21:02:12 IST 2020
Wed Aug  5 21:02:13 IST 2020
Wed Aug  5 21:02:14 IST 2020
Wed Aug  5 21:02:15 IST 2020
Wed Aug  5 21:02:16 IST 2020
Wed Aug  5 21:02:17 IST 2020
Wed Aug  5 21:02:18 IST 2020
Wed Aug  5 21:02:19 IST 2020
Wed Aug  5 21:02:20 IST 2020
Wed Aug  5 21:02:21 IST 2020
Wed Aug  5 21:02:22 IST 2020
Wed Aug  5 21:02:23 IST 2020
Wed Aug  5 21:02:24 IST 2020
Wed Aug  5 21:02:25 IST 2020
Wed Aug  5 21:02:26 IST 2020
Wed Aug  5 21:02:27 IST 2020
Wed Aug  5 21:02:28 IST 2020
Wed Aug  5 21:02:29 IST 2020
Wed Aug  5 21:02:30 IST 2020
Wed Aug  5 21:02:31 IST 2020
Wed Aug  5 21:02:32 IST 2020
Wed Aug  5 21:02:33 IST 2020
Wed Aug  5 21:02:34 IST 2020
Wed Aug  5 21:02:35 IST 2020
Wed Aug  5 21:02:36 IST 2020
Wed Aug  5 21:02:37 IST 2020
Wed Aug  5 21:02:38 IST 2020
Wed Aug  5 21:02:39 IST 2020
Wed Aug  5 21:02:40 IST 2020
Wed Aug  5 21:02:41 IST 2020
Wed Aug  5 21:02:42 IST 2020
Wed Aug  5 21:02:43 IST 2020
Wed Aug  5 21:02:44 IST 2020
Wed Aug  5 21:02:45 IST 2020
Wed Aug  5 21:02:46 IST 2020
Wed Aug  5 21:02:47 IST 2020
Wed Aug  5 21:02:48 IST 2020
Wed Aug  5 21:02:49 IST 2020
Wed Aug  5 21:02:50 IST 2020
Wed Aug  5 21:02:51 IST 2020
Wed Aug  5 21:02:52 IST 2020
Wed Aug  5 21:02:53 IST 2020
Wed Aug  5 21:02:54 IST 2020
Wed Aug  5 21:02:55 IST 2020
Wed Aug  5 21:02:56 IST 2020
Wed Aug  5 21:02:58 IST 2020
Wed Aug  5 21:02:59 IST 2020
Wed Aug  5 21:03:00 IST 2020
Wed Aug  5 21:03:01 IST 2020
Wed Aug  5 21:03:02 IST 2020
Wed Aug  5 21:03:03 IST 2020
Wed Aug  5 21:03:04 IST 2020
Wed Aug  5 21:03:05 IST 2020
Wed Aug  5 21:03:06 IST 2020
Wed Aug  5 21:03:07 IST 2020
Wed Aug  5 21:03:08 IST 2020
Wed Aug  5 21:03:09 IST 2020
Wed Aug  5 21:03:10 IST 2020
Wed Aug  5 21:03:11 IST 2020
Wed Aug  5 21:03:12 IST 2020
Wed Aug  5 21:03:13 IST 2020
Wed Aug  5 21:03:14 IST 2020
Wed Aug  5 21:03:15 IST 2020
Wed Aug  5 21:03:16 IST 2020
Wed Aug  5 21:03:17 IST 2020
Wed Aug  5 21:03:18 IST 2020
Wed Aug  5 21:03:19 IST 2020
Wed Aug  5 21:03:20 IST 2020
Wed Aug  5 21:03:21 IST 2020
Wed Aug  5 21:03:22 IST 2020
Wed Aug  5 21:03:23 IST 2020
Wed Aug  5 21:03:24 IST 2020
Wed Aug  5 21:03:25 IST 2020
Wed Aug  5 21:03:26 IST 2020
Wed Aug  5 21:03:27 IST 2020
Wed Aug  5 21:03:28 IST 2020
Wed Aug  5 21:03:29 IST 2020
Wed Aug  5 21:03:30 IST 2020
Wed Aug  5 21:03:31 IST 2020
Wed Aug  5 21:03:32 IST 2020
Wed Aug  5 21:03:33 IST 2020
Wed Aug  5 21:03:34 IST 2020
Wed Aug  5 21:03:35 IST 2020
Wed Aug  5 21:03:36 IST 2020
Wed Aug  5 21:03:37 IST 2020
Wed Aug  5 21:03:38 IST 2020
Wed Aug  5 21:03:39 IST 2020
Wed Aug  5 21:03:40 IST 2020
Wed Aug  5 21:03:41 IST 2020
Wed Aug  5 21:03:42 IST 2020
Wed Aug  5 21:03:43 IST 2020
Wed Aug  5 21:03:44 IST 2020
Wed Aug  5 21:03:45 IST 2020
Wed Aug  5 21:03:46 IST 2020
Wed Aug  5 21:03:47 IST 2020
Wed Aug  5 21:03:48 IST 2020
Wed Aug  5 21:03:49 IST 2020
Wed Aug  5 21:03:50 IST 2020
Wed Aug  5 21:03:51 IST 2020
Wed Aug  5 21:03:52 IST 2020
Wed Aug  5 21:03:53 IST 2020
Wed Aug  5 21:03:54 IST 2020
Wed Aug  5 21:03:55 IST 2020
Wed Aug  5 21:03:56 IST 2020
Wed Aug  5 21:03:57 IST 2020
Wed Aug  5 21:03:58 IST 2020
Wed Aug  5 21:03:59 IST 2020
Wed Aug  5 21:04:00 IST 2020
Wed Aug  5 21:04:01 IST 2020
Wed Aug  5 21:04:02 IST 2020
Wed Aug  5 21:04:03 IST 2020
Wed Aug  5 21:04:04 IST 2020
Wed Aug  5 21:04:05 IST 2020
Wed Aug  5 21:04:06 IST 2020
Wed Aug  5 21:04:07 IST 2020
Wed Aug  5 21:04:08 IST 2020
Wed Aug  5 21:04:09 IST 2020
Wed Aug  5 21:04:10 IST 2020
Wed Aug  5 21:04:11 IST 2020
Wed Aug  5 21:04:12 IST 2020
Wed Aug  5 21:04:13 IST 2020
Wed Aug  5 21:04:14 IST 2020
Wed Aug  5 21:04:15 IST 2020
Wed Aug  5 21:04:16 IST 2020
Wed Aug  5 21:04:17 IST 2020
Wed Aug  5 21:04:18 IST 2020
Wed Aug  5 21:04:19 IST 2020
Wed Aug  5 21:04:20 IST 2020
Wed Aug  5 21:04:21 IST 2020
Wed Aug  5 21:04:22 IST 2020
Wed Aug  5 21:04:23 IST 2020
Wed Aug  5 21:04:24 IST 2020
Wed Aug  5 21:04:25 IST 2020
Wed Aug  5 21:04:26 IST 2020
Wed Aug  5 21:04:27 IST 2020
Wed Aug  5 21:04:28 IST 2020
Wed Aug  5 21:04:29 IST 2020
Wed Aug  5 21:04:30 IST 2020
Wed Aug  5 21:04:31 IST 2020
Wed Aug  5 21:04:32 IST 2020
Wed Aug  5 21:04:33 IST 2020
Wed Aug  5 21:04:34 IST 2020
Wed Aug  5 21:04:35 IST 2020
Wed Aug  5 21:04:36 IST 2020
Wed Aug  5 21:04:37 IST 2020
Wed Aug  5 21:04:38 IST 2020
Wed Aug  5 21:04:39 IST 2020
Wed Aug  5 21:04:40 IST 2020
Wed Aug  5 21:04:41 IST 2020
Wed Aug  5 21:04:42 IST 2020
Wed Aug  5 21:04:43 IST 2020
Wed Aug  5 21:04:44 IST 2020
Wed Aug  5 21:04:45 IST 2020
Wed Aug  5 21:04:46 IST 2020
Wed Aug  5 21:04:47 IST 2020
Wed Aug  5 21:04:48 IST 2020
Wed Aug  5 21:04:49 IST 2020
Wed Aug  5 21:04:50 IST 2020
Wed Aug  5 21:04:51 IST 2020
Wed Aug  5 21:04:52 IST 2020
Wed Aug  5 21:04:53 IST 2020
Wed Aug  5 21:04:54 IST 2020
Wed Aug  5 21:04:55 IST 2020
Wed Aug  5 21:04:56 IST 2020
Wed Aug  5 21:04:57 IST 2020
Wed Aug  5 21:04:58 IST 2020
Wed Aug  5 21:04:59 IST 2020
Wed Aug  5 21:05:00 IST 2020
Wed Aug  5 21:05:01 IST 2020
Wed Aug  5 21:05:02 IST 2020
Wed Aug  5 21:05:03 IST 2020
Wed Aug  5 21:05:04 IST 2020
Wed Aug  5 21:05:05 IST 2020
Wed Aug  5 21:05:06 IST 2020
Wed Aug  5 21:05:07 IST 2020
Wed Aug  5 21:05:08 IST 2020
Wed Aug  5 21:05:09 IST 2020
Wed Aug  5 21:05:10 IST 2020
Wed Aug  5 21:05:11 IST 2020
Wed Aug  5 21:05:12 IST 2020
Wed Aug  5 21:05:13 IST 2020
Wed Aug  5 21:05:14 IST 2020
Wed Aug  5 21:05:15 IST 2020
Wed Aug  5 21:05:16 IST 2020
Wed Aug  5 21:05:17 IST 2020
Wed Aug  5 21:05:18 IST 2020
Wed Aug  5 21:05:19 IST 2020
Wed Aug  5 21:05:20 IST 2020
Wed Aug  5 21:05:21 IST 2020
Wed Aug  5 21:05:22 IST 2020
Wed Aug  5 21:05:23 IST 2020
Wed Aug  5 21:05:24 IST 2020
Wed Aug  5 21:05:25 IST 2020
Wed Aug  5 21:05:26 IST 2020
Wed Aug  5 21:05:27 IST 2020
Wed Aug  5 21:05:28 IST 2020
Wed Aug  5 21:05:29 IST 2020
Wed Aug  5 21:05:30 IST 2020
Wed Aug  5 21:05:31 IST 2020
Wed Aug  5 21:05:32 IST 2020
Wed Aug  5 21:05:33 IST 2020
Wed Aug  5 21:05:34 IST 2020
Wed Aug  5 21:05:36 IST 2020
Wed Aug  5 21:05:37 IST 2020
Wed Aug  5 21:05:38 IST 2020
Wed Aug  5 21:05:39 IST 2020
Wed Aug  5 21:05:40 IST 2020
Wed Aug  5 21:05:41 IST 2020
Wed Aug  5 21:05:42 IST 2020
Wed Aug  5 21:05:43 IST 2020
Wed Aug  5 21:05:44 IST 2020
Wed Aug  5 21:05:45 IST 2020
Wed Aug  5 21:05:46 IST 2020
Wed Aug  5 21:05:47 IST 2020
Wed Aug  5 21:05:48 IST 2020
Wed Aug  5 21:05:49 IST 2020
Wed Aug  5 21:05:50 IST 2020
Wed Aug  5 21:05:51 IST 2020
Wed Aug  5 21:05:52 IST 2020
Wed Aug  5 21:05:53 IST 2020
Wed Aug  5 21:05:54 IST 2020
Wed Aug  5 21:05:55 IST 2020
Wed Aug  5 21:05:56 IST 2020
Wed Aug  5 21:05:57 IST 2020
Wed Aug  5 21:05:58 IST 2020
Wed Aug  5 21:05:59 IST 2020
Wed Aug  5 21:06:00 IST 2020
Wed Aug  5 21:06:01 IST 2020
Wed Aug  5 21:06:02 IST 2020
Wed Aug  5 21:06:03 IST 2020
Wed Aug  5 21:06:04 IST 2020
Wed Aug  5 21:06:05 IST 2020
Wed Aug  5 21:06:06 IST 2020
Wed Aug  5 21:06:07 IST 2020
Wed Aug  5 21:06:08 IST 2020
Wed Aug  5 21:06:09 IST 2020
Wed Aug  5 21:06:10 IST 2020
Wed Aug  5 21:06:11 IST 2020
Wed Aug  5 21:06:12 IST 2020
Wed Aug  5 21:06:13 IST 2020
Wed Aug  5 21:06:14 IST 2020
Wed Aug  5 21:06:15 IST 2020
Wed Aug  5 21:06:16 IST 2020
Wed Aug  5 21:06:17 IST 2020
Wed Aug  5 21:06:18 IST 2020
Wed Aug  5 21:06:19 IST 2020
Wed Aug  5 21:06:20 IST 2020
Wed Aug  5 21:06:21 IST 2020
Wed Aug  5 21:06:22 IST 2020
Wed Aug  5 21:06:23 IST 2020
Wed Aug  5 21:06:24 IST 2020
Wed Aug  5 21:06:25 IST 2020
Wed Aug  5 21:06:26 IST 2020
Wed Aug  5 21:06:27 IST 2020
Wed Aug  5 21:06:28 IST 2020
Wed Aug  5 21:06:29 IST 2020
Wed Aug  5 21:06:30 IST 2020
Wed Aug  5 21:06:31 IST 2020
Wed Aug  5 21:06:32 IST 2020
Wed Aug  5 21:06:33 IST 2020
Wed Aug  5 21:06:34 IST 2020
Wed Aug  5 21:06:35 IST 2020
Wed Aug  5 21:06:36 IST 2020
Wed Aug  5 21:06:37 IST 2020
Wed Aug  5 21:06:38 IST 2020
Wed Aug  5 21:06:39 IST 2020
Wed Aug  5 21:06:40 IST 2020
Wed Aug  5 21:06:41 IST 2020
Wed Aug  5 21:06:42 IST 2020
Wed Aug  5 21:06:43 IST 2020
Wed Aug  5 21:06:44 IST 2020
Wed Aug  5 21:06:45 IST 2020
Wed Aug  5 21:06:46 IST 2020
Wed Aug  5 21:06:47 IST 2020
Wed Aug  5 21:06:48 IST 2020
Wed Aug  5 21:06:49 IST 2020
Wed Aug  5 21:06:50 IST 2020
Wed Aug  5 21:06:51 IST 2020
Wed Aug  5 21:06:52 IST 2020
Wed Aug  5 21:06:53 IST 2020
Wed Aug  5 21:06:54 IST 2020
Wed Aug  5 21:06:55 IST 2020
Wed Aug  5 21:06:56 IST 2020
Wed Aug  5 21:06:57 IST 2020
Wed Aug  5 21:06:58 IST 2020
Wed Aug  5 21:06:59 IST 2020
Wed Aug  5 21:07:00 IST 2020
Wed Aug  5 21:07:01 IST 2020
Wed Aug  5 21:07:02 IST 2020
Wed Aug  5 21:07:03 IST 2020
Wed Aug  5 21:07:04 IST 2020
Wed Aug  5 21:07:05 IST 2020
Wed Aug  5 21:07:06 IST 2020
Wed Aug  5 21:07:07 IST 2020
Wed Aug  5 21:07:08 IST 2020
Wed Aug  5 21:07:09 IST 2020
Wed Aug  5 21:07:10 IST 2020
Wed Aug  5 21:07:11 IST 2020
Wed Aug  5 21:07:12 IST 2020
Wed Aug  5 21:07:13 IST 2020
Wed Aug  5 21:07:14 IST 2020
Wed Aug  5 21:07:15 IST 2020
Wed Aug  5 21:07:16 IST 2020
Wed Aug  5 21:07:17 IST 2020
Wed Aug  5 21:07:18 IST 2020
Wed Aug  5 21:07:19 IST 2020
Wed Aug  5 21:07:20 IST 2020
Wed Aug  5 21:07:21 IST 2020
Wed Aug  5 21:07:22 IST 2020
Wed Aug  5 21:07:23 IST 2020
Wed Aug  5 21:07:24 IST 2020
Wed Aug  5 21:07:25 IST 2020
Wed Aug  5 21:07:26 IST 2020
Wed Aug  5 21:07:27 IST 2020
Wed Aug  5 21:07:28 IST 2020
Wed Aug  5 21:07:29 IST 2020
Wed Aug  5 21:07:30 IST 2020
Wed Aug  5 21:07:31 IST 2020
Wed Aug  5 21:07:32 IST 2020
Wed Aug  5 21:07:33 IST 2020
Wed Aug  5 21:07:34 IST 2020
Wed Aug  5 21:07:35 IST 2020
Wed Aug  5 21:07:36 IST 2020
Wed Aug  5 21:07:37 IST 2020
Wed Aug  5 21:07:38 IST 2020
Wed Aug  5 21:07:39 IST 2020
Wed Aug  5 21:07:40 IST 2020
Wed Aug  5 21:07:41 IST 2020
Wed Aug  5 21:07:42 IST 2020
Wed Aug  5 21:07:43 IST 2020
Wed Aug  5 21:07:44 IST 2020
Wed Aug  5 21:07:45 IST 2020
Wed Aug  5 21:07:46 IST 2020
Wed Aug  5 21:07:47 IST 2020
Wed Aug  5 21:07:48 IST 2020
Wed Aug  5 21:07:49 IST 2020
Wed Aug  5 21:07:50 IST 2020
Wed Aug  5 21:07:51 IST 2020
Wed Aug  5 21:07:52 IST 2020
Wed Aug  5 21:07:53 IST 2020
Wed Aug  5 21:07:54 IST 2020
Wed Aug  5 21:07:55 IST 2020
Wed Aug  5 21:07:56 IST 2020
Wed Aug  5 21:07:57 IST 2020
Wed Aug  5 21:07:58 IST 2020
Wed Aug  5 21:07:59 IST 2020
Wed Aug  5 21:08:00 IST 2020
Wed Aug  5 21:08:01 IST 2020
Wed Aug  5 21:08:02 IST 2020
Wed Aug  5 21:08:03 IST 2020
Wed Aug  5 21:08:04 IST 2020
Wed Aug  5 21:08:05 IST 2020
Wed Aug  5 21:08:06 IST 2020
Wed Aug  5 21:08:07 IST 2020
Wed Aug  5 21:08:08 IST 2020
Wed Aug  5 21:08:09 IST 2020
Wed Aug  5 21:08:10 IST 2020
Wed Aug  5 21:08:11 IST 2020
Wed Aug  5 21:08:12 IST 2020
Wed Aug  5 21:08:13 IST 2020
Wed Aug  5 21:08:14 IST 2020
Wed Aug  5 21:08:15 IST 2020
Wed Aug  5 21:08:16 IST 2020
Wed Aug  5 21:08:17 IST 2020
Wed Aug  5 21:08:18 IST 2020
Wed Aug  5 21:08:19 IST 2020
Wed Aug  5 21:08:20 IST 2020
Wed Aug  5 21:08:21 IST 2020
Wed Aug  5 21:08:22 IST 2020
Wed Aug  5 21:08:23 IST 2020
Wed Aug  5 21:08:24 IST 2020
Wed Aug  5 21:08:25 IST 2020
Wed Aug  5 21:08:26 IST 2020
Wed Aug  5 21:08:27 IST 2020
Wed Aug  5 21:08:28 IST 2020
Wed Aug  5 21:08:29 IST 2020
Wed Aug  5 21:08:30 IST 2020
Wed Aug  5 21:08:31 IST 2020
Wed Aug  5 21:08:32 IST 2020
Wed Aug  5 21:08:33 IST 2020
Wed Aug  5 21:08:34 IST 2020
Wed Aug  5 21:08:35 IST 2020
Wed Aug  5 21:08:36 IST 2020
Wed Aug  5 21:08:37 IST 2020
Wed Aug  5 21:08:38 IST 2020
Wed Aug  5 21:08:39 IST 2020
Wed Aug  5 21:08:40 IST 2020
Wed Aug  5 21:08:41 IST 2020
Wed Aug  5 21:08:42 IST 2020
Wed Aug  5 21:08:44 IST 2020
Wed Aug  5 21:08:45 IST 2020
Wed Aug  5 21:08:46 IST 2020
Wed Aug  5 21:08:47 IST 2020
Wed Aug  5 21:08:48 IST 2020
Wed Aug  5 21:08:49 IST 2020
Wed Aug  5 21:08:50 IST 2020
Wed Aug  5 21:08:51 IST 2020
Wed Aug  5 21:08:52 IST 2020
Wed Aug  5 21:08:53 IST 2020
Wed Aug  5 21:08:54 IST 2020
Wed Aug  5 21:08:55 IST 2020
Wed Aug  5 21:08:56 IST 2020
Wed Aug  5 21:08:57 IST 2020
Wed Aug  5 21:08:58 IST 2020
Wed Aug  5 21:08:59 IST 2020
Wed Aug  5 21:09:00 IST 2020
Wed Aug  5 21:09:01 IST 2020
Wed Aug  5 21:09:02 IST 2020
Wed Aug  5 21:09:03 IST 2020
Wed Aug  5 21:09:04 IST 2020
Wed Aug  5 21:09:05 IST 2020
Wed Aug  5 21:09:06 IST 2020
Wed Aug  5 21:09:07 IST 2020
Wed Aug  5 21:09:08 IST 2020
Wed Aug  5 21:09:09 IST 2020
Wed Aug  5 21:09:10 IST 2020
Wed Aug  5 21:09:11 IST 2020
Wed Aug  5 21:09:12 IST 2020
Wed Aug  5 21:09:13 IST 2020
Wed Aug  5 21:09:14 IST 2020
Wed Aug  5 21:09:15 IST 2020
Wed Aug  5 21:09:16 IST 2020
Wed Aug  5 21:09:17 IST 2020
Wed Aug  5 21:09:18 IST 2020
Wed Aug  5 21:09:19 IST 2020
Wed Aug  5 21:09:20 IST 2020
Wed Aug  5 21:09:21 IST 2020
Wed Aug  5 21:09:22 IST 2020
Wed Aug  5 21:09:23 IST 2020
Wed Aug  5 21:09:24 IST 2020
Wed Aug  5 21:09:25 IST 2020
Wed Aug  5 21:09:26 IST 2020
Wed Aug  5 21:09:27 IST 2020
Wed Aug  5 21:09:28 IST 2020
Wed Aug  5 21:09:29 IST 2020
Wed Aug  5 21:09:30 IST 2020
Wed Aug  5 21:09:31 IST 2020
Wed Aug  5 21:09:32 IST 2020
Wed Aug  5 21:09:33 IST 2020
Wed Aug  5 21:09:34 IST 2020
Wed Aug  5 21:09:35 IST 2020
Wed Aug  5 21:09:36 IST 2020
Wed Aug  5 21:09:37 IST 2020
Wed Aug  5 21:09:38 IST 2020
Wed Aug  5 21:09:39 IST 2020
Wed Aug  5 21:09:40 IST 2020
Wed Aug  5 21:09:41 IST 2020
Wed Aug  5 21:09:42 IST 2020
Wed Aug  5 21:09:43 IST 2020
Wed Aug  5 21:09:44 IST 2020
Wed Aug  5 21:09:45 IST 2020
Wed Aug  5 21:09:46 IST 2020
Wed Aug  5 21:09:47 IST 2020
Wed Aug  5 21:09:48 IST 2020
Wed Aug  5 21:09:49 IST 2020
Wed Aug  5 21:09:50 IST 2020
Wed Aug  5 21:09:51 IST 2020
Wed Aug  5 21:09:52 IST 2020
Wed Aug  5 21:09:53 IST 2020
Wed Aug  5 21:09:54 IST 2020
Wed Aug  5 21:09:55 IST 2020
Wed Aug  5 21:09:56 IST 2020
Wed Aug  5 21:09:57 IST 2020
Wed Aug  5 21:09:58 IST 2020
Wed Aug  5 21:09:59 IST 2020
Wed Aug  5 21:10:00 IST 2020
Wed Aug  5 21:10:01 IST 2020
Wed Aug  5 21:10:02 IST 2020
Wed Aug  5 21:10:03 IST 2020
Wed Aug  5 21:10:04 IST 2020
Wed Aug  5 21:10:05 IST 2020
Wed Aug  5 21:10:06 IST 2020
Wed Aug  5 21:10:07 IST 2020
Wed Aug  5 21:10:08 IST 2020
Wed Aug  5 21:10:09 IST 2020
Wed Aug  5 21:10:10 IST 2020
Wed Aug  5 21:10:11 IST 2020
Wed Aug  5 21:10:12 IST 2020
Wed Aug  5 21:10:13 IST 2020
Wed Aug  5 21:10:14 IST 2020
Wed Aug  5 21:10:15 IST 2020
Wed Aug  5 21:10:16 IST 2020
Wed Aug  5 21:10:17 IST 2020
Wed Aug  5 21:10:18 IST 2020
Wed Aug  5 21:10:19 IST 2020
Wed Aug  5 21:10:20 IST 2020
Wed Aug  5 21:10:21 IST 2020
Wed Aug  5 21:10:22 IST 2020
Wed Aug  5 21:10:23 IST 2020
Wed Aug  5 21:10:24 IST 2020
Wed Aug  5 21:10:25 IST 2020
Wed Aug  5 21:10:26 IST 2020
Wed Aug  5 21:10:27 IST 2020
Wed Aug  5 21:10:28 IST 2020
Wed Aug  5 21:10:29 IST 2020
Wed Aug  5 21:10:30 IST 2020
Wed Aug  5 21:10:31 IST 2020
Wed Aug  5 21:10:32 IST 2020
Wed Aug  5 21:10:33 IST 2020
Wed Aug  5 21:10:34 IST 2020
Wed Aug  5 21:10:35 IST 2020
Wed Aug  5 21:10:36 IST 2020
Wed Aug  5 21:10:37 IST 2020
Wed Aug  5 21:10:38 IST 2020
Wed Aug  5 21:10:39 IST 2020
Wed Aug  5 21:10:40 IST 2020
Wed Aug  5 21:10:41 IST 2020
Wed Aug  5 21:10:42 IST 2020
Wed Aug  5 21:10:43 IST 2020
Wed Aug  5 21:10:44 IST 2020
Wed Aug  5 21:10:45 IST 2020
Wed Aug  5 21:10:46 IST 2020
Wed Aug  5 21:10:47 IST 2020
Wed Aug  5 21:10:48 IST 2020
Wed Aug  5 21:10:49 IST 2020
Wed Aug  5 21:10:50 IST 2020
Wed Aug  5 21:10:51 IST 2020
Wed Aug  5 21:10:52 IST 2020
Wed Aug  5 21:10:53 IST 2020
Wed Aug  5 21:10:54 IST 2020
Wed Aug  5 21:10:55 IST 2020
Wed Aug  5 21:10:56 IST 2020
Wed Aug  5 21:10:57 IST 2020
Wed Aug  5 21:10:58 IST 2020
Wed Aug  5 21:10:59 IST 2020
Wed Aug  5 21:11:00 IST 2020
Wed Aug  5 21:11:01 IST 2020
Wed Aug  5 21:11:02 IST 2020
Wed Aug  5 21:11:03 IST 2020
Wed Aug  5 21:11:04 IST 2020
Wed Aug  5 21:11:05 IST 2020
Wed Aug  5 21:11:06 IST 2020
Wed Aug  5 21:11:07 IST 2020
Wed Aug  5 21:11:08 IST 2020
Wed Aug  5 21:11:09 IST 2020
Wed Aug  5 21:11:10 IST 2020
Wed Aug  5 21:11:11 IST 2020
Wed Aug  5 21:11:12 IST 2020
Wed Aug  5 21:11:13 IST 2020
Wed Aug  5 21:11:14 IST 2020
Wed Aug  5 21:11:15 IST 2020
Wed Aug  5 21:11:16 IST 2020
Wed Aug  5 21:11:17 IST 2020
Wed Aug  5 21:11:18 IST 2020
Wed Aug  5 21:11:19 IST 2020
Wed Aug  5 21:11:20 IST 2020
Wed Aug  5 21:11:21 IST 2020
Wed Aug  5 21:11:22 IST 2020
Wed Aug  5 21:11:24 IST 2020
Wed Aug  5 21:11:25 IST 2020
Wed Aug  5 21:11:26 IST 2020
Wed Aug  5 21:11:27 IST 2020
Wed Aug  5 21:11:28 IST 2020
Wed Aug  5 21:11:29 IST 2020
Wed Aug  5 21:11:30 IST 2020
Wed Aug  5 21:11:31 IST 2020
Wed Aug  5 21:11:32 IST 2020
Wed Aug  5 21:11:33 IST 2020
Wed Aug  5 21:11:34 IST 2020
Wed Aug  5 21:11:35 IST 2020
Wed Aug  5 21:11:36 IST 2020
Wed Aug  5 21:11:37 IST 2020
Wed Aug  5 21:11:38 IST 2020
Wed Aug  5 21:11:39 IST 2020
Wed Aug  5 21:11:40 IST 2020
Wed Aug  5 21:11:41 IST 2020
Wed Aug  5 21:11:42 IST 2020
Wed Aug  5 21:11:43 IST 2020
Wed Aug  5 21:11:44 IST 2020
Wed Aug  5 21:11:45 IST 2020
Wed Aug  5 21:11:46 IST 2020
Wed Aug  5 21:11:47 IST 2020
Wed Aug  5 21:11:48 IST 2020
Wed Aug  5 21:11:49 IST 2020
Wed Aug  5 21:11:50 IST 2020
Wed Aug  5 21:11:51 IST 2020
Wed Aug  5 21:11:52 IST 2020
Wed Aug  5 21:11:53 IST 2020
Wed Aug  5 21:11:54 IST 2020
Wed Aug  5 21:11:55 IST 2020
Wed Aug  5 21:11:56 IST 2020
Wed Aug  5 21:11:57 IST 2020
Wed Aug  5 21:11:58 IST 2020
Wed Aug  5 21:11:59 IST 2020
Wed Aug  5 21:12:00 IST 2020
Wed Aug  5 21:12:01 IST 2020
Wed Aug  5 21:12:02 IST 2020
Wed Aug  5 21:12:03 IST 2020
Wed Aug  5 21:12:04 IST 2020
Wed Aug  5 21:12:05 IST 2020
Wed Aug  5 21:12:06 IST 2020
Wed Aug  5 21:12:07 IST 2020
Wed Aug  5 21:12:08 IST 2020
Wed Aug  5 21:12:09 IST 2020
Wed Aug  5 21:12:10 IST 2020
Wed Aug  5 21:12:11 IST 2020
Wed Aug  5 21:12:12 IST 2020
Wed Aug  5 21:12:13 IST 2020
Wed Aug  5 21:12:14 IST 2020
Wed Aug  5 21:12:15 IST 2020
Wed Aug  5 21:12:16 IST 2020
Wed Aug  5 21:12:17 IST 2020
Wed Aug  5 21:12:18 IST 2020
Wed Aug  5 21:12:19 IST 2020
Wed Aug  5 21:12:20 IST 2020
Wed Aug  5 21:12:21 IST 2020
Wed Aug  5 21:12:22 IST 2020
Wed Aug  5 21:12:23 IST 2020
Wed Aug  5 21:12:24 IST 2020
Wed Aug  5 21:12:25 IST 2020
Wed Aug  5 21:12:26 IST 2020
Wed Aug  5 21:12:27 IST 2020
Wed Aug  5 21:12:28 IST 2020
Wed Aug  5 21:12:29 IST 2020
Wed Aug  5 21:12:30 IST 2020
Wed Aug  5 21:12:31 IST 2020
Wed Aug  5 21:12:32 IST 2020
Wed Aug  5 21:12:33 IST 2020
Wed Aug  5 21:12:34 IST 2020
Wed Aug  5 21:12:35 IST 2020
Wed Aug  5 21:12:36 IST 2020
Wed Aug  5 21:12:37 IST 2020
Wed Aug  5 21:12:38 IST 2020
Wed Aug  5 21:12:39 IST 2020
Wed Aug  5 21:12:40 IST 2020
Wed Aug  5 21:12:41 IST 2020
Wed Aug  5 21:12:42 IST 2020
Wed Aug  5 21:12:43 IST 2020
Wed Aug  5 21:12:44 IST 2020
Wed Aug  5 21:12:45 IST 2020
Wed Aug  5 21:12:46 IST 2020
Wed Aug  5 21:12:47 IST 2020
Wed Aug  5 21:12:48 IST 2020
Wed Aug  5 21:12:49 IST 2020
Wed Aug  5 21:12:50 IST 2020
Wed Aug  5 21:12:51 IST 2020
Wed Aug  5 21:12:52 IST 2020
Wed Aug  5 21:12:53 IST 2020
Wed Aug  5 21:12:54 IST 2020
Wed Aug  5 21:12:55 IST 2020
Wed Aug  5 21:12:56 IST 2020
Wed Aug  5 21:12:57 IST 2020
Wed Aug  5 21:12:58 IST 2020
Wed Aug  5 21:12:59 IST 2020
Wed Aug  5 21:13:00 IST 2020
Wed Aug  5 21:13:01 IST 2020
Wed Aug  5 21:13:02 IST 2020
Wed Aug  5 21:13:03 IST 2020
Wed Aug  5 21:13:04 IST 2020
Wed Aug  5 21:13:05 IST 2020
Wed Aug  5 21:13:06 IST 2020
Wed Aug  5 21:13:07 IST 2020
Wed Aug  5 21:13:08 IST 2020
Wed Aug  5 21:13:09 IST 2020
Wed Aug  5 21:13:10 IST 2020
Wed Aug  5 21:13:11 IST 2020
Wed Aug  5 21:13:12 IST 2020
Wed Aug  5 21:13:13 IST 2020
Wed Aug  5 21:13:14 IST 2020
Wed Aug  5 21:13:15 IST 2020
Wed Aug  5 21:13:16 IST 2020
Wed Aug  5 21:13:17 IST 2020
Wed Aug  5 21:13:18 IST 2020
Wed Aug  5 21:13:19 IST 2020
Wed Aug  5 21:13:20 IST 2020
Wed Aug  5 21:13:21 IST 2020
Wed Aug  5 21:13:22 IST 2020
Wed Aug  5 21:13:23 IST 2020
Wed Aug  5 21:13:24 IST 2020
Wed Aug  5 21:13:25 IST 2020
Wed Aug  5 21:13:26 IST 2020
Wed Aug  5 21:13:27 IST 2020
Wed Aug  5 21:13:28 IST 2020
Wed Aug  5 21:13:29 IST 2020
Wed Aug  5 21:13:30 IST 2020
Wed Aug  5 21:13:31 IST 2020
Wed Aug  5 21:13:32 IST 2020
Wed Aug  5 21:13:33 IST 2020
Wed Aug  5 21:13:34 IST 2020
Wed Aug  5 21:13:35 IST 2020
Wed Aug  5 21:13:36 IST 2020
Wed Aug  5 21:13:37 IST 2020
Wed Aug  5 21:13:38 IST 2020
Wed Aug  5 21:13:39 IST 2020
Wed Aug  5 21:13:40 IST 2020
Wed Aug  5 21:13:41 IST 2020
Wed Aug  5 21:13:42 IST 2020
Wed Aug  5 21:13:43 IST 2020
Wed Aug  5 21:13:44 IST 2020
Wed Aug  5 21:13:45 IST 2020
Wed Aug  5 21:13:46 IST 2020
Wed Aug  5 21:13:47 IST 2020
Wed Aug  5 21:13:48 IST 2020
Wed Aug  5 21:13:49 IST 2020
Wed Aug  5 21:13:50 IST 2020
Wed Aug  5 21:13:51 IST 2020
Wed Aug  5 21:13:52 IST 2020
Wed Aug  5 21:13:53 IST 2020
Wed Aug  5 21:13:54 IST 2020
Wed Aug  5 21:13:55 IST 2020
Wed Aug  5 21:13:56 IST 2020
Wed Aug  5 21:13:57 IST 2020
Wed Aug  5 21:13:58 IST 2020
Wed Aug  5 21:14:00 IST 2020
Wed Aug  5 21:14:01 IST 2020
Wed Aug  5 21:14:02 IST 2020
Wed Aug  5 21:14:03 IST 2020
Wed Aug  5 21:14:04 IST 2020
Wed Aug  5 21:14:05 IST 2020
Wed Aug  5 21:14:06 IST 2020
Wed Aug  5 21:14:07 IST 2020
Wed Aug  5 21:14:08 IST 2020
Wed Aug  5 21:14:09 IST 2020
Wed Aug  5 21:14:10 IST 2020
Wed Aug  5 21:14:11 IST 2020
Wed Aug  5 21:14:12 IST 2020
Wed Aug  5 21:14:13 IST 2020
Wed Aug  5 21:14:14 IST 2020
Wed Aug  5 21:14:15 IST 2020
Wed Aug  5 21:14:16 IST 2020
Wed Aug  5 21:14:17 IST 2020
Wed Aug  5 21:14:18 IST 2020
Wed Aug  5 21:14:19 IST 2020
Wed Aug  5 21:14:20 IST 2020
Wed Aug  5 21:14:21 IST 2020
Wed Aug  5 21:14:22 IST 2020
Wed Aug  5 21:14:23 IST 2020
Wed Aug  5 21:14:24 IST 2020
Wed Aug  5 21:14:25 IST 2020
Wed Aug  5 21:14:26 IST 2020
Wed Aug  5 21:14:27 IST 2020
Wed Aug  5 21:14:28 IST 2020
Wed Aug  5 21:14:29 IST 2020
Wed Aug  5 21:14:30 IST 2020
Wed Aug  5 21:14:31 IST 2020
Wed Aug  5 21:14:32 IST 2020
Wed Aug  5 21:14:33 IST 2020
Wed Aug  5 21:14:34 IST 2020
Wed Aug  5 21:14:35 IST 2020
Wed Aug  5 21:14:36 IST 2020
Wed Aug  5 21:14:37 IST 2020
Wed Aug  5 21:14:38 IST 2020
Wed Aug  5 21:14:39 IST 2020
Wed Aug  5 21:14:40 IST 2020
Wed Aug  5 21:14:41 IST 2020
Wed Aug  5 21:14:42 IST 2020
Wed Aug  5 21:14:43 IST 2020
Wed Aug  5 21:14:44 IST 2020
Wed Aug  5 21:14:45 IST 2020
Wed Aug  5 21:14:46 IST 2020
Wed Aug  5 21:14:47 IST 2020
Wed Aug  5 21:14:48 IST 2020
Wed Aug  5 21:14:49 IST 2020
Wed Aug  5 21:14:50 IST 2020
Wed Aug  5 21:14:51 IST 2020
Wed Aug  5 21:14:52 IST 2020
Wed Aug  5 21:14:53 IST 2020
Wed Aug  5 21:14:54 IST 2020
Wed Aug  5 21:14:55 IST 2020
Wed Aug  5 21:14:56 IST 2020
Wed Aug  5 21:14:57 IST 2020
Wed Aug  5 21:14:58 IST 2020
Wed Aug  5 21:14:59 IST 2020
Wed Aug  5 21:15:00 IST 2020
Wed Aug  5 21:15:01 IST 2020
Wed Aug  5 21:15:02 IST 2020
Wed Aug  5 21:15:03 IST 2020
Wed Aug  5 21:15:04 IST 2020
Wed Aug  5 21:15:05 IST 2020
Wed Aug  5 21:15:06 IST 2020
Wed Aug  5 21:15:07 IST 2020
Wed Aug  5 21:15:08 IST 2020
Wed Aug  5 21:15:09 IST 2020
Wed Aug  5 21:15:10 IST 2020
Wed Aug  5 21:15:11 IST 2020
Wed Aug  5 21:15:12 IST 2020
Wed Aug  5 21:15:13 IST 2020
Wed Aug  5 21:15:14 IST 2020
Wed Aug  5 21:15:15 IST 2020
Wed Aug  5 21:15:16 IST 2020
Wed Aug  5 21:15:17 IST 2020
Wed Aug  5 21:15:18 IST 2020
Wed Aug  5 21:15:19 IST 2020
Wed Aug  5 21:15:20 IST 2020
Wed Aug  5 21:15:21 IST 2020
Wed Aug  5 21:15:22 IST 2020
Wed Aug  5 21:15:23 IST 2020
Wed Aug  5 21:15:24 IST 2020
Wed Aug  5 21:15:25 IST 2020
Wed Aug  5 21:15:26 IST 2020
Wed Aug  5 21:15:27 IST 2020
Wed Aug  5 21:15:28 IST 2020
Wed Aug  5 21:15:29 IST 2020
Wed Aug  5 21:15:30 IST 2020
Wed Aug  5 21:15:31 IST 2020
Wed Aug  5 21:15:32 IST 2020
Wed Aug  5 21:15:33 IST 2020
Wed Aug  5 21:15:34 IST 2020
Wed Aug  5 21:15:35 IST 2020
Wed Aug  5 21:15:36 IST 2020
Wed Aug  5 21:15:37 IST 2020
Wed Aug  5 21:15:38 IST 2020
Wed Aug  5 21:15:39 IST 2020
Wed Aug  5 21:15:40 IST 2020
Wed Aug  5 21:15:41 IST 2020
Wed Aug  5 21:15:42 IST 2020
Wed Aug  5 21:15:43 IST 2020
Wed Aug  5 21:15:44 IST 2020
Wed Aug  5 21:15:45 IST 2020
Wed Aug  5 21:15:46 IST 2020
Wed Aug  5 21:15:47 IST 2020
Wed Aug  5 21:15:48 IST 2020
Wed Aug  5 21:15:49 IST 2020
Wed Aug  5 21:15:50 IST 2020
Wed Aug  5 21:15:51 IST 2020
Wed Aug  5 21:15:52 IST 2020
Wed Aug  5 21:15:53 IST 2020
Wed Aug  5 21:15:54 IST 2020
Wed Aug  5 21:15:55 IST 2020
Wed Aug  5 21:15:56 IST 2020
Wed Aug  5 21:15:57 IST 2020
Wed Aug  5 21:15:58 IST 2020
Wed Aug  5 21:15:59 IST 2020
Wed Aug  5 21:16:00 IST 2020
Wed Aug  5 21:16:01 IST 2020
Wed Aug  5 21:16:02 IST 2020
Wed Aug  5 21:16:03 IST 2020
Wed Aug  5 21:16:04 IST 2020
Wed Aug  5 21:16:05 IST 2020
Wed Aug  5 21:16:06 IST 2020
Wed Aug  5 21:16:07 IST 2020
Wed Aug  5 21:16:08 IST 2020
Wed Aug  5 21:16:09 IST 2020
Wed Aug  5 21:16:10 IST 2020
Wed Aug  5 21:16:11 IST 2020
Wed Aug  5 21:16:12 IST 2020
Wed Aug  5 21:16:13 IST 2020
Wed Aug  5 21:16:14 IST 2020
Wed Aug  5 21:16:15 IST 2020
Wed Aug  5 21:16:16 IST 2020
Wed Aug  5 21:16:17 IST 2020
Wed Aug  5 21:16:18 IST 2020
Wed Aug  5 21:16:19 IST 2020
Wed Aug  5 21:16:20 IST 2020
Wed Aug  5 21:16:21 IST 2020
Wed Aug  5 21:16:22 IST 2020
Wed Aug  5 21:16:23 IST 2020
Wed Aug  5 21:16:24 IST 2020
Wed Aug  5 21:16:25 IST 2020
Wed Aug  5 21:16:26 IST 2020
Wed Aug  5 21:16:27 IST 2020
Wed Aug  5 21:16:28 IST 2020
Wed Aug  5 21:16:29 IST 2020
Wed Aug  5 21:16:30 IST 2020
Wed Aug  5 21:16:31 IST 2020
Wed Aug  5 21:16:32 IST 2020
Wed Aug  5 21:16:33 IST 2020
Wed Aug  5 21:16:34 IST 2020
Wed Aug  5 21:16:35 IST 2020
Wed Aug  5 21:16:36 IST 2020
Wed Aug  5 21:16:37 IST 2020
Wed Aug  5 21:16:38 IST 2020
Wed Aug  5 21:16:39 IST 2020
Wed Aug  5 21:16:40 IST 2020
Wed Aug  5 21:16:41 IST 2020
Wed Aug  5 21:16:42 IST 2020
Wed Aug  5 21:16:43 IST 2020
Wed Aug  5 21:16:44 IST 2020
Wed Aug  5 21:16:45 IST 2020
Wed Aug  5 21:16:46 IST 2020
Wed Aug  5 21:16:47 IST 2020
Wed Aug  5 21:16:48 IST 2020
Wed Aug  5 21:16:49 IST 2020
Wed Aug  5 21:16:50 IST 2020
Wed Aug  5 21:16:51 IST 2020
Wed Aug  5 21:16:52 IST 2020
Wed Aug  5 21:16:53 IST 2020
Wed Aug  5 21:16:54 IST 2020
Wed Aug  5 21:16:55 IST 2020
Wed Aug  5 21:16:56 IST 2020
Wed Aug  5 21:16:57 IST 2020
Wed Aug  5 21:16:58 IST 2020
Wed Aug  5 21:17:00 IST 2020
Wed Aug  5 21:17:01 IST 2020
Wed Aug  5 21:17:02 IST 2020
Wed Aug  5 21:17:03 IST 2020
Wed Aug  5 21:17:04 IST 2020
Wed Aug  5 21:17:05 IST 2020
Wed Aug  5 21:17:06 IST 2020
Wed Aug  5 21:17:07 IST 2020
Wed Aug  5 21:17:08 IST 2020
Wed Aug  5 21:17:09 IST 2020
Wed Aug  5 21:17:10 IST 2020
Wed Aug  5 21:17:11 IST 2020
Wed Aug  5 21:17:12 IST 2020
Wed Aug  5 21:17:13 IST 2020
Wed Aug  5 21:17:14 IST 2020
Wed Aug  5 21:17:15 IST 2020
Wed Aug  5 21:17:16 IST 2020
Wed Aug  5 21:17:17 IST 2020
Wed Aug  5 21:17:18 IST 2020
Wed Aug  5 21:17:19 IST 2020
Wed Aug  5 21:17:20 IST 2020
Wed Aug  5 21:17:21 IST 2020
Wed Aug  5 21:17:22 IST 2020
Wed Aug  5 21:17:23 IST 2020
Wed Aug  5 21:17:24 IST 2020
Wed Aug  5 21:17:25 IST 2020
Wed Aug  5 21:17:26 IST 2020
Wed Aug  5 21:17:27 IST 2020
Wed Aug  5 21:17:28 IST 2020
Wed Aug  5 21:17:29 IST 2020
Wed Aug  5 21:17:30 IST 2020
Wed Aug  5 21:17:31 IST 2020
Wed Aug  5 21:17:32 IST 2020
Wed Aug  5 21:17:33 IST 2020
Wed Aug  5 21:17:34 IST 2020
Wed Aug  5 21:17:35 IST 2020
Wed Aug  5 21:17:36 IST 2020
Wed Aug  5 21:17:37 IST 2020
Wed Aug  5 21:17:38 IST 2020
Wed Aug  5 21:17:39 IST 2020
Wed Aug  5 21:17:40 IST 2020
Wed Aug  5 21:17:41 IST 2020
Wed Aug  5 21:17:42 IST 2020
Wed Aug  5 21:17:43 IST 2020
Wed Aug  5 21:17:44 IST 2020
Wed Aug  5 21:17:45 IST 2020
Wed Aug  5 21:17:46 IST 2020
Wed Aug  5 21:17:47 IST 2020
Wed Aug  5 21:17:48 IST 2020
Wed Aug  5 21:17:49 IST 2020
Wed Aug  5 21:17:50 IST 2020
Wed Aug  5 21:17:51 IST 2020
Wed Aug  5 21:17:52 IST 2020
Wed Aug  5 21:17:53 IST 2020
Wed Aug  5 21:17:54 IST 2020
Wed Aug  5 21:17:55 IST 2020
Wed Aug  5 21:17:56 IST 2020
Wed Aug  5 21:17:57 IST 2020
Wed Aug  5 21:17:58 IST 2020
Wed Aug  5 21:17:59 IST 2020
Wed Aug  5 21:18:00 IST 2020
Wed Aug  5 21:18:01 IST 2020
Wed Aug  5 21:18:02 IST 2020
Wed Aug  5 21:18:03 IST 2020
Wed Aug  5 21:18:04 IST 2020
Wed Aug  5 21:18:05 IST 2020
Wed Aug  5 21:18:06 IST 2020
Wed Aug  5 21:18:07 IST 2020
Wed Aug  5 21:18:08 IST 2020
Wed Aug  5 21:18:09 IST 2020
Wed Aug  5 21:18:10 IST 2020
Wed Aug  5 21:18:11 IST 2020
Wed Aug  5 21:18:12 IST 2020
Wed Aug  5 21:18:13 IST 2020
Wed Aug  5 21:18:14 IST 2020
Wed Aug  5 21:18:15 IST 2020
Wed Aug  5 21:18:16 IST 2020
Wed Aug  5 21:18:17 IST 2020
Wed Aug  5 21:18:18 IST 2020
Wed Aug  5 21:18:19 IST 2020
Wed Aug  5 21:18:20 IST 2020
Wed Aug  5 21:18:21 IST 2020
Wed Aug  5 21:18:22 IST 2020
Wed Aug  5 21:18:23 IST 2020
Wed Aug  5 21:18:24 IST 2020
Wed Aug  5 21:18:25 IST 2020
Wed Aug  5 21:18:26 IST 2020
Wed Aug  5 21:18:27 IST 2020
Wed Aug  5 21:18:28 IST 2020
Wed Aug  5 21:18:29 IST 2020
Wed Aug  5 21:18:30 IST 2020
Wed Aug  5 21:18:31 IST 2020
Wed Aug  5 21:18:32 IST 2020
Wed Aug  5 21:18:33 IST 2020
Wed Aug  5 21:18:34 IST 2020
Wed Aug  5 21:18:35 IST 2020
Wed Aug  5 21:18:36 IST 2020
Wed Aug  5 21:18:37 IST 2020
Wed Aug  5 21:18:38 IST 2020
Wed Aug  5 21:18:39 IST 2020
Wed Aug  5 21:18:40 IST 2020
Wed Aug  5 21:18:41 IST 2020
Wed Aug  5 21:18:42 IST 2020
Wed Aug  5 21:18:43 IST 2020
Wed Aug  5 21:18:44 IST 2020
Wed Aug  5 21:18:45 IST 2020
Wed Aug  5 21:18:46 IST 2020
Wed Aug  5 21:18:47 IST 2020
Wed Aug  5 21:18:48 IST 2020
Wed Aug  5 21:18:49 IST 2020
Wed Aug  5 21:18:50 IST 2020
Wed Aug  5 21:18:51 IST 2020
Wed Aug  5 21:18:52 IST 2020
Wed Aug  5 21:18:53 IST 2020
Wed Aug  5 21:18:54 IST 2020
Wed Aug  5 21:18:55 IST 2020
Wed Aug  5 21:18:56 IST 2020
Wed Aug  5 21:18:57 IST 2020
Wed Aug  5 21:18:58 IST 2020
Wed Aug  5 21:18:59 IST 2020
Wed Aug  5 21:19:00 IST 2020
Wed Aug  5 21:19:01 IST 2020
Wed Aug  5 21:19:02 IST 2020
Wed Aug  5 21:19:03 IST 2020
Wed Aug  5 21:19:04 IST 2020
Wed Aug  5 21:19:05 IST 2020
Wed Aug  5 21:19:06 IST 2020
Wed Aug  5 21:19:07 IST 2020
Wed Aug  5 21:19:08 IST 2020
Wed Aug  5 21:19:09 IST 2020
Wed Aug  5 21:19:10 IST 2020
Wed Aug  5 21:19:11 IST 2020
Wed Aug  5 21:19:12 IST 2020
Wed Aug  5 21:19:13 IST 2020
Wed Aug  5 21:19:14 IST 2020
Wed Aug  5 21:19:15 IST 2020
Wed Aug  5 21:19:16 IST 2020
Wed Aug  5 21:19:17 IST 2020
Wed Aug  5 21:19:18 IST 2020
Wed Aug  5 21:19:19 IST 2020
Wed Aug  5 21:19:20 IST 2020
Wed Aug  5 21:19:21 IST 2020
Wed Aug  5 21:19:22 IST 2020
Wed Aug  5 21:19:23 IST 2020
Wed Aug  5 21:19:24 IST 2020
Wed Aug  5 21:19:25 IST 2020
Wed Aug  5 21:19:26 IST 2020
Wed Aug  5 21:19:27 IST 2020
Wed Aug  5 21:19:28 IST 2020
Wed Aug  5 21:19:29 IST 2020
Wed Aug  5 21:19:30 IST 2020
Wed Aug  5 21:19:31 IST 2020
Wed Aug  5 21:19:32 IST 2020
Wed Aug  5 21:19:33 IST 2020
Wed Aug  5 21:19:34 IST 2020
Wed Aug  5 21:19:35 IST 2020
Wed Aug  5 21:19:36 IST 2020
Wed Aug  5 21:19:37 IST 2020
Wed Aug  5 21:19:38 IST 2020
Wed Aug  5 21:19:39 IST 2020
Wed Aug  5 21:19:40 IST 2020
Wed Aug  5 21:19:41 IST 2020
Wed Aug  5 21:19:42 IST 2020
Wed Aug  5 21:19:43 IST 2020
Wed Aug  5 21:19:44 IST 2020
Wed Aug  5 21:19:45 IST 2020
Wed Aug  5 21:19:46 IST 2020
Wed Aug  5 21:19:47 IST 2020
Wed Aug  5 21:19:48 IST 2020
Wed Aug  5 21:19:49 IST 2020
Wed Aug  5 21:19:50 IST 2020
Wed Aug  5 21:19:51 IST 2020
Wed Aug  5 21:19:52 IST 2020
Wed Aug  5 21:19:53 IST 2020
Wed Aug  5 21:19:54 IST 2020
Wed Aug  5 21:19:55 IST 2020
Wed Aug  5 21:19:56 IST 2020
Wed Aug  5 21:19:57 IST 2020
Wed Aug  5 21:19:58 IST 2020
Wed Aug  5 21:19:59 IST 2020
Wed Aug  5 21:20:00 IST 2020
Wed Aug  5 21:20:01 IST 2020
Wed Aug  5 21:20:02 IST 2020
Wed Aug  5 21:20:03 IST 2020
Wed Aug  5 21:20:04 IST 2020
Wed Aug  5 21:20:05 IST 2020
Wed Aug  5 21:20:06 IST 2020
Wed Aug  5 21:20:07 IST 2020
Wed Aug  5 21:20:08 IST 2020
Wed Aug  5 21:20:09 IST 2020
Wed Aug  5 21:20:10 IST 2020
Wed Aug  5 21:20:11 IST 2020
Wed Aug  5 21:20:12 IST 2020
Wed Aug  5 21:20:13 IST 2020
Wed Aug  5 21:20:15 IST 2020
Wed Aug  5 21:20:16 IST 2020
Wed Aug  5 21:20:17 IST 2020
Wed Aug  5 21:20:18 IST 2020
Wed Aug  5 21:20:19 IST 2020
Wed Aug  5 21:20:20 IST 2020
Wed Aug  5 21:20:21 IST 2020
Wed Aug  5 21:20:22 IST 2020
Wed Aug  5 21:20:23 IST 2020
Wed Aug  5 21:20:24 IST 2020
Wed Aug  5 21:20:25 IST 2020
Wed Aug  5 21:20:26 IST 2020
Wed Aug  5 21:20:27 IST 2020
Wed Aug  5 21:20:28 IST 2020
Wed Aug  5 21:20:29 IST 2020
Wed Aug  5 21:20:30 IST 2020
Wed Aug  5 21:20:31 IST 2020
Wed Aug  5 21:20:32 IST 2020
Wed Aug  5 21:20:33 IST 2020
Wed Aug  5 21:20:34 IST 2020
Wed Aug  5 21:20:35 IST 2020
Wed Aug  5 21:20:36 IST 2020
Wed Aug  5 21:20:37 IST 2020
Wed Aug  5 21:20:38 IST 2020
Wed Aug  5 21:20:39 IST 2020
Wed Aug  5 21:20:40 IST 2020
Wed Aug  5 21:20:41 IST 2020
Wed Aug  5 21:20:42 IST 2020
Wed Aug  5 21:20:43 IST 2020
Wed Aug  5 21:20:44 IST 2020
Wed Aug  5 21:20:45 IST 2020
Wed Aug  5 21:20:46 IST 2020
Wed Aug  5 21:20:47 IST 2020
Wed Aug  5 21:20:48 IST 2020
Wed Aug  5 21:20:49 IST 2020
Wed Aug  5 21:20:50 IST 2020
Wed Aug  5 21:20:51 IST 2020
Wed Aug  5 21:20:52 IST 2020
Wed Aug  5 21:20:53 IST 2020
Wed Aug  5 21:20:54 IST 2020
Wed Aug  5 21:20:55 IST 2020
Wed Aug  5 21:20:56 IST 2020
Wed Aug  5 21:20:57 IST 2020
Wed Aug  5 21:20:58 IST 2020
Wed Aug  5 21:20:59 IST 2020
Wed Aug  5 21:21:00 IST 2020
Wed Aug  5 21:21:01 IST 2020
Wed Aug  5 21:21:02 IST 2020
Wed Aug  5 21:21:03 IST 2020
Wed Aug  5 21:21:04 IST 2020
Wed Aug  5 21:21:05 IST 2020
Wed Aug  5 21:21:06 IST 2020
Wed Aug  5 21:21:07 IST 2020
Wed Aug  5 21:21:08 IST 2020
Wed Aug  5 21:21:09 IST 2020
Wed Aug  5 21:21:10 IST 2020
Wed Aug  5 21:21:11 IST 2020
Wed Aug  5 21:21:12 IST 2020
Wed Aug  5 21:21:13 IST 2020
Wed Aug  5 21:21:14 IST 2020
Wed Aug  5 21:21:15 IST 2020
Wed Aug  5 21:21:16 IST 2020
Wed Aug  5 21:21:17 IST 2020
Wed Aug  5 21:21:18 IST 2020
Wed Aug  5 21:21:19 IST 2020
Wed Aug  5 21:21:20 IST 2020
Wed Aug  5 21:21:21 IST 2020
Wed Aug  5 21:21:22 IST 2020
Wed Aug  5 21:21:23 IST 2020
Wed Aug  5 21:21:24 IST 2020
Wed Aug  5 21:21:25 IST 2020
Wed Aug  5 21:21:26 IST 2020
Wed Aug  5 21:21:27 IST 2020
Wed Aug  5 21:21:28 IST 2020
Wed Aug  5 21:21:29 IST 2020
Wed Aug  5 21:21:30 IST 2020
Wed Aug  5 21:21:31 IST 2020
Wed Aug  5 21:21:32 IST 2020
Wed Aug  5 21:21:33 IST 2020
Wed Aug  5 21:21:34 IST 2020
Wed Aug  5 21:21:35 IST 2020
Wed Aug  5 21:21:36 IST 2020
Wed Aug  5 21:21:37 IST 2020
Wed Aug  5 21:21:38 IST 2020
Wed Aug  5 21:21:39 IST 2020
Wed Aug  5 21:21:40 IST 2020
Wed Aug  5 21:21:41 IST 2020
Wed Aug  5 21:21:42 IST 2020
Wed Aug  5 21:21:43 IST 2020
Wed Aug  5 21:21:44 IST 2020
Wed Aug  5 21:21:45 IST 2020
Wed Aug  5 21:21:46 IST 2020
Wed Aug  5 21:21:47 IST 2020
Wed Aug  5 21:21:48 IST 2020
Wed Aug  5 21:21:49 IST 2020
Wed Aug  5 21:21:50 IST 2020
Wed Aug  5 21:21:51 IST 2020
Wed Aug  5 21:21:52 IST 2020
Wed Aug  5 21:21:53 IST 2020
Wed Aug  5 21:21:54 IST 2020
Wed Aug  5 21:21:55 IST 2020
Wed Aug  5 21:21:56 IST 2020
Wed Aug  5 21:21:57 IST 2020
Wed Aug  5 21:21:58 IST 2020
Wed Aug  5 21:21:59 IST 2020
Wed Aug  5 21:22:00 IST 2020
Wed Aug  5 21:22:01 IST 2020
Wed Aug  5 21:22:02 IST 2020
Wed Aug  5 21:22:03 IST 2020
Wed Aug  5 21:22:04 IST 2020
Wed Aug  5 21:22:05 IST 2020
Wed Aug  5 21:22:06 IST 2020
Wed Aug  5 21:22:07 IST 2020
Wed Aug  5 21:22:08 IST 2020
Wed Aug  5 21:22:09 IST 2020
Wed Aug  5 21:22:10 IST 2020
Wed Aug  5 21:22:11 IST 2020
Wed Aug  5 21:22:12 IST 2020
Wed Aug  5 21:22:13 IST 2020
Wed Aug  5 21:22:14 IST 2020
Wed Aug  5 21:22:15 IST 2020
Wed Aug  5 21:22:16 IST 2020
Wed Aug  5 21:22:17 IST 2020
Wed Aug  5 21:22:18 IST 2020
Wed Aug  5 21:22:19 IST 2020
Wed Aug  5 21:22:20 IST 2020
Wed Aug  5 21:22:21 IST 2020
Wed Aug  5 21:22:22 IST 2020
Wed Aug  5 21:22:23 IST 2020
Wed Aug  5 21:22:24 IST 2020
Wed Aug  5 21:22:25 IST 2020
Wed Aug  5 21:22:26 IST 2020
Wed Aug  5 21:22:27 IST 2020
Wed Aug  5 21:22:28 IST 2020
Wed Aug  5 21:22:29 IST 2020
Wed Aug  5 21:22:30 IST 2020
Wed Aug  5 21:22:31 IST 2020
Wed Aug  5 21:22:32 IST 2020
Wed Aug  5 21:22:33 IST 2020
Wed Aug  5 21:22:34 IST 2020
Wed Aug  5 21:22:35 IST 2020
Wed Aug  5 21:22:36 IST 2020
Wed Aug  5 21:22:37 IST 2020
Wed Aug  5 21:22:38 IST 2020
Wed Aug  5 21:22:39 IST 2020
Wed Aug  5 21:22:40 IST 2020
Wed Aug  5 21:22:41 IST 2020
Wed Aug  5 21:22:42 IST 2020
Wed Aug  5 21:22:43 IST 2020
Wed Aug  5 21:22:44 IST 2020
Wed Aug  5 21:22:45 IST 2020
Wed Aug  5 21:22:46 IST 2020
Wed Aug  5 21:22:47 IST 2020
Wed Aug  5 21:22:48 IST 2020
Wed Aug  5 21:22:49 IST 2020
Wed Aug  5 21:22:50 IST 2020
Wed Aug  5 21:22:51 IST 2020
Wed Aug  5 21:22:52 IST 2020
Wed Aug  5 21:22:53 IST 2020
Wed Aug  5 21:22:54 IST 2020
Wed Aug  5 21:22:55 IST 2020
Wed Aug  5 21:22:56 IST 2020
Wed Aug  5 21:22:57 IST 2020
Wed Aug  5 21:22:58 IST 2020
Wed Aug  5 21:22:59 IST 2020
Wed Aug  5 21:23:00 IST 2020
Wed Aug  5 21:23:01 IST 2020
Wed Aug  5 21:23:02 IST 2020
Wed Aug  5 21:23:03 IST 2020
Wed Aug  5 21:23:04 IST 2020
Wed Aug  5 21:23:05 IST 2020
Wed Aug  5 21:23:06 IST 2020
Wed Aug  5 21:23:07 IST 2020
Wed Aug  5 21:23:08 IST 2020
Wed Aug  5 21:23:09 IST 2020
Wed Aug  5 21:23:10 IST 2020
Wed Aug  5 21:23:11 IST 2020
Wed Aug  5 21:23:12 IST 2020
Wed Aug  5 21:23:13 IST 2020
Wed Aug  5 21:23:14 IST 2020
Wed Aug  5 21:23:15 IST 2020
Wed Aug  5 21:23:16 IST 2020
Wed Aug  5 21:23:17 IST 2020
Wed Aug  5 21:23:18 IST 2020
Wed Aug  5 21:23:19 IST 2020
Wed Aug  5 21:23:20 IST 2020
Wed Aug  5 21:23:21 IST 2020
Wed Aug  5 21:23:22 IST 2020
Wed Aug  5 21:23:23 IST 2020
Wed Aug  5 21:23:24 IST 2020
Wed Aug  5 21:23:25 IST 2020
Wed Aug  5 21:23:26 IST 2020
Wed Aug  5 21:23:27 IST 2020
Wed Aug  5 21:23:29 IST 2020
Wed Aug  5 21:23:30 IST 2020
Wed Aug  5 21:23:31 IST 2020
Wed Aug  5 21:23:32 IST 2020
Wed Aug  5 21:23:33 IST 2020
Wed Aug  5 21:23:34 IST 2020
Wed Aug  5 21:23:35 IST 2020
Wed Aug  5 21:23:36 IST 2020
Wed Aug  5 21:23:37 IST 2020
Wed Aug  5 21:23:38 IST 2020
Wed Aug  5 21:23:39 IST 2020
Wed Aug  5 21:23:40 IST 2020
Wed Aug  5 21:23:41 IST 2020
Wed Aug  5 21:23:42 IST 2020
Wed Aug  5 21:23:43 IST 2020
Wed Aug  5 21:23:44 IST 2020
Wed Aug  5 21:23:45 IST 2020
Wed Aug  5 21:23:46 IST 2020
Wed Aug  5 21:23:47 IST 2020
Wed Aug  5 21:23:48 IST 2020
Wed Aug  5 21:23:49 IST 2020
Wed Aug  5 21:23:50 IST 2020
Wed Aug  5 21:23:51 IST 2020
Wed Aug  5 21:23:52 IST 2020
Wed Aug  5 21:23:53 IST 2020
Wed Aug  5 21:23:54 IST 2020
Wed Aug  5 21:23:55 IST 2020
Wed Aug  5 21:23:56 IST 2020
Wed Aug  5 21:23:57 IST 2020
Wed Aug  5 21:23:58 IST 2020
Wed Aug  5 21:23:59 IST 2020
Wed Aug  5 21:24:00 IST 2020
Wed Aug  5 21:24:01 IST 2020
Wed Aug  5 21:24:02 IST 2020
Wed Aug  5 21:24:03 IST 2020
Wed Aug  5 21:24:04 IST 2020
Wed Aug  5 21:24:05 IST 2020
Wed Aug  5 21:24:06 IST 2020
Wed Aug  5 21:24:07 IST 2020
Wed Aug  5 21:24:08 IST 2020
Wed Aug  5 21:24:09 IST 2020
Wed Aug  5 21:24:10 IST 2020
Wed Aug  5 21:24:11 IST 2020
Wed Aug  5 21:24:12 IST 2020
Wed Aug  5 21:24:13 IST 2020
Wed Aug  5 21:24:14 IST 2020
Wed Aug  5 21:24:15 IST 2020
Wed Aug  5 21:24:16 IST 2020
Wed Aug  5 21:24:17 IST 2020
Wed Aug  5 21:24:18 IST 2020
Wed Aug  5 21:24:19 IST 2020
Wed Aug  5 21:24:20 IST 2020
Wed Aug  5 21:24:21 IST 2020
Wed Aug  5 21:24:22 IST 2020
Wed Aug  5 21:24:23 IST 2020
Wed Aug  5 21:24:24 IST 2020
Wed Aug  5 21:24:25 IST 2020
Wed Aug  5 21:24:26 IST 2020
Wed Aug  5 21:24:27 IST 2020
Wed Aug  5 21:24:28 IST 2020
Wed Aug  5 21:24:29 IST 2020
Wed Aug  5 21:24:30 IST 2020
Wed Aug  5 21:24:31 IST 2020
Wed Aug  5 21:24:32 IST 2020
Wed Aug  5 21:24:33 IST 2020
Wed Aug  5 21:24:34 IST 2020
Wed Aug  5 21:24:35 IST 2020
Wed Aug  5 21:24:36 IST 2020
Wed Aug  5 21:24:37 IST 2020
Wed Aug  5 21:24:38 IST 2020
Wed Aug  5 21:24:39 IST 2020
Wed Aug  5 21:24:40 IST 2020
Wed Aug  5 21:24:41 IST 2020
Wed Aug  5 21:24:42 IST 2020
Wed Aug  5 21:24:43 IST 2020
Wed Aug  5 21:24:44 IST 2020
Wed Aug  5 21:24:45 IST 2020
Wed Aug  5 21:24:46 IST 2020
Wed Aug  5 21:24:47 IST 2020
Wed Aug  5 21:24:48 IST 2020
Wed Aug  5 21:24:49 IST 2020
Wed Aug  5 21:24:50 IST 2020
Wed Aug  5 21:24:51 IST 2020
Wed Aug  5 21:24:52 IST 2020
Wed Aug  5 21:24:53 IST 2020
Wed Aug  5 21:24:54 IST 2020
Wed Aug  5 21:24:55 IST 2020
Wed Aug  5 21:24:56 IST 2020
Wed Aug  5 21:24:57 IST 2020
Wed Aug  5 21:24:58 IST 2020
Wed Aug  5 21:24:59 IST 2020
Wed Aug  5 21:25:00 IST 2020
Wed Aug  5 21:25:01 IST 2020
Wed Aug  5 21:25:02 IST 2020
Wed Aug  5 21:25:03 IST 2020
Wed Aug  5 21:25:04 IST 2020
Wed Aug  5 21:25:05 IST 2020
Wed Aug  5 21:25:06 IST 2020
Wed Aug  5 21:25:07 IST 2020
Wed Aug  5 21:25:08 IST 2020
Wed Aug  5 21:25:09 IST 2020
Wed Aug  5 21:25:10 IST 2020
Wed Aug  5 21:25:11 IST 2020
Wed Aug  5 21:25:12 IST 2020
Wed Aug  5 21:25:13 IST 2020
Wed Aug  5 21:25:14 IST 2020
Wed Aug  5 21:25:15 IST 2020
Wed Aug  5 21:25:16 IST 2020
Wed Aug  5 21:25:17 IST 2020
Wed Aug  5 21:25:18 IST 2020
Wed Aug  5 21:25:19 IST 2020
Wed Aug  5 21:25:20 IST 2020
Wed Aug  5 21:25:21 IST 2020
Wed Aug  5 21:25:22 IST 2020
Wed Aug  5 21:25:23 IST 2020
Wed Aug  5 21:25:24 IST 2020
Wed Aug  5 21:25:25 IST 2020
Wed Aug  5 21:25:26 IST 2020
Wed Aug  5 21:25:27 IST 2020
Wed Aug  5 21:25:28 IST 2020
Wed Aug  5 21:25:29 IST 2020
Wed Aug  5 21:25:30 IST 2020
Wed Aug  5 21:25:31 IST 2020
Wed Aug  5 21:25:32 IST 2020
Wed Aug  5 21:25:33 IST 2020
Wed Aug  5 21:25:34 IST 2020
Wed Aug  5 21:25:35 IST 2020
Wed Aug  5 21:25:36 IST 2020
Wed Aug  5 21:25:37 IST 2020
Wed Aug  5 21:25:38 IST 2020
Wed Aug  5 21:25:39 IST 2020
Wed Aug  5 21:25:40 IST 2020
Wed Aug  5 21:25:41 IST 2020
Wed Aug  5 21:25:42 IST 2020
Wed Aug  5 21:25:43 IST 2020
Wed Aug  5 21:25:44 IST 2020
Wed Aug  5 21:25:45 IST 2020
Wed Aug  5 21:25:46 IST 2020
Wed Aug  5 21:25:47 IST 2020
Wed Aug  5 21:25:48 IST 2020
Wed Aug  5 21:25:49 IST 2020
Wed Aug  5 21:25:50 IST 2020
Wed Aug  5 21:25:51 IST 2020
Wed Aug  5 21:25:52 IST 2020
Wed Aug  5 21:25:53 IST 2020
Wed Aug  5 21:25:54 IST 2020
Wed Aug  5 21:25:55 IST 2020
Wed Aug  5 21:25:56 IST 2020
Wed Aug  5 21:25:57 IST 2020
Wed Aug  5 21:25:58 IST 2020
Wed Aug  5 21:25:59 IST 2020
Wed Aug  5 21:26:00 IST 2020
Wed Aug  5 21:26:01 IST 2020
Wed Aug  5 21:26:02 IST 2020
Wed Aug  5 21:26:03 IST 2020
Wed Aug  5 21:26:04 IST 2020
Wed Aug  5 21:26:05 IST 2020
Wed Aug  5 21:26:06 IST 2020
Wed Aug  5 21:26:07 IST 2020
Wed Aug  5 21:26:08 IST 2020
Wed Aug  5 21:26:09 IST 2020
Wed Aug  5 21:26:10 IST 2020
Wed Aug  5 21:26:11 IST 2020
Wed Aug  5 21:26:12 IST 2020
Wed Aug  5 21:26:13 IST 2020
Wed Aug  5 21:26:14 IST 2020
Wed Aug  5 21:26:15 IST 2020
Wed Aug  5 21:26:16 IST 2020
Wed Aug  5 21:26:17 IST 2020
Wed Aug  5 21:26:18 IST 2020
Wed Aug  5 21:26:19 IST 2020
Wed Aug  5 21:26:20 IST 2020
Wed Aug  5 21:26:21 IST 2020
Wed Aug  5 21:26:22 IST 2020
Wed Aug  5 21:26:23 IST 2020
Wed Aug  5 21:26:24 IST 2020
Wed Aug  5 21:26:25 IST 2020
Wed Aug  5 21:26:26 IST 2020
Wed Aug  5 21:26:27 IST 2020
Wed Aug  5 21:26:28 IST 2020
Wed Aug  5 21:26:29 IST 2020
Wed Aug  5 21:26:30 IST 2020
Wed Aug  5 21:26:31 IST 2020
Wed Aug  5 21:26:32 IST 2020
Wed Aug  5 21:26:33 IST 2020
Wed Aug  5 21:26:34 IST 2020
Wed Aug  5 21:26:35 IST 2020
Wed Aug  5 21:26:36 IST 2020
Wed Aug  5 21:26:37 IST 2020
Wed Aug  5 21:26:38 IST 2020
Wed Aug  5 21:26:39 IST 2020
Wed Aug  5 21:26:41 IST 2020
Wed Aug  5 21:26:42 IST 2020
Wed Aug  5 21:26:43 IST 2020
Wed Aug  5 21:26:44 IST 2020
Wed Aug  5 21:26:45 IST 2020
Wed Aug  5 21:26:46 IST 2020
Wed Aug  5 21:26:47 IST 2020
Wed Aug  5 21:26:48 IST 2020
Wed Aug  5 21:26:49 IST 2020
Wed Aug  5 21:26:50 IST 2020
Wed Aug  5 21:26:51 IST 2020
Wed Aug  5 21:26:52 IST 2020
Wed Aug  5 21:26:53 IST 2020
Wed Aug  5 21:26:54 IST 2020
Wed Aug  5 21:26:55 IST 2020
Wed Aug  5 21:26:56 IST 2020
Wed Aug  5 21:26:57 IST 2020
Wed Aug  5 21:26:58 IST 2020
Wed Aug  5 21:26:59 IST 2020
Wed Aug  5 21:27:00 IST 2020
Wed Aug  5 21:27:01 IST 2020
Wed Aug  5 21:27:02 IST 2020
Wed Aug  5 21:27:03 IST 2020
Wed Aug  5 21:27:04 IST 2020
Wed Aug  5 21:27:05 IST 2020
Wed Aug  5 21:27:06 IST 2020
Wed Aug  5 21:27:07 IST 2020
Wed Aug  5 21:27:08 IST 2020
Wed Aug  5 21:27:09 IST 2020
Wed Aug  5 21:27:10 IST 2020
Wed Aug  5 21:27:11 IST 2020
Wed Aug  5 21:27:12 IST 2020
Wed Aug  5 21:27:13 IST 2020
Wed Aug  5 21:27:14 IST 2020
Wed Aug  5 21:27:15 IST 2020
Wed Aug  5 21:27:16 IST 2020
Wed Aug  5 21:27:17 IST 2020
Wed Aug  5 21:27:18 IST 2020
Wed Aug  5 21:27:19 IST 2020
Wed Aug  5 21:27:20 IST 2020
Wed Aug  5 21:27:21 IST 2020
Wed Aug  5 21:27:22 IST 2020
Wed Aug  5 21:27:23 IST 2020
Wed Aug  5 21:27:24 IST 2020
Wed Aug  5 21:27:25 IST 2020
Wed Aug  5 21:27:26 IST 2020
Wed Aug  5 21:27:27 IST 2020
Wed Aug  5 21:27:28 IST 2020
Wed Aug  5 21:27:29 IST 2020
Wed Aug  5 21:27:30 IST 2020
Wed Aug  5 21:27:31 IST 2020
Wed Aug  5 21:27:32 IST 2020
Wed Aug  5 21:27:33 IST 2020
Wed Aug  5 21:27:34 IST 2020
Wed Aug  5 21:27:35 IST 2020
Wed Aug  5 21:27:36 IST 2020
Wed Aug  5 21:27:37 IST 2020
Wed Aug  5 21:27:38 IST 2020
Wed Aug  5 21:27:39 IST 2020
Wed Aug  5 21:27:40 IST 2020
Wed Aug  5 21:27:41 IST 2020
Wed Aug  5 21:27:42 IST 2020
Wed Aug  5 21:27:43 IST 2020
Wed Aug  5 21:27:44 IST 2020
Wed Aug  5 21:27:45 IST 2020
Wed Aug  5 21:27:46 IST 2020
Wed Aug  5 21:27:47 IST 2020
Wed Aug  5 21:27:48 IST 2020
Wed Aug  5 21:27:49 IST 2020
Wed Aug  5 21:27:50 IST 2020
Wed Aug  5 21:27:51 IST 2020
Wed Aug  5 21:27:52 IST 2020
Wed Aug  5 21:27:53 IST 2020
Wed Aug  5 21:27:54 IST 2020
Wed Aug  5 21:27:55 IST 2020
Wed Aug  5 21:27:56 IST 2020
Wed Aug  5 21:27:57 IST 2020
Wed Aug  5 21:27:58 IST 2020
Wed Aug  5 21:27:59 IST 2020
Wed Aug  5 21:28:00 IST 2020
Wed Aug  5 21:28:01 IST 2020
Wed Aug  5 21:28:02 IST 2020
Wed Aug  5 21:28:03 IST 2020
Wed Aug  5 21:28:04 IST 2020
Wed Aug  5 21:28:05 IST 2020
Wed Aug  5 21:28:06 IST 2020
Wed Aug  5 21:28:07 IST 2020
Wed Aug  5 21:28:08 IST 2020
Wed Aug  5 21:28:09 IST 2020
Wed Aug  5 21:28:10 IST 2020
Wed Aug  5 21:28:11 IST 2020
Wed Aug  5 21:28:12 IST 2020
Wed Aug  5 21:28:13 IST 2020
Wed Aug  5 21:28:14 IST 2020
Wed Aug  5 21:28:15 IST 2020
Wed Aug  5 21:28:16 IST 2020
Wed Aug  5 21:28:17 IST 2020
Wed Aug  5 21:28:18 IST 2020
Wed Aug  5 21:28:19 IST 2020
Wed Aug  5 21:28:20 IST 2020
Wed Aug  5 21:28:21 IST 2020
Wed Aug  5 21:28:22 IST 2020
Wed Aug  5 21:28:23 IST 2020
Wed Aug  5 21:28:24 IST 2020
Wed Aug  5 21:28:25 IST 2020
Wed Aug  5 21:28:26 IST 2020
Wed Aug  5 21:28:27 IST 2020
Wed Aug  5 21:28:28 IST 2020
Wed Aug  5 21:28:29 IST 2020
Wed Aug  5 21:28:30 IST 2020
Wed Aug  5 21:28:31 IST 2020
Wed Aug  5 21:28:32 IST 2020
Wed Aug  5 21:28:33 IST 2020
Wed Aug  5 21:28:34 IST 2020
Wed Aug  5 21:28:35 IST 2020
Wed Aug  5 21:28:36 IST 2020
Wed Aug  5 21:28:37 IST 2020
Wed Aug  5 21:28:38 IST 2020
Wed Aug  5 21:28:39 IST 2020
Wed Aug  5 21:28:40 IST 2020
Wed Aug  5 21:28:41 IST 2020
Wed Aug  5 21:28:42 IST 2020
Wed Aug  5 21:28:43 IST 2020
Wed Aug  5 21:28:44 IST 2020
Wed Aug  5 21:28:45 IST 2020
Wed Aug  5 21:28:46 IST 2020
Wed Aug  5 21:28:47 IST 2020
Wed Aug  5 21:28:48 IST 2020
Wed Aug  5 21:28:49 IST 2020
Wed Aug  5 21:28:50 IST 2020
Wed Aug  5 21:28:51 IST 2020
Wed Aug  5 21:28:52 IST 2020
Wed Aug  5 21:28:53 IST 2020
Wed Aug  5 21:28:54 IST 2020
Wed Aug  5 21:28:56 IST 2020
Wed Aug  5 21:28:57 IST 2020
Wed Aug  5 21:28:58 IST 2020
Wed Aug  5 21:28:59 IST 2020
Wed Aug  5 21:29:00 IST 2020
Wed Aug  5 21:29:01 IST 2020
Wed Aug  5 21:29:02 IST 2020
Wed Aug  5 21:29:03 IST 2020
Wed Aug  5 21:29:04 IST 2020
Wed Aug  5 21:29:05 IST 2020
Wed Aug  5 21:29:06 IST 2020
Wed Aug  5 21:29:07 IST 2020
Wed Aug  5 21:29:08 IST 2020
Wed Aug  5 21:29:09 IST 2020
Wed Aug  5 21:29:10 IST 2020
Wed Aug  5 21:29:11 IST 2020
Wed Aug  5 21:29:12 IST 2020
Wed Aug  5 21:29:13 IST 2020
Wed Aug  5 21:29:14 IST 2020
Wed Aug  5 21:29:15 IST 2020
Wed Aug  5 21:29:16 IST 2020
Wed Aug  5 21:29:17 IST 2020
Wed Aug  5 21:29:18 IST 2020
Wed Aug  5 21:29:19 IST 2020
Wed Aug  5 21:29:20 IST 2020
Wed Aug  5 21:29:21 IST 2020
Wed Aug  5 21:29:22 IST 2020
Wed Aug  5 21:29:23 IST 2020
Wed Aug  5 21:29:24 IST 2020
Wed Aug  5 21:29:25 IST 2020
Wed Aug  5 21:29:26 IST 2020
Wed Aug  5 21:29:27 IST 2020
Wed Aug  5 21:29:28 IST 2020
Wed Aug  5 21:29:29 IST 2020
Wed Aug  5 21:29:30 IST 2020
Wed Aug  5 21:29:31 IST 2020
Wed Aug  5 21:29:32 IST 2020
Wed Aug  5 21:29:33 IST 2020
Wed Aug  5 21:29:34 IST 2020
Wed Aug  5 21:29:35 IST 2020
Wed Aug  5 21:29:36 IST 2020
Wed Aug  5 21:29:37 IST 2020
Wed Aug  5 21:29:38 IST 2020
Wed Aug  5 21:29:39 IST 2020
Wed Aug  5 21:29:40 IST 2020
Wed Aug  5 21:29:41 IST 2020
Wed Aug  5 21:29:42 IST 2020
Wed Aug  5 21:29:43 IST 2020
Wed Aug  5 21:29:44 IST 2020
Wed Aug  5 21:29:45 IST 2020
Wed Aug  5 21:29:46 IST 2020
Wed Aug  5 21:29:47 IST 2020
Wed Aug  5 21:29:48 IST 2020
Wed Aug  5 21:29:49 IST 2020
Wed Aug  5 21:29:50 IST 2020
Wed Aug  5 21:29:51 IST 2020
Wed Aug  5 21:29:52 IST 2020
Wed Aug  5 21:29:53 IST 2020
Wed Aug  5 21:29:54 IST 2020
Wed Aug  5 21:29:55 IST 2020
Wed Aug  5 21:29:56 IST 2020
Wed Aug  5 21:29:57 IST 2020
Wed Aug  5 21:29:58 IST 2020
Wed Aug  5 21:29:59 IST 2020
Wed Aug  5 21:30:00 IST 2020
Wed Aug  5 21:30:01 IST 2020
Wed Aug  5 21:30:02 IST 2020
Wed Aug  5 21:30:03 IST 2020
Wed Aug  5 21:30:04 IST 2020
Wed Aug  5 21:30:05 IST 2020
Wed Aug  5 21:30:06 IST 2020
Wed Aug  5 21:30:07 IST 2020
Wed Aug  5 21:30:08 IST 2020
Wed Aug  5 21:30:09 IST 2020
Wed Aug  5 21:30:10 IST 2020
Wed Aug  5 21:30:11 IST 2020
Wed Aug  5 21:30:12 IST 2020
Wed Aug  5 21:30:13 IST 2020
Wed Aug  5 21:30:14 IST 2020
Wed Aug  5 21:30:15 IST 2020
Wed Aug  5 21:30:16 IST 2020
Wed Aug  5 21:30:17 IST 2020
Wed Aug  5 21:30:18 IST 2020
Wed Aug  5 21:30:19 IST 2020
Wed Aug  5 21:30:20 IST 2020
Wed Aug  5 21:30:21 IST 2020
Wed Aug  5 21:30:22 IST 2020
Wed Aug  5 21:30:23 IST 2020
Wed Aug  5 21:30:24 IST 2020
Wed Aug  5 21:30:25 IST 2020
Wed Aug  5 21:30:26 IST 2020
Wed Aug  5 21:30:27 IST 2020
Wed Aug  5 21:30:28 IST 2020
Wed Aug  5 21:30:29 IST 2020
Wed Aug  5 21:30:30 IST 2020
Wed Aug  5 21:30:31 IST 2020
Wed Aug  5 21:30:32 IST 2020
Wed Aug  5 21:30:33 IST 2020
Wed Aug  5 21:30:34 IST 2020
Wed Aug  5 21:30:35 IST 2020
Wed Aug  5 21:30:36 IST 2020
Wed Aug  5 21:30:37 IST 2020
Wed Aug  5 21:30:38 IST 2020
Wed Aug  5 21:30:39 IST 2020
Wed Aug  5 21:30:40 IST 2020
Wed Aug  5 21:30:41 IST 2020
Wed Aug  5 21:30:42 IST 2020
Wed Aug  5 21:30:43 IST 2020
Wed Aug  5 21:30:44 IST 2020
Wed Aug  5 21:30:45 IST 2020
Wed Aug  5 21:30:46 IST 2020
Wed Aug  5 21:30:47 IST 2020
Wed Aug  5 21:30:48 IST 2020
Wed Aug  5 21:30:49 IST 2020
Wed Aug  5 21:30:50 IST 2020
Wed Aug  5 21:30:51 IST 2020
Wed Aug  5 21:30:52 IST 2020
Wed Aug  5 21:30:53 IST 2020
Wed Aug  5 21:30:54 IST 2020
Wed Aug  5 21:30:55 IST 2020
Wed Aug  5 21:30:56 IST 2020
Wed Aug  5 21:30:57 IST 2020
Wed Aug  5 21:30:58 IST 2020
Wed Aug  5 21:30:59 IST 2020
Wed Aug  5 21:31:00 IST 2020
Wed Aug  5 21:31:01 IST 2020
Wed Aug  5 21:31:02 IST 2020
Wed Aug  5 21:31:03 IST 2020
Wed Aug  5 21:31:04 IST 2020
Wed Aug  5 21:31:05 IST 2020
Wed Aug  5 21:31:06 IST 2020
Wed Aug  5 21:31:07 IST 2020
Wed Aug  5 21:31:08 IST 2020
Wed Aug  5 21:31:09 IST 2020
Wed Aug  5 21:31:10 IST 2020
Wed Aug  5 21:31:11 IST 2020
Wed Aug  5 21:31:12 IST 2020
Wed Aug  5 21:31:13 IST 2020
Wed Aug  5 21:31:14 IST 2020
Wed Aug  5 21:31:15 IST 2020
Wed Aug  5 21:31:16 IST 2020
Wed Aug  5 21:31:17 IST 2020
Wed Aug  5 21:31:18 IST 2020
Wed Aug  5 21:31:19 IST 2020
Wed Aug  5 21:31:20 IST 2020
Wed Aug  5 21:31:21 IST 2020
Wed Aug  5 21:31:22 IST 2020
Wed Aug  5 21:31:23 IST 2020
Wed Aug  5 21:31:24 IST 2020
Wed Aug  5 21:31:25 IST 2020
Wed Aug  5 21:31:26 IST 2020
Wed Aug  5 21:31:27 IST 2020
Wed Aug  5 21:31:28 IST 2020
Wed Aug  5 21:31:29 IST 2020
Wed Aug  5 21:31:30 IST 2020
Wed Aug  5 21:31:31 IST 2020
Wed Aug  5 21:31:32 IST 2020
Wed Aug  5 21:31:33 IST 2020
Wed Aug  5 21:31:34 IST 2020
Wed Aug  5 21:31:35 IST 2020
Wed Aug  5 21:31:36 IST 2020
Wed Aug  5 21:31:37 IST 2020
Wed Aug  5 21:31:38 IST 2020
Wed Aug  5 21:31:39 IST 2020
Wed Aug  5 21:31:40 IST 2020
Wed Aug  5 21:31:41 IST 2020
Wed Aug  5 21:31:42 IST 2020
Wed Aug  5 21:31:43 IST 2020
Wed Aug  5 21:31:44 IST 2020
Wed Aug  5 21:31:45 IST 2020
Wed Aug  5 21:31:46 IST 2020
Wed Aug  5 21:31:47 IST 2020
Wed Aug  5 21:31:48 IST 2020
Wed Aug  5 21:31:49 IST 2020
Wed Aug  5 21:31:50 IST 2020
Wed Aug  5 21:31:51 IST 2020
Wed Aug  5 21:31:52 IST 2020
Wed Aug  5 21:31:53 IST 2020
Wed Aug  5 21:31:54 IST 2020
Wed Aug  5 21:31:55 IST 2020
Wed Aug  5 21:31:56 IST 2020
Wed Aug  5 21:31:58 IST 2020
Wed Aug  5 21:31:59 IST 2020
Wed Aug  5 21:32:00 IST 2020
Wed Aug  5 21:32:01 IST 2020
Wed Aug  5 21:32:02 IST 2020
Wed Aug  5 21:32:03 IST 2020
Wed Aug  5 21:32:04 IST 2020
Wed Aug  5 21:32:05 IST 2020
Wed Aug  5 21:32:06 IST 2020
Wed Aug  5 21:32:07 IST 2020
Wed Aug  5 21:32:08 IST 2020
Wed Aug  5 21:32:09 IST 2020
Wed Aug  5 21:32:10 IST 2020
Wed Aug  5 21:32:11 IST 2020
Wed Aug  5 21:32:12 IST 2020
Wed Aug  5 21:32:13 IST 2020
Wed Aug  5 21:32:14 IST 2020
Wed Aug  5 21:32:15 IST 2020
Wed Aug  5 21:32:16 IST 2020
Wed Aug  5 21:32:17 IST 2020
Wed Aug  5 21:32:18 IST 2020
Wed Aug  5 21:32:19 IST 2020
Wed Aug  5 21:32:20 IST 2020
Wed Aug  5 21:32:21 IST 2020
Wed Aug  5 21:32:22 IST 2020
Wed Aug  5 21:32:23 IST 2020
Wed Aug  5 21:32:24 IST 2020
Wed Aug  5 21:32:25 IST 2020
Wed Aug  5 21:32:26 IST 2020
Wed Aug  5 21:32:27 IST 2020
Wed Aug  5 21:32:28 IST 2020
Wed Aug  5 21:32:29 IST 2020
Wed Aug  5 21:32:30 IST 2020
Wed Aug  5 21:32:31 IST 2020
Wed Aug  5 21:32:32 IST 2020
Wed Aug  5 21:32:33 IST 2020
Wed Aug  5 21:32:34 IST 2020
Wed Aug  5 21:32:35 IST 2020
Wed Aug  5 21:32:36 IST 2020
Wed Aug  5 21:32:37 IST 2020
Wed Aug  5 21:32:38 IST 2020
Wed Aug  5 21:32:39 IST 2020
Wed Aug  5 21:32:40 IST 2020
Wed Aug  5 21:32:41 IST 2020
Wed Aug  5 21:32:42 IST 2020
Wed Aug  5 21:32:43 IST 2020
Wed Aug  5 21:32:44 IST 2020
Wed Aug  5 21:32:45 IST 2020
Wed Aug  5 21:32:46 IST 2020
Wed Aug  5 21:32:47 IST 2020
Wed Aug  5 21:32:48 IST 2020
Wed Aug  5 21:32:49 IST 2020
Wed Aug  5 21:32:50 IST 2020
Wed Aug  5 21:32:51 IST 2020
Wed Aug  5 21:32:52 IST 2020
Wed Aug  5 21:32:53 IST 2020
Wed Aug  5 21:32:54 IST 2020
Wed Aug  5 21:32:55 IST 2020
Wed Aug  5 21:32:56 IST 2020
Wed Aug  5 21:32:57 IST 2020
Wed Aug  5 21:32:58 IST 2020
Wed Aug  5 21:32:59 IST 2020
Wed Aug  5 21:33:00 IST 2020
Wed Aug  5 21:33:01 IST 2020
Wed Aug  5 21:33:02 IST 2020
Wed Aug  5 21:33:03 IST 2020
Wed Aug  5 21:33:04 IST 2020
Wed Aug  5 21:33:05 IST 2020
Wed Aug  5 21:33:06 IST 2020
Wed Aug  5 21:33:07 IST 2020
Wed Aug  5 21:33:08 IST 2020
Wed Aug  5 21:33:09 IST 2020
Wed Aug  5 21:33:10 IST 2020
Wed Aug  5 21:33:11 IST 2020
Wed Aug  5 21:33:12 IST 2020
Wed Aug  5 21:33:13 IST 2020
Wed Aug  5 21:33:14 IST 2020
Wed Aug  5 21:33:15 IST 2020
Wed Aug  5 21:33:16 IST 2020
Wed Aug  5 21:33:17 IST 2020
Wed Aug  5 21:33:18 IST 2020
Wed Aug  5 21:33:19 IST 2020
Wed Aug  5 21:33:20 IST 2020
Wed Aug  5 21:33:21 IST 2020
Wed Aug  5 21:33:22 IST 2020
Wed Aug  5 21:33:23 IST 2020
Wed Aug  5 21:33:24 IST 2020
Wed Aug  5 21:33:25 IST 2020
Wed Aug  5 21:33:26 IST 2020
Wed Aug  5 21:33:27 IST 2020
Wed Aug  5 21:33:28 IST 2020
Wed Aug  5 21:33:29 IST 2020
Wed Aug  5 21:33:30 IST 2020
Wed Aug  5 21:33:31 IST 2020
Wed Aug  5 21:33:32 IST 2020
Wed Aug  5 21:33:33 IST 2020
Wed Aug  5 21:33:34 IST 2020
Wed Aug  5 21:33:35 IST 2020
Wed Aug  5 21:33:36 IST 2020
Wed Aug  5 21:33:37 IST 2020
Wed Aug  5 21:33:38 IST 2020
Wed Aug  5 21:33:39 IST 2020
Wed Aug  5 21:33:40 IST 2020
Wed Aug  5 21:33:41 IST 2020
Wed Aug  5 21:33:42 IST 2020
Wed Aug  5 21:33:43 IST 2020
Wed Aug  5 21:33:44 IST 2020
Wed Aug  5 21:33:45 IST 2020
Wed Aug  5 21:33:46 IST 2020
Wed Aug  5 21:33:47 IST 2020
Wed Aug  5 21:33:48 IST 2020
Wed Aug  5 21:33:49 IST 2020
Wed Aug  5 21:33:50 IST 2020
Wed Aug  5 21:33:51 IST 2020
Wed Aug  5 21:33:52 IST 2020
Wed Aug  5 21:33:53 IST 2020
Wed Aug  5 21:33:54 IST 2020
Wed Aug  5 21:33:55 IST 2020
Wed Aug  5 21:33:56 IST 2020
Wed Aug  5 21:33:57 IST 2020
Wed Aug  5 21:33:58 IST 2020
Wed Aug  5 21:33:59 IST 2020
Wed Aug  5 21:34:00 IST 2020
Wed Aug  5 21:34:01 IST 2020
Wed Aug  5 21:34:02 IST 2020
Wed Aug  5 21:34:03 IST 2020
Wed Aug  5 21:34:04 IST 2020
Wed Aug  5 21:34:05 IST 2020
Wed Aug  5 21:34:06 IST 2020
Wed Aug  5 21:34:07 IST 2020
Wed Aug  5 21:34:08 IST 2020
Wed Aug  5 21:34:09 IST 2020
Wed Aug  5 21:34:10 IST 2020
Wed Aug  5 21:34:11 IST 2020
Wed Aug  5 21:34:12 IST 2020
Wed Aug  5 21:34:13 IST 2020
Wed Aug  5 21:34:14 IST 2020
Wed Aug  5 21:34:15 IST 2020
Wed Aug  5 21:34:16 IST 2020
Wed Aug  5 21:34:17 IST 2020
Wed Aug  5 21:34:18 IST 2020
Wed Aug  5 21:34:19 IST 2020
Wed Aug  5 21:34:20 IST 2020
Wed Aug  5 21:34:21 IST 2020
Wed Aug  5 21:34:22 IST 2020
Wed Aug  5 21:34:23 IST 2020
Wed Aug  5 21:34:24 IST 2020
Wed Aug  5 21:34:25 IST 2020
Wed Aug  5 21:34:26 IST 2020
Wed Aug  5 21:34:27 IST 2020
Wed Aug  5 21:34:28 IST 2020
Wed Aug  5 21:34:29 IST 2020
Wed Aug  5 21:34:30 IST 2020
Wed Aug  5 21:34:31 IST 2020
Wed Aug  5 21:34:32 IST 2020
Wed Aug  5 21:34:33 IST 2020
Wed Aug  5 21:34:34 IST 2020
Wed Aug  5 21:34:35 IST 2020
Wed Aug  5 21:34:36 IST 2020
Wed Aug  5 21:34:37 IST 2020
Wed Aug  5 21:34:38 IST 2020
Wed Aug  5 21:34:39 IST 2020
Wed Aug  5 21:34:40 IST 2020
Wed Aug  5 21:34:41 IST 2020
Wed Aug  5 21:34:42 IST 2020
Wed Aug  5 21:34:43 IST 2020
Wed Aug  5 21:34:44 IST 2020
Wed Aug  5 21:34:45 IST 2020
Wed Aug  5 21:34:46 IST 2020
Wed Aug  5 21:34:47 IST 2020
Wed Aug  5 21:34:48 IST 2020
Wed Aug  5 21:34:49 IST 2020
Wed Aug  5 21:34:50 IST 2020
Wed Aug  5 21:34:51 IST 2020
Wed Aug  5 21:34:52 IST 2020
Wed Aug  5 21:34:53 IST 2020
Wed Aug  5 21:34:54 IST 2020
Wed Aug  5 21:34:55 IST 2020
Wed Aug  5 21:34:56 IST 2020
Wed Aug  5 21:34:57 IST 2020
Wed Aug  5 21:34:58 IST 2020
Wed Aug  5 21:34:59 IST 2020
Wed Aug  5 21:35:00 IST 2020
Wed Aug  5 21:35:01 IST 2020
Wed Aug  5 21:35:02 IST 2020
Wed Aug  5 21:35:03 IST 2020
Wed Aug  5 21:35:04 IST 2020
Wed Aug  5 21:35:06 IST 2020
Wed Aug  5 21:35:07 IST 2020
Wed Aug  5 21:35:08 IST 2020
Wed Aug  5 21:35:09 IST 2020
Wed Aug  5 21:35:10 IST 2020
Wed Aug  5 21:35:11 IST 2020
Wed Aug  5 21:35:12 IST 2020
Wed Aug  5 21:35:13 IST 2020
Wed Aug  5 21:35:14 IST 2020
Wed Aug  5 21:35:15 IST 2020
Wed Aug  5 21:35:16 IST 2020
Wed Aug  5 21:35:17 IST 2020
Wed Aug  5 21:35:18 IST 2020
Wed Aug  5 21:35:19 IST 2020
Wed Aug  5 21:35:20 IST 2020
Wed Aug  5 21:35:21 IST 2020
Wed Aug  5 21:35:22 IST 2020
Wed Aug  5 21:35:23 IST 2020
Wed Aug  5 21:35:24 IST 2020
Wed Aug  5 21:35:25 IST 2020
Wed Aug  5 21:35:26 IST 2020
Wed Aug  5 21:35:27 IST 2020
Wed Aug  5 21:35:28 IST 2020
Wed Aug  5 21:35:29 IST 2020
Wed Aug  5 21:35:30 IST 2020
Wed Aug  5 21:35:31 IST 2020
Wed Aug  5 21:35:32 IST 2020
Wed Aug  5 21:35:33 IST 2020
Wed Aug  5 21:35:34 IST 2020
Wed Aug  5 21:35:35 IST 2020
Wed Aug  5 21:35:36 IST 2020
Wed Aug  5 21:35:37 IST 2020
Wed Aug  5 21:35:38 IST 2020
Wed Aug  5 21:35:39 IST 2020
Wed Aug  5 21:35:40 IST 2020
Wed Aug  5 21:35:41 IST 2020
Wed Aug  5 21:35:42 IST 2020
Wed Aug  5 21:35:43 IST 2020
Wed Aug  5 21:35:44 IST 2020
Wed Aug  5 21:35:45 IST 2020
Wed Aug  5 21:35:46 IST 2020
Wed Aug  5 21:35:47 IST 2020
Wed Aug  5 21:35:48 IST 2020
Wed Aug  5 21:35:49 IST 2020
Wed Aug  5 21:35:50 IST 2020
Wed Aug  5 21:35:51 IST 2020
Wed Aug  5 21:35:52 IST 2020
Wed Aug  5 21:35:53 IST 2020
Wed Aug  5 21:35:54 IST 2020
Wed Aug  5 21:35:55 IST 2020
Wed Aug  5 21:35:56 IST 2020
Wed Aug  5 21:35:57 IST 2020
Wed Aug  5 21:35:58 IST 2020
Wed Aug  5 21:35:59 IST 2020
Wed Aug  5 21:36:00 IST 2020
Wed Aug  5 21:36:01 IST 2020
Wed Aug  5 21:36:02 IST 2020
Wed Aug  5 21:36:03 IST 2020
Wed Aug  5 21:36:04 IST 2020
Wed Aug  5 21:36:05 IST 2020
Wed Aug  5 21:36:06 IST 2020
Wed Aug  5 21:36:07 IST 2020
Wed Aug  5 21:36:08 IST 2020
Wed Aug  5 21:36:09 IST 2020
Wed Aug  5 21:36:10 IST 2020
Wed Aug  5 21:36:11 IST 2020
Wed Aug  5 21:36:12 IST 2020
Wed Aug  5 21:36:13 IST 2020
Wed Aug  5 21:36:14 IST 2020
Wed Aug  5 21:36:15 IST 2020
Wed Aug  5 21:36:16 IST 2020
Wed Aug  5 21:36:17 IST 2020
Wed Aug  5 21:36:18 IST 2020
Wed Aug  5 21:36:19 IST 2020
Wed Aug  5 21:36:20 IST 2020
Wed Aug  5 21:36:21 IST 2020
Wed Aug  5 21:36:22 IST 2020
Wed Aug  5 21:36:23 IST 2020
Wed Aug  5 21:36:24 IST 2020
Wed Aug  5 21:36:25 IST 2020
Wed Aug  5 21:36:26 IST 2020
Wed Aug  5 21:36:27 IST 2020
Wed Aug  5 21:36:28 IST 2020
Wed Aug  5 21:36:29 IST 2020
Wed Aug  5 21:36:30 IST 2020
Wed Aug  5 21:36:31 IST 2020
Wed Aug  5 21:36:32 IST 2020
Wed Aug  5 21:36:33 IST 2020
Wed Aug  5 21:36:34 IST 2020
Wed Aug  5 21:36:35 IST 2020
Wed Aug  5 21:36:36 IST 2020
Wed Aug  5 21:36:37 IST 2020
Wed Aug  5 21:36:38 IST 2020
Wed Aug  5 21:36:39 IST 2020
Wed Aug  5 21:36:40 IST 2020
Wed Aug  5 21:36:41 IST 2020
Wed Aug  5 21:36:42 IST 2020
Wed Aug  5 21:36:43 IST 2020
Wed Aug  5 21:36:44 IST 2020
Wed Aug  5 21:36:45 IST 2020
Wed Aug  5 21:36:46 IST 2020
Wed Aug  5 21:36:47 IST 2020
Wed Aug  5 21:36:48 IST 2020
Wed Aug  5 21:36:49 IST 2020
Wed Aug  5 21:36:50 IST 2020
Wed Aug  5 21:36:51 IST 2020
Wed Aug  5 21:36:52 IST 2020
Wed Aug  5 21:36:53 IST 2020
Wed Aug  5 21:36:54 IST 2020
Wed Aug  5 21:36:55 IST 2020
Wed Aug  5 21:36:56 IST 2020
Wed Aug  5 21:36:57 IST 2020
Wed Aug  5 21:36:58 IST 2020
Wed Aug  5 21:36:59 IST 2020
Wed Aug  5 21:37:00 IST 2020
Wed Aug  5 21:37:01 IST 2020
Wed Aug  5 21:37:02 IST 2020
Wed Aug  5 21:37:03 IST 2020
Wed Aug  5 21:37:04 IST 2020
Wed Aug  5 21:37:05 IST 2020
Wed Aug  5 21:37:06 IST 2020
Wed Aug  5 21:37:07 IST 2020
Wed Aug  5 21:37:08 IST 2020
Wed Aug  5 21:37:09 IST 2020
Wed Aug  5 21:37:10 IST 2020
Wed Aug  5 21:37:11 IST 2020
Wed Aug  5 21:37:12 IST 2020
Wed Aug  5 21:37:13 IST 2020
Wed Aug  5 21:37:14 IST 2020
Wed Aug  5 21:37:15 IST 2020
Wed Aug  5 21:37:16 IST 2020
Wed Aug  5 21:37:17 IST 2020
Wed Aug  5 21:37:18 IST 2020
Wed Aug  5 21:37:19 IST 2020
Wed Aug  5 21:37:20 IST 2020
Wed Aug  5 21:37:21 IST 2020
Wed Aug  5 21:37:22 IST 2020
Wed Aug  5 21:37:23 IST 2020
Wed Aug  5 21:37:24 IST 2020
Wed Aug  5 21:37:25 IST 2020
Wed Aug  5 21:37:26 IST 2020
Wed Aug  5 21:37:27 IST 2020
Wed Aug  5 21:37:28 IST 2020
Wed Aug  5 21:37:29 IST 2020
Wed Aug  5 21:37:30 IST 2020
Wed Aug  5 21:37:31 IST 2020
Wed Aug  5 21:37:32 IST 2020
Wed Aug  5 21:37:33 IST 2020
Wed Aug  5 21:37:34 IST 2020
Wed Aug  5 21:37:35 IST 2020
Wed Aug  5 21:37:36 IST 2020
Wed Aug  5 21:37:37 IST 2020
Wed Aug  5 21:37:38 IST 2020
Wed Aug  5 21:37:39 IST 2020
Wed Aug  5 21:37:40 IST 2020
Wed Aug  5 21:37:41 IST 2020
Wed Aug  5 21:37:42 IST 2020
Wed Aug  5 21:37:43 IST 2020
Wed Aug  5 21:37:44 IST 2020
Wed Aug  5 21:37:45 IST 2020
Wed Aug  5 21:37:46 IST 2020
Wed Aug  5 21:37:47 IST 2020
Wed Aug  5 21:37:48 IST 2020
Wed Aug  5 21:37:49 IST 2020
Wed Aug  5 21:37:50 IST 2020
Wed Aug  5 21:37:51 IST 2020
Wed Aug  5 21:37:52 IST 2020
Wed Aug  5 21:37:53 IST 2020
Wed Aug  5 21:37:54 IST 2020
Wed Aug  5 21:37:55 IST 2020
Wed Aug  5 21:37:56 IST 2020
Wed Aug  5 21:37:57 IST 2020
Wed Aug  5 21:37:58 IST 2020
Wed Aug  5 21:37:59 IST 2020
Wed Aug  5 21:38:00 IST 2020
Wed Aug  5 21:38:01 IST 2020
Wed Aug  5 21:38:02 IST 2020
Wed Aug  5 21:38:03 IST 2020
Wed Aug  5 21:38:04 IST 2020
Wed Aug  5 21:38:05 IST 2020
Wed Aug  5 21:38:06 IST 2020
Wed Aug  5 21:38:07 IST 2020
Wed Aug  5 21:38:08 IST 2020
Wed Aug  5 21:38:09 IST 2020
Wed Aug  5 21:38:10 IST 2020
Wed Aug  5 21:38:11 IST 2020
Wed Aug  5 21:38:12 IST 2020
Wed Aug  5 21:38:14 IST 2020
Wed Aug  5 21:38:15 IST 2020
Wed Aug  5 21:38:16 IST 2020
Wed Aug  5 21:38:17 IST 2020
Wed Aug  5 21:38:18 IST 2020
Wed Aug  5 21:38:19 IST 2020
Wed Aug  5 21:38:20 IST 2020
Wed Aug  5 21:38:21 IST 2020
Wed Aug  5 21:38:22 IST 2020
Wed Aug  5 21:38:23 IST 2020
Wed Aug  5 21:38:24 IST 2020
Wed Aug  5 21:38:25 IST 2020
Wed Aug  5 21:38:26 IST 2020
Wed Aug  5 21:38:27 IST 2020
Wed Aug  5 21:38:28 IST 2020
Wed Aug  5 21:38:29 IST 2020
Wed Aug  5 21:38:30 IST 2020
Wed Aug  5 21:38:31 IST 2020
Wed Aug  5 21:38:32 IST 2020
Wed Aug  5 21:38:33 IST 2020
Wed Aug  5 21:38:34 IST 2020
Wed Aug  5 21:38:35 IST 2020
Wed Aug  5 21:38:36 IST 2020
Wed Aug  5 21:38:37 IST 2020
Wed Aug  5 21:38:38 IST 2020
Wed Aug  5 21:38:39 IST 2020
Wed Aug  5 21:38:40 IST 2020
Wed Aug  5 21:38:41 IST 2020
Wed Aug  5 21:38:42 IST 2020
Wed Aug  5 21:38:43 IST 2020
Wed Aug  5 21:38:44 IST 2020
Wed Aug  5 21:38:45 IST 2020
Wed Aug  5 21:38:46 IST 2020
Wed Aug  5 21:38:47 IST 2020
Wed Aug  5 21:38:48 IST 2020
Wed Aug  5 21:38:49 IST 2020
Wed Aug  5 21:38:50 IST 2020
Wed Aug  5 21:38:51 IST 2020
Wed Aug  5 21:38:52 IST 2020
Wed Aug  5 21:38:53 IST 2020
Wed Aug  5 21:38:54 IST 2020
Wed Aug  5 21:38:55 IST 2020
Wed Aug  5 21:38:56 IST 2020
Wed Aug  5 21:38:57 IST 2020
Wed Aug  5 21:38:58 IST 2020
Wed Aug  5 21:38:59 IST 2020
Wed Aug  5 21:39:00 IST 2020
Wed Aug  5 21:39:01 IST 2020
Wed Aug  5 21:39:02 IST 2020
Wed Aug  5 21:39:03 IST 2020
Wed Aug  5 21:39:04 IST 2020
Wed Aug  5 21:39:05 IST 2020
Wed Aug  5 21:39:06 IST 2020
Wed Aug  5 21:39:07 IST 2020
Wed Aug  5 21:39:08 IST 2020
Wed Aug  5 21:39:09 IST 2020
Wed Aug  5 21:39:10 IST 2020
Wed Aug  5 21:39:11 IST 2020
Wed Aug  5 21:39:12 IST 2020
Wed Aug  5 21:39:13 IST 2020
Wed Aug  5 21:39:14 IST 2020
Wed Aug  5 21:39:15 IST 2020
Wed Aug  5 21:39:16 IST 2020
Wed Aug  5 21:39:17 IST 2020
Wed Aug  5 21:39:18 IST 2020
Wed Aug  5 21:39:19 IST 2020
Wed Aug  5 21:39:20 IST 2020
Wed Aug  5 21:39:21 IST 2020
Wed Aug  5 21:39:22 IST 2020
Wed Aug  5 21:39:23 IST 2020
Wed Aug  5 21:39:24 IST 2020
Wed Aug  5 21:39:25 IST 2020
Wed Aug  5 21:39:26 IST 2020
Wed Aug  5 21:39:27 IST 2020
Wed Aug  5 21:39:28 IST 2020
Wed Aug  5 21:39:29 IST 2020
Wed Aug  5 21:39:30 IST 2020
Wed Aug  5 21:39:31 IST 2020
Wed Aug  5 21:39:32 IST 2020
Wed Aug  5 21:39:33 IST 2020
Wed Aug  5 21:39:34 IST 2020
Wed Aug  5 21:39:35 IST 2020
Wed Aug  5 21:39:36 IST 2020
Wed Aug  5 21:39:37 IST 2020
Wed Aug  5 21:39:38 IST 2020
Wed Aug  5 21:39:39 IST 2020
Wed Aug  5 21:39:40 IST 2020
Wed Aug  5 21:39:41 IST 2020
Wed Aug  5 21:39:42 IST 2020
Wed Aug  5 21:39:43 IST 2020
Wed Aug  5 21:39:44 IST 2020
Wed Aug  5 21:39:45 IST 2020
Wed Aug  5 21:39:46 IST 2020
Wed Aug  5 21:39:47 IST 2020
Wed Aug  5 21:39:48 IST 2020
Wed Aug  5 21:39:49 IST 2020
Wed Aug  5 21:39:50 IST 2020
Wed Aug  5 21:39:51 IST 2020
Wed Aug  5 21:39:52 IST 2020
Wed Aug  5 21:39:53 IST 2020
Wed Aug  5 21:39:54 IST 2020
Wed Aug  5 21:39:55 IST 2020
Wed Aug  5 21:39:56 IST 2020
Wed Aug  5 21:39:57 IST 2020
Wed Aug  5 21:39:58 IST 2020
Wed Aug  5 21:39:59 IST 2020
Wed Aug  5 21:40:00 IST 2020
Wed Aug  5 21:40:01 IST 2020
Wed Aug  5 21:40:02 IST 2020
Wed Aug  5 21:40:03 IST 2020
Wed Aug  5 21:40:04 IST 2020
Wed Aug  5 21:40:05 IST 2020
Wed Aug  5 21:40:06 IST 2020
Wed Aug  5 21:40:07 IST 2020
Wed Aug  5 21:40:08 IST 2020
Wed Aug  5 21:40:09 IST 2020
Wed Aug  5 21:40:10 IST 2020
Wed Aug  5 21:40:11 IST 2020
Wed Aug  5 21:40:12 IST 2020
Wed Aug  5 21:40:13 IST 2020
Wed Aug  5 21:40:14 IST 2020
Wed Aug  5 21:40:15 IST 2020
Wed Aug  5 21:40:16 IST 2020
Wed Aug  5 21:40:17 IST 2020
Wed Aug  5 21:40:18 IST 2020
Wed Aug  5 21:40:19 IST 2020
Wed Aug  5 21:40:20 IST 2020
Wed Aug  5 21:40:21 IST 2020
Wed Aug  5 21:40:22 IST 2020
Wed Aug  5 21:40:23 IST 2020
Wed Aug  5 21:40:24 IST 2020
Wed Aug  5 21:40:25 IST 2020
Wed Aug  5 21:40:26 IST 2020
Wed Aug  5 21:40:27 IST 2020
Wed Aug  5 21:40:28 IST 2020
Wed Aug  5 21:40:29 IST 2020
Wed Aug  5 21:40:30 IST 2020
Wed Aug  5 21:40:31 IST 2020
Wed Aug  5 21:40:32 IST 2020
Wed Aug  5 21:40:33 IST 2020
Wed Aug  5 21:40:34 IST 2020
Wed Aug  5 21:40:35 IST 2020
Wed Aug  5 21:40:36 IST 2020
Wed Aug  5 21:40:37 IST 2020
Wed Aug  5 21:40:38 IST 2020
Wed Aug  5 21:40:39 IST 2020
Wed Aug  5 21:40:40 IST 2020
Wed Aug  5 21:40:41 IST 2020
Wed Aug  5 21:40:42 IST 2020
Wed Aug  5 21:40:43 IST 2020
Wed Aug  5 21:40:44 IST 2020
Wed Aug  5 21:40:45 IST 2020
Wed Aug  5 21:40:46 IST 2020
Wed Aug  5 21:40:47 IST 2020
Wed Aug  5 21:40:48 IST 2020
Wed Aug  5 21:40:49 IST 2020
Wed Aug  5 21:40:50 IST 2020
Wed Aug  5 21:40:51 IST 2020
Wed Aug  5 21:40:52 IST 2020
Wed Aug  5 21:40:53 IST 2020
Wed Aug  5 21:40:54 IST 2020
Wed Aug  5 21:40:55 IST 2020
Wed Aug  5 21:40:56 IST 2020
Wed Aug  5 21:40:57 IST 2020
Wed Aug  5 21:40:58 IST 2020
Wed Aug  5 21:40:59 IST 2020
Wed Aug  5 21:41:00 IST 2020
Wed Aug  5 21:41:01 IST 2020
Wed Aug  5 21:41:02 IST 2020
Wed Aug  5 21:41:03 IST 2020
Wed Aug  5 21:41:04 IST 2020
Wed Aug  5 21:41:05 IST 2020
Wed Aug  5 21:41:06 IST 2020
Wed Aug  5 21:41:07 IST 2020
Wed Aug  5 21:41:08 IST 2020
Wed Aug  5 21:41:09 IST 2020
Wed Aug  5 21:41:10 IST 2020
Wed Aug  5 21:41:11 IST 2020
Wed Aug  5 21:41:12 IST 2020
Wed Aug  5 21:41:13 IST 2020
Wed Aug  5 21:41:14 IST 2020
Wed Aug  5 21:41:15 IST 2020
Wed Aug  5 21:41:16 IST 2020
Wed Aug  5 21:41:17 IST 2020
Wed Aug  5 21:41:18 IST 2020
Wed Aug  5 21:41:19 IST 2020
Wed Aug  5 21:41:20 IST 2020
Wed Aug  5 21:41:21 IST 2020
Wed Aug  5 21:41:22 IST 2020
Wed Aug  5 21:41:23 IST 2020
Wed Aug  5 21:41:25 IST 2020
Wed Aug  5 21:41:26 IST 2020
Wed Aug  5 21:41:27 IST 2020
Wed Aug  5 21:41:28 IST 2020
Wed Aug  5 21:41:29 IST 2020
Wed Aug  5 21:41:30 IST 2020
Wed Aug  5 21:41:31 IST 2020
Wed Aug  5 21:41:32 IST 2020
Wed Aug  5 21:41:33 IST 2020
Wed Aug  5 21:41:34 IST 2020
Wed Aug  5 21:41:35 IST 2020
Wed Aug  5 21:41:36 IST 2020
Wed Aug  5 21:41:37 IST 2020
Wed Aug  5 21:41:38 IST 2020
Wed Aug  5 21:41:39 IST 2020
Wed Aug  5 21:41:40 IST 2020
Wed Aug  5 21:41:41 IST 2020
Wed Aug  5 21:41:42 IST 2020
Wed Aug  5 21:41:43 IST 2020
Wed Aug  5 21:41:44 IST 2020
Wed Aug  5 21:41:45 IST 2020
Wed Aug  5 21:41:46 IST 2020
Wed Aug  5 21:41:47 IST 2020
Wed Aug  5 21:41:48 IST 2020
Wed Aug  5 21:41:49 IST 2020
Wed Aug  5 21:41:50 IST 2020
Wed Aug  5 21:41:51 IST 2020
Wed Aug  5 21:41:52 IST 2020
Wed Aug  5 21:41:53 IST 2020
Wed Aug  5 21:41:54 IST 2020
Wed Aug  5 21:41:55 IST 2020
Wed Aug  5 21:41:56 IST 2020
Wed Aug  5 21:41:57 IST 2020
Wed Aug  5 21:41:58 IST 2020
Wed Aug  5 21:41:59 IST 2020
Wed Aug  5 21:42:00 IST 2020
Wed Aug  5 21:42:01 IST 2020
Wed Aug  5 21:42:02 IST 2020
Wed Aug  5 21:42:03 IST 2020
Wed Aug  5 21:42:04 IST 2020
Wed Aug  5 21:42:05 IST 2020
Wed Aug  5 21:42:06 IST 2020
Wed Aug  5 21:42:07 IST 2020
Wed Aug  5 21:42:08 IST 2020
Wed Aug  5 21:42:09 IST 2020
Wed Aug  5 21:42:10 IST 2020
Wed Aug  5 21:42:11 IST 2020
Wed Aug  5 21:42:12 IST 2020
Wed Aug  5 21:42:13 IST 2020
Wed Aug  5 21:42:14 IST 2020
Wed Aug  5 21:42:15 IST 2020
Wed Aug  5 21:42:16 IST 2020
Wed Aug  5 21:42:17 IST 2020
Wed Aug  5 21:42:18 IST 2020
Wed Aug  5 21:42:19 IST 2020
Wed Aug  5 21:42:20 IST 2020
Wed Aug  5 21:42:21 IST 2020
Wed Aug  5 21:42:22 IST 2020
Wed Aug  5 21:42:23 IST 2020
Wed Aug  5 21:42:24 IST 2020
Wed Aug  5 21:42:25 IST 2020
Wed Aug  5 21:42:26 IST 2020
Wed Aug  5 21:42:27 IST 2020
Wed Aug  5 21:42:28 IST 2020
Wed Aug  5 21:42:29 IST 2020
Wed Aug  5 21:42:30 IST 2020
Wed Aug  5 21:42:31 IST 2020
Wed Aug  5 21:42:32 IST 2020
Wed Aug  5 21:42:33 IST 2020
Wed Aug  5 21:42:34 IST 2020
Wed Aug  5 21:42:35 IST 2020
Wed Aug  5 21:42:36 IST 2020
Wed Aug  5 21:42:37 IST 2020
Wed Aug  5 21:42:38 IST 2020
Wed Aug  5 21:42:39 IST 2020
Wed Aug  5 21:42:40 IST 2020
Wed Aug  5 21:42:41 IST 2020
Wed Aug  5 21:42:42 IST 2020
Wed Aug  5 21:42:43 IST 2020
Wed Aug  5 21:42:44 IST 2020
Wed Aug  5 21:42:45 IST 2020
Wed Aug  5 21:42:46 IST 2020
Wed Aug  5 21:42:47 IST 2020
Wed Aug  5 21:42:48 IST 2020
Wed Aug  5 21:42:49 IST 2020
Wed Aug  5 21:42:50 IST 2020
Wed Aug  5 21:42:51 IST 2020
Wed Aug  5 21:42:52 IST 2020
Wed Aug  5 21:42:53 IST 2020
Wed Aug  5 21:42:54 IST 2020
Wed Aug  5 21:42:55 IST 2020
Wed Aug  5 21:42:56 IST 2020
Wed Aug  5 21:42:57 IST 2020
Wed Aug  5 21:42:58 IST 2020
Wed Aug  5 21:42:59 IST 2020
Wed Aug  5 21:43:00 IST 2020
Wed Aug  5 21:43:01 IST 2020
Wed Aug  5 21:43:02 IST 2020
Wed Aug  5 21:43:03 IST 2020
Wed Aug  5 21:43:04 IST 2020
Wed Aug  5 21:43:05 IST 2020
Wed Aug  5 21:43:06 IST 2020
Wed Aug  5 21:43:07 IST 2020
Wed Aug  5 21:43:08 IST 2020
Wed Aug  5 21:43:09 IST 2020
Wed Aug  5 21:43:10 IST 2020
Wed Aug  5 21:43:11 IST 2020
Wed Aug  5 21:43:12 IST 2020
Wed Aug  5 21:43:13 IST 2020
Wed Aug  5 21:43:14 IST 2020
Wed Aug  5 21:43:15 IST 2020
Wed Aug  5 21:43:16 IST 2020
Wed Aug  5 21:43:17 IST 2020
Wed Aug  5 21:43:18 IST 2020
Wed Aug  5 21:43:19 IST 2020
Wed Aug  5 21:43:20 IST 2020
Wed Aug  5 21:43:21 IST 2020
Wed Aug  5 21:43:22 IST 2020
Wed Aug  5 21:43:23 IST 2020
Wed Aug  5 21:43:24 IST 2020
Wed Aug  5 21:43:25 IST 2020
Wed Aug  5 21:43:26 IST 2020
Wed Aug  5 21:43:27 IST 2020
Wed Aug  5 21:43:28 IST 2020
Wed Aug  5 21:43:29 IST 2020
Wed Aug  5 21:43:30 IST 2020
Wed Aug  5 21:43:31 IST 2020
Wed Aug  5 21:43:32 IST 2020
Wed Aug  5 21:43:33 IST 2020
Wed Aug  5 21:43:34 IST 2020
Wed Aug  5 21:43:35 IST 2020
Wed Aug  5 21:43:36 IST 2020
Wed Aug  5 21:43:37 IST 2020
Wed Aug  5 21:43:38 IST 2020
Wed Aug  5 21:43:39 IST 2020
Wed Aug  5 21:43:40 IST 2020
Wed Aug  5 21:43:41 IST 2020
Wed Aug  5 21:43:42 IST 2020
Wed Aug  5 21:43:43 IST 2020
Wed Aug  5 21:43:44 IST 2020
Wed Aug  5 21:43:45 IST 2020
Wed Aug  5 21:43:46 IST 2020
Wed Aug  5 21:43:47 IST 2020
Wed Aug  5 21:43:48 IST 2020
Wed Aug  5 21:43:49 IST 2020
Wed Aug  5 21:43:50 IST 2020
Wed Aug  5 21:43:51 IST 2020
Wed Aug  5 21:43:52 IST 2020
Wed Aug  5 21:43:53 IST 2020
Wed Aug  5 21:43:54 IST 2020
Wed Aug  5 21:43:55 IST 2020
Wed Aug  5 21:43:56 IST 2020
Wed Aug  5 21:43:57 IST 2020
Wed Aug  5 21:43:58 IST 2020
Wed Aug  5 21:43:59 IST 2020
Wed Aug  5 21:44:00 IST 2020
Wed Aug  5 21:44:01 IST 2020
Wed Aug  5 21:44:03 IST 2020
Wed Aug  5 21:44:04 IST 2020
Wed Aug  5 21:44:05 IST 2020
Wed Aug  5 21:44:06 IST 2020
Wed Aug  5 21:44:07 IST 2020
Wed Aug  5 21:44:08 IST 2020
Wed Aug  5 21:44:09 IST 2020
Wed Aug  5 21:44:10 IST 2020
Wed Aug  5 21:44:11 IST 2020
Wed Aug  5 21:44:12 IST 2020
Wed Aug  5 21:44:13 IST 2020
Wed Aug  5 21:44:14 IST 2020
Wed Aug  5 21:44:15 IST 2020
Wed Aug  5 21:44:16 IST 2020
Wed Aug  5 21:44:17 IST 2020
Wed Aug  5 21:44:18 IST 2020
Wed Aug  5 21:44:19 IST 2020
Wed Aug  5 21:44:20 IST 2020
Wed Aug  5 21:44:21 IST 2020
Wed Aug  5 21:44:22 IST 2020
Wed Aug  5 21:44:23 IST 2020
Wed Aug  5 21:44:24 IST 2020
Wed Aug  5 21:44:25 IST 2020
Wed Aug  5 21:44:26 IST 2020
Wed Aug  5 21:44:27 IST 2020
Wed Aug  5 21:44:28 IST 2020
Wed Aug  5 21:44:29 IST 2020
Wed Aug  5 21:44:30 IST 2020
Wed Aug  5 21:44:31 IST 2020
Wed Aug  5 21:44:32 IST 2020
Wed Aug  5 21:44:33 IST 2020
Wed Aug  5 21:44:34 IST 2020
Wed Aug  5 21:44:35 IST 2020
Wed Aug  5 21:44:36 IST 2020
Wed Aug  5 21:44:37 IST 2020
Wed Aug  5 21:44:38 IST 2020
Wed Aug  5 21:44:39 IST 2020
Wed Aug  5 21:44:40 IST 2020
Wed Aug  5 21:44:41 IST 2020
Wed Aug  5 21:44:42 IST 2020
Wed Aug  5 21:44:43 IST 2020
Wed Aug  5 21:44:44 IST 2020
Wed Aug  5 21:44:45 IST 2020
Wed Aug  5 21:44:46 IST 2020
Wed Aug  5 21:44:47 IST 2020
Wed Aug  5 21:44:48 IST 2020
Wed Aug  5 21:44:49 IST 2020
Wed Aug  5 21:44:50 IST 2020
Wed Aug  5 21:44:51 IST 2020
Wed Aug  5 21:44:52 IST 2020
Wed Aug  5 21:44:53 IST 2020
Wed Aug  5 21:44:54 IST 2020
Wed Aug  5 21:44:55 IST 2020
Wed Aug  5 21:44:56 IST 2020
Wed Aug  5 21:44:57 IST 2020
Wed Aug  5 21:44:58 IST 2020
Wed Aug  5 21:44:59 IST 2020
Wed Aug  5 21:45:00 IST 2020
Wed Aug  5 21:45:01 IST 2020
Wed Aug  5 21:45:02 IST 2020
Wed Aug  5 21:45:03 IST 2020
Wed Aug  5 21:45:04 IST 2020
Wed Aug  5 21:45:05 IST 2020
Wed Aug  5 21:45:06 IST 2020
Wed Aug  5 21:45:07 IST 2020
Wed Aug  5 21:45:08 IST 2020
Wed Aug  5 21:45:09 IST 2020
Wed Aug  5 21:45:10 IST 2020
Wed Aug  5 21:45:11 IST 2020
Wed Aug  5 21:45:12 IST 2020
Wed Aug  5 21:45:13 IST 2020
Wed Aug  5 21:45:14 IST 2020
Wed Aug  5 21:45:15 IST 2020
Wed Aug  5 21:45:16 IST 2020
Wed Aug  5 21:45:17 IST 2020
Wed Aug  5 21:45:18 IST 2020
Wed Aug  5 21:45:19 IST 2020
Wed Aug  5 21:45:20 IST 2020
Wed Aug  5 21:45:21 IST 2020
Wed Aug  5 21:45:22 IST 2020
Wed Aug  5 21:45:23 IST 2020
Wed Aug  5 21:45:24 IST 2020
Wed Aug  5 21:45:25 IST 2020
Wed Aug  5 21:45:26 IST 2020
Wed Aug  5 21:45:27 IST 2020
Wed Aug  5 21:45:28 IST 2020
Wed Aug  5 21:45:29 IST 2020
Wed Aug  5 21:45:30 IST 2020
Wed Aug  5 21:45:31 IST 2020
Wed Aug  5 21:45:32 IST 2020
Wed Aug  5 21:45:33 IST 2020
Wed Aug  5 21:45:34 IST 2020
Wed Aug  5 21:45:35 IST 2020
Wed Aug  5 21:45:36 IST 2020
Wed Aug  5 21:45:37 IST 2020
Wed Aug  5 21:45:38 IST 2020
Wed Aug  5 21:45:39 IST 2020
Wed Aug  5 21:45:40 IST 2020
Wed Aug  5 21:45:41 IST 2020
Wed Aug  5 21:45:42 IST 2020
Wed Aug  5 21:45:43 IST 2020
Wed Aug  5 21:45:44 IST 2020
Wed Aug  5 21:45:45 IST 2020
Wed Aug  5 21:45:46 IST 2020
Wed Aug  5 21:45:47 IST 2020
Wed Aug  5 21:45:48 IST 2020
Wed Aug  5 21:45:49 IST 2020
Wed Aug  5 21:45:50 IST 2020
Wed Aug  5 21:45:51 IST 2020
Wed Aug  5 21:45:52 IST 2020
Wed Aug  5 21:45:53 IST 2020
Wed Aug  5 21:45:54 IST 2020
Wed Aug  5 21:45:55 IST 2020
Wed Aug  5 21:45:56 IST 2020
Wed Aug  5 21:45:57 IST 2020
Wed Aug  5 21:45:58 IST 2020
Wed Aug  5 21:45:59 IST 2020
Wed Aug  5 21:46:00 IST 2020
Wed Aug  5 21:46:01 IST 2020
Wed Aug  5 21:46:02 IST 2020
Wed Aug  5 21:46:03 IST 2020
Wed Aug  5 21:46:04 IST 2020
Wed Aug  5 21:46:05 IST 2020
Wed Aug  5 21:46:06 IST 2020
Wed Aug  5 21:46:07 IST 2020
Wed Aug  5 21:46:08 IST 2020
Wed Aug  5 21:46:09 IST 2020
Wed Aug  5 21:46:10 IST 2020
Wed Aug  5 21:46:11 IST 2020
Wed Aug  5 21:46:12 IST 2020
Wed Aug  5 21:46:13 IST 2020
Wed Aug  5 21:46:14 IST 2020
Wed Aug  5 21:46:15 IST 2020
Wed Aug  5 21:46:16 IST 2020
Wed Aug  5 21:46:17 IST 2020
Wed Aug  5 21:46:18 IST 2020
Wed Aug  5 21:46:19 IST 2020
Wed Aug  5 21:46:20 IST 2020
Wed Aug  5 21:46:21 IST 2020
Wed Aug  5 21:46:22 IST 2020
Wed Aug  5 21:46:23 IST 2020
Wed Aug  5 21:46:24 IST 2020
Wed Aug  5 21:46:25 IST 2020
Wed Aug  5 21:46:26 IST 2020
Wed Aug  5 21:46:27 IST 2020
Wed Aug  5 21:46:28 IST 2020
Wed Aug  5 21:46:29 IST 2020
Wed Aug  5 21:46:30 IST 2020
Wed Aug  5 21:46:31 IST 2020
Wed Aug  5 21:46:32 IST 2020
Wed Aug  5 21:46:33 IST 2020
Wed Aug  5 21:46:34 IST 2020
Wed Aug  5 21:46:35 IST 2020
Wed Aug  5 21:46:36 IST 2020
Wed Aug  5 21:46:37 IST 2020
Wed Aug  5 21:46:38 IST 2020
Wed Aug  5 21:46:39 IST 2020
Wed Aug  5 21:46:40 IST 2020
Wed Aug  5 21:46:41 IST 2020
Wed Aug  5 21:46:42 IST 2020
Wed Aug  5 21:46:43 IST 2020
Wed Aug  5 21:46:44 IST 2020
Wed Aug  5 21:46:45 IST 2020
Wed Aug  5 21:46:46 IST 2020
Wed Aug  5 21:46:47 IST 2020
Wed Aug  5 21:46:48 IST 2020
Wed Aug  5 21:46:49 IST 2020
Wed Aug  5 21:46:50 IST 2020
Wed Aug  5 21:46:51 IST 2020
Wed Aug  5 21:46:52 IST 2020
Wed Aug  5 21:46:53 IST 2020
Wed Aug  5 21:46:54 IST 2020
Wed Aug  5 21:46:55 IST 2020
Wed Aug  5 21:46:56 IST 2020
Wed Aug  5 21:46:57 IST 2020
Wed Aug  5 21:46:58 IST 2020
Wed Aug  5 21:46:59 IST 2020
Wed Aug  5 21:47:00 IST 2020
Wed Aug  5 21:47:01 IST 2020
Wed Aug  5 21:47:02 IST 2020
Wed Aug  5 21:47:03 IST 2020
Wed Aug  5 21:47:04 IST 2020
Wed Aug  5 21:47:05 IST 2020
Wed Aug  5 21:47:06 IST 2020
Wed Aug  5 21:47:07 IST 2020
Wed Aug  5 21:47:08 IST 2020
Wed Aug  5 21:47:09 IST 2020
Wed Aug  5 21:47:10 IST 2020
Wed Aug  5 21:47:11 IST 2020
Wed Aug  5 21:47:12 IST 2020
Wed Aug  5 21:47:13 IST 2020
Wed Aug  5 21:47:15 IST 2020
Wed Aug  5 21:47:16 IST 2020
Wed Aug  5 21:47:17 IST 2020
Wed Aug  5 21:47:18 IST 2020
Wed Aug  5 21:47:19 IST 2020
Wed Aug  5 21:47:20 IST 2020
Wed Aug  5 21:47:21 IST 2020
Wed Aug  5 21:47:22 IST 2020
Wed Aug  5 21:47:23 IST 2020
Wed Aug  5 21:47:24 IST 2020
Wed Aug  5 21:47:25 IST 2020
Wed Aug  5 21:47:26 IST 2020
Wed Aug  5 21:47:27 IST 2020
Wed Aug  5 21:47:28 IST 2020
Wed Aug  5 21:47:29 IST 2020
Wed Aug  5 21:47:30 IST 2020
Wed Aug  5 21:47:31 IST 2020
Wed Aug  5 21:47:32 IST 2020
Wed Aug  5 21:47:33 IST 2020
Wed Aug  5 21:47:34 IST 2020
Wed Aug  5 21:47:35 IST 2020
Wed Aug  5 21:47:36 IST 2020
Wed Aug  5 21:47:37 IST 2020
Wed Aug  5 21:47:38 IST 2020
Wed Aug  5 21:47:39 IST 2020
Wed Aug  5 21:47:40 IST 2020
Wed Aug  5 21:47:41 IST 2020
Wed Aug  5 21:47:42 IST 2020
Wed Aug  5 21:47:43 IST 2020
Wed Aug  5 21:47:44 IST 2020
Wed Aug  5 21:47:45 IST 2020
Wed Aug  5 21:47:46 IST 2020
Wed Aug  5 21:47:47 IST 2020
Wed Aug  5 21:47:48 IST 2020
Wed Aug  5 21:47:49 IST 2020
Wed Aug  5 21:47:50 IST 2020
Wed Aug  5 21:47:51 IST 2020
Wed Aug  5 21:47:52 IST 2020
Wed Aug  5 21:47:53 IST 2020
Wed Aug  5 21:47:54 IST 2020
Wed Aug  5 21:47:55 IST 2020
Wed Aug  5 21:47:56 IST 2020
Wed Aug  5 21:47:57 IST 2020
Wed Aug  5 21:47:58 IST 2020
Wed Aug  5 21:47:59 IST 2020
Wed Aug  5 21:48:00 IST 2020
Wed Aug  5 21:48:01 IST 2020
Wed Aug  5 21:48:02 IST 2020
Wed Aug  5 21:48:03 IST 2020
Wed Aug  5 21:48:04 IST 2020
Wed Aug  5 21:48:05 IST 2020
Wed Aug  5 21:48:06 IST 2020
Wed Aug  5 21:48:07 IST 2020
Wed Aug  5 21:48:08 IST 2020
Wed Aug  5 21:48:09 IST 2020
Wed Aug  5 21:48:10 IST 2020
Wed Aug  5 21:48:11 IST 2020
Wed Aug  5 21:48:12 IST 2020
Wed Aug  5 21:48:13 IST 2020
Wed Aug  5 21:48:14 IST 2020
Wed Aug  5 21:48:15 IST 2020
Wed Aug  5 21:48:16 IST 2020
Wed Aug  5 21:48:17 IST 2020
Wed Aug  5 21:48:18 IST 2020
Wed Aug  5 21:48:19 IST 2020
Wed Aug  5 21:48:20 IST 2020
Wed Aug  5 21:48:21 IST 2020
Wed Aug  5 21:48:22 IST 2020
Wed Aug  5 21:48:23 IST 2020
Wed Aug  5 21:48:24 IST 2020
Wed Aug  5 21:48:25 IST 2020
Wed Aug  5 21:48:26 IST 2020
Wed Aug  5 21:48:27 IST 2020
Wed Aug  5 21:48:28 IST 2020
Wed Aug  5 21:48:29 IST 2020
Wed Aug  5 21:48:30 IST 2020
Wed Aug  5 21:48:31 IST 2020
Wed Aug  5 21:48:32 IST 2020
Wed Aug  5 21:48:33 IST 2020
Wed Aug  5 21:48:34 IST 2020
Wed Aug  5 21:48:35 IST 2020
Wed Aug  5 21:48:36 IST 2020
Wed Aug  5 21:48:37 IST 2020
Wed Aug  5 21:48:38 IST 2020
Wed Aug  5 21:48:39 IST 2020
Wed Aug  5 21:48:40 IST 2020
Wed Aug  5 21:48:41 IST 2020
Wed Aug  5 21:48:42 IST 2020
Wed Aug  5 21:48:43 IST 2020
Wed Aug  5 21:48:44 IST 2020
Wed Aug  5 21:48:45 IST 2020
Wed Aug  5 21:48:46 IST 2020
Wed Aug  5 21:48:47 IST 2020
Wed Aug  5 21:48:48 IST 2020
Wed Aug  5 21:48:49 IST 2020
Wed Aug  5 21:48:50 IST 2020
Wed Aug  5 21:48:51 IST 2020
Wed Aug  5 21:48:52 IST 2020
Wed Aug  5 21:48:53 IST 2020
Wed Aug  5 21:48:54 IST 2020
Wed Aug  5 21:48:55 IST 2020
Wed Aug  5 21:48:56 IST 2020
Wed Aug  5 21:48:57 IST 2020
Wed Aug  5 21:48:59 IST 2020
Wed Aug  5 21:49:00 IST 2020
Wed Aug  5 21:49:01 IST 2020
Wed Aug  5 21:49:02 IST 2020
Wed Aug  5 21:49:03 IST 2020
Wed Aug  5 21:49:04 IST 2020
Wed Aug  5 21:49:05 IST 2020
Wed Aug  5 21:49:06 IST 2020
Wed Aug  5 21:49:07 IST 2020
Wed Aug  5 21:49:08 IST 2020
Wed Aug  5 21:49:09 IST 2020
Wed Aug  5 21:49:11 IST 2020
Wed Aug  5 21:49:12 IST 2020
Wed Aug  5 21:49:13 IST 2020
Wed Aug  5 21:49:14 IST 2020
Wed Aug  5 21:49:15 IST 2020
Wed Aug  5 21:49:16 IST 2020
Wed Aug  5 21:49:17 IST 2020
Wed Aug  5 21:49:18 IST 2020
Wed Aug  5 21:49:19 IST 2020
Wed Aug  5 21:49:20 IST 2020
Wed Aug  5 21:49:21 IST 2020
Wed Aug  5 21:49:22 IST 2020
Wed Aug  5 21:49:23 IST 2020
Wed Aug  5 21:49:24 IST 2020
Wed Aug  5 21:49:25 IST 2020
Wed Aug  5 21:49:26 IST 2020
Wed Aug  5 21:49:27 IST 2020
Wed Aug  5 21:49:28 IST 2020
Wed Aug  5 21:49:29 IST 2020
Wed Aug  5 21:49:30 IST 2020
Wed Aug  5 21:49:31 IST 2020
Wed Aug  5 21:49:32 IST 2020
Wed Aug  5 21:49:33 IST 2020
Wed Aug  5 21:49:34 IST 2020
Wed Aug  5 21:49:35 IST 2020
Wed Aug  5 21:49:36 IST 2020
Wed Aug  5 21:49:37 IST 2020
Wed Aug  5 21:49:38 IST 2020
Wed Aug  5 21:49:39 IST 2020
Wed Aug  5 21:49:40 IST 2020
Wed Aug  5 21:49:41 IST 2020
Wed Aug  5 21:49:42 IST 2020
Wed Aug  5 21:49:43 IST 2020
Wed Aug  5 21:49:44 IST 2020
Wed Aug  5 21:49:45 IST 2020
Wed Aug  5 21:49:46 IST 2020
Wed Aug  5 21:49:47 IST 2020
Wed Aug  5 21:49:48 IST 2020
Wed Aug  5 21:49:49 IST 2020
Wed Aug  5 21:49:50 IST 2020
Wed Aug  5 21:49:51 IST 2020
Wed Aug  5 21:49:52 IST 2020
Wed Aug  5 21:49:53 IST 2020
Wed Aug  5 21:49:54 IST 2020
Wed Aug  5 21:49:55 IST 2020
Wed Aug  5 21:49:56 IST 2020
Wed Aug  5 21:49:57 IST 2020
Wed Aug  5 21:49:58 IST 2020
Wed Aug  5 21:49:59 IST 2020
Wed Aug  5 21:50:00 IST 2020
Wed Aug  5 21:50:01 IST 2020
Wed Aug  5 21:50:02 IST 2020
Wed Aug  5 21:50:03 IST 2020
Wed Aug  5 21:50:04 IST 2020
Wed Aug  5 21:50:05 IST 2020
Wed Aug  5 21:50:06 IST 2020
Wed Aug  5 21:50:07 IST 2020
Wed Aug  5 21:50:08 IST 2020
Wed Aug  5 21:50:09 IST 2020
Wed Aug  5 21:50:10 IST 2020
Wed Aug  5 21:50:11 IST 2020
Wed Aug  5 21:50:12 IST 2020
Wed Aug  5 21:50:13 IST 2020
Wed Aug  5 21:50:14 IST 2020
Wed Aug  5 21:50:15 IST 2020
Wed Aug  5 21:50:16 IST 2020
Wed Aug  5 21:50:17 IST 2020
Wed Aug  5 21:50:18 IST 2020
Wed Aug  5 21:50:19 IST 2020
Wed Aug  5 21:50:20 IST 2020
Wed Aug  5 21:50:21 IST 2020
Wed Aug  5 21:50:22 IST 2020
Wed Aug  5 21:50:23 IST 2020
Wed Aug  5 21:50:24 IST 2020
Wed Aug  5 21:50:25 IST 2020
Wed Aug  5 21:50:26 IST 2020
Wed Aug  5 21:50:27 IST 2020
Wed Aug  5 21:50:28 IST 2020
Wed Aug  5 21:50:29 IST 2020
Wed Aug  5 21:50:30 IST 2020
Wed Aug  5 21:50:31 IST 2020
Wed Aug  5 21:50:32 IST 2020
Wed Aug  5 21:50:33 IST 2020
Wed Aug  5 21:50:34 IST 2020
Wed Aug  5 21:50:35 IST 2020
Wed Aug  5 21:50:36 IST 2020
Wed Aug  5 21:50:37 IST 2020
Wed Aug  5 21:50:38 IST 2020
Wed Aug  5 21:50:39 IST 2020
Wed Aug  5 21:50:40 IST 2020
Wed Aug  5 21:50:41 IST 2020
Wed Aug  5 21:50:42 IST 2020
Wed Aug  5 21:50:43 IST 2020
Wed Aug  5 21:50:44 IST 2020
Wed Aug  5 21:50:45 IST 2020
Wed Aug  5 21:50:46 IST 2020
Wed Aug  5 21:50:47 IST 2020
Wed Aug  5 21:50:48 IST 2020
Wed Aug  5 21:50:49 IST 2020
Wed Aug  5 21:50:50 IST 2020
Wed Aug  5 21:50:51 IST 2020
Wed Aug  5 21:50:52 IST 2020
Wed Aug  5 21:50:53 IST 2020
Wed Aug  5 21:50:54 IST 2020
Wed Aug  5 21:50:55 IST 2020
Wed Aug  5 21:50:56 IST 2020
Wed Aug  5 21:50:57 IST 2020
Wed Aug  5 21:50:58 IST 2020
Wed Aug  5 21:50:59 IST 2020
Wed Aug  5 21:51:00 IST 2020
Wed Aug  5 21:51:01 IST 2020
Wed Aug  5 21:51:02 IST 2020
Wed Aug  5 21:51:03 IST 2020
Wed Aug  5 21:51:04 IST 2020
Wed Aug  5 21:51:05 IST 2020
Wed Aug  5 21:51:06 IST 2020
Wed Aug  5 21:51:07 IST 2020
Wed Aug  5 21:51:08 IST 2020
Wed Aug  5 21:51:09 IST 2020
Wed Aug  5 21:51:10 IST 2020
Wed Aug  5 21:51:11 IST 2020
Wed Aug  5 21:51:12 IST 2020
Wed Aug  5 21:51:13 IST 2020
Wed Aug  5 21:51:14 IST 2020
Wed Aug  5 21:51:15 IST 2020
Wed Aug  5 21:51:16 IST 2020
Wed Aug  5 21:51:17 IST 2020
Wed Aug  5 21:51:18 IST 2020
Wed Aug  5 21:51:19 IST 2020
Wed Aug  5 21:51:20 IST 2020
Wed Aug  5 21:51:21 IST 2020
Wed Aug  5 21:51:22 IST 2020
Wed Aug  5 21:51:23 IST 2020
Wed Aug  5 21:51:24 IST 2020
Wed Aug  5 21:51:25 IST 2020
Wed Aug  5 21:51:26 IST 2020
Wed Aug  5 21:51:27 IST 2020
Wed Aug  5 21:51:28 IST 2020
Wed Aug  5 21:51:29 IST 2020
Wed Aug  5 21:51:30 IST 2020
Wed Aug  5 21:51:31 IST 2020
Wed Aug  5 21:51:32 IST 2020
Wed Aug  5 21:51:33 IST 2020
Wed Aug  5 21:51:34 IST 2020
Wed Aug  5 21:51:35 IST 2020
Wed Aug  5 21:51:36 IST 2020
Wed Aug  5 21:51:37 IST 2020
Wed Aug  5 21:51:38 IST 2020
Wed Aug  5 21:51:39 IST 2020
Wed Aug  5 21:51:40 IST 2020
Wed Aug  5 21:51:41 IST 2020
Wed Aug  5 21:51:42 IST 2020
Wed Aug  5 21:51:43 IST 2020
Wed Aug  5 21:51:44 IST 2020
Wed Aug  5 21:51:45 IST 2020
Wed Aug  5 21:51:46 IST 2020
Wed Aug  5 21:51:47 IST 2020
Wed Aug  5 21:51:48 IST 2020
Wed Aug  5 21:51:49 IST 2020
Wed Aug  5 21:51:50 IST 2020
Wed Aug  5 21:51:51 IST 2020
Wed Aug  5 21:51:52 IST 2020
Wed Aug  5 21:51:53 IST 2020
Wed Aug  5 21:51:54 IST 2020
Wed Aug  5 21:51:55 IST 2020
Wed Aug  5 21:51:56 IST 2020
Wed Aug  5 21:51:57 IST 2020
Wed Aug  5 21:51:58 IST 2020
Wed Aug  5 21:51:59 IST 2020
Wed Aug  5 21:52:00 IST 2020
Wed Aug  5 21:52:01 IST 2020
Wed Aug  5 21:52:02 IST 2020
Wed Aug  5 21:52:03 IST 2020
Wed Aug  5 21:52:04 IST 2020
Wed Aug  5 21:52:05 IST 2020
Wed Aug  5 21:52:06 IST 2020
Wed Aug  5 21:52:07 IST 2020
Wed Aug  5 21:52:08 IST 2020
Wed Aug  5 21:52:09 IST 2020
Wed Aug  5 21:52:10 IST 2020
Wed Aug  5 21:52:11 IST 2020
Wed Aug  5 21:52:12 IST 2020
Wed Aug  5 21:52:13 IST 2020
Wed Aug  5 21:52:14 IST 2020
Wed Aug  5 21:52:15 IST 2020
Wed Aug  5 21:52:16 IST 2020
Wed Aug  5 21:52:17 IST 2020
Wed Aug  5 21:52:18 IST 2020
Wed Aug  5 21:52:19 IST 2020
Wed Aug  5 21:52:20 IST 2020
Wed Aug  5 21:52:22 IST 2020
Wed Aug  5 21:52:23 IST 2020
Wed Aug  5 21:52:24 IST 2020
Wed Aug  5 21:52:25 IST 2020
Wed Aug  5 21:52:26 IST 2020
Wed Aug  5 21:52:27 IST 2020
Wed Aug  5 21:52:28 IST 2020
Wed Aug  5 21:52:29 IST 2020
Wed Aug  5 21:52:30 IST 2020
Wed Aug  5 21:52:31 IST 2020
Wed Aug  5 21:52:32 IST 2020
Wed Aug  5 21:52:33 IST 2020
Wed Aug  5 21:52:34 IST 2020
Wed Aug  5 21:52:35 IST 2020
Wed Aug  5 21:52:36 IST 2020
Wed Aug  5 21:52:37 IST 2020
Wed Aug  5 21:52:38 IST 2020
Wed Aug  5 21:52:39 IST 2020
Wed Aug  5 21:52:40 IST 2020
Wed Aug  5 21:52:41 IST 2020
Wed Aug  5 21:52:42 IST 2020
Wed Aug  5 21:52:43 IST 2020
Wed Aug  5 21:52:44 IST 2020
Wed Aug  5 21:52:45 IST 2020
Wed Aug  5 21:52:46 IST 2020
Wed Aug  5 21:52:47 IST 2020
Wed Aug  5 21:52:48 IST 2020
Wed Aug  5 21:52:49 IST 2020
Wed Aug  5 21:52:50 IST 2020
Wed Aug  5 21:52:51 IST 2020
Wed Aug  5 21:52:52 IST 2020
Wed Aug  5 21:52:53 IST 2020
Wed Aug  5 21:52:54 IST 2020
Wed Aug  5 21:52:55 IST 2020
Wed Aug  5 21:52:56 IST 2020
Wed Aug  5 21:52:57 IST 2020
Wed Aug  5 21:52:58 IST 2020
Wed Aug  5 21:52:59 IST 2020
Wed Aug  5 21:53:00 IST 2020
Wed Aug  5 21:53:01 IST 2020
Wed Aug  5 21:53:02 IST 2020
Wed Aug  5 21:53:03 IST 2020
Wed Aug  5 21:53:04 IST 2020
Wed Aug  5 21:53:05 IST 2020
Wed Aug  5 21:53:06 IST 2020
Wed Aug  5 21:53:07 IST 2020
Wed Aug  5 21:53:08 IST 2020
Wed Aug  5 21:53:09 IST 2020
Wed Aug  5 21:53:10 IST 2020
Wed Aug  5 21:53:11 IST 2020
Wed Aug  5 21:53:12 IST 2020
Wed Aug  5 21:53:13 IST 2020
Wed Aug  5 21:53:14 IST 2020
Wed Aug  5 21:53:15 IST 2020
Wed Aug  5 21:53:16 IST 2020
Wed Aug  5 21:53:17 IST 2020
Wed Aug  5 21:53:18 IST 2020
Wed Aug  5 21:53:19 IST 2020
Wed Aug  5 21:53:20 IST 2020
Wed Aug  5 21:53:21 IST 2020
Wed Aug  5 21:53:22 IST 2020
Wed Aug  5 21:53:23 IST 2020
Wed Aug  5 21:53:24 IST 2020
Wed Aug  5 21:53:25 IST 2020
Wed Aug  5 21:53:26 IST 2020
Wed Aug  5 21:53:27 IST 2020
Wed Aug  5 21:53:28 IST 2020
Wed Aug  5 21:53:29 IST 2020
Wed Aug  5 21:53:30 IST 2020
Wed Aug  5 21:53:31 IST 2020
Wed Aug  5 21:53:32 IST 2020
Wed Aug  5 21:53:33 IST 2020
Wed Aug  5 21:53:34 IST 2020
Wed Aug  5 21:53:35 IST 2020
Wed Aug  5 21:53:36 IST 2020
Wed Aug  5 21:53:37 IST 2020
Wed Aug  5 21:53:38 IST 2020
Wed Aug  5 21:53:39 IST 2020
Wed Aug  5 21:53:40 IST 2020
Wed Aug  5 21:53:41 IST 2020
Wed Aug  5 21:53:42 IST 2020
Wed Aug  5 21:53:43 IST 2020
Wed Aug  5 21:53:44 IST 2020
Wed Aug  5 21:53:45 IST 2020
Wed Aug  5 21:53:46 IST 2020
Wed Aug  5 21:53:47 IST 2020
Wed Aug  5 21:53:48 IST 2020
Wed Aug  5 21:53:49 IST 2020
Wed Aug  5 21:53:50 IST 2020
Wed Aug  5 21:53:51 IST 2020
Wed Aug  5 21:53:52 IST 2020
Wed Aug  5 21:53:53 IST 2020
Wed Aug  5 21:53:54 IST 2020
Wed Aug  5 21:53:55 IST 2020
Wed Aug  5 21:53:56 IST 2020
Wed Aug  5 21:53:57 IST 2020
Wed Aug  5 21:53:58 IST 2020
Wed Aug  5 21:53:59 IST 2020
Wed Aug  5 21:54:00 IST 2020
Wed Aug  5 21:54:02 IST 2020
Wed Aug  5 21:54:03 IST 2020
Wed Aug  5 21:54:04 IST 2020
Wed Aug  5 21:54:05 IST 2020
Wed Aug  5 21:54:06 IST 2020
Wed Aug  5 21:54:07 IST 2020
Wed Aug  5 21:54:08 IST 2020
Wed Aug  5 21:54:09 IST 2020
Wed Aug  5 21:54:10 IST 2020
Wed Aug  5 21:54:11 IST 2020
Wed Aug  5 21:54:12 IST 2020
Wed Aug  5 21:54:13 IST 2020
Wed Aug  5 21:54:14 IST 2020
Wed Aug  5 21:54:15 IST 2020
Wed Aug  5 21:54:16 IST 2020
Wed Aug  5 21:54:17 IST 2020
Wed Aug  5 21:54:18 IST 2020
Wed Aug  5 21:54:19 IST 2020
Wed Aug  5 21:54:20 IST 2020
Wed Aug  5 21:54:21 IST 2020
Wed Aug  5 21:54:22 IST 2020
Wed Aug  5 21:54:23 IST 2020
Wed Aug  5 21:54:24 IST 2020
Wed Aug  5 21:54:25 IST 2020
Wed Aug  5 21:54:26 IST 2020
Wed Aug  5 21:54:27 IST 2020
Wed Aug  5 21:54:28 IST 2020
Wed Aug  5 21:54:29 IST 2020
Wed Aug  5 21:54:30 IST 2020
Wed Aug  5 21:54:31 IST 2020
Wed Aug  5 21:54:32 IST 2020
Wed Aug  5 21:54:33 IST 2020
Wed Aug  5 21:54:34 IST 2020
Wed Aug  5 21:54:35 IST 2020
Wed Aug  5 21:54:36 IST 2020
Wed Aug  5 21:54:37 IST 2020
Wed Aug  5 21:54:38 IST 2020
Wed Aug  5 21:54:39 IST 2020
Wed Aug  5 21:54:40 IST 2020
Wed Aug  5 21:54:41 IST 2020
Wed Aug  5 21:54:42 IST 2020
Wed Aug  5 21:54:43 IST 2020
Wed Aug  5 21:54:44 IST 2020
Wed Aug  5 21:54:45 IST 2020
Wed Aug  5 21:54:46 IST 2020
Wed Aug  5 21:54:47 IST 2020
Wed Aug  5 21:54:48 IST 2020
Wed Aug  5 21:54:49 IST 2020
Wed Aug  5 21:54:50 IST 2020
Wed Aug  5 21:54:51 IST 2020
Wed Aug  5 21:54:52 IST 2020
Wed Aug  5 21:54:53 IST 2020
Wed Aug  5 21:54:54 IST 2020
Wed Aug  5 21:54:55 IST 2020
Wed Aug  5 21:54:56 IST 2020
Wed Aug  5 21:54:57 IST 2020
Wed Aug  5 21:54:58 IST 2020
Wed Aug  5 21:54:59 IST 2020
Wed Aug  5 21:55:00 IST 2020
Wed Aug  5 21:55:01 IST 2020
Wed Aug  5 21:55:02 IST 2020
Wed Aug  5 21:55:03 IST 2020
Wed Aug  5 21:55:04 IST 2020
Wed Aug  5 21:55:05 IST 2020
Wed Aug  5 21:55:06 IST 2020
Wed Aug  5 21:55:07 IST 2020
Wed Aug  5 21:55:08 IST 2020
Wed Aug  5 21:55:09 IST 2020
Wed Aug  5 21:55:11 IST 2020
Wed Aug  5 21:55:12 IST 2020
Wed Aug  5 21:55:13 IST 2020
Wed Aug  5 21:55:14 IST 2020
Wed Aug  5 21:55:15 IST 2020
Wed Aug  5 21:55:16 IST 2020
Wed Aug  5 21:55:17 IST 2020
Wed Aug  5 21:55:18 IST 2020
Wed Aug  5 21:55:19 IST 2020
Wed Aug  5 21:55:20 IST 2020
Wed Aug  5 21:55:21 IST 2020
Wed Aug  5 21:55:22 IST 2020
Wed Aug  5 21:55:23 IST 2020
Wed Aug  5 21:55:24 IST 2020
Wed Aug  5 21:55:25 IST 2020
Wed Aug  5 21:55:26 IST 2020
Wed Aug  5 21:55:27 IST 2020
Wed Aug  5 21:55:28 IST 2020
Wed Aug  5 21:55:29 IST 2020
Wed Aug  5 21:55:30 IST 2020
Wed Aug  5 21:55:31 IST 2020
Wed Aug  5 21:55:32 IST 2020
Wed Aug  5 21:55:33 IST 2020
Wed Aug  5 21:55:34 IST 2020
Wed Aug  5 21:55:35 IST 2020
Wed Aug  5 21:55:36 IST 2020
Wed Aug  5 21:55:37 IST 2020
Wed Aug  5 21:55:38 IST 2020
Wed Aug  5 21:55:39 IST 2020
Wed Aug  5 21:55:40 IST 2020
Wed Aug  5 21:55:41 IST 2020
Wed Aug  5 21:55:42 IST 2020
Wed Aug  5 21:55:43 IST 2020
Wed Aug  5 21:55:44 IST 2020
Wed Aug  5 21:55:45 IST 2020
Wed Aug  5 21:55:46 IST 2020
Wed Aug  5 21:55:47 IST 2020
Wed Aug  5 21:55:48 IST 2020
Wed Aug  5 21:55:49 IST 2020
Wed Aug  5 21:55:50 IST 2020
Wed Aug  5 21:55:51 IST 2020
Wed Aug  5 21:55:52 IST 2020
Wed Aug  5 21:55:53 IST 2020
Wed Aug  5 21:55:54 IST 2020
Wed Aug  5 21:55:55 IST 2020
Wed Aug  5 21:55:56 IST 2020
Wed Aug  5 21:55:57 IST 2020
Wed Aug  5 21:55:59 IST 2020
Wed Aug  5 21:56:00 IST 2020
Wed Aug  5 21:56:01 IST 2020
Wed Aug  5 21:56:02 IST 2020
Wed Aug  5 21:56:03 IST 2020
Wed Aug  5 21:56:04 IST 2020
Wed Aug  5 21:56:05 IST 2020
Wed Aug  5 21:56:06 IST 2020
Wed Aug  5 21:56:07 IST 2020
Wed Aug  5 21:56:08 IST 2020
Wed Aug  5 21:56:09 IST 2020
Wed Aug  5 21:56:10 IST 2020
Wed Aug  5 21:56:11 IST 2020
Wed Aug  5 21:56:12 IST 2020
Wed Aug  5 21:56:13 IST 2020
Wed Aug  5 21:56:14 IST 2020
Wed Aug  5 21:56:15 IST 2020
Wed Aug  5 21:56:16 IST 2020
Wed Aug  5 21:56:17 IST 2020
Wed Aug  5 21:56:18 IST 2020
Wed Aug  5 21:56:19 IST 2020
Wed Aug  5 21:56:20 IST 2020
Wed Aug  5 21:56:21 IST 2020
Wed Aug  5 21:56:22 IST 2020
Wed Aug  5 21:56:23 IST 2020
Wed Aug  5 21:56:24 IST 2020
Wed Aug  5 21:56:25 IST 2020
Wed Aug  5 21:56:26 IST 2020
Wed Aug  5 21:56:27 IST 2020
Wed Aug  5 21:56:28 IST 2020
Wed Aug  5 21:56:29 IST 2020
Wed Aug  5 21:56:30 IST 2020
Wed Aug  5 21:56:31 IST 2020
Wed Aug  5 21:56:32 IST 2020
Wed Aug  5 21:56:33 IST 2020
Wed Aug  5 21:56:34 IST 2020
Wed Aug  5 21:56:35 IST 2020
Wed Aug  5 21:56:36 IST 2020
Wed Aug  5 21:56:37 IST 2020
Wed Aug  5 21:56:38 IST 2020
Wed Aug  5 21:56:39 IST 2020
Wed Aug  5 21:56:40 IST 2020
Wed Aug  5 21:56:41 IST 2020
Wed Aug  5 21:56:42 IST 2020
Wed Aug  5 21:56:43 IST 2020
Wed Aug  5 21:56:44 IST 2020
Wed Aug  5 21:56:45 IST 2020
Wed Aug  5 21:56:46 IST 2020
Wed Aug  5 21:56:47 IST 2020
Wed Aug  5 21:56:48 IST 2020
Wed Aug  5 21:56:49 IST 2020
Wed Aug  5 21:56:50 IST 2020
Wed Aug  5 21:56:51 IST 2020
Wed Aug  5 21:56:52 IST 2020
Wed Aug  5 21:56:53 IST 2020
Wed Aug  5 21:56:54 IST 2020
Wed Aug  5 21:56:55 IST 2020
Wed Aug  5 21:56:56 IST 2020
Wed Aug  5 21:56:57 IST 2020
Wed Aug  5 21:56:58 IST 2020
Wed Aug  5 21:56:59 IST 2020
Wed Aug  5 21:57:00 IST 2020
Wed Aug  5 21:57:01 IST 2020
Wed Aug  5 21:57:02 IST 2020
Wed Aug  5 21:57:03 IST 2020
Wed Aug  5 21:57:04 IST 2020
Wed Aug  5 21:57:05 IST 2020
Wed Aug  5 21:57:06 IST 2020
Wed Aug  5 21:57:07 IST 2020
Wed Aug  5 21:57:08 IST 2020
Wed Aug  5 21:57:09 IST 2020
Wed Aug  5 21:57:10 IST 2020
Wed Aug  5 21:57:11 IST 2020
Wed Aug  5 21:57:12 IST 2020
Wed Aug  5 21:57:13 IST 2020
Wed Aug  5 21:57:14 IST 2020
Wed Aug  5 21:57:16 IST 2020
Wed Aug  5 21:57:17 IST 2020
Wed Aug  5 21:57:18 IST 2020
Wed Aug  5 21:57:19 IST 2020
Wed Aug  5 21:57:20 IST 2020
Wed Aug  5 21:57:21 IST 2020
Wed Aug  5 21:57:22 IST 2020
Wed Aug  5 21:57:23 IST 2020
Wed Aug  5 21:57:24 IST 2020
Wed Aug  5 21:57:25 IST 2020
Wed Aug  5 21:57:26 IST 2020
Wed Aug  5 21:57:27 IST 2020
Wed Aug  5 21:57:28 IST 2020
Wed Aug  5 21:57:29 IST 2020
Wed Aug  5 21:57:30 IST 2020
Wed Aug  5 21:57:31 IST 2020
Wed Aug  5 21:57:32 IST 2020
Wed Aug  5 21:57:33 IST 2020
Wed Aug  5 21:57:34 IST 2020
Wed Aug  5 21:57:35 IST 2020
Wed Aug  5 21:57:36 IST 2020
Wed Aug  5 21:57:37 IST 2020
Wed Aug  5 21:57:38 IST 2020
Wed Aug  5 21:57:39 IST 2020
Wed Aug  5 21:57:40 IST 2020
Wed Aug  5 21:57:41 IST 2020
Wed Aug  5 21:57:42 IST 2020
Wed Aug  5 21:57:43 IST 2020
Wed Aug  5 21:57:44 IST 2020
Wed Aug  5 21:57:45 IST 2020
Wed Aug  5 21:57:46 IST 2020
Wed Aug  5 21:57:47 IST 2020
Wed Aug  5 21:57:48 IST 2020
Wed Aug  5 21:57:49 IST 2020
Wed Aug  5 21:57:50 IST 2020
Wed Aug  5 21:57:51 IST 2020
Wed Aug  5 21:57:52 IST 2020
Wed Aug  5 21:57:53 IST 2020
Wed Aug  5 21:57:54 IST 2020
Wed Aug  5 21:57:55 IST 2020
Wed Aug  5 21:57:56 IST 2020
Wed Aug  5 21:57:57 IST 2020
Wed Aug  5 21:57:58 IST 2020
Wed Aug  5 21:57:59 IST 2020
Wed Aug  5 21:58:00 IST 2020
Wed Aug  5 21:58:01 IST 2020
Wed Aug  5 21:58:02 IST 2020
Wed Aug  5 21:58:03 IST 2020
Wed Aug  5 21:58:04 IST 2020
Wed Aug  5 21:58:05 IST 2020
Wed Aug  5 21:58:06 IST 2020
Wed Aug  5 21:58:07 IST 2020
Wed Aug  5 21:58:08 IST 2020
Wed Aug  5 21:58:09 IST 2020
Wed Aug  5 21:58:10 IST 2020
Wed Aug  5 21:58:11 IST 2020
Wed Aug  5 21:58:12 IST 2020
Wed Aug  5 21:58:13 IST 2020
Wed Aug  5 21:58:14 IST 2020
Wed Aug  5 21:58:15 IST 2020
Wed Aug  5 21:58:16 IST 2020
Wed Aug  5 21:58:17 IST 2020
Wed Aug  5 21:58:18 IST 2020
Wed Aug  5 21:58:19 IST 2020
Wed Aug  5 21:58:20 IST 2020
Wed Aug  5 21:58:21 IST 2020
Wed Aug  5 21:58:22 IST 2020
Wed Aug  5 21:58:23 IST 2020
Wed Aug  5 21:58:24 IST 2020
Wed Aug  5 21:58:25 IST 2020
Wed Aug  5 21:58:26 IST 2020
Wed Aug  5 21:58:27 IST 2020
Wed Aug  5 21:58:28 IST 2020
Wed Aug  5 21:58:29 IST 2020
Wed Aug  5 21:58:30 IST 2020
Wed Aug  5 21:58:31 IST 2020
Wed Aug  5 21:58:32 IST 2020
Wed Aug  5 21:58:33 IST 2020
Wed Aug  5 21:58:34 IST 2020
Wed Aug  5 21:58:35 IST 2020
Wed Aug  5 21:58:36 IST 2020
Wed Aug  5 21:58:37 IST 2020
Wed Aug  5 21:58:38 IST 2020
Wed Aug  5 21:58:39 IST 2020
Wed Aug  5 21:58:40 IST 2020
Wed Aug  5 21:58:41 IST 2020
Wed Aug  5 21:58:42 IST 2020
Wed Aug  5 21:58:43 IST 2020
Wed Aug  5 21:58:44 IST 2020
Wed Aug  5 21:58:45 IST 2020
Wed Aug  5 21:58:46 IST 2020
Wed Aug  5 21:58:47 IST 2020
Wed Aug  5 21:58:48 IST 2020
Wed Aug  5 21:58:50 IST 2020
Wed Aug  5 21:58:51 IST 2020
Wed Aug  5 21:58:52 IST 2020
Wed Aug  5 21:58:53 IST 2020
Wed Aug  5 21:58:54 IST 2020
Wed Aug  5 21:58:55 IST 2020
Wed Aug  5 21:58:56 IST 2020
Wed Aug  5 21:58:57 IST 2020
Wed Aug  5 21:58:58 IST 2020
Wed Aug  5 21:58:59 IST 2020
Wed Aug  5 21:59:00 IST 2020
Wed Aug  5 21:59:01 IST 2020
Wed Aug  5 21:59:02 IST 2020
Wed Aug  5 21:59:03 IST 2020
Wed Aug  5 21:59:04 IST 2020
Wed Aug  5 21:59:05 IST 2020
Wed Aug  5 21:59:06 IST 2020
Wed Aug  5 21:59:07 IST 2020
Wed Aug  5 21:59:08 IST 2020
Wed Aug  5 21:59:09 IST 2020
Wed Aug  5 21:59:10 IST 2020
Wed Aug  5 21:59:11 IST 2020
Wed Aug  5 21:59:12 IST 2020
Wed Aug  5 21:59:13 IST 2020
Wed Aug  5 21:59:14 IST 2020
Wed Aug  5 21:59:15 IST 2020
Wed Aug  5 21:59:16 IST 2020
Wed Aug  5 21:59:17 IST 2020
Wed Aug  5 21:59:18 IST 2020
Wed Aug  5 21:59:19 IST 2020
Wed Aug  5 21:59:20 IST 2020
Wed Aug  5 21:59:21 IST 2020
Wed Aug  5 21:59:22 IST 2020
Wed Aug  5 21:59:23 IST 2020
Wed Aug  5 21:59:24 IST 2020
Wed Aug  5 21:59:25 IST 2020
Wed Aug  5 21:59:26 IST 2020
Wed Aug  5 21:59:27 IST 2020
Wed Aug  5 21:59:28 IST 2020
Wed Aug  5 21:59:29 IST 2020
Wed Aug  5 21:59:30 IST 2020
Wed Aug  5 21:59:31 IST 2020
Wed Aug  5 21:59:32 IST 2020
Wed Aug  5 21:59:33 IST 2020
Wed Aug  5 21:59:34 IST 2020
Wed Aug  5 21:59:35 IST 2020
Wed Aug  5 21:59:36 IST 2020
Wed Aug  5 21:59:37 IST 2020
Wed Aug  5 21:59:38 IST 2020
Wed Aug  5 21:59:39 IST 2020
Wed Aug  5 21:59:40 IST 2020
Wed Aug  5 21:59:41 IST 2020
Wed Aug  5 21:59:42 IST 2020
Wed Aug  5 21:59:43 IST 2020
Wed Aug  5 21:59:44 IST 2020
Wed Aug  5 21:59:45 IST 2020
Wed Aug  5 21:59:46 IST 2020
Wed Aug  5 21:59:47 IST 2020
Wed Aug  5 21:59:48 IST 2020
Wed Aug  5 21:59:49 IST 2020
Wed Aug  5 21:59:50 IST 2020
Wed Aug  5 21:59:51 IST 2020
Wed Aug  5 21:59:52 IST 2020
Wed Aug  5 21:59:53 IST 2020
Wed Aug  5 21:59:54 IST 2020
Wed Aug  5 21:59:55 IST 2020
Wed Aug  5 21:59:56 IST 2020
Wed Aug  5 21:59:57 IST 2020
Wed Aug  5 21:59:58 IST 2020
Wed Aug  5 21:59:59 IST 2020
Wed Aug  5 22:00:00 IST 2020
Wed Aug  5 22:00:01 IST 2020
Wed Aug  5 22:00:02 IST 2020
Wed Aug  5 22:00:03 IST 2020
Wed Aug  5 22:00:04 IST 2020
Wed Aug  5 22:00:05 IST 2020
Wed Aug  5 22:00:06 IST 2020
Wed Aug  5 22:00:07 IST 2020
Wed Aug  5 22:00:08 IST 2020
Wed Aug  5 22:00:09 IST 2020
Wed Aug  5 22:00:10 IST 2020
Wed Aug  5 22:00:11 IST 2020
Wed Aug  5 22:00:12 IST 2020
Wed Aug  5 22:00:13 IST 2020
Wed Aug  5 22:00:14 IST 2020
Wed Aug  5 22:00:15 IST 2020
Wed Aug  5 22:00:16 IST 2020
Wed Aug  5 22:00:17 IST 2020
Wed Aug  5 22:00:18 IST 2020
Wed Aug  5 22:00:19 IST 2020
Wed Aug  5 22:00:20 IST 2020
Wed Aug  5 22:00:21 IST 2020
Wed Aug  5 22:00:23 IST 2020
Wed Aug  5 22:00:24 IST 2020
Wed Aug  5 22:00:25 IST 2020
Wed Aug  5 22:00:26 IST 2020
Wed Aug  5 22:00:27 IST 2020
Wed Aug  5 22:00:28 IST 2020
Wed Aug  5 22:00:29 IST 2020
Wed Aug  5 22:00:30 IST 2020
Wed Aug  5 22:00:31 IST 2020
Wed Aug  5 22:00:32 IST 2020
Wed Aug  5 22:00:33 IST 2020
Wed Aug  5 22:00:34 IST 2020
Wed Aug  5 22:00:35 IST 2020
Wed Aug  5 22:00:36 IST 2020
Wed Aug  5 22:00:37 IST 2020
Wed Aug  5 22:00:38 IST 2020
Wed Aug  5 22:00:39 IST 2020
Wed Aug  5 22:00:40 IST 2020
Wed Aug  5 22:00:41 IST 2020
Wed Aug  5 22:00:42 IST 2020
Wed Aug  5 22:00:43 IST 2020
Wed Aug  5 22:00:44 IST 2020
Wed Aug  5 22:00:45 IST 2020
Wed Aug  5 22:00:46 IST 2020
Wed Aug  5 22:00:47 IST 2020
Wed Aug  5 22:00:48 IST 2020
Wed Aug  5 22:00:50 IST 2020
Wed Aug  5 22:00:51 IST 2020
Wed Aug  5 22:00:52 IST 2020
Wed Aug  5 22:00:53 IST 2020
Wed Aug  5 22:00:54 IST 2020
Wed Aug  5 22:00:55 IST 2020
Wed Aug  5 22:00:56 IST 2020
Wed Aug  5 22:00:57 IST 2020
Wed Aug  5 22:00:58 IST 2020
Wed Aug  5 22:00:59 IST 2020
Wed Aug  5 22:01:00 IST 2020
Wed Aug  5 22:01:01 IST 2020
Wed Aug  5 22:01:02 IST 2020
Wed Aug  5 22:01:03 IST 2020
Wed Aug  5 22:01:04 IST 2020
Wed Aug  5 22:01:05 IST 2020
Wed Aug  5 22:01:06 IST 2020
Wed Aug  5 22:01:07 IST 2020
Wed Aug  5 22:01:08 IST 2020
Wed Aug  5 22:01:09 IST 2020
Wed Aug  5 22:01:10 IST 2020
Wed Aug  5 22:01:11 IST 2020
Wed Aug  5 22:01:12 IST 2020
Wed Aug  5 22:01:13 IST 2020
Wed Aug  5 22:01:14 IST 2020
Wed Aug  5 22:01:15 IST 2020
Wed Aug  5 22:01:16 IST 2020
Wed Aug  5 22:01:17 IST 2020
Wed Aug  5 22:01:18 IST 2020
Wed Aug  5 22:01:19 IST 2020
Wed Aug  5 22:01:20 IST 2020
Wed Aug  5 22:01:21 IST 2020
Wed Aug  5 22:01:22 IST 2020
Wed Aug  5 22:01:23 IST 2020
Wed Aug  5 22:01:24 IST 2020
Wed Aug  5 22:01:25 IST 2020
Wed Aug  5 22:01:26 IST 2020
Wed Aug  5 22:01:27 IST 2020
Wed Aug  5 22:01:28 IST 2020
Wed Aug  5 22:01:29 IST 2020
Wed Aug  5 22:01:30 IST 2020
Wed Aug  5 22:01:31 IST 2020
Wed Aug  5 22:01:32 IST 2020
Wed Aug  5 22:01:33 IST 2020
Wed Aug  5 22:01:34 IST 2020
Wed Aug  5 22:01:35 IST 2020
Wed Aug  5 22:01:36 IST 2020
Wed Aug  5 22:01:37 IST 2020
Wed Aug  5 22:01:38 IST 2020
Wed Aug  5 22:01:39 IST 2020
Wed Aug  5 22:01:40 IST 2020
Wed Aug  5 22:01:41 IST 2020
Wed Aug  5 22:01:42 IST 2020
Wed Aug  5 22:01:43 IST 2020
Wed Aug  5 22:01:44 IST 2020
Wed Aug  5 22:01:45 IST 2020
Wed Aug  5 22:01:46 IST 2020
Wed Aug  5 22:01:47 IST 2020
Wed Aug  5 22:01:48 IST 2020
Wed Aug  5 22:01:49 IST 2020
Wed Aug  5 22:01:50 IST 2020
Wed Aug  5 22:01:51 IST 2020
Wed Aug  5 22:01:52 IST 2020
Wed Aug  5 22:01:53 IST 2020
Wed Aug  5 22:01:54 IST 2020
Wed Aug  5 22:01:55 IST 2020
Wed Aug  5 22:01:56 IST 2020
Wed Aug  5 22:01:57 IST 2020
Wed Aug  5 22:01:58 IST 2020
Wed Aug  5 22:01:59 IST 2020
Wed Aug  5 22:02:00 IST 2020
Wed Aug  5 22:02:01 IST 2020
Wed Aug  5 22:02:02 IST 2020
Wed Aug  5 22:02:03 IST 2020
Wed Aug  5 22:02:04 IST 2020
Wed Aug  5 22:02:06 IST 2020
Wed Aug  5 22:02:07 IST 2020
Wed Aug  5 22:02:08 IST 2020
Wed Aug  5 22:02:09 IST 2020
Wed Aug  5 22:02:10 IST 2020
Wed Aug  5 22:02:11 IST 2020
Wed Aug  5 22:02:12 IST 2020
Wed Aug  5 22:02:13 IST 2020
Wed Aug  5 22:02:14 IST 2020
Wed Aug  5 22:02:15 IST 2020
Wed Aug  5 22:02:16 IST 2020
Wed Aug  5 22:02:17 IST 2020
Wed Aug  5 22:02:18 IST 2020
Wed Aug  5 22:02:19 IST 2020
Wed Aug  5 22:02:20 IST 2020
Wed Aug  5 22:02:21 IST 2020
Wed Aug  5 22:02:22 IST 2020
Wed Aug  5 22:02:23 IST 2020
Wed Aug  5 22:02:24 IST 2020
Wed Aug  5 22:02:25 IST 2020
Wed Aug  5 22:02:26 IST 2020
Wed Aug  5 22:02:27 IST 2020
Wed Aug  5 22:02:28 IST 2020
Wed Aug  5 22:02:29 IST 2020
Wed Aug  5 22:02:30 IST 2020
Wed Aug  5 22:02:31 IST 2020
Wed Aug  5 22:02:32 IST 2020
Wed Aug  5 22:02:33 IST 2020
Wed Aug  5 22:02:34 IST 2020
Wed Aug  5 22:02:35 IST 2020
Wed Aug  5 22:02:36 IST 2020
Wed Aug  5 22:02:37 IST 2020
Wed Aug  5 22:02:38 IST 2020
Wed Aug  5 22:02:39 IST 2020
Wed Aug  5 22:02:40 IST 2020
Wed Aug  5 22:02:41 IST 2020
Wed Aug  5 22:02:42 IST 2020
Wed Aug  5 22:02:43 IST 2020
Wed Aug  5 22:02:44 IST 2020
Wed Aug  5 22:02:45 IST 2020
Wed Aug  5 22:02:46 IST 2020
Wed Aug  5 22:02:47 IST 2020
Wed Aug  5 22:02:48 IST 2020
Wed Aug  5 22:02:49 IST 2020
Wed Aug  5 22:02:50 IST 2020
Wed Aug  5 22:02:51 IST 2020
Wed Aug  5 22:02:52 IST 2020
Wed Aug  5 22:02:53 IST 2020
Wed Aug  5 22:02:54 IST 2020
Wed Aug  5 22:02:55 IST 2020
Wed Aug  5 22:02:56 IST 2020
Wed Aug  5 22:02:57 IST 2020
Wed Aug  5 22:02:58 IST 2020
Wed Aug  5 22:02:59 IST 2020
Wed Aug  5 22:03:00 IST 2020
Wed Aug  5 22:03:01 IST 2020
Wed Aug  5 22:03:02 IST 2020
Wed Aug  5 22:03:03 IST 2020
Wed Aug  5 22:03:04 IST 2020
Wed Aug  5 22:03:05 IST 2020
Wed Aug  5 22:03:06 IST 2020
Wed Aug  5 22:03:07 IST 2020
Wed Aug  5 22:03:08 IST 2020
Wed Aug  5 22:03:09 IST 2020
Wed Aug  5 22:03:10 IST 2020
Wed Aug  5 22:03:11 IST 2020
Wed Aug  5 22:03:12 IST 2020
Wed Aug  5 22:03:13 IST 2020
Wed Aug  5 22:03:14 IST 2020
Wed Aug  5 22:03:15 IST 2020
Wed Aug  5 22:03:16 IST 2020
Wed Aug  5 22:03:17 IST 2020
Wed Aug  5 22:03:18 IST 2020
Wed Aug  5 22:03:19 IST 2020
Wed Aug  5 22:03:20 IST 2020
Wed Aug  5 22:03:21 IST 2020
Wed Aug  5 22:03:22 IST 2020
Wed Aug  5 22:03:23 IST 2020
Wed Aug  5 22:03:24 IST 2020
Wed Aug  5 22:03:25 IST 2020
Wed Aug  5 22:03:26 IST 2020
Wed Aug  5 22:03:27 IST 2020
Wed Aug  5 22:03:28 IST 2020
Wed Aug  5 22:03:29 IST 2020
Wed Aug  5 22:03:30 IST 2020
Wed Aug  5 22:03:31 IST 2020
Wed Aug  5 22:03:32 IST 2020
Wed Aug  5 22:03:33 IST 2020
Wed Aug  5 22:03:34 IST 2020
Wed Aug  5 22:03:35 IST 2020
Wed Aug  5 22:03:36 IST 2020
Wed Aug  5 22:03:37 IST 2020
Wed Aug  5 22:03:38 IST 2020
Wed Aug  5 22:03:39 IST 2020
Wed Aug  5 22:03:40 IST 2020
Wed Aug  5 22:03:41 IST 2020
Wed Aug  5 22:03:42 IST 2020
Wed Aug  5 22:03:43 IST 2020
Wed Aug  5 22:03:44 IST 2020
Wed Aug  5 22:03:45 IST 2020
Wed Aug  5 22:03:46 IST 2020
Wed Aug  5 22:03:47 IST 2020
Wed Aug  5 22:03:48 IST 2020
Wed Aug  5 22:03:49 IST 2020
Wed Aug  5 22:03:50 IST 2020
Wed Aug  5 22:03:51 IST 2020
Wed Aug  5 22:03:52 IST 2020
Wed Aug  5 22:03:53 IST 2020
Wed Aug  5 22:03:54 IST 2020
Wed Aug  5 22:03:55 IST 2020
Wed Aug  5 22:03:56 IST 2020
Wed Aug  5 22:03:57 IST 2020
Wed Aug  5 22:03:58 IST 2020
Wed Aug  5 22:03:59 IST 2020
Wed Aug  5 22:04:00 IST 2020
Wed Aug  5 22:04:01 IST 2020
Wed Aug  5 22:04:02 IST 2020
Wed Aug  5 22:04:03 IST 2020
Wed Aug  5 22:04:04 IST 2020
Wed Aug  5 22:04:05 IST 2020
Wed Aug  5 22:04:06 IST 2020
Wed Aug  5 22:04:07 IST 2020
Wed Aug  5 22:04:08 IST 2020
Wed Aug  5 22:04:09 IST 2020
Wed Aug  5 22:04:10 IST 2020
Wed Aug  5 22:04:11 IST 2020
Wed Aug  5 22:04:13 IST 2020
Wed Aug  5 22:04:14 IST 2020
Wed Aug  5 22:04:15 IST 2020
Wed Aug  5 22:04:16 IST 2020
Wed Aug  5 22:04:17 IST 2020
Wed Aug  5 22:04:18 IST 2020
Wed Aug  5 22:04:19 IST 2020
Wed Aug  5 22:04:20 IST 2020
Wed Aug  5 22:04:21 IST 2020
Wed Aug  5 22:04:22 IST 2020
Wed Aug  5 22:04:23 IST 2020
Wed Aug  5 22:04:24 IST 2020
Wed Aug  5 22:04:25 IST 2020
Wed Aug  5 22:04:26 IST 2020
Wed Aug  5 22:04:27 IST 2020
Wed Aug  5 22:04:28 IST 2020
Wed Aug  5 22:04:29 IST 2020
Wed Aug  5 22:04:30 IST 2020
Wed Aug  5 22:04:31 IST 2020
Wed Aug  5 22:04:32 IST 2020
Wed Aug  5 22:04:33 IST 2020
Wed Aug  5 22:04:34 IST 2020
Wed Aug  5 22:04:35 IST 2020
Wed Aug  5 22:04:36 IST 2020
Wed Aug  5 22:04:37 IST 2020
Wed Aug  5 22:04:38 IST 2020
Wed Aug  5 22:04:39 IST 2020
Wed Aug  5 22:04:40 IST 2020
Wed Aug  5 22:04:41 IST 2020
Wed Aug  5 22:04:42 IST 2020
Wed Aug  5 22:04:43 IST 2020
Wed Aug  5 22:04:44 IST 2020
Wed Aug  5 22:04:45 IST 2020
Wed Aug  5 22:04:46 IST 2020
Wed Aug  5 22:04:47 IST 2020
Wed Aug  5 22:04:48 IST 2020
Wed Aug  5 22:04:49 IST 2020
Wed Aug  5 22:04:50 IST 2020
Wed Aug  5 22:04:51 IST 2020
Wed Aug  5 22:04:52 IST 2020
Wed Aug  5 22:04:53 IST 2020
Wed Aug  5 22:04:54 IST 2020
Wed Aug  5 22:04:55 IST 2020
Wed Aug  5 22:04:56 IST 2020
Wed Aug  5 22:04:57 IST 2020
Wed Aug  5 22:04:58 IST 2020
Wed Aug  5 22:04:59 IST 2020
Wed Aug  5 22:05:00 IST 2020
Wed Aug  5 22:05:01 IST 2020
Wed Aug  5 22:05:02 IST 2020
Wed Aug  5 22:05:03 IST 2020
Wed Aug  5 22:05:04 IST 2020
Wed Aug  5 22:05:05 IST 2020
Wed Aug  5 22:05:06 IST 2020
Wed Aug  5 22:05:07 IST 2020
Wed Aug  5 22:05:08 IST 2020
Wed Aug  5 22:05:09 IST 2020
Wed Aug  5 22:05:10 IST 2020
Wed Aug  5 22:05:11 IST 2020
Wed Aug  5 22:05:12 IST 2020
Wed Aug  5 22:05:13 IST 2020
Wed Aug  5 22:05:14 IST 2020
Wed Aug  5 22:05:15 IST 2020
Wed Aug  5 22:05:16 IST 2020
Wed Aug  5 22:05:17 IST 2020
Wed Aug  5 22:05:18 IST 2020
Wed Aug  5 22:05:19 IST 2020
Wed Aug  5 22:05:20 IST 2020
Wed Aug  5 22:05:21 IST 2020
Wed Aug  5 22:05:22 IST 2020
Wed Aug  5 22:05:23 IST 2020
Wed Aug  5 22:05:24 IST 2020
Wed Aug  5 22:05:25 IST 2020
Wed Aug  5 22:05:26 IST 2020
Wed Aug  5 22:05:27 IST 2020
Wed Aug  5 22:05:28 IST 2020
Wed Aug  5 22:05:29 IST 2020
Wed Aug  5 22:05:30 IST 2020
Wed Aug  5 22:05:31 IST 2020
Wed Aug  5 22:05:32 IST 2020
Wed Aug  5 22:05:33 IST 2020
Wed Aug  5 22:05:34 IST 2020
Wed Aug  5 22:05:35 IST 2020
Wed Aug  5 22:05:36 IST 2020
Wed Aug  5 22:05:37 IST 2020
Wed Aug  5 22:05:38 IST 2020
Wed Aug  5 22:05:39 IST 2020
Wed Aug  5 22:05:40 IST 2020
Wed Aug  5 22:05:41 IST 2020
Wed Aug  5 22:05:42 IST 2020
Wed Aug  5 22:05:43 IST 2020
Wed Aug  5 22:05:44 IST 2020
Wed Aug  5 22:05:45 IST 2020
Wed Aug  5 22:05:46 IST 2020
Wed Aug  5 22:05:47 IST 2020
Wed Aug  5 22:05:48 IST 2020
Wed Aug  5 22:05:49 IST 2020
Wed Aug  5 22:05:50 IST 2020
Wed Aug  5 22:05:52 IST 2020
Wed Aug  5 22:05:53 IST 2020
Wed Aug  5 22:05:54 IST 2020
Wed Aug  5 22:05:55 IST 2020
Wed Aug  5 22:05:56 IST 2020
Wed Aug  5 22:05:57 IST 2020
Wed Aug  5 22:05:58 IST 2020
Wed Aug  5 22:05:59 IST 2020
Wed Aug  5 22:06:00 IST 2020
Wed Aug  5 22:06:01 IST 2020
Wed Aug  5 22:06:02 IST 2020
Wed Aug  5 22:06:03 IST 2020
Wed Aug  5 22:06:04 IST 2020
Wed Aug  5 22:06:05 IST 2020
Wed Aug  5 22:06:06 IST 2020
Wed Aug  5 22:06:07 IST 2020
Wed Aug  5 22:06:08 IST 2020
Wed Aug  5 22:06:09 IST 2020
Wed Aug  5 22:06:10 IST 2020
Wed Aug  5 22:06:11 IST 2020
Wed Aug  5 22:06:12 IST 2020
Wed Aug  5 22:06:13 IST 2020
Wed Aug  5 22:06:14 IST 2020
Wed Aug  5 22:06:15 IST 2020
Wed Aug  5 22:06:16 IST 2020
Wed Aug  5 22:06:17 IST 2020
Wed Aug  5 22:06:18 IST 2020
Wed Aug  5 22:06:19 IST 2020
Wed Aug  5 22:06:20 IST 2020
Wed Aug  5 22:06:22 IST 2020
Wed Aug  5 22:06:23 IST 2020
Wed Aug  5 22:06:24 IST 2020
Wed Aug  5 22:06:25 IST 2020
Wed Aug  5 22:06:26 IST 2020
Wed Aug  5 22:06:27 IST 2020
Wed Aug  5 22:06:28 IST 2020
Wed Aug  5 22:06:29 IST 2020
Wed Aug  5 22:06:30 IST 2020
Wed Aug  5 22:06:31 IST 2020
Wed Aug  5 22:06:32 IST 2020
Wed Aug  5 22:06:33 IST 2020
Wed Aug  5 22:06:34 IST 2020
Wed Aug  5 22:06:35 IST 2020
Wed Aug  5 22:06:36 IST 2020
Wed Aug  5 22:06:37 IST 2020
Wed Aug  5 22:06:38 IST 2020
Wed Aug  5 22:06:39 IST 2020
Wed Aug  5 22:06:40 IST 2020
Wed Aug  5 22:06:41 IST 2020
Wed Aug  5 22:06:42 IST 2020
Wed Aug  5 22:06:43 IST 2020
Wed Aug  5 22:06:44 IST 2020
Wed Aug  5 22:06:45 IST 2020
Wed Aug  5 22:06:46 IST 2020
Wed Aug  5 22:06:47 IST 2020
Wed Aug  5 22:06:48 IST 2020
Wed Aug  5 22:06:49 IST 2020
Wed Aug  5 22:06:50 IST 2020
Wed Aug  5 22:06:51 IST 2020
Wed Aug  5 22:06:52 IST 2020
Wed Aug  5 22:06:53 IST 2020
Wed Aug  5 22:06:54 IST 2020
Wed Aug  5 22:06:55 IST 2020
Wed Aug  5 22:06:56 IST 2020
Wed Aug  5 22:06:57 IST 2020
Wed Aug  5 22:06:58 IST 2020
Wed Aug  5 22:06:59 IST 2020
Wed Aug  5 22:07:00 IST 2020
Wed Aug  5 22:07:01 IST 2020
Wed Aug  5 22:07:02 IST 2020
Wed Aug  5 22:07:03 IST 2020
Wed Aug  5 22:07:04 IST 2020
Wed Aug  5 22:07:05 IST 2020
Wed Aug  5 22:07:06 IST 2020
Wed Aug  5 22:07:07 IST 2020
Wed Aug  5 22:07:08 IST 2020
Wed Aug  5 22:07:09 IST 2020
Wed Aug  5 22:07:10 IST 2020
Wed Aug  5 22:07:11 IST 2020
Wed Aug  5 22:07:12 IST 2020
Wed Aug  5 22:07:13 IST 2020
Wed Aug  5 22:07:14 IST 2020
Wed Aug  5 22:07:15 IST 2020
Wed Aug  5 22:07:16 IST 2020
Wed Aug  5 22:07:17 IST 2020
Wed Aug  5 22:07:18 IST 2020
Wed Aug  5 22:07:19 IST 2020
Wed Aug  5 22:07:20 IST 2020
Wed Aug  5 22:07:21 IST 2020
Wed Aug  5 22:07:22 IST 2020
Wed Aug  5 22:07:23 IST 2020
Wed Aug  5 22:07:24 IST 2020
Wed Aug  5 22:07:25 IST 2020
Wed Aug  5 22:07:26 IST 2020
Wed Aug  5 22:07:27 IST 2020
Wed Aug  5 22:07:28 IST 2020
Wed Aug  5 22:07:29 IST 2020
Wed Aug  5 22:07:30 IST 2020
Wed Aug  5 22:07:31 IST 2020
Wed Aug  5 22:07:32 IST 2020
Wed Aug  5 22:07:33 IST 2020
Wed Aug  5 22:07:34 IST 2020
Wed Aug  5 22:07:35 IST 2020
Wed Aug  5 22:07:36 IST 2020
Wed Aug  5 22:07:37 IST 2020
Wed Aug  5 22:07:38 IST 2020
Wed Aug  5 22:07:39 IST 2020
Wed Aug  5 22:07:40 IST 2020
Wed Aug  5 22:07:41 IST 2020
Wed Aug  5 22:07:42 IST 2020
Wed Aug  5 22:07:43 IST 2020
Wed Aug  5 22:07:44 IST 2020
Wed Aug  5 22:07:45 IST 2020
Wed Aug  5 22:07:46 IST 2020
Wed Aug  5 22:07:47 IST 2020
Wed Aug  5 22:07:48 IST 2020
Wed Aug  5 22:07:49 IST 2020
Wed Aug  5 22:07:50 IST 2020
Wed Aug  5 22:07:51 IST 2020
Wed Aug  5 22:07:52 IST 2020
Wed Aug  5 22:07:53 IST 2020
Wed Aug  5 22:07:54 IST 2020
Wed Aug  5 22:07:55 IST 2020
Wed Aug  5 22:07:56 IST 2020
Wed Aug  5 22:07:57 IST 2020
Wed Aug  5 22:07:58 IST 2020
Wed Aug  5 22:07:59 IST 2020
Wed Aug  5 22:08:00 IST 2020
Wed Aug  5 22:08:01 IST 2020
Wed Aug  5 22:08:02 IST 2020
Wed Aug  5 22:08:03 IST 2020
Wed Aug  5 22:08:04 IST 2020
Wed Aug  5 22:08:05 IST 2020
Wed Aug  5 22:08:06 IST 2020
Wed Aug  5 22:08:07 IST 2020
Wed Aug  5 22:08:08 IST 2020
Wed Aug  5 22:08:09 IST 2020
Wed Aug  5 22:08:10 IST 2020
Wed Aug  5 22:08:11 IST 2020
Wed Aug  5 22:08:12 IST 2020
Wed Aug  5 22:08:13 IST 2020
Wed Aug  5 22:08:14 IST 2020
Wed Aug  5 22:08:15 IST 2020
Wed Aug  5 22:08:16 IST 2020
Wed Aug  5 22:08:17 IST 2020
Wed Aug  5 22:08:18 IST 2020
Wed Aug  5 22:08:19 IST 2020
Wed Aug  5 22:08:20 IST 2020
Wed Aug  5 22:08:21 IST 2020
Wed Aug  5 22:08:22 IST 2020
Wed Aug  5 22:08:23 IST 2020
Wed Aug  5 22:08:24 IST 2020
Wed Aug  5 22:08:25 IST 2020
Wed Aug  5 22:08:26 IST 2020
Wed Aug  5 22:08:27 IST 2020
Wed Aug  5 22:08:28 IST 2020
Wed Aug  5 22:08:29 IST 2020
Wed Aug  5 22:08:30 IST 2020
Wed Aug  5 22:08:31 IST 2020
Wed Aug  5 22:08:32 IST 2020
Wed Aug  5 22:08:33 IST 2020
Wed Aug  5 22:08:34 IST 2020
Wed Aug  5 22:08:35 IST 2020
Wed Aug  5 22:08:36 IST 2020
Wed Aug  5 22:08:37 IST 2020
Wed Aug  5 22:08:38 IST 2020
Wed Aug  5 22:08:39 IST 2020
Wed Aug  5 22:08:40 IST 2020
Wed Aug  5 22:08:41 IST 2020
Wed Aug  5 22:08:42 IST 2020
Wed Aug  5 22:08:43 IST 2020
Wed Aug  5 22:08:44 IST 2020
Wed Aug  5 22:08:45 IST 2020
Wed Aug  5 22:08:46 IST 2020
Wed Aug  5 22:08:47 IST 2020
Wed Aug  5 22:08:48 IST 2020
Wed Aug  5 22:08:49 IST 2020
Wed Aug  5 22:08:50 IST 2020
Wed Aug  5 22:08:51 IST 2020
Wed Aug  5 22:08:52 IST 2020
Wed Aug  5 22:08:53 IST 2020
Wed Aug  5 22:08:54 IST 2020
Wed Aug  5 22:08:55 IST 2020
Wed Aug  5 22:08:56 IST 2020
Wed Aug  5 22:08:58 IST 2020
Wed Aug  5 22:08:59 IST 2020
Wed Aug  5 22:09:00 IST 2020
Wed Aug  5 22:09:01 IST 2020
Wed Aug  5 22:09:02 IST 2020
Wed Aug  5 22:09:03 IST 2020
Wed Aug  5 22:09:04 IST 2020
Wed Aug  5 22:09:05 IST 2020
Wed Aug  5 22:09:06 IST 2020
Wed Aug  5 22:09:07 IST 2020
Wed Aug  5 22:09:08 IST 2020
Wed Aug  5 22:09:09 IST 2020
Wed Aug  5 22:09:10 IST 2020
Wed Aug  5 22:09:11 IST 2020
Wed Aug  5 22:09:12 IST 2020
Wed Aug  5 22:09:13 IST 2020
Wed Aug  5 22:09:14 IST 2020
Wed Aug  5 22:09:15 IST 2020
Wed Aug  5 22:09:16 IST 2020
Wed Aug  5 22:09:17 IST 2020
Wed Aug  5 22:09:18 IST 2020
Wed Aug  5 22:09:19 IST 2020
Wed Aug  5 22:09:20 IST 2020
Wed Aug  5 22:09:21 IST 2020
Wed Aug  5 22:09:22 IST 2020
Wed Aug  5 22:09:23 IST 2020
Wed Aug  5 22:09:24 IST 2020
Wed Aug  5 22:09:25 IST 2020
Wed Aug  5 22:09:26 IST 2020
Wed Aug  5 22:09:27 IST 2020
Wed Aug  5 22:09:28 IST 2020
Wed Aug  5 22:09:29 IST 2020
Wed Aug  5 22:09:30 IST 2020
Wed Aug  5 22:09:31 IST 2020
Wed Aug  5 22:09:32 IST 2020
Wed Aug  5 22:09:33 IST 2020
Wed Aug  5 22:09:34 IST 2020
Wed Aug  5 22:09:35 IST 2020
Wed Aug  5 22:09:36 IST 2020
Wed Aug  5 22:09:37 IST 2020
Wed Aug  5 22:09:38 IST 2020
Wed Aug  5 22:09:39 IST 2020
Wed Aug  5 22:09:40 IST 2020
Wed Aug  5 22:09:41 IST 2020
Wed Aug  5 22:09:42 IST 2020
Wed Aug  5 22:09:43 IST 2020
Wed Aug  5 22:09:44 IST 2020
Wed Aug  5 22:09:45 IST 2020
Wed Aug  5 22:09:46 IST 2020
Wed Aug  5 22:09:47 IST 2020
Wed Aug  5 22:09:48 IST 2020
Wed Aug  5 22:09:49 IST 2020
Wed Aug  5 22:09:50 IST 2020
Wed Aug  5 22:09:51 IST 2020
Wed Aug  5 22:09:52 IST 2020
Wed Aug  5 22:09:53 IST 2020
Wed Aug  5 22:09:54 IST 2020
Wed Aug  5 22:09:55 IST 2020
Wed Aug  5 22:09:56 IST 2020
Wed Aug  5 22:09:57 IST 2020
Wed Aug  5 22:09:58 IST 2020
Wed Aug  5 22:09:59 IST 2020
Wed Aug  5 22:10:00 IST 2020
Wed Aug  5 22:10:01 IST 2020
Wed Aug  5 22:10:02 IST 2020
Wed Aug  5 22:10:03 IST 2020
Wed Aug  5 22:10:04 IST 2020
Wed Aug  5 22:10:05 IST 2020
Wed Aug  5 22:10:06 IST 2020
Wed Aug  5 22:10:07 IST 2020
Wed Aug  5 22:10:08 IST 2020
Wed Aug  5 22:10:09 IST 2020
Wed Aug  5 22:10:10 IST 2020
Wed Aug  5 22:10:11 IST 2020
Wed Aug  5 22:10:12 IST 2020
Wed Aug  5 22:10:13 IST 2020
Wed Aug  5 22:10:14 IST 2020
Wed Aug  5 22:10:15 IST 2020
Wed Aug  5 22:10:16 IST 2020
Wed Aug  5 22:10:17 IST 2020
Wed Aug  5 22:10:18 IST 2020
Wed Aug  5 22:10:19 IST 2020
Wed Aug  5 22:10:20 IST 2020
Wed Aug  5 22:10:21 IST 2020
Wed Aug  5 22:10:22 IST 2020
Wed Aug  5 22:10:23 IST 2020
Wed Aug  5 22:10:24 IST 2020
Wed Aug  5 22:10:25 IST 2020
Wed Aug  5 22:10:26 IST 2020
Wed Aug  5 22:10:27 IST 2020
Wed Aug  5 22:10:28 IST 2020
Wed Aug  5 22:10:29 IST 2020
Wed Aug  5 22:10:30 IST 2020
Wed Aug  5 22:10:31 IST 2020
Wed Aug  5 22:10:32 IST 2020
Wed Aug  5 22:10:33 IST 2020
Wed Aug  5 22:10:34 IST 2020
Wed Aug  5 22:10:35 IST 2020
Wed Aug  5 22:10:36 IST 2020
Wed Aug  5 22:10:37 IST 2020
Wed Aug  5 22:10:38 IST 2020
Wed Aug  5 22:10:39 IST 2020
Wed Aug  5 22:10:40 IST 2020
Wed Aug  5 22:10:41 IST 2020
Wed Aug  5 22:10:42 IST 2020
Wed Aug  5 22:10:43 IST 2020
Wed Aug  5 22:10:44 IST 2020
Wed Aug  5 22:10:45 IST 2020
Wed Aug  5 22:10:46 IST 2020
Wed Aug  5 22:10:47 IST 2020
Wed Aug  5 22:10:48 IST 2020
Wed Aug  5 22:10:49 IST 2020
Wed Aug  5 22:10:50 IST 2020
Wed Aug  5 22:10:51 IST 2020
Wed Aug  5 22:10:52 IST 2020
Wed Aug  5 22:10:53 IST 2020
Wed Aug  5 22:10:54 IST 2020
Wed Aug  5 22:10:55 IST 2020
Wed Aug  5 22:10:56 IST 2020
Wed Aug  5 22:10:57 IST 2020
Wed Aug  5 22:10:58 IST 2020
Wed Aug  5 22:10:59 IST 2020
Wed Aug  5 22:11:00 IST 2020
Wed Aug  5 22:11:01 IST 2020
Wed Aug  5 22:11:02 IST 2020
Wed Aug  5 22:11:03 IST 2020
Wed Aug  5 22:11:04 IST 2020
Wed Aug  5 22:11:05 IST 2020
Wed Aug  5 22:11:06 IST 2020
Wed Aug  5 22:11:07 IST 2020
Wed Aug  5 22:11:08 IST 2020
Wed Aug  5 22:11:09 IST 2020
Wed Aug  5 22:11:10 IST 2020
Wed Aug  5 22:11:11 IST 2020
Wed Aug  5 22:11:12 IST 2020
Wed Aug  5 22:11:13 IST 2020
Wed Aug  5 22:11:14 IST 2020
Wed Aug  5 22:11:15 IST 2020
Wed Aug  5 22:11:16 IST 2020
Wed Aug  5 22:11:17 IST 2020
Wed Aug  5 22:11:18 IST 2020
Wed Aug  5 22:11:19 IST 2020
Wed Aug  5 22:11:20 IST 2020
Wed Aug  5 22:11:21 IST 2020
Wed Aug  5 22:11:22 IST 2020
Wed Aug  5 22:11:23 IST 2020
Wed Aug  5 22:11:24 IST 2020
Wed Aug  5 22:11:25 IST 2020
Wed Aug  5 22:11:26 IST 2020
Wed Aug  5 22:11:27 IST 2020
Wed Aug  5 22:11:28 IST 2020
Wed Aug  5 22:11:29 IST 2020
Wed Aug  5 22:11:30 IST 2020
Wed Aug  5 22:11:31 IST 2020
Wed Aug  5 22:11:32 IST 2020
Wed Aug  5 22:11:33 IST 2020
Wed Aug  5 22:11:34 IST 2020
Wed Aug  5 22:11:35 IST 2020
Wed Aug  5 22:11:36 IST 2020
Wed Aug  5 22:11:37 IST 2020
Wed Aug  5 22:11:38 IST 2020
Wed Aug  5 22:11:39 IST 2020
Wed Aug  5 22:11:40 IST 2020
Wed Aug  5 22:11:41 IST 2020
Wed Aug  5 22:11:42 IST 2020
Wed Aug  5 22:11:43 IST 2020
Wed Aug  5 22:11:44 IST 2020
Wed Aug  5 22:11:45 IST 2020
Wed Aug  5 22:11:46 IST 2020
Wed Aug  5 22:11:47 IST 2020
Wed Aug  5 22:11:49 IST 2020
Wed Aug  5 22:11:50 IST 2020
Wed Aug  5 22:11:51 IST 2020
Wed Aug  5 22:11:52 IST 2020
Wed Aug  5 22:11:53 IST 2020
Wed Aug  5 22:11:54 IST 2020
Wed Aug  5 22:11:55 IST 2020
Wed Aug  5 22:11:56 IST 2020
Wed Aug  5 22:11:57 IST 2020
Wed Aug  5 22:11:58 IST 2020
Wed Aug  5 22:11:59 IST 2020
Wed Aug  5 22:12:00 IST 2020
Wed Aug  5 22:12:01 IST 2020
Wed Aug  5 22:12:02 IST 2020
Wed Aug  5 22:12:03 IST 2020
Wed Aug  5 22:12:04 IST 2020
Wed Aug  5 22:12:05 IST 2020
Wed Aug  5 22:12:06 IST 2020
Wed Aug  5 22:12:07 IST 2020
Wed Aug  5 22:12:08 IST 2020
Wed Aug  5 22:12:09 IST 2020
Wed Aug  5 22:12:10 IST 2020
Wed Aug  5 22:12:11 IST 2020
Wed Aug  5 22:12:12 IST 2020
Wed Aug  5 22:12:13 IST 2020
Wed Aug  5 22:12:14 IST 2020
Wed Aug  5 22:12:15 IST 2020
Wed Aug  5 22:12:16 IST 2020
Wed Aug  5 22:12:17 IST 2020
Wed Aug  5 22:12:18 IST 2020
Wed Aug  5 22:12:19 IST 2020
Wed Aug  5 22:12:20 IST 2020
Wed Aug  5 22:12:21 IST 2020
Wed Aug  5 22:12:22 IST 2020
Wed Aug  5 22:12:23 IST 2020
Wed Aug  5 22:12:24 IST 2020
Wed Aug  5 22:12:25 IST 2020
Wed Aug  5 22:12:26 IST 2020
Wed Aug  5 22:12:27 IST 2020
Wed Aug  5 22:12:28 IST 2020
Wed Aug  5 22:12:29 IST 2020
Wed Aug  5 22:12:30 IST 2020
Wed Aug  5 22:12:31 IST 2020
Wed Aug  5 22:12:32 IST 2020
Wed Aug  5 22:12:33 IST 2020
Wed Aug  5 22:12:34 IST 2020
Wed Aug  5 22:12:35 IST 2020
Wed Aug  5 22:12:36 IST 2020
Wed Aug  5 22:12:37 IST 2020
Wed Aug  5 22:12:38 IST 2020
Wed Aug  5 22:12:39 IST 2020
Wed Aug  5 22:12:40 IST 2020
Wed Aug  5 22:12:41 IST 2020
Wed Aug  5 22:12:42 IST 2020
Wed Aug  5 22:12:43 IST 2020
Wed Aug  5 22:12:44 IST 2020
Wed Aug  5 22:12:45 IST 2020
Wed Aug  5 22:12:46 IST 2020
Wed Aug  5 22:12:47 IST 2020
Wed Aug  5 22:12:48 IST 2020
Wed Aug  5 22:12:49 IST 2020
Wed Aug  5 22:12:50 IST 2020
Wed Aug  5 22:12:51 IST 2020
Wed Aug  5 22:12:52 IST 2020
Wed Aug  5 22:12:53 IST 2020
Wed Aug  5 22:12:54 IST 2020
Wed Aug  5 22:12:55 IST 2020
Wed Aug  5 22:12:56 IST 2020
Wed Aug  5 22:12:57 IST 2020
Wed Aug  5 22:12:58 IST 2020
Wed Aug  5 22:12:59 IST 2020
Wed Aug  5 22:13:00 IST 2020
Wed Aug  5 22:13:01 IST 2020
Wed Aug  5 22:13:02 IST 2020
Wed Aug  5 22:13:03 IST 2020
Wed Aug  5 22:13:04 IST 2020
Wed Aug  5 22:13:05 IST 2020
Wed Aug  5 22:13:06 IST 2020
Wed Aug  5 22:13:07 IST 2020
Wed Aug  5 22:13:08 IST 2020
Wed Aug  5 22:13:09 IST 2020
Wed Aug  5 22:13:10 IST 2020
Wed Aug  5 22:13:11 IST 2020
Wed Aug  5 22:13:12 IST 2020
Wed Aug  5 22:13:13 IST 2020
Wed Aug  5 22:13:14 IST 2020
Wed Aug  5 22:13:15 IST 2020
Wed Aug  5 22:13:16 IST 2020
Wed Aug  5 22:13:17 IST 2020
Wed Aug  5 22:13:18 IST 2020
Wed Aug  5 22:13:19 IST 2020
Wed Aug  5 22:13:20 IST 2020
Wed Aug  5 22:13:21 IST 2020
Wed Aug  5 22:13:22 IST 2020
Wed Aug  5 22:13:23 IST 2020
Wed Aug  5 22:13:24 IST 2020
Wed Aug  5 22:13:25 IST 2020
Wed Aug  5 22:13:27 IST 2020
Wed Aug  5 22:13:28 IST 2020
Wed Aug  5 22:13:29 IST 2020
Wed Aug  5 22:13:30 IST 2020
Wed Aug  5 22:13:31 IST 2020
Wed Aug  5 22:13:32 IST 2020
Wed Aug  5 22:13:33 IST 2020
Wed Aug  5 22:13:34 IST 2020
Wed Aug  5 22:13:35 IST 2020
Wed Aug  5 22:13:36 IST 2020
Wed Aug  5 22:13:37 IST 2020
Wed Aug  5 22:13:38 IST 2020
Wed Aug  5 22:13:39 IST 2020
Wed Aug  5 22:13:40 IST 2020
Wed Aug  5 22:13:41 IST 2020
Wed Aug  5 22:13:42 IST 2020
Wed Aug  5 22:13:43 IST 2020
Wed Aug  5 22:13:44 IST 2020
Wed Aug  5 22:13:45 IST 2020
Wed Aug  5 22:13:46 IST 2020
Wed Aug  5 22:13:47 IST 2020
Wed Aug  5 22:13:48 IST 2020
Wed Aug  5 22:13:49 IST 2020
Wed Aug  5 22:13:50 IST 2020
Wed Aug  5 22:13:51 IST 2020
Wed Aug  5 22:13:52 IST 2020
Wed Aug  5 22:13:53 IST 2020
Wed Aug  5 22:13:54 IST 2020
Wed Aug  5 22:13:55 IST 2020
Wed Aug  5 22:13:56 IST 2020
Wed Aug  5 22:13:57 IST 2020
Wed Aug  5 22:13:58 IST 2020
Wed Aug  5 22:13:59 IST 2020
Wed Aug  5 22:14:00 IST 2020
Wed Aug  5 22:14:01 IST 2020
Wed Aug  5 22:14:02 IST 2020
Wed Aug  5 22:14:03 IST 2020
Wed Aug  5 22:14:04 IST 2020
Wed Aug  5 22:14:05 IST 2020
Wed Aug  5 22:14:06 IST 2020
Wed Aug  5 22:14:07 IST 2020
Wed Aug  5 22:14:08 IST 2020
Wed Aug  5 22:14:09 IST 2020
Wed Aug  5 22:14:10 IST 2020
Wed Aug  5 22:14:11 IST 2020
Wed Aug  5 22:14:12 IST 2020
Wed Aug  5 22:14:13 IST 2020
Wed Aug  5 22:14:14 IST 2020
Wed Aug  5 22:14:15 IST 2020
Wed Aug  5 22:14:16 IST 2020
Wed Aug  5 22:14:17 IST 2020
Wed Aug  5 22:14:18 IST 2020
Wed Aug  5 22:14:19 IST 2020
Wed Aug  5 22:14:20 IST 2020
Wed Aug  5 22:14:21 IST 2020
Wed Aug  5 22:14:22 IST 2020
Wed Aug  5 22:14:23 IST 2020
Wed Aug  5 22:14:24 IST 2020
Wed Aug  5 22:14:25 IST 2020
Wed Aug  5 22:14:26 IST 2020
Wed Aug  5 22:14:27 IST 2020
Wed Aug  5 22:14:28 IST 2020
Wed Aug  5 22:14:29 IST 2020
Wed Aug  5 22:14:30 IST 2020
Wed Aug  5 22:14:31 IST 2020
Wed Aug  5 22:14:32 IST 2020
Wed Aug  5 22:14:33 IST 2020
Wed Aug  5 22:14:34 IST 2020
Wed Aug  5 22:14:35 IST 2020
Wed Aug  5 22:14:36 IST 2020
Wed Aug  5 22:14:37 IST 2020
Wed Aug  5 22:14:38 IST 2020
Wed Aug  5 22:14:39 IST 2020
Wed Aug  5 22:14:40 IST 2020
Wed Aug  5 22:14:41 IST 2020
Wed Aug  5 22:14:42 IST 2020
Wed Aug  5 22:14:43 IST 2020
Wed Aug  5 22:14:44 IST 2020
Wed Aug  5 22:14:45 IST 2020
Wed Aug  5 22:14:46 IST 2020
Wed Aug  5 22:14:47 IST 2020
Wed Aug  5 22:14:48 IST 2020
Wed Aug  5 22:14:49 IST 2020
Wed Aug  5 22:14:50 IST 2020
Wed Aug  5 22:14:51 IST 2020
Wed Aug  5 22:14:52 IST 2020
Wed Aug  5 22:14:53 IST 2020
Wed Aug  5 22:14:54 IST 2020
Wed Aug  5 22:14:55 IST 2020
Wed Aug  5 22:14:56 IST 2020
Wed Aug  5 22:14:57 IST 2020
Wed Aug  5 22:14:58 IST 2020
Wed Aug  5 22:14:59 IST 2020
Wed Aug  5 22:15:00 IST 2020
Wed Aug  5 22:15:01 IST 2020
Wed Aug  5 22:15:02 IST 2020
Wed Aug  5 22:15:03 IST 2020
Wed Aug  5 22:15:04 IST 2020
Wed Aug  5 22:15:05 IST 2020
Wed Aug  5 22:15:06 IST 2020
Wed Aug  5 22:15:07 IST 2020
Wed Aug  5 22:15:08 IST 2020
Wed Aug  5 22:15:09 IST 2020
Wed Aug  5 22:15:10 IST 2020
Wed Aug  5 22:15:11 IST 2020
Wed Aug  5 22:15:12 IST 2020
Wed Aug  5 22:15:13 IST 2020
Wed Aug  5 22:15:14 IST 2020
Wed Aug  5 22:15:15 IST 2020
Wed Aug  5 22:15:16 IST 2020
Wed Aug  5 22:15:17 IST 2020
Wed Aug  5 22:15:18 IST 2020
Wed Aug  5 22:15:19 IST 2020
Wed Aug  5 22:15:20 IST 2020
Wed Aug  5 22:15:21 IST 2020
Wed Aug  5 22:15:22 IST 2020
Wed Aug  5 22:15:23 IST 2020
Wed Aug  5 22:15:24 IST 2020
Wed Aug  5 22:15:25 IST 2020
Wed Aug  5 22:15:26 IST 2020
Wed Aug  5 22:15:27 IST 2020
Wed Aug  5 22:15:28 IST 2020
Wed Aug  5 22:15:29 IST 2020
Wed Aug  5 22:15:30 IST 2020
Wed Aug  5 22:15:31 IST 2020
Wed Aug  5 22:15:32 IST 2020
Wed Aug  5 22:15:33 IST 2020
Wed Aug  5 22:15:34 IST 2020
Wed Aug  5 22:15:35 IST 2020
Wed Aug  5 22:15:36 IST 2020
Wed Aug  5 22:15:37 IST 2020
Wed Aug  5 22:15:38 IST 2020
Wed Aug  5 22:15:39 IST 2020
Wed Aug  5 22:15:40 IST 2020
Wed Aug  5 22:15:41 IST 2020
Wed Aug  5 22:15:42 IST 2020
Wed Aug  5 22:15:43 IST 2020
Wed Aug  5 22:15:44 IST 2020
Wed Aug  5 22:15:45 IST 2020
Wed Aug  5 22:15:46 IST 2020
Wed Aug  5 22:15:47 IST 2020
Wed Aug  5 22:15:48 IST 2020
Wed Aug  5 22:15:49 IST 2020
Wed Aug  5 22:15:50 IST 2020
Wed Aug  5 22:15:51 IST 2020
Wed Aug  5 22:15:52 IST 2020
Wed Aug  5 22:15:53 IST 2020
Wed Aug  5 22:15:54 IST 2020
Wed Aug  5 22:15:55 IST 2020
Wed Aug  5 22:15:56 IST 2020
Wed Aug  5 22:15:57 IST 2020
Wed Aug  5 22:15:58 IST 2020
Wed Aug  5 22:15:59 IST 2020
Wed Aug  5 22:16:00 IST 2020
Wed Aug  5 22:16:01 IST 2020
Wed Aug  5 22:16:02 IST 2020
Wed Aug  5 22:16:03 IST 2020
Wed Aug  5 22:16:04 IST 2020
Wed Aug  5 22:16:05 IST 2020
Wed Aug  5 22:16:06 IST 2020
Wed Aug  5 22:16:07 IST 2020
Wed Aug  5 22:16:08 IST 2020
Wed Aug  5 22:16:09 IST 2020
Wed Aug  5 22:16:11 IST 2020
Wed Aug  5 22:16:12 IST 2020
Wed Aug  5 22:16:13 IST 2020
Wed Aug  5 22:16:14 IST 2020
Wed Aug  5 22:16:15 IST 2020
Wed Aug  5 22:16:16 IST 2020
Wed Aug  5 22:16:17 IST 2020
Wed Aug  5 22:16:18 IST 2020
Wed Aug  5 22:16:19 IST 2020
Wed Aug  5 22:16:20 IST 2020
Wed Aug  5 22:16:21 IST 2020
Wed Aug  5 22:16:22 IST 2020
Wed Aug  5 22:16:23 IST 2020
Wed Aug  5 22:16:24 IST 2020
Wed Aug  5 22:16:25 IST 2020
Wed Aug  5 22:16:26 IST 2020
Wed Aug  5 22:16:27 IST 2020
Wed Aug  5 22:16:28 IST 2020
Wed Aug  5 22:16:29 IST 2020
Wed Aug  5 22:16:30 IST 2020
Wed Aug  5 22:16:31 IST 2020
Wed Aug  5 22:16:32 IST 2020
Wed Aug  5 22:16:33 IST 2020
Wed Aug  5 22:16:34 IST 2020
Wed Aug  5 22:16:35 IST 2020
Wed Aug  5 22:16:36 IST 2020
Wed Aug  5 22:16:37 IST 2020
Wed Aug  5 22:16:38 IST 2020
Wed Aug  5 22:16:39 IST 2020
Wed Aug  5 22:16:40 IST 2020
Wed Aug  5 22:16:41 IST 2020
Wed Aug  5 22:16:42 IST 2020
Wed Aug  5 22:16:43 IST 2020
Wed Aug  5 22:16:44 IST 2020
Wed Aug  5 22:16:45 IST 2020
Wed Aug  5 22:16:46 IST 2020
Wed Aug  5 22:16:47 IST 2020
Wed Aug  5 22:16:48 IST 2020
Wed Aug  5 22:16:49 IST 2020
Wed Aug  5 22:16:50 IST 2020
Wed Aug  5 22:16:51 IST 2020
Wed Aug  5 22:16:52 IST 2020
Wed Aug  5 22:16:53 IST 2020
Wed Aug  5 22:16:54 IST 2020
Wed Aug  5 22:16:55 IST 2020
Wed Aug  5 22:16:56 IST 2020
Wed Aug  5 22:16:57 IST 2020
Wed Aug  5 22:16:58 IST 2020
Wed Aug  5 22:16:59 IST 2020
Wed Aug  5 22:17:00 IST 2020
Wed Aug  5 22:17:01 IST 2020
Wed Aug  5 22:17:02 IST 2020
Wed Aug  5 22:17:03 IST 2020
Wed Aug  5 22:17:04 IST 2020
Wed Aug  5 22:17:05 IST 2020
Wed Aug  5 22:17:06 IST 2020
Wed Aug  5 22:17:07 IST 2020
Wed Aug  5 22:17:08 IST 2020
Wed Aug  5 22:17:09 IST 2020
Wed Aug  5 22:17:10 IST 2020
Wed Aug  5 22:17:11 IST 2020
Wed Aug  5 22:17:12 IST 2020
Wed Aug  5 22:17:13 IST 2020
Wed Aug  5 22:17:14 IST 2020
Wed Aug  5 22:17:15 IST 2020
Wed Aug  5 22:17:16 IST 2020
Wed Aug  5 22:17:17 IST 2020
Wed Aug  5 22:17:18 IST 2020
Wed Aug  5 22:17:19 IST 2020
Wed Aug  5 22:17:20 IST 2020
Wed Aug  5 22:17:21 IST 2020
Wed Aug  5 22:17:22 IST 2020
Wed Aug  5 22:17:23 IST 2020
Wed Aug  5 22:17:24 IST 2020
Wed Aug  5 22:17:25 IST 2020
Wed Aug  5 22:17:26 IST 2020
Wed Aug  5 22:17:27 IST 2020
Wed Aug  5 22:17:28 IST 2020
Wed Aug  5 22:17:29 IST 2020
Wed Aug  5 22:17:30 IST 2020
Wed Aug  5 22:17:31 IST 2020
Wed Aug  5 22:17:32 IST 2020
Wed Aug  5 22:17:33 IST 2020
Wed Aug  5 22:17:34 IST 2020
Wed Aug  5 22:17:35 IST 2020
Wed Aug  5 22:17:36 IST 2020
Wed Aug  5 22:17:37 IST 2020
Wed Aug  5 22:17:38 IST 2020
Wed Aug  5 22:17:39 IST 2020
Wed Aug  5 22:17:40 IST 2020
Wed Aug  5 22:17:41 IST 2020
Wed Aug  5 22:17:42 IST 2020
Wed Aug  5 22:17:43 IST 2020
Wed Aug  5 22:17:44 IST 2020
Wed Aug  5 22:17:45 IST 2020
Wed Aug  5 22:17:46 IST 2020
Wed Aug  5 22:17:47 IST 2020
Wed Aug  5 22:17:48 IST 2020
Wed Aug  5 22:17:49 IST 2020
Wed Aug  5 22:17:50 IST 2020
Wed Aug  5 22:17:51 IST 2020
Wed Aug  5 22:17:52 IST 2020
Wed Aug  5 22:17:53 IST 2020
Wed Aug  5 22:17:54 IST 2020
Wed Aug  5 22:17:55 IST 2020
Wed Aug  5 22:17:56 IST 2020
Wed Aug  5 22:17:57 IST 2020
Wed Aug  5 22:17:58 IST 2020
Wed Aug  5 22:17:59 IST 2020
Wed Aug  5 22:18:00 IST 2020
Wed Aug  5 22:18:01 IST 2020
Wed Aug  5 22:18:02 IST 2020
Wed Aug  5 22:18:03 IST 2020
Wed Aug  5 22:18:04 IST 2020
Wed Aug  5 22:18:05 IST 2020
Wed Aug  5 22:18:06 IST 2020
Wed Aug  5 22:18:07 IST 2020
Wed Aug  5 22:18:08 IST 2020
Wed Aug  5 22:18:09 IST 2020
Wed Aug  5 22:18:10 IST 2020
Wed Aug  5 22:18:11 IST 2020
Wed Aug  5 22:18:12 IST 2020
Wed Aug  5 22:18:13 IST 2020
Wed Aug  5 22:18:14 IST 2020
Wed Aug  5 22:18:15 IST 2020
Wed Aug  5 22:18:16 IST 2020
Wed Aug  5 22:18:17 IST 2020
Wed Aug  5 22:18:18 IST 2020
Wed Aug  5 22:18:19 IST 2020
Wed Aug  5 22:18:20 IST 2020
Wed Aug  5 22:18:21 IST 2020
Wed Aug  5 22:18:22 IST 2020
Wed Aug  5 22:18:23 IST 2020
Wed Aug  5 22:18:24 IST 2020
Wed Aug  5 22:18:25 IST 2020
Wed Aug  5 22:18:26 IST 2020
Wed Aug  5 22:18:27 IST 2020
Wed Aug  5 22:18:28 IST 2020
Wed Aug  5 22:18:29 IST 2020
Wed Aug  5 22:18:30 IST 2020
Wed Aug  5 22:18:31 IST 2020
Wed Aug  5 22:18:32 IST 2020
Wed Aug  5 22:18:33 IST 2020
Wed Aug  5 22:18:34 IST 2020
Wed Aug  5 22:18:35 IST 2020
Wed Aug  5 22:18:36 IST 2020
Wed Aug  5 22:18:37 IST 2020
Wed Aug  5 22:18:38 IST 2020
Wed Aug  5 22:18:39 IST 2020
Wed Aug  5 22:18:40 IST 2020
Wed Aug  5 22:18:41 IST 2020
Wed Aug  5 22:18:42 IST 2020
Wed Aug  5 22:18:43 IST 2020
Wed Aug  5 22:18:44 IST 2020
Wed Aug  5 22:18:45 IST 2020
Wed Aug  5 22:18:46 IST 2020
Wed Aug  5 22:18:47 IST 2020
Wed Aug  5 22:18:48 IST 2020
Wed Aug  5 22:18:49 IST 2020
Wed Aug  5 22:18:50 IST 2020
Wed Aug  5 22:18:51 IST 2020
Wed Aug  5 22:18:52 IST 2020
Wed Aug  5 22:18:53 IST 2020
Wed Aug  5 22:18:54 IST 2020
Wed Aug  5 22:18:55 IST 2020
Wed Aug  5 22:18:56 IST 2020
Wed Aug  5 22:18:57 IST 2020
Wed Aug  5 22:18:58 IST 2020
Wed Aug  5 22:18:59 IST 2020
Wed Aug  5 22:19:00 IST 2020
Wed Aug  5 22:19:01 IST 2020
Wed Aug  5 22:19:02 IST 2020
Wed Aug  5 22:19:03 IST 2020
Wed Aug  5 22:19:04 IST 2020
Wed Aug  5 22:19:05 IST 2020
Wed Aug  5 22:19:06 IST 2020
Wed Aug  5 22:19:07 IST 2020
Wed Aug  5 22:19:08 IST 2020
Wed Aug  5 22:19:09 IST 2020
Wed Aug  5 22:19:10 IST 2020
Wed Aug  5 22:19:11 IST 2020
Wed Aug  5 22:19:12 IST 2020
Wed Aug  5 22:19:13 IST 2020
Wed Aug  5 22:19:14 IST 2020
Wed Aug  5 22:19:15 IST 2020
Wed Aug  5 22:19:16 IST 2020
Wed Aug  5 22:19:18 IST 2020
Wed Aug  5 22:19:19 IST 2020
Wed Aug  5 22:19:20 IST 2020
Wed Aug  5 22:19:21 IST 2020
Wed Aug  5 22:19:22 IST 2020
Wed Aug  5 22:19:23 IST 2020
Wed Aug  5 22:19:24 IST 2020
Wed Aug  5 22:19:25 IST 2020
Wed Aug  5 22:19:26 IST 2020
Wed Aug  5 22:19:27 IST 2020
Wed Aug  5 22:19:28 IST 2020
Wed Aug  5 22:19:29 IST 2020
Wed Aug  5 22:19:30 IST 2020
Wed Aug  5 22:19:31 IST 2020
Wed Aug  5 22:19:32 IST 2020
Wed Aug  5 22:19:33 IST 2020
Wed Aug  5 22:19:34 IST 2020
Wed Aug  5 22:19:35 IST 2020
Wed Aug  5 22:19:36 IST 2020
Wed Aug  5 22:19:37 IST 2020
Wed Aug  5 22:19:38 IST 2020
Wed Aug  5 22:19:39 IST 2020
Wed Aug  5 22:19:40 IST 2020
Wed Aug  5 22:19:41 IST 2020
Wed Aug  5 22:19:42 IST 2020
Wed Aug  5 22:19:43 IST 2020
Wed Aug  5 22:19:44 IST 2020
Wed Aug  5 22:19:45 IST 2020
Wed Aug  5 22:19:46 IST 2020
Wed Aug  5 22:19:47 IST 2020
Wed Aug  5 22:19:48 IST 2020
Wed Aug  5 22:19:49 IST 2020
Wed Aug  5 22:19:50 IST 2020
Wed Aug  5 22:19:51 IST 2020
Wed Aug  5 22:19:52 IST 2020
Wed Aug  5 22:19:53 IST 2020
Wed Aug  5 22:19:54 IST 2020
Wed Aug  5 22:19:55 IST 2020
Wed Aug  5 22:19:56 IST 2020
Wed Aug  5 22:19:57 IST 2020
Wed Aug  5 22:19:58 IST 2020
Wed Aug  5 22:19:59 IST 2020
Wed Aug  5 22:20:00 IST 2020
Wed Aug  5 22:20:01 IST 2020
Wed Aug  5 22:20:03 IST 2020
Wed Aug  5 22:20:04 IST 2020
Wed Aug  5 22:20:05 IST 2020
Wed Aug  5 22:20:06 IST 2020
Wed Aug  5 22:20:07 IST 2020
Wed Aug  5 22:20:08 IST 2020
Wed Aug  5 22:20:09 IST 2020
Wed Aug  5 22:20:10 IST 2020
Wed Aug  5 22:20:11 IST 2020
Wed Aug  5 22:20:12 IST 2020
Wed Aug  5 22:20:13 IST 2020
Wed Aug  5 22:20:14 IST 2020
Wed Aug  5 22:20:15 IST 2020
Wed Aug  5 22:20:16 IST 2020
Wed Aug  5 22:20:17 IST 2020
Wed Aug  5 22:20:18 IST 2020
Wed Aug  5 22:20:19 IST 2020
Wed Aug  5 22:20:20 IST 2020
Wed Aug  5 22:20:21 IST 2020
Wed Aug  5 22:20:22 IST 2020
Wed Aug  5 22:20:23 IST 2020
Wed Aug  5 22:20:24 IST 2020
Wed Aug  5 22:20:25 IST 2020
Wed Aug  5 22:20:26 IST 2020
Wed Aug  5 22:20:27 IST 2020
Wed Aug  5 22:20:28 IST 2020
Wed Aug  5 22:20:29 IST 2020
Wed Aug  5 22:20:30 IST 2020
Wed Aug  5 22:20:31 IST 2020
Wed Aug  5 22:20:32 IST 2020
Wed Aug  5 22:20:33 IST 2020
Wed Aug  5 22:20:34 IST 2020
Wed Aug  5 22:20:35 IST 2020
Wed Aug  5 22:20:36 IST 2020
Wed Aug  5 22:20:37 IST 2020
Wed Aug  5 22:20:38 IST 2020
Wed Aug  5 22:20:39 IST 2020
Wed Aug  5 22:20:40 IST 2020
Wed Aug  5 22:20:41 IST 2020
Wed Aug  5 22:20:42 IST 2020
Wed Aug  5 22:20:43 IST 2020
Wed Aug  5 22:20:44 IST 2020
Wed Aug  5 22:20:45 IST 2020
Wed Aug  5 22:20:46 IST 2020
Wed Aug  5 22:20:47 IST 2020
Wed Aug  5 22:20:48 IST 2020
Wed Aug  5 22:20:49 IST 2020
Wed Aug  5 22:20:50 IST 2020
Wed Aug  5 22:20:51 IST 2020
Wed Aug  5 22:20:52 IST 2020
Wed Aug  5 22:20:53 IST 2020
Wed Aug  5 22:20:54 IST 2020
Wed Aug  5 22:20:55 IST 2020
Wed Aug  5 22:20:56 IST 2020
Wed Aug  5 22:20:57 IST 2020
Wed Aug  5 22:20:58 IST 2020
Wed Aug  5 22:20:59 IST 2020
Wed Aug  5 22:21:00 IST 2020
Wed Aug  5 22:21:01 IST 2020
Wed Aug  5 22:21:02 IST 2020
Wed Aug  5 22:21:03 IST 2020
Wed Aug  5 22:21:04 IST 2020
Wed Aug  5 22:21:05 IST 2020
Wed Aug  5 22:21:06 IST 2020
Wed Aug  5 22:21:07 IST 2020
Wed Aug  5 22:21:08 IST 2020
Wed Aug  5 22:21:09 IST 2020
Wed Aug  5 22:21:10 IST 2020
Wed Aug  5 22:21:11 IST 2020
Wed Aug  5 22:21:12 IST 2020
Wed Aug  5 22:21:13 IST 2020
Wed Aug  5 22:21:14 IST 2020
Wed Aug  5 22:21:15 IST 2020
Wed Aug  5 22:21:16 IST 2020
Wed Aug  5 22:21:17 IST 2020
Wed Aug  5 22:21:18 IST 2020
Wed Aug  5 22:21:19 IST 2020
Wed Aug  5 22:21:20 IST 2020
Wed Aug  5 22:21:21 IST 2020
Wed Aug  5 22:21:22 IST 2020
Wed Aug  5 22:21:23 IST 2020
Wed Aug  5 22:21:24 IST 2020
Wed Aug  5 22:21:25 IST 2020
Wed Aug  5 22:21:26 IST 2020
Wed Aug  5 22:21:27 IST 2020
Wed Aug  5 22:21:28 IST 2020
Wed Aug  5 22:21:29 IST 2020
Wed Aug  5 22:21:30 IST 2020
Wed Aug  5 22:21:31 IST 2020
Wed Aug  5 22:21:32 IST 2020
Wed Aug  5 22:21:33 IST 2020
Wed Aug  5 22:21:34 IST 2020
Wed Aug  5 22:21:35 IST 2020
Wed Aug  5 22:21:36 IST 2020
Wed Aug  5 22:21:37 IST 2020
Wed Aug  5 22:21:38 IST 2020
Wed Aug  5 22:21:39 IST 2020
Wed Aug  5 22:21:40 IST 2020
Wed Aug  5 22:21:41 IST 2020
Wed Aug  5 22:21:42 IST 2020
Wed Aug  5 22:21:43 IST 2020
Wed Aug  5 22:21:44 IST 2020
Wed Aug  5 22:21:45 IST 2020
Wed Aug  5 22:21:46 IST 2020
Wed Aug  5 22:21:47 IST 2020
Wed Aug  5 22:21:48 IST 2020
Wed Aug  5 22:21:49 IST 2020
Wed Aug  5 22:21:50 IST 2020
Wed Aug  5 22:21:51 IST 2020
Wed Aug  5 22:21:52 IST 2020
Wed Aug  5 22:21:53 IST 2020
Wed Aug  5 22:21:54 IST 2020
Wed Aug  5 22:21:55 IST 2020
Wed Aug  5 22:21:56 IST 2020
Wed Aug  5 22:21:57 IST 2020
Wed Aug  5 22:21:58 IST 2020
Wed Aug  5 22:21:59 IST 2020
Wed Aug  5 22:22:00 IST 2020
Wed Aug  5 22:22:01 IST 2020
Wed Aug  5 22:22:02 IST 2020
Wed Aug  5 22:22:03 IST 2020
Wed Aug  5 22:22:04 IST 2020
Wed Aug  5 22:22:05 IST 2020
Wed Aug  5 22:22:06 IST 2020
Wed Aug  5 22:22:07 IST 2020
Wed Aug  5 22:22:08 IST 2020
Wed Aug  5 22:22:09 IST 2020
Wed Aug  5 22:22:10 IST 2020
Wed Aug  5 22:22:12 IST 2020
Wed Aug  5 22:22:13 IST 2020
Wed Aug  5 22:22:14 IST 2020
Wed Aug  5 22:22:15 IST 2020
Wed Aug  5 22:22:16 IST 2020
Wed Aug  5 22:22:17 IST 2020
Wed Aug  5 22:22:18 IST 2020
Wed Aug  5 22:22:19 IST 2020
Wed Aug  5 22:22:20 IST 2020
Wed Aug  5 22:22:21 IST 2020
Wed Aug  5 22:22:22 IST 2020
Wed Aug  5 22:22:23 IST 2020
Wed Aug  5 22:22:24 IST 2020
Wed Aug  5 22:22:25 IST 2020
Wed Aug  5 22:22:26 IST 2020
Wed Aug  5 22:22:27 IST 2020
Wed Aug  5 22:22:28 IST 2020
Wed Aug  5 22:22:29 IST 2020
Wed Aug  5 22:22:30 IST 2020
Wed Aug  5 22:22:31 IST 2020
Wed Aug  5 22:22:32 IST 2020
Wed Aug  5 22:22:33 IST 2020
Wed Aug  5 22:22:34 IST 2020
Wed Aug  5 22:22:35 IST 2020
Wed Aug  5 22:22:36 IST 2020
Wed Aug  5 22:22:37 IST 2020
Wed Aug  5 22:22:38 IST 2020
Wed Aug  5 22:22:39 IST 2020
Wed Aug  5 22:22:40 IST 2020
Wed Aug  5 22:22:41 IST 2020
Wed Aug  5 22:22:42 IST 2020
Wed Aug  5 22:22:43 IST 2020
Wed Aug  5 22:22:44 IST 2020
Wed Aug  5 22:22:45 IST 2020
Wed Aug  5 22:22:46 IST 2020
Wed Aug  5 22:22:47 IST 2020
Wed Aug  5 22:22:48 IST 2020
Wed Aug  5 22:22:49 IST 2020
Wed Aug  5 22:22:50 IST 2020
Wed Aug  5 22:22:51 IST 2020
Wed Aug  5 22:22:52 IST 2020
Wed Aug  5 22:22:53 IST 2020
Wed Aug  5 22:22:54 IST 2020
Wed Aug  5 22:22:55 IST 2020
Wed Aug  5 22:22:56 IST 2020
Wed Aug  5 22:22:57 IST 2020
Wed Aug  5 22:22:58 IST 2020
Wed Aug  5 22:22:59 IST 2020
Wed Aug  5 22:23:00 IST 2020
Wed Aug  5 22:23:01 IST 2020
Wed Aug  5 22:23:02 IST 2020
Wed Aug  5 22:23:03 IST 2020
Wed Aug  5 22:23:04 IST 2020
Wed Aug  5 22:23:05 IST 2020
Wed Aug  5 22:23:06 IST 2020
Wed Aug  5 22:23:07 IST 2020
Wed Aug  5 22:23:08 IST 2020
Wed Aug  5 22:23:09 IST 2020
Wed Aug  5 22:23:10 IST 2020
Wed Aug  5 22:23:11 IST 2020
Wed Aug  5 22:23:12 IST 2020
Wed Aug  5 22:23:13 IST 2020
Wed Aug  5 22:23:14 IST 2020
Wed Aug  5 22:23:15 IST 2020
Wed Aug  5 22:23:16 IST 2020
Wed Aug  5 22:23:17 IST 2020
Wed Aug  5 22:23:18 IST 2020
Wed Aug  5 22:23:19 IST 2020
Wed Aug  5 22:23:20 IST 2020
Wed Aug  5 22:23:21 IST 2020
Wed Aug  5 22:23:22 IST 2020
Wed Aug  5 22:23:23 IST 2020
Wed Aug  5 22:23:24 IST 2020
Wed Aug  5 22:23:25 IST 2020
Wed Aug  5 22:23:26 IST 2020
Wed Aug  5 22:23:27 IST 2020
Wed Aug  5 22:23:28 IST 2020
Wed Aug  5 22:23:29 IST 2020
Wed Aug  5 22:23:30 IST 2020
Wed Aug  5 22:23:31 IST 2020
Wed Aug  5 22:23:32 IST 2020
Wed Aug  5 22:23:33 IST 2020
Wed Aug  5 22:23:34 IST 2020
Wed Aug  5 22:23:35 IST 2020
Wed Aug  5 22:23:36 IST 2020
Wed Aug  5 22:23:37 IST 2020
Wed Aug  5 22:23:38 IST 2020
Wed Aug  5 22:23:39 IST 2020
Wed Aug  5 22:23:40 IST 2020
Wed Aug  5 22:23:41 IST 2020
Wed Aug  5 22:23:42 IST 2020
Wed Aug  5 22:23:43 IST 2020
Wed Aug  5 22:23:44 IST 2020
Wed Aug  5 22:23:45 IST 2020
Wed Aug  5 22:23:46 IST 2020
Wed Aug  5 22:23:47 IST 2020
Wed Aug  5 22:23:48 IST 2020
Wed Aug  5 22:23:49 IST 2020
Wed Aug  5 22:23:50 IST 2020
Wed Aug  5 22:23:51 IST 2020
Wed Aug  5 22:23:52 IST 2020
Wed Aug  5 22:23:53 IST 2020
Wed Aug  5 22:23:54 IST 2020
Wed Aug  5 22:23:55 IST 2020
Wed Aug  5 22:23:56 IST 2020
Wed Aug  5 22:23:57 IST 2020
Wed Aug  5 22:23:58 IST 2020
Wed Aug  5 22:23:59 IST 2020
Wed Aug  5 22:24:00 IST 2020
Wed Aug  5 22:24:01 IST 2020
Wed Aug  5 22:24:02 IST 2020
Wed Aug  5 22:24:03 IST 2020
Wed Aug  5 22:24:04 IST 2020
Wed Aug  5 22:24:05 IST 2020
Wed Aug  5 22:24:06 IST 2020
Wed Aug  5 22:24:07 IST 2020
Wed Aug  5 22:24:08 IST 2020
Wed Aug  5 22:24:09 IST 2020
Wed Aug  5 22:24:10 IST 2020
Wed Aug  5 22:24:11 IST 2020
Wed Aug  5 22:24:12 IST 2020
Wed Aug  5 22:24:13 IST 2020
Wed Aug  5 22:24:14 IST 2020
Wed Aug  5 22:24:15 IST 2020
Wed Aug  5 22:24:16 IST 2020
Wed Aug  5 22:24:17 IST 2020
Wed Aug  5 22:24:18 IST 2020
Wed Aug  5 22:24:19 IST 2020
Wed Aug  5 22:24:20 IST 2020
Wed Aug  5 22:24:21 IST 2020
Wed Aug  5 22:24:22 IST 2020
Wed Aug  5 22:24:23 IST 2020
Wed Aug  5 22:24:24 IST 2020
Wed Aug  5 22:24:25 IST 2020
Wed Aug  5 22:24:26 IST 2020
Wed Aug  5 22:24:27 IST 2020
Wed Aug  5 22:24:28 IST 2020
Wed Aug  5 22:24:29 IST 2020
Wed Aug  5 22:24:30 IST 2020
Wed Aug  5 22:24:31 IST 2020
Wed Aug  5 22:24:32 IST 2020
Wed Aug  5 22:24:33 IST 2020
Wed Aug  5 22:24:34 IST 2020
Wed Aug  5 22:24:35 IST 2020
Wed Aug  5 22:24:36 IST 2020
Wed Aug  5 22:24:37 IST 2020
Wed Aug  5 22:24:38 IST 2020
Wed Aug  5 22:24:39 IST 2020
Wed Aug  5 22:24:40 IST 2020
Wed Aug  5 22:24:41 IST 2020
Wed Aug  5 22:24:42 IST 2020
Wed Aug  5 22:24:43 IST 2020
Wed Aug  5 22:24:44 IST 2020
Wed Aug  5 22:24:45 IST 2020
Wed Aug  5 22:24:46 IST 2020
Wed Aug  5 22:24:47 IST 2020
Wed Aug  5 22:24:48 IST 2020
Wed Aug  5 22:24:49 IST 2020
Wed Aug  5 22:24:50 IST 2020
Wed Aug  5 22:24:51 IST 2020
Wed Aug  5 22:24:52 IST 2020
Wed Aug  5 22:24:53 IST 2020
Wed Aug  5 22:24:54 IST 2020
Wed Aug  5 22:24:55 IST 2020
Wed Aug  5 22:24:57 IST 2020
Wed Aug  5 22:24:58 IST 2020
Wed Aug  5 22:24:59 IST 2020
Wed Aug  5 22:25:00 IST 2020
Wed Aug  5 22:25:01 IST 2020
Wed Aug  5 22:25:02 IST 2020
Wed Aug  5 22:25:03 IST 2020
Wed Aug  5 22:25:04 IST 2020
Wed Aug  5 22:25:05 IST 2020
Wed Aug  5 22:25:06 IST 2020
Wed Aug  5 22:25:07 IST 2020
Wed Aug  5 22:25:08 IST 2020
Wed Aug  5 22:25:09 IST 2020
Wed Aug  5 22:25:10 IST 2020
Wed Aug  5 22:25:11 IST 2020
Wed Aug  5 22:25:12 IST 2020
Wed Aug  5 22:25:13 IST 2020
Wed Aug  5 22:25:14 IST 2020
Wed Aug  5 22:25:15 IST 2020
Wed Aug  5 22:25:16 IST 2020
Wed Aug  5 22:25:17 IST 2020
Wed Aug  5 22:25:18 IST 2020
Wed Aug  5 22:25:19 IST 2020
Wed Aug  5 22:25:20 IST 2020
Wed Aug  5 22:25:21 IST 2020
Wed Aug  5 22:25:22 IST 2020
Wed Aug  5 22:25:23 IST 2020
Wed Aug  5 22:25:24 IST 2020
Wed Aug  5 22:25:25 IST 2020
Wed Aug  5 22:25:26 IST 2020
Wed Aug  5 22:25:27 IST 2020
Wed Aug  5 22:25:28 IST 2020
Wed Aug  5 22:25:29 IST 2020
Wed Aug  5 22:25:30 IST 2020
Wed Aug  5 22:25:31 IST 2020
Wed Aug  5 22:25:32 IST 2020
Wed Aug  5 22:25:33 IST 2020
Wed Aug  5 22:25:34 IST 2020
Wed Aug  5 22:25:35 IST 2020
Wed Aug  5 22:25:36 IST 2020
Wed Aug  5 22:25:37 IST 2020
Wed Aug  5 22:25:38 IST 2020
Wed Aug  5 22:25:39 IST 2020
Wed Aug  5 22:25:40 IST 2020
Wed Aug  5 22:25:41 IST 2020
Wed Aug  5 22:25:42 IST 2020
Wed Aug  5 22:25:43 IST 2020
Wed Aug  5 22:25:44 IST 2020
Wed Aug  5 22:25:45 IST 2020
Wed Aug  5 22:25:46 IST 2020
Wed Aug  5 22:25:47 IST 2020
Wed Aug  5 22:25:48 IST 2020
Wed Aug  5 22:25:49 IST 2020
Wed Aug  5 22:25:50 IST 2020
Wed Aug  5 22:25:51 IST 2020
Wed Aug  5 22:25:52 IST 2020
Wed Aug  5 22:25:53 IST 2020
Wed Aug  5 22:25:54 IST 2020
Wed Aug  5 22:25:55 IST 2020
Wed Aug  5 22:25:56 IST 2020
Wed Aug  5 22:25:57 IST 2020
Wed Aug  5 22:25:58 IST 2020
Wed Aug  5 22:25:59 IST 2020
Wed Aug  5 22:26:00 IST 2020
Wed Aug  5 22:26:01 IST 2020
Wed Aug  5 22:26:02 IST 2020
Wed Aug  5 22:26:03 IST 2020
Wed Aug  5 22:26:04 IST 2020
Wed Aug  5 22:26:05 IST 2020
Wed Aug  5 22:26:06 IST 2020
Wed Aug  5 22:26:07 IST 2020
Wed Aug  5 22:26:08 IST 2020
Wed Aug  5 22:26:09 IST 2020
Wed Aug  5 22:26:10 IST 2020
Wed Aug  5 22:26:11 IST 2020
Wed Aug  5 22:26:12 IST 2020
Wed Aug  5 22:26:13 IST 2020
Wed Aug  5 22:26:14 IST 2020
Wed Aug  5 22:26:15 IST 2020
Wed Aug  5 22:26:16 IST 2020
Wed Aug  5 22:26:17 IST 2020
Wed Aug  5 22:26:18 IST 2020
Wed Aug  5 22:26:19 IST 2020
Wed Aug  5 22:26:20 IST 2020
Wed Aug  5 22:26:21 IST 2020
Wed Aug  5 22:26:22 IST 2020
Wed Aug  5 22:26:23 IST 2020
Wed Aug  5 22:26:24 IST 2020
Wed Aug  5 22:26:25 IST 2020
Wed Aug  5 22:26:26 IST 2020
Wed Aug  5 22:26:27 IST 2020
Wed Aug  5 22:26:28 IST 2020
Wed Aug  5 22:26:29 IST 2020
Wed Aug  5 22:26:30 IST 2020
Wed Aug  5 22:26:31 IST 2020
Wed Aug  5 22:26:32 IST 2020
Wed Aug  5 22:26:33 IST 2020
Wed Aug  5 22:26:34 IST 2020
Wed Aug  5 22:26:35 IST 2020
Wed Aug  5 22:26:36 IST 2020
Wed Aug  5 22:26:37 IST 2020
Wed Aug  5 22:26:38 IST 2020
Wed Aug  5 22:26:39 IST 2020
Wed Aug  5 22:26:40 IST 2020
Wed Aug  5 22:26:41 IST 2020
Wed Aug  5 22:26:42 IST 2020
Wed Aug  5 22:26:43 IST 2020
Wed Aug  5 22:26:44 IST 2020
Wed Aug  5 22:26:45 IST 2020
Wed Aug  5 22:26:46 IST 2020
Wed Aug  5 22:26:47 IST 2020
Wed Aug  5 22:26:48 IST 2020
Wed Aug  5 22:26:49 IST 2020
Wed Aug  5 22:26:50 IST 2020
Wed Aug  5 22:26:51 IST 2020
Wed Aug  5 22:26:52 IST 2020
Wed Aug  5 22:26:53 IST 2020
Wed Aug  5 22:26:54 IST 2020
Wed Aug  5 22:26:55 IST 2020
Wed Aug  5 22:26:56 IST 2020
Wed Aug  5 22:26:57 IST 2020
Wed Aug  5 22:26:58 IST 2020
Wed Aug  5 22:26:59 IST 2020
Wed Aug  5 22:27:00 IST 2020
Wed Aug  5 22:27:01 IST 2020
Wed Aug  5 22:27:02 IST 2020
Wed Aug  5 22:27:03 IST 2020
Wed Aug  5 22:27:04 IST 2020
Wed Aug  5 22:27:05 IST 2020
Wed Aug  5 22:27:06 IST 2020
Wed Aug  5 22:27:07 IST 2020
Wed Aug  5 22:27:08 IST 2020
Wed Aug  5 22:27:09 IST 2020
Wed Aug  5 22:27:10 IST 2020
Wed Aug  5 22:27:11 IST 2020
Wed Aug  5 22:27:12 IST 2020
Wed Aug  5 22:27:13 IST 2020
Wed Aug  5 22:27:14 IST 2020
Wed Aug  5 22:27:15 IST 2020
Wed Aug  5 22:27:16 IST 2020
Wed Aug  5 22:27:17 IST 2020
Wed Aug  5 22:27:18 IST 2020
Wed Aug  5 22:27:19 IST 2020
Wed Aug  5 22:27:20 IST 2020
Wed Aug  5 22:27:21 IST 2020
Wed Aug  5 22:27:22 IST 2020
Wed Aug  5 22:27:23 IST 2020
Wed Aug  5 22:27:24 IST 2020
Wed Aug  5 22:27:25 IST 2020
Wed Aug  5 22:27:26 IST 2020
Wed Aug  5 22:27:27 IST 2020
Wed Aug  5 22:27:28 IST 2020
Wed Aug  5 22:27:29 IST 2020
Wed Aug  5 22:27:30 IST 2020
Wed Aug  5 22:27:31 IST 2020
Wed Aug  5 22:27:32 IST 2020
Wed Aug  5 22:27:33 IST 2020
Wed Aug  5 22:27:34 IST 2020
Wed Aug  5 22:27:35 IST 2020
Wed Aug  5 22:27:36 IST 2020
Wed Aug  5 22:27:37 IST 2020
Wed Aug  5 22:27:38 IST 2020
Wed Aug  5 22:27:39 IST 2020
Wed Aug  5 22:27:40 IST 2020
Wed Aug  5 22:27:41 IST 2020
Wed Aug  5 22:27:42 IST 2020
Wed Aug  5 22:27:43 IST 2020
Wed Aug  5 22:27:44 IST 2020
Wed Aug  5 22:27:45 IST 2020
Wed Aug  5 22:27:46 IST 2020
Wed Aug  5 22:27:47 IST 2020
Wed Aug  5 22:27:48 IST 2020
Wed Aug  5 22:27:49 IST 2020
Wed Aug  5 22:27:50 IST 2020
Wed Aug  5 22:27:52 IST 2020
Wed Aug  5 22:27:53 IST 2020
Wed Aug  5 22:27:54 IST 2020
Wed Aug  5 22:27:55 IST 2020
Wed Aug  5 22:27:56 IST 2020
Wed Aug  5 22:27:57 IST 2020
Wed Aug  5 22:27:58 IST 2020
Wed Aug  5 22:27:59 IST 2020
Wed Aug  5 22:28:00 IST 2020
Wed Aug  5 22:28:01 IST 2020
Wed Aug  5 22:28:02 IST 2020
Wed Aug  5 22:28:03 IST 2020
Wed Aug  5 22:28:04 IST 2020
Wed Aug  5 22:28:05 IST 2020
Wed Aug  5 22:28:06 IST 2020
Wed Aug  5 22:28:07 IST 2020
Wed Aug  5 22:28:08 IST 2020
Wed Aug  5 22:28:09 IST 2020
Wed Aug  5 22:28:10 IST 2020
Wed Aug  5 22:28:11 IST 2020
Wed Aug  5 22:28:12 IST 2020
Wed Aug  5 22:28:13 IST 2020
Wed Aug  5 22:28:14 IST 2020
Wed Aug  5 22:28:15 IST 2020
Wed Aug  5 22:28:16 IST 2020
Wed Aug  5 22:28:17 IST 2020
Wed Aug  5 22:28:18 IST 2020
Wed Aug  5 22:28:19 IST 2020
Wed Aug  5 22:28:20 IST 2020
Wed Aug  5 22:28:21 IST 2020
Wed Aug  5 22:28:22 IST 2020
Wed Aug  5 22:28:23 IST 2020
Wed Aug  5 22:28:24 IST 2020
Wed Aug  5 22:28:25 IST 2020
Wed Aug  5 22:28:26 IST 2020
Wed Aug  5 22:28:27 IST 2020
Wed Aug  5 22:28:28 IST 2020
Wed Aug  5 22:28:29 IST 2020
Wed Aug  5 22:28:30 IST 2020
Wed Aug  5 22:28:31 IST 2020
Wed Aug  5 22:28:32 IST 2020
Wed Aug  5 22:28:33 IST 2020
Wed Aug  5 22:28:34 IST 2020
Wed Aug  5 22:28:35 IST 2020
Wed Aug  5 22:28:36 IST 2020
Wed Aug  5 22:28:37 IST 2020
Wed Aug  5 22:28:38 IST 2020
Wed Aug  5 22:28:39 IST 2020
Wed Aug  5 22:28:40 IST 2020
Wed Aug  5 22:28:41 IST 2020
Wed Aug  5 22:28:42 IST 2020
Wed Aug  5 22:28:43 IST 2020
Wed Aug  5 22:28:44 IST 2020
Wed Aug  5 22:28:45 IST 2020
Wed Aug  5 22:28:46 IST 2020
Wed Aug  5 22:28:47 IST 2020
Wed Aug  5 22:28:48 IST 2020
Wed Aug  5 22:28:49 IST 2020
Wed Aug  5 22:28:50 IST 2020
Wed Aug  5 22:28:51 IST 2020
Wed Aug  5 22:28:52 IST 2020
Wed Aug  5 22:28:53 IST 2020
Wed Aug  5 22:28:54 IST 2020
Wed Aug  5 22:28:55 IST 2020
Wed Aug  5 22:28:56 IST 2020
Wed Aug  5 22:28:57 IST 2020
Wed Aug  5 22:28:58 IST 2020
Wed Aug  5 22:28:59 IST 2020
Wed Aug  5 22:29:00 IST 2020
Wed Aug  5 22:29:01 IST 2020
Wed Aug  5 22:29:02 IST 2020
Wed Aug  5 22:29:03 IST 2020
Wed Aug  5 22:29:04 IST 2020
Wed Aug  5 22:29:05 IST 2020
Wed Aug  5 22:29:06 IST 2020
Wed Aug  5 22:29:07 IST 2020
Wed Aug  5 22:29:08 IST 2020
Wed Aug  5 22:29:09 IST 2020
Wed Aug  5 22:29:10 IST 2020
Wed Aug  5 22:29:11 IST 2020
Wed Aug  5 22:29:12 IST 2020
Wed Aug  5 22:29:13 IST 2020
Wed Aug  5 22:29:14 IST 2020
Wed Aug  5 22:29:15 IST 2020
Wed Aug  5 22:29:16 IST 2020
Wed Aug  5 22:29:17 IST 2020
Wed Aug  5 22:29:18 IST 2020
Wed Aug  5 22:29:19 IST 2020
Wed Aug  5 22:29:20 IST 2020
Wed Aug  5 22:29:21 IST 2020
Wed Aug  5 22:29:22 IST 2020
Wed Aug  5 22:29:23 IST 2020
Wed Aug  5 22:29:24 IST 2020
Wed Aug  5 22:29:25 IST 2020
Wed Aug  5 22:29:26 IST 2020
Wed Aug  5 22:29:27 IST 2020
Wed Aug  5 22:29:28 IST 2020
Wed Aug  5 22:29:29 IST 2020
Wed Aug  5 22:29:30 IST 2020
Wed Aug  5 22:29:31 IST 2020
Wed Aug  5 22:29:32 IST 2020
Wed Aug  5 22:29:33 IST 2020
Wed Aug  5 22:29:34 IST 2020
Wed Aug  5 22:29:35 IST 2020
Wed Aug  5 22:29:36 IST 2020
Wed Aug  5 22:29:37 IST 2020
Wed Aug  5 22:29:38 IST 2020
Wed Aug  5 22:29:39 IST 2020
Wed Aug  5 22:29:40 IST 2020
Wed Aug  5 22:29:41 IST 2020
Wed Aug  5 22:29:42 IST 2020
Wed Aug  5 22:29:43 IST 2020
Wed Aug  5 22:29:44 IST 2020
Wed Aug  5 22:29:45 IST 2020
Wed Aug  5 22:29:46 IST 2020
Wed Aug  5 22:29:47 IST 2020
Wed Aug  5 22:29:48 IST 2020
Wed Aug  5 22:29:49 IST 2020
Wed Aug  5 22:29:50 IST 2020
Wed Aug  5 22:29:51 IST 2020
Wed Aug  5 22:29:52 IST 2020
Wed Aug  5 22:29:53 IST 2020
Wed Aug  5 22:29:54 IST 2020
Wed Aug  5 22:29:55 IST 2020
Wed Aug  5 22:29:56 IST 2020
Wed Aug  5 22:29:57 IST 2020
Wed Aug  5 22:29:58 IST 2020
Wed Aug  5 22:29:59 IST 2020
Wed Aug  5 22:30:00 IST 2020
Wed Aug  5 22:30:01 IST 2020
Wed Aug  5 22:30:02 IST 2020
Wed Aug  5 22:30:03 IST 2020
Wed Aug  5 22:30:04 IST 2020
Wed Aug  5 22:30:06 IST 2020
Wed Aug  5 22:30:07 IST 2020
Wed Aug  5 22:30:08 IST 2020
Wed Aug  5 22:30:09 IST 2020
Wed Aug  5 22:30:10 IST 2020
Wed Aug  5 22:30:11 IST 2020
Wed Aug  5 22:30:12 IST 2020
Wed Aug  5 22:30:13 IST 2020
Wed Aug  5 22:30:14 IST 2020
Wed Aug  5 22:30:15 IST 2020
Wed Aug  5 22:30:16 IST 2020
Wed Aug  5 22:30:17 IST 2020
Wed Aug  5 22:30:18 IST 2020
Wed Aug  5 22:30:19 IST 2020
Wed Aug  5 22:30:20 IST 2020
Wed Aug  5 22:30:21 IST 2020
Wed Aug  5 22:30:22 IST 2020
Wed Aug  5 22:30:23 IST 2020
Wed Aug  5 22:30:24 IST 2020
Wed Aug  5 22:30:25 IST 2020
Wed Aug  5 22:30:26 IST 2020
Wed Aug  5 22:30:27 IST 2020
Wed Aug  5 22:30:28 IST 2020
Wed Aug  5 22:30:29 IST 2020
Wed Aug  5 22:30:30 IST 2020
Wed Aug  5 22:30:31 IST 2020
Wed Aug  5 22:30:32 IST 2020
Wed Aug  5 22:30:33 IST 2020
Wed Aug  5 22:30:34 IST 2020
Wed Aug  5 22:30:35 IST 2020
Wed Aug  5 22:30:36 IST 2020
Wed Aug  5 22:30:37 IST 2020
Wed Aug  5 22:30:38 IST 2020
Wed Aug  5 22:30:39 IST 2020
Wed Aug  5 22:30:40 IST 2020
Wed Aug  5 22:30:41 IST 2020
Wed Aug  5 22:30:42 IST 2020
Wed Aug  5 22:30:43 IST 2020
Wed Aug  5 22:30:44 IST 2020
Wed Aug  5 22:30:45 IST 2020
Wed Aug  5 22:30:46 IST 2020
Wed Aug  5 22:30:47 IST 2020
Wed Aug  5 22:30:48 IST 2020
Wed Aug  5 22:30:49 IST 2020
Wed Aug  5 22:30:50 IST 2020
Wed Aug  5 22:30:51 IST 2020
Wed Aug  5 22:30:52 IST 2020
Wed Aug  5 22:30:53 IST 2020
Wed Aug  5 22:30:54 IST 2020
Wed Aug  5 22:30:55 IST 2020
Wed Aug  5 22:30:56 IST 2020
Wed Aug  5 22:30:57 IST 2020
Wed Aug  5 22:30:58 IST 2020
Wed Aug  5 22:30:59 IST 2020
Wed Aug  5 22:31:00 IST 2020
Wed Aug  5 22:31:01 IST 2020
Wed Aug  5 22:31:02 IST 2020
Wed Aug  5 22:31:03 IST 2020
Wed Aug  5 22:31:04 IST 2020
Wed Aug  5 22:31:05 IST 2020
Wed Aug  5 22:31:06 IST 2020
Wed Aug  5 22:31:07 IST 2020
Wed Aug  5 22:31:08 IST 2020
Wed Aug  5 22:31:09 IST 2020
Wed Aug  5 22:31:10 IST 2020
Wed Aug  5 22:31:11 IST 2020
Wed Aug  5 22:31:12 IST 2020
Wed Aug  5 22:31:13 IST 2020
Wed Aug  5 22:31:14 IST 2020
Wed Aug  5 22:31:15 IST 2020
Wed Aug  5 22:31:16 IST 2020
Wed Aug  5 22:31:17 IST 2020
Wed Aug  5 22:31:18 IST 2020
Wed Aug  5 22:31:19 IST 2020
Wed Aug  5 22:31:20 IST 2020
Wed Aug  5 22:31:21 IST 2020
Wed Aug  5 22:31:22 IST 2020
Wed Aug  5 22:31:23 IST 2020
Wed Aug  5 22:31:24 IST 2020
Wed Aug  5 22:31:25 IST 2020
Wed Aug  5 22:31:26 IST 2020
Wed Aug  5 22:31:27 IST 2020
Wed Aug  5 22:31:28 IST 2020
Wed Aug  5 22:31:29 IST 2020
Wed Aug  5 22:31:30 IST 2020
Wed Aug  5 22:31:31 IST 2020
Wed Aug  5 22:31:32 IST 2020
Wed Aug  5 22:31:33 IST 2020
Wed Aug  5 22:31:34 IST 2020
Wed Aug  5 22:31:35 IST 2020
Wed Aug  5 22:31:36 IST 2020
Wed Aug  5 22:31:37 IST 2020
Wed Aug  5 22:31:38 IST 2020
Wed Aug  5 22:31:39 IST 2020
Wed Aug  5 22:31:40 IST 2020
Wed Aug  5 22:31:41 IST 2020
Wed Aug  5 22:31:42 IST 2020
Wed Aug  5 22:31:43 IST 2020
Wed Aug  5 22:31:44 IST 2020
Wed Aug  5 22:31:45 IST 2020
Wed Aug  5 22:31:46 IST 2020
Wed Aug  5 22:31:47 IST 2020
Wed Aug  5 22:31:48 IST 2020
Wed Aug  5 22:31:49 IST 2020
Wed Aug  5 22:31:50 IST 2020
Wed Aug  5 22:31:51 IST 2020
Wed Aug  5 22:31:52 IST 2020
Wed Aug  5 22:31:53 IST 2020
Wed Aug  5 22:31:54 IST 2020
Wed Aug  5 22:31:55 IST 2020
Wed Aug  5 22:31:56 IST 2020
Wed Aug  5 22:31:57 IST 2020
Wed Aug  5 22:31:58 IST 2020
Wed Aug  5 22:31:59 IST 2020
Wed Aug  5 22:32:00 IST 2020
Wed Aug  5 22:32:01 IST 2020
Wed Aug  5 22:32:02 IST 2020
Wed Aug  5 22:32:03 IST 2020
Wed Aug  5 22:32:04 IST 2020
Wed Aug  5 22:32:05 IST 2020
Wed Aug  5 22:32:06 IST 2020
Wed Aug  5 22:32:07 IST 2020
Wed Aug  5 22:32:08 IST 2020
Wed Aug  5 22:32:09 IST 2020
Wed Aug  5 22:32:10 IST 2020
Wed Aug  5 22:32:11 IST 2020
Wed Aug  5 22:32:12 IST 2020
Wed Aug  5 22:32:13 IST 2020
Wed Aug  5 22:32:14 IST 2020
Wed Aug  5 22:32:15 IST 2020
Wed Aug  5 22:32:16 IST 2020
Wed Aug  5 22:32:17 IST 2020
Wed Aug  5 22:32:18 IST 2020
Wed Aug  5 22:32:19 IST 2020
Wed Aug  5 22:32:20 IST 2020
Wed Aug  5 22:32:21 IST 2020
Wed Aug  5 22:32:22 IST 2020
Wed Aug  5 22:32:23 IST 2020
Wed Aug  5 22:32:24 IST 2020
Wed Aug  5 22:32:25 IST 2020
Wed Aug  5 22:32:26 IST 2020
Wed Aug  5 22:32:27 IST 2020
Wed Aug  5 22:32:28 IST 2020
Wed Aug  5 22:32:29 IST 2020
Wed Aug  5 22:32:30 IST 2020
Wed Aug  5 22:32:31 IST 2020
Wed Aug  5 22:32:32 IST 2020
Wed Aug  5 22:32:33 IST 2020
Wed Aug  5 22:32:34 IST 2020
Wed Aug  5 22:32:35 IST 2020
Wed Aug  5 22:32:36 IST 2020
Wed Aug  5 22:32:37 IST 2020
Wed Aug  5 22:32:38 IST 2020
Wed Aug  5 22:32:39 IST 2020
Wed Aug  5 22:32:40 IST 2020
Wed Aug  5 22:32:41 IST 2020
Wed Aug  5 22:32:42 IST 2020
Wed Aug  5 22:32:43 IST 2020
Wed Aug  5 22:32:44 IST 2020
Wed Aug  5 22:32:45 IST 2020
Wed Aug  5 22:32:46 IST 2020
Wed Aug  5 22:32:47 IST 2020
Wed Aug  5 22:32:48 IST 2020
Wed Aug  5 22:32:49 IST 2020
Wed Aug  5 22:32:50 IST 2020
Wed Aug  5 22:32:51 IST 2020
Wed Aug  5 22:32:52 IST 2020
Wed Aug  5 22:32:53 IST 2020
Wed Aug  5 22:32:54 IST 2020
Wed Aug  5 22:32:56 IST 2020
Wed Aug  5 22:32:57 IST 2020
Wed Aug  5 22:32:58 IST 2020
Wed Aug  5 22:32:59 IST 2020
Wed Aug  5 22:33:00 IST 2020
Wed Aug  5 22:33:01 IST 2020
Wed Aug  5 22:33:02 IST 2020
Wed Aug  5 22:33:03 IST 2020
Wed Aug  5 22:33:04 IST 2020
Wed Aug  5 22:33:05 IST 2020
Wed Aug  5 22:33:06 IST 2020
Wed Aug  5 22:33:07 IST 2020
Wed Aug  5 22:33:08 IST 2020
Wed Aug  5 22:33:09 IST 2020
Wed Aug  5 22:33:10 IST 2020
Wed Aug  5 22:33:11 IST 2020
Wed Aug  5 22:33:12 IST 2020
Wed Aug  5 22:33:13 IST 2020
Wed Aug  5 22:33:14 IST 2020
Wed Aug  5 22:33:15 IST 2020
Wed Aug  5 22:33:16 IST 2020
Wed Aug  5 22:33:17 IST 2020
Wed Aug  5 22:33:18 IST 2020
Wed Aug  5 22:33:19 IST 2020
Wed Aug  5 22:33:20 IST 2020
Wed Aug  5 22:33:21 IST 2020
Wed Aug  5 22:33:22 IST 2020
Wed Aug  5 22:33:23 IST 2020
Wed Aug  5 22:33:24 IST 2020
Wed Aug  5 22:33:25 IST 2020
Wed Aug  5 22:33:26 IST 2020
Wed Aug  5 22:33:27 IST 2020
Wed Aug  5 22:33:28 IST 2020
Wed Aug  5 22:33:29 IST 2020
Wed Aug  5 22:33:30 IST 2020
Wed Aug  5 22:33:31 IST 2020
Wed Aug  5 22:33:32 IST 2020
Wed Aug  5 22:33:33 IST 2020
Wed Aug  5 22:33:34 IST 2020
Wed Aug  5 22:33:35 IST 2020
Wed Aug  5 22:33:36 IST 2020
Wed Aug  5 22:33:37 IST 2020
Wed Aug  5 22:33:38 IST 2020
Wed Aug  5 22:33:39 IST 2020
Wed Aug  5 22:33:40 IST 2020
Wed Aug  5 22:33:41 IST 2020
Wed Aug  5 22:33:42 IST 2020
Wed Aug  5 22:33:43 IST 2020
Wed Aug  5 22:33:44 IST 2020
Wed Aug  5 22:33:45 IST 2020
Wed Aug  5 22:33:46 IST 2020
Wed Aug  5 22:33:47 IST 2020
Wed Aug  5 22:33:48 IST 2020
Wed Aug  5 22:33:49 IST 2020
Wed Aug  5 22:33:50 IST 2020
Wed Aug  5 22:33:51 IST 2020
Wed Aug  5 22:33:52 IST 2020
Wed Aug  5 22:33:53 IST 2020
Wed Aug  5 22:33:54 IST 2020
Wed Aug  5 22:33:55 IST 2020
Wed Aug  5 22:33:56 IST 2020
Wed Aug  5 22:33:57 IST 2020
Wed Aug  5 22:33:58 IST 2020
Wed Aug  5 22:33:59 IST 2020
Wed Aug  5 22:34:00 IST 2020
Wed Aug  5 22:34:01 IST 2020
Wed Aug  5 22:34:02 IST 2020
Wed Aug  5 22:34:03 IST 2020
Wed Aug  5 22:34:04 IST 2020
Wed Aug  5 22:34:05 IST 2020
Wed Aug  5 22:34:06 IST 2020
Wed Aug  5 22:34:07 IST 2020
Wed Aug  5 22:34:08 IST 2020
Wed Aug  5 22:34:09 IST 2020
Wed Aug  5 22:34:10 IST 2020
Wed Aug  5 22:34:11 IST 2020
Wed Aug  5 22:34:12 IST 2020
Wed Aug  5 22:34:13 IST 2020
Wed Aug  5 22:34:14 IST 2020
Wed Aug  5 22:34:15 IST 2020
Wed Aug  5 22:34:16 IST 2020
Wed Aug  5 22:34:17 IST 2020
Wed Aug  5 22:34:18 IST 2020
Wed Aug  5 22:34:19 IST 2020
Wed Aug  5 22:34:20 IST 2020
Wed Aug  5 22:34:21 IST 2020
Wed Aug  5 22:34:22 IST 2020
Wed Aug  5 22:34:23 IST 2020
Wed Aug  5 22:34:24 IST 2020
Wed Aug  5 22:34:25 IST 2020
Wed Aug  5 22:34:26 IST 2020
Wed Aug  5 22:34:27 IST 2020
Wed Aug  5 22:34:28 IST 2020
Wed Aug  5 22:34:29 IST 2020
Wed Aug  5 22:34:30 IST 2020
Wed Aug  5 22:34:31 IST 2020
Wed Aug  5 22:34:32 IST 2020
Wed Aug  5 22:34:33 IST 2020
Wed Aug  5 22:34:34 IST 2020
Wed Aug  5 22:34:35 IST 2020
Wed Aug  5 22:34:36 IST 2020
Wed Aug  5 22:34:37 IST 2020
Wed Aug  5 22:34:38 IST 2020
Wed Aug  5 22:34:39 IST 2020
Wed Aug  5 22:34:40 IST 2020
Wed Aug  5 22:34:41 IST 2020
Wed Aug  5 22:34:42 IST 2020
Wed Aug  5 22:34:43 IST 2020
Wed Aug  5 22:34:44 IST 2020
Wed Aug  5 22:34:45 IST 2020
Wed Aug  5 22:34:46 IST 2020
Wed Aug  5 22:34:47 IST 2020
Wed Aug  5 22:34:48 IST 2020
Wed Aug  5 22:34:49 IST 2020
Wed Aug  5 22:34:50 IST 2020
Wed Aug  5 22:34:51 IST 2020
Wed Aug  5 22:34:52 IST 2020
Wed Aug  5 22:34:53 IST 2020
Wed Aug  5 22:34:54 IST 2020
Wed Aug  5 22:34:55 IST 2020
Wed Aug  5 22:34:56 IST 2020
Wed Aug  5 22:34:57 IST 2020
Wed Aug  5 22:34:58 IST 2020
Wed Aug  5 22:34:59 IST 2020
Wed Aug  5 22:35:00 IST 2020
Wed Aug  5 22:35:01 IST 2020
Wed Aug  5 22:35:02 IST 2020
Wed Aug  5 22:35:03 IST 2020
Wed Aug  5 22:35:04 IST 2020
Wed Aug  5 22:35:05 IST 2020
Wed Aug  5 22:35:06 IST 2020
Wed Aug  5 22:35:07 IST 2020
Wed Aug  5 22:35:08 IST 2020
Wed Aug  5 22:35:09 IST 2020
Wed Aug  5 22:35:10 IST 2020
Wed Aug  5 22:35:11 IST 2020
Wed Aug  5 22:35:12 IST 2020
Wed Aug  5 22:35:13 IST 2020
Wed Aug  5 22:35:14 IST 2020
Wed Aug  5 22:35:15 IST 2020
Wed Aug  5 22:35:16 IST 2020
Wed Aug  5 22:35:17 IST 2020
Wed Aug  5 22:35:18 IST 2020
Wed Aug  5 22:35:19 IST 2020
Wed Aug  5 22:35:20 IST 2020
Wed Aug  5 22:35:21 IST 2020
Wed Aug  5 22:35:22 IST 2020
Wed Aug  5 22:35:23 IST 2020
Wed Aug  5 22:35:24 IST 2020
Wed Aug  5 22:35:25 IST 2020
Wed Aug  5 22:35:26 IST 2020
Wed Aug  5 22:35:27 IST 2020
Wed Aug  5 22:35:28 IST 2020
Wed Aug  5 22:35:29 IST 2020
Wed Aug  5 22:35:30 IST 2020
Wed Aug  5 22:35:31 IST 2020
Wed Aug  5 22:35:32 IST 2020
Wed Aug  5 22:35:33 IST 2020
Wed Aug  5 22:35:34 IST 2020
Wed Aug  5 22:35:35 IST 2020
Wed Aug  5 22:35:36 IST 2020
Wed Aug  5 22:35:37 IST 2020
Wed Aug  5 22:35:38 IST 2020
Wed Aug  5 22:35:39 IST 2020
Wed Aug  5 22:35:40 IST 2020
Wed Aug  5 22:35:41 IST 2020
Wed Aug  5 22:35:42 IST 2020
Wed Aug  5 22:35:43 IST 2020
Wed Aug  5 22:35:44 IST 2020
Wed Aug  5 22:35:45 IST 2020
Wed Aug  5 22:35:46 IST 2020
Wed Aug  5 22:35:47 IST 2020
Wed Aug  5 22:35:48 IST 2020
Wed Aug  5 22:35:49 IST 2020
Wed Aug  5 22:35:50 IST 2020
Wed Aug  5 22:35:51 IST 2020
Wed Aug  5 22:35:53 IST 2020
Wed Aug  5 22:35:54 IST 2020
Wed Aug  5 22:35:55 IST 2020
Wed Aug  5 22:35:56 IST 2020
Wed Aug  5 22:35:57 IST 2020
Wed Aug  5 22:35:58 IST 2020
Wed Aug  5 22:35:59 IST 2020
Wed Aug  5 22:36:00 IST 2020
Wed Aug  5 22:36:01 IST 2020
Wed Aug  5 22:36:02 IST 2020
Wed Aug  5 22:36:03 IST 2020
Wed Aug  5 22:36:04 IST 2020
Wed Aug  5 22:36:05 IST 2020
Wed Aug  5 22:36:06 IST 2020
Wed Aug  5 22:36:07 IST 2020
Wed Aug  5 22:36:08 IST 2020
Wed Aug  5 22:36:09 IST 2020
Wed Aug  5 22:36:10 IST 2020
Wed Aug  5 22:36:11 IST 2020
Wed Aug  5 22:36:12 IST 2020
Wed Aug  5 22:36:13 IST 2020
Wed Aug  5 22:36:14 IST 2020
Wed Aug  5 22:36:15 IST 2020
Wed Aug  5 22:36:16 IST 2020
Wed Aug  5 22:36:17 IST 2020
Wed Aug  5 22:36:18 IST 2020
Wed Aug  5 22:36:19 IST 2020
Wed Aug  5 22:36:20 IST 2020
Wed Aug  5 22:36:21 IST 2020
Wed Aug  5 22:36:22 IST 2020
Wed Aug  5 22:36:23 IST 2020
Wed Aug  5 22:36:24 IST 2020
Wed Aug  5 22:36:25 IST 2020
Wed Aug  5 22:36:26 IST 2020
Wed Aug  5 22:36:27 IST 2020
Wed Aug  5 22:36:28 IST 2020
Wed Aug  5 22:36:29 IST 2020
Wed Aug  5 22:36:30 IST 2020
Wed Aug  5 22:36:31 IST 2020
Wed Aug  5 22:36:32 IST 2020
Wed Aug  5 22:36:33 IST 2020
Wed Aug  5 22:36:34 IST 2020
Wed Aug  5 22:36:35 IST 2020
Wed Aug  5 22:36:36 IST 2020
Wed Aug  5 22:36:37 IST 2020
Wed Aug  5 22:36:38 IST 2020
Wed Aug  5 22:36:39 IST 2020
Wed Aug  5 22:36:40 IST 2020
Wed Aug  5 22:36:41 IST 2020
Wed Aug  5 22:36:42 IST 2020
Wed Aug  5 22:36:43 IST 2020
Wed Aug  5 22:36:44 IST 2020
Wed Aug  5 22:36:45 IST 2020
Wed Aug  5 22:36:46 IST 2020
Wed Aug  5 22:36:47 IST 2020
Wed Aug  5 22:36:48 IST 2020
Wed Aug  5 22:36:49 IST 2020
Wed Aug  5 22:36:50 IST 2020
Wed Aug  5 22:36:51 IST 2020
Wed Aug  5 22:36:52 IST 2020
Wed Aug  5 22:36:53 IST 2020
Wed Aug  5 22:36:54 IST 2020
Wed Aug  5 22:36:55 IST 2020
Wed Aug  5 22:36:56 IST 2020
Wed Aug  5 22:36:57 IST 2020
Wed Aug  5 22:36:58 IST 2020
Wed Aug  5 22:36:59 IST 2020
Wed Aug  5 22:37:00 IST 2020
Wed Aug  5 22:37:01 IST 2020
Wed Aug  5 22:37:02 IST 2020
Wed Aug  5 22:37:03 IST 2020
Wed Aug  5 22:37:04 IST 2020
Wed Aug  5 22:37:05 IST 2020
Wed Aug  5 22:37:06 IST 2020
Wed Aug  5 22:37:07 IST 2020
Wed Aug  5 22:37:08 IST 2020
Wed Aug  5 22:37:09 IST 2020
Wed Aug  5 22:37:10 IST 2020
Wed Aug  5 22:37:11 IST 2020
Wed Aug  5 22:37:12 IST 2020
Wed Aug  5 22:37:13 IST 2020
Wed Aug  5 22:37:14 IST 2020
Wed Aug  5 22:37:15 IST 2020
Wed Aug  5 22:37:16 IST 2020
Wed Aug  5 22:37:17 IST 2020
Wed Aug  5 22:37:18 IST 2020
Wed Aug  5 22:37:19 IST 2020
Wed Aug  5 22:37:20 IST 2020
Wed Aug  5 22:37:21 IST 2020
Wed Aug  5 22:37:22 IST 2020
Wed Aug  5 22:37:23 IST 2020
Wed Aug  5 22:37:24 IST 2020
Wed Aug  5 22:37:25 IST 2020
Wed Aug  5 22:37:26 IST 2020
Wed Aug  5 22:37:27 IST 2020
Wed Aug  5 22:37:28 IST 2020
Wed Aug  5 22:37:29 IST 2020
Wed Aug  5 22:37:30 IST 2020
Wed Aug  5 22:37:31 IST 2020
Wed Aug  5 22:37:32 IST 2020
Wed Aug  5 22:37:33 IST 2020
Wed Aug  5 22:37:34 IST 2020
Wed Aug  5 22:37:35 IST 2020
Wed Aug  5 22:37:36 IST 2020
Wed Aug  5 22:37:37 IST 2020
Wed Aug  5 22:37:38 IST 2020
Wed Aug  5 22:37:39 IST 2020
Wed Aug  5 22:37:40 IST 2020
Wed Aug  5 22:37:41 IST 2020
Wed Aug  5 22:37:42 IST 2020
Wed Aug  5 22:37:43 IST 2020
Wed Aug  5 22:37:44 IST 2020
Wed Aug  5 22:37:45 IST 2020
Wed Aug  5 22:37:46 IST 2020
Wed Aug  5 22:37:47 IST 2020
Wed Aug  5 22:37:48 IST 2020
Wed Aug  5 22:37:49 IST 2020
Wed Aug  5 22:37:50 IST 2020
Wed Aug  5 22:37:51 IST 2020
Wed Aug  5 22:37:52 IST 2020
Wed Aug  5 22:37:53 IST 2020
Wed Aug  5 22:37:54 IST 2020
Wed Aug  5 22:37:55 IST 2020
Wed Aug  5 22:37:56 IST 2020
Wed Aug  5 22:37:57 IST 2020
Wed Aug  5 22:37:58 IST 2020
Wed Aug  5 22:37:59 IST 2020
Wed Aug  5 22:38:00 IST 2020
Wed Aug  5 22:38:01 IST 2020
Wed Aug  5 22:38:02 IST 2020
Wed Aug  5 22:38:03 IST 2020
Wed Aug  5 22:38:04 IST 2020
Wed Aug  5 22:38:05 IST 2020
Wed Aug  5 22:38:06 IST 2020
Wed Aug  5 22:38:07 IST 2020
Wed Aug  5 22:38:08 IST 2020
Wed Aug  5 22:38:09 IST 2020
Wed Aug  5 22:38:10 IST 2020
Wed Aug  5 22:38:11 IST 2020
Wed Aug  5 22:38:12 IST 2020
Wed Aug  5 22:38:13 IST 2020
Wed Aug  5 22:38:14 IST 2020
Wed Aug  5 22:38:15 IST 2020
Wed Aug  5 22:38:16 IST 2020
Wed Aug  5 22:38:17 IST 2020
Wed Aug  5 22:38:18 IST 2020
Wed Aug  5 22:38:19 IST 2020
Wed Aug  5 22:38:20 IST 2020
Wed Aug  5 22:38:21 IST 2020
Wed Aug  5 22:38:22 IST 2020
Wed Aug  5 22:38:23 IST 2020
Wed Aug  5 22:38:24 IST 2020
Wed Aug  5 22:38:25 IST 2020
Wed Aug  5 22:38:26 IST 2020
Wed Aug  5 22:38:27 IST 2020
Wed Aug  5 22:38:28 IST 2020
Wed Aug  5 22:38:29 IST 2020
Wed Aug  5 22:38:30 IST 2020
Wed Aug  5 22:38:31 IST 2020
Wed Aug  5 22:38:32 IST 2020
Wed Aug  5 22:38:33 IST 2020
Wed Aug  5 22:38:34 IST 2020
Wed Aug  5 22:38:35 IST 2020
Wed Aug  5 22:38:36 IST 2020
Wed Aug  5 22:38:37 IST 2020
Wed Aug  5 22:38:38 IST 2020
Wed Aug  5 22:38:39 IST 2020
Wed Aug  5 22:38:40 IST 2020
Wed Aug  5 22:38:41 IST 2020
Wed Aug  5 22:38:42 IST 2020
Wed Aug  5 22:38:43 IST 2020
Wed Aug  5 22:38:45 IST 2020
Wed Aug  5 22:38:46 IST 2020
Wed Aug  5 22:38:47 IST 2020
Wed Aug  5 22:38:48 IST 2020
Wed Aug  5 22:38:49 IST 2020
Wed Aug  5 22:38:50 IST 2020
Wed Aug  5 22:38:51 IST 2020
Wed Aug  5 22:38:52 IST 2020
Wed Aug  5 22:38:53 IST 2020
Wed Aug  5 22:38:54 IST 2020
Wed Aug  5 22:38:55 IST 2020
Wed Aug  5 22:38:56 IST 2020
Wed Aug  5 22:38:57 IST 2020
Wed Aug  5 22:38:58 IST 2020
Wed Aug  5 22:38:59 IST 2020
Wed Aug  5 22:39:00 IST 2020
Wed Aug  5 22:39:01 IST 2020
Wed Aug  5 22:39:02 IST 2020
Wed Aug  5 22:39:03 IST 2020
Wed Aug  5 22:39:04 IST 2020
Wed Aug  5 22:39:05 IST 2020
Wed Aug  5 22:39:06 IST 2020
Wed Aug  5 22:39:07 IST 2020
Wed Aug  5 22:39:08 IST 2020
Wed Aug  5 22:39:09 IST 2020
Wed Aug  5 22:39:10 IST 2020
Wed Aug  5 22:39:11 IST 2020
Wed Aug  5 22:39:12 IST 2020
Wed Aug  5 22:39:13 IST 2020
Wed Aug  5 22:39:14 IST 2020
Wed Aug  5 22:39:15 IST 2020
Wed Aug  5 22:39:16 IST 2020
Wed Aug  5 22:39:17 IST 2020
Wed Aug  5 22:39:18 IST 2020
Wed Aug  5 22:39:19 IST 2020
Wed Aug  5 22:39:20 IST 2020
Wed Aug  5 22:39:21 IST 2020
Wed Aug  5 22:39:22 IST 2020
Wed Aug  5 22:39:23 IST 2020
Wed Aug  5 22:39:24 IST 2020
Wed Aug  5 22:39:25 IST 2020
Wed Aug  5 22:39:26 IST 2020
Wed Aug  5 22:39:27 IST 2020
Wed Aug  5 22:39:28 IST 2020
Wed Aug  5 22:39:29 IST 2020
Wed Aug  5 22:39:30 IST 2020
Wed Aug  5 22:39:31 IST 2020
Wed Aug  5 22:39:32 IST 2020
Wed Aug  5 22:39:33 IST 2020
Wed Aug  5 22:39:34 IST 2020
Wed Aug  5 22:39:35 IST 2020
Wed Aug  5 22:39:36 IST 2020
Wed Aug  5 22:39:37 IST 2020
Wed Aug  5 22:39:38 IST 2020
Wed Aug  5 22:39:39 IST 2020
Wed Aug  5 22:39:40 IST 2020
Wed Aug  5 22:39:41 IST 2020
Wed Aug  5 22:39:42 IST 2020
Wed Aug  5 22:39:43 IST 2020
Wed Aug  5 22:39:44 IST 2020
Wed Aug  5 22:39:45 IST 2020
Wed Aug  5 22:39:46 IST 2020
Wed Aug  5 22:39:47 IST 2020
Wed Aug  5 22:39:48 IST 2020
Wed Aug  5 22:39:49 IST 2020
Wed Aug  5 22:39:50 IST 2020
Wed Aug  5 22:39:51 IST 2020
Wed Aug  5 22:39:52 IST 2020
Wed Aug  5 22:39:53 IST 2020
Wed Aug  5 22:39:54 IST 2020
Wed Aug  5 22:39:55 IST 2020
Wed Aug  5 22:39:56 IST 2020
Wed Aug  5 22:39:57 IST 2020
Wed Aug  5 22:39:58 IST 2020
Wed Aug  5 22:39:59 IST 2020
Wed Aug  5 22:40:00 IST 2020
Wed Aug  5 22:40:01 IST 2020
Wed Aug  5 22:40:02 IST 2020
Wed Aug  5 22:40:03 IST 2020
Wed Aug  5 22:40:04 IST 2020
Wed Aug  5 22:40:05 IST 2020
Wed Aug  5 22:40:06 IST 2020
Wed Aug  5 22:40:07 IST 2020
Wed Aug  5 22:40:08 IST 2020
Wed Aug  5 22:40:09 IST 2020
Wed Aug  5 22:40:10 IST 2020
Wed Aug  5 22:40:11 IST 2020
Wed Aug  5 22:40:12 IST 2020
Wed Aug  5 22:40:13 IST 2020
Wed Aug  5 22:40:14 IST 2020
Wed Aug  5 22:40:15 IST 2020
Wed Aug  5 22:40:16 IST 2020
Wed Aug  5 22:40:17 IST 2020
Wed Aug  5 22:40:18 IST 2020
Wed Aug  5 22:40:19 IST 2020
Wed Aug  5 22:40:20 IST 2020
Wed Aug  5 22:40:21 IST 2020
Wed Aug  5 22:40:22 IST 2020
Wed Aug  5 22:40:23 IST 2020
Wed Aug  5 22:40:24 IST 2020
Wed Aug  5 22:40:25 IST 2020
Wed Aug  5 22:40:26 IST 2020
Wed Aug  5 22:40:27 IST 2020
Wed Aug  5 22:40:28 IST 2020
Wed Aug  5 22:40:29 IST 2020
Wed Aug  5 22:40:30 IST 2020
Wed Aug  5 22:40:31 IST 2020
Wed Aug  5 22:40:32 IST 2020
Wed Aug  5 22:40:33 IST 2020
Wed Aug  5 22:40:34 IST 2020
Wed Aug  5 22:40:35 IST 2020
Wed Aug  5 22:40:36 IST 2020
Wed Aug  5 22:40:37 IST 2020
Wed Aug  5 22:40:38 IST 2020
Wed Aug  5 22:40:39 IST 2020
Wed Aug  5 22:40:40 IST 2020
Wed Aug  5 22:40:41 IST 2020
Wed Aug  5 22:40:42 IST 2020
Wed Aug  5 22:40:43 IST 2020
Wed Aug  5 22:40:44 IST 2020
Wed Aug  5 22:40:45 IST 2020
Wed Aug  5 22:40:46 IST 2020
Wed Aug  5 22:40:47 IST 2020
Wed Aug  5 22:40:48 IST 2020
Wed Aug  5 22:40:49 IST 2020
Wed Aug  5 22:40:50 IST 2020
Wed Aug  5 22:40:51 IST 2020
Wed Aug  5 22:40:52 IST 2020
Wed Aug  5 22:40:53 IST 2020
Wed Aug  5 22:40:54 IST 2020
Wed Aug  5 22:40:55 IST 2020
Wed Aug  5 22:40:56 IST 2020
Wed Aug  5 22:40:57 IST 2020
Wed Aug  5 22:40:58 IST 2020
Wed Aug  5 22:40:59 IST 2020
Wed Aug  5 22:41:00 IST 2020
Wed Aug  5 22:41:01 IST 2020
Wed Aug  5 22:41:02 IST 2020
Wed Aug  5 22:41:03 IST 2020
Wed Aug  5 22:41:04 IST 2020
Wed Aug  5 22:41:05 IST 2020
Wed Aug  5 22:41:06 IST 2020
Wed Aug  5 22:41:07 IST 2020
Wed Aug  5 22:41:08 IST 2020
Wed Aug  5 22:41:09 IST 2020
Wed Aug  5 22:41:10 IST 2020
Wed Aug  5 22:41:11 IST 2020
Wed Aug  5 22:41:12 IST 2020
Wed Aug  5 22:41:13 IST 2020
Wed Aug  5 22:41:14 IST 2020
Wed Aug  5 22:41:15 IST 2020
Wed Aug  5 22:41:16 IST 2020
Wed Aug  5 22:41:17 IST 2020
Wed Aug  5 22:41:18 IST 2020
Wed Aug  5 22:41:19 IST 2020
Wed Aug  5 22:41:20 IST 2020
Wed Aug  5 22:41:21 IST 2020
Wed Aug  5 22:41:22 IST 2020
Wed Aug  5 22:41:23 IST 2020
Wed Aug  5 22:41:24 IST 2020
Wed Aug  5 22:41:25 IST 2020
Wed Aug  5 22:41:26 IST 2020
Wed Aug  5 22:41:27 IST 2020
Wed Aug  5 22:41:28 IST 2020
Wed Aug  5 22:41:29 IST 2020
Wed Aug  5 22:41:30 IST 2020
Wed Aug  5 22:41:31 IST 2020
Wed Aug  5 22:41:32 IST 2020
Wed Aug  5 22:41:33 IST 2020
Wed Aug  5 22:41:34 IST 2020
Wed Aug  5 22:41:35 IST 2020
Wed Aug  5 22:41:36 IST 2020
Wed Aug  5 22:41:37 IST 2020
Wed Aug  5 22:41:38 IST 2020
Wed Aug  5 22:41:39 IST 2020
Wed Aug  5 22:41:40 IST 2020
Wed Aug  5 22:41:41 IST 2020
Wed Aug  5 22:41:42 IST 2020
Wed Aug  5 22:41:43 IST 2020
Wed Aug  5 22:41:44 IST 2020
Wed Aug  5 22:41:45 IST 2020
Wed Aug  5 22:41:46 IST 2020
Wed Aug  5 22:41:47 IST 2020
Wed Aug  5 22:41:48 IST 2020
Wed Aug  5 22:41:49 IST 2020
Wed Aug  5 22:41:50 IST 2020
Wed Aug  5 22:41:52 IST 2020
Wed Aug  5 22:41:53 IST 2020
Wed Aug  5 22:41:54 IST 2020
Wed Aug  5 22:41:55 IST 2020
Wed Aug  5 22:41:56 IST 2020
Wed Aug  5 22:41:57 IST 2020
Wed Aug  5 22:41:58 IST 2020
Wed Aug  5 22:41:59 IST 2020
Wed Aug  5 22:42:00 IST 2020
Wed Aug  5 22:42:01 IST 2020
Wed Aug  5 22:42:02 IST 2020
Wed Aug  5 22:42:03 IST 2020
Wed Aug  5 22:42:04 IST 2020
Wed Aug  5 22:42:05 IST 2020
Wed Aug  5 22:42:06 IST 2020
Wed Aug  5 22:42:07 IST 2020
Wed Aug  5 22:42:08 IST 2020
Wed Aug  5 22:42:09 IST 2020
Wed Aug  5 22:42:10 IST 2020
Wed Aug  5 22:42:11 IST 2020
Wed Aug  5 22:42:12 IST 2020
Wed Aug  5 22:42:13 IST 2020
Wed Aug  5 22:42:14 IST 2020
Wed Aug  5 22:42:15 IST 2020
Wed Aug  5 22:42:16 IST 2020
Wed Aug  5 22:42:17 IST 2020
Wed Aug  5 22:42:18 IST 2020
Wed Aug  5 22:42:19 IST 2020
Wed Aug  5 22:42:20 IST 2020
Wed Aug  5 22:42:21 IST 2020
Wed Aug  5 22:42:22 IST 2020
Wed Aug  5 22:42:23 IST 2020
Wed Aug  5 22:42:24 IST 2020
Wed Aug  5 22:42:25 IST 2020
Wed Aug  5 22:42:26 IST 2020
Wed Aug  5 22:42:27 IST 2020
Wed Aug  5 22:42:28 IST 2020
Wed Aug  5 22:42:29 IST 2020
Wed Aug  5 22:42:30 IST 2020
Wed Aug  5 22:42:31 IST 2020
Wed Aug  5 22:42:32 IST 2020
Wed Aug  5 22:42:33 IST 2020
Wed Aug  5 22:42:34 IST 2020
Wed Aug  5 22:42:35 IST 2020
Wed Aug  5 22:42:36 IST 2020
Wed Aug  5 22:42:37 IST 2020
Wed Aug  5 22:42:38 IST 2020
Wed Aug  5 22:42:39 IST 2020
Wed Aug  5 22:42:40 IST 2020
Wed Aug  5 22:42:41 IST 2020
Wed Aug  5 22:42:42 IST 2020
Wed Aug  5 22:42:43 IST 2020
Wed Aug  5 22:42:44 IST 2020
Wed Aug  5 22:42:45 IST 2020
Wed Aug  5 22:42:46 IST 2020
Wed Aug  5 22:42:47 IST 2020
Wed Aug  5 22:42:48 IST 2020
Wed Aug  5 22:42:49 IST 2020
Wed Aug  5 22:42:50 IST 2020
Wed Aug  5 22:42:51 IST 2020
Wed Aug  5 22:42:52 IST 2020
Wed Aug  5 22:42:53 IST 2020
Wed Aug  5 22:42:54 IST 2020
Wed Aug  5 22:42:55 IST 2020
Wed Aug  5 22:42:56 IST 2020
Wed Aug  5 22:42:57 IST 2020
Wed Aug  5 22:42:58 IST 2020
Wed Aug  5 22:42:59 IST 2020
Wed Aug  5 22:43:00 IST 2020
Wed Aug  5 22:43:01 IST 2020
Wed Aug  5 22:43:02 IST 2020
Wed Aug  5 22:43:03 IST 2020
Wed Aug  5 22:43:04 IST 2020
Wed Aug  5 22:43:05 IST 2020
Wed Aug  5 22:43:06 IST 2020
Wed Aug  5 22:43:07 IST 2020
Wed Aug  5 22:43:08 IST 2020
Wed Aug  5 22:43:09 IST 2020
Wed Aug  5 22:43:10 IST 2020
Wed Aug  5 22:43:11 IST 2020
Wed Aug  5 22:43:12 IST 2020
Wed Aug  5 22:43:13 IST 2020
Wed Aug  5 22:43:14 IST 2020
Wed Aug  5 22:43:15 IST 2020
Wed Aug  5 22:43:16 IST 2020
Wed Aug  5 22:43:17 IST 2020
Wed Aug  5 22:43:18 IST 2020
Wed Aug  5 22:43:19 IST 2020
Wed Aug  5 22:43:20 IST 2020
Wed Aug  5 22:43:21 IST 2020
Wed Aug  5 22:43:22 IST 2020
Wed Aug  5 22:43:23 IST 2020
Wed Aug  5 22:43:24 IST 2020
Wed Aug  5 22:43:25 IST 2020
Wed Aug  5 22:43:26 IST 2020
Wed Aug  5 22:43:27 IST 2020
Wed Aug  5 22:43:28 IST 2020
Wed Aug  5 22:43:29 IST 2020
Wed Aug  5 22:43:30 IST 2020
Wed Aug  5 22:43:31 IST 2020
Wed Aug  5 22:43:32 IST 2020
Wed Aug  5 22:43:33 IST 2020
Wed Aug  5 22:43:34 IST 2020
Wed Aug  5 22:43:35 IST 2020
Wed Aug  5 22:43:36 IST 2020
Wed Aug  5 22:43:37 IST 2020
Wed Aug  5 22:43:38 IST 2020
Wed Aug  5 22:43:39 IST 2020
Wed Aug  5 22:43:40 IST 2020
Wed Aug  5 22:43:41 IST 2020
Wed Aug  5 22:43:42 IST 2020
Wed Aug  5 22:43:43 IST 2020
Wed Aug  5 22:43:44 IST 2020
Wed Aug  5 22:43:45 IST 2020
Wed Aug  5 22:43:46 IST 2020
Wed Aug  5 22:43:47 IST 2020
Wed Aug  5 22:43:48 IST 2020
Wed Aug  5 22:43:49 IST 2020
Wed Aug  5 22:43:50 IST 2020
Wed Aug  5 22:43:51 IST 2020
Wed Aug  5 22:43:52 IST 2020
Wed Aug  5 22:43:53 IST 2020
Wed Aug  5 22:43:54 IST 2020
Wed Aug  5 22:43:55 IST 2020
Wed Aug  5 22:43:56 IST 2020
Wed Aug  5 22:43:57 IST 2020
Wed Aug  5 22:43:58 IST 2020
Wed Aug  5 22:43:59 IST 2020
Wed Aug  5 22:44:00 IST 2020
Wed Aug  5 22:44:01 IST 2020
Wed Aug  5 22:44:02 IST 2020
Wed Aug  5 22:44:03 IST 2020
Wed Aug  5 22:44:04 IST 2020
Wed Aug  5 22:44:05 IST 2020
Wed Aug  5 22:44:06 IST 2020
Wed Aug  5 22:44:07 IST 2020
Wed Aug  5 22:44:08 IST 2020
Wed Aug  5 22:44:09 IST 2020
Wed Aug  5 22:44:10 IST 2020
Wed Aug  5 22:44:11 IST 2020
Wed Aug  5 22:44:12 IST 2020
Wed Aug  5 22:44:13 IST 2020
Wed Aug  5 22:44:14 IST 2020
Wed Aug  5 22:44:15 IST 2020
Wed Aug  5 22:44:16 IST 2020
Wed Aug  5 22:44:17 IST 2020
Wed Aug  5 22:44:18 IST 2020
Wed Aug  5 22:44:19 IST 2020
Wed Aug  5 22:44:20 IST 2020
Wed Aug  5 22:44:21 IST 2020
Wed Aug  5 22:44:22 IST 2020
Wed Aug  5 22:44:23 IST 2020
Wed Aug  5 22:44:24 IST 2020
Wed Aug  5 22:44:25 IST 2020
Wed Aug  5 22:44:26 IST 2020
Wed Aug  5 22:44:27 IST 2020
Wed Aug  5 22:44:28 IST 2020
Wed Aug  5 22:44:29 IST 2020
Wed Aug  5 22:44:30 IST 2020
Wed Aug  5 22:44:31 IST 2020
Wed Aug  5 22:44:32 IST 2020
Wed Aug  5 22:44:33 IST 2020
Wed Aug  5 22:44:34 IST 2020
Wed Aug  5 22:44:35 IST 2020
Wed Aug  5 22:44:36 IST 2020
Wed Aug  5 22:44:37 IST 2020
Wed Aug  5 22:44:38 IST 2020
Wed Aug  5 22:44:39 IST 2020
Wed Aug  5 22:44:40 IST 2020
Wed Aug  5 22:44:41 IST 2020
Wed Aug  5 22:44:42 IST 2020
Wed Aug  5 22:44:43 IST 2020
Wed Aug  5 22:44:44 IST 2020
Wed Aug  5 22:44:45 IST 2020
Wed Aug  5 22:44:47 IST 2020
Wed Aug  5 22:44:48 IST 2020
Wed Aug  5 22:44:49 IST 2020
Wed Aug  5 22:44:50 IST 2020
Wed Aug  5 22:44:51 IST 2020
Wed Aug  5 22:44:52 IST 2020
Wed Aug  5 22:44:53 IST 2020
Wed Aug  5 22:44:54 IST 2020
Wed Aug  5 22:44:55 IST 2020
Wed Aug  5 22:44:56 IST 2020
Wed Aug  5 22:44:57 IST 2020
Wed Aug  5 22:44:58 IST 2020
Wed Aug  5 22:44:59 IST 2020
Wed Aug  5 22:45:00 IST 2020
Wed Aug  5 22:45:01 IST 2020
Wed Aug  5 22:45:02 IST 2020
Wed Aug  5 22:45:03 IST 2020
Wed Aug  5 22:45:04 IST 2020
Wed Aug  5 22:45:05 IST 2020
Wed Aug  5 22:45:06 IST 2020
Wed Aug  5 22:45:07 IST 2020
Wed Aug  5 22:45:08 IST 2020
Wed Aug  5 22:45:09 IST 2020
Wed Aug  5 22:45:10 IST 2020
Wed Aug  5 22:45:11 IST 2020
Wed Aug  5 22:45:12 IST 2020
Wed Aug  5 22:45:13 IST 2020
Wed Aug  5 22:45:14 IST 2020
Wed Aug  5 22:45:15 IST 2020
Wed Aug  5 22:45:16 IST 2020
Wed Aug  5 22:45:17 IST 2020
Wed Aug  5 22:45:18 IST 2020
Wed Aug  5 22:45:19 IST 2020
Wed Aug  5 22:45:20 IST 2020
Wed Aug  5 22:45:21 IST 2020
Wed Aug  5 22:45:22 IST 2020
Wed Aug  5 22:45:23 IST 2020
Wed Aug  5 22:45:24 IST 2020
Wed Aug  5 22:45:25 IST 2020
Wed Aug  5 22:45:26 IST 2020
Wed Aug  5 22:45:27 IST 2020
Wed Aug  5 22:45:28 IST 2020
Wed Aug  5 22:45:29 IST 2020
Wed Aug  5 22:45:30 IST 2020
Wed Aug  5 22:45:31 IST 2020
Wed Aug  5 22:45:32 IST 2020
Wed Aug  5 22:45:33 IST 2020
Wed Aug  5 22:45:34 IST 2020
Wed Aug  5 22:45:35 IST 2020
Wed Aug  5 22:45:36 IST 2020
Wed Aug  5 22:45:37 IST 2020
Wed Aug  5 22:45:38 IST 2020
Wed Aug  5 22:45:39 IST 2020
Wed Aug  5 22:45:40 IST 2020
Wed Aug  5 22:45:41 IST 2020
Wed Aug  5 22:45:42 IST 2020
Wed Aug  5 22:45:43 IST 2020
Wed Aug  5 22:45:44 IST 2020
Wed Aug  5 22:45:45 IST 2020
Wed Aug  5 22:45:46 IST 2020
Wed Aug  5 22:45:47 IST 2020
Wed Aug  5 22:45:48 IST 2020
Wed Aug  5 22:45:49 IST 2020
Wed Aug  5 22:45:50 IST 2020
Wed Aug  5 22:45:51 IST 2020
Wed Aug  5 22:45:52 IST 2020
Wed Aug  5 22:45:53 IST 2020
Wed Aug  5 22:45:54 IST 2020
Wed Aug  5 22:45:55 IST 2020
Wed Aug  5 22:45:56 IST 2020
Wed Aug  5 22:45:57 IST 2020
Wed Aug  5 22:45:58 IST 2020
Wed Aug  5 22:45:59 IST 2020
Wed Aug  5 22:46:00 IST 2020
Wed Aug  5 22:46:01 IST 2020
Wed Aug  5 22:46:02 IST 2020
Wed Aug  5 22:46:03 IST 2020
Wed Aug  5 22:46:04 IST 2020
Wed Aug  5 22:46:05 IST 2020
Wed Aug  5 22:46:06 IST 2020
Wed Aug  5 22:46:07 IST 2020
Wed Aug  5 22:46:08 IST 2020
Wed Aug  5 22:46:09 IST 2020
Wed Aug  5 22:46:10 IST 2020
Wed Aug  5 22:46:11 IST 2020
Wed Aug  5 22:46:12 IST 2020
Wed Aug  5 22:46:13 IST 2020
Wed Aug  5 22:46:14 IST 2020
Wed Aug  5 22:46:15 IST 2020
Wed Aug  5 22:46:16 IST 2020
Wed Aug  5 22:46:17 IST 2020
Wed Aug  5 22:46:18 IST 2020
Wed Aug  5 22:46:19 IST 2020
Wed Aug  5 22:46:20 IST 2020
Wed Aug  5 22:46:21 IST 2020
Wed Aug  5 22:46:22 IST 2020
Wed Aug  5 22:46:23 IST 2020
Wed Aug  5 22:46:24 IST 2020
Wed Aug  5 22:46:25 IST 2020
Wed Aug  5 22:46:26 IST 2020
Wed Aug  5 22:46:27 IST 2020
Wed Aug  5 22:46:28 IST 2020
Wed Aug  5 22:46:29 IST 2020
Wed Aug  5 22:46:30 IST 2020
Wed Aug  5 22:46:31 IST 2020
Wed Aug  5 22:46:32 IST 2020
Wed Aug  5 22:46:33 IST 2020
Wed Aug  5 22:46:34 IST 2020
Wed Aug  5 22:46:35 IST 2020
Wed Aug  5 22:46:36 IST 2020
Wed Aug  5 22:46:37 IST 2020
Wed Aug  5 22:46:38 IST 2020
Wed Aug  5 22:46:39 IST 2020
Wed Aug  5 22:46:40 IST 2020
Wed Aug  5 22:46:41 IST 2020
Wed Aug  5 22:46:42 IST 2020
Wed Aug  5 22:46:43 IST 2020
Wed Aug  5 22:46:44 IST 2020
Wed Aug  5 22:46:45 IST 2020
Wed Aug  5 22:46:46 IST 2020
Wed Aug  5 22:46:47 IST 2020
Wed Aug  5 22:46:48 IST 2020
Wed Aug  5 22:46:49 IST 2020
Wed Aug  5 22:46:50 IST 2020
Wed Aug  5 22:46:51 IST 2020
Wed Aug  5 22:46:52 IST 2020
Wed Aug  5 22:46:53 IST 2020
Wed Aug  5 22:46:54 IST 2020
Wed Aug  5 22:46:55 IST 2020
Wed Aug  5 22:46:56 IST 2020
Wed Aug  5 22:46:57 IST 2020
Wed Aug  5 22:46:58 IST 2020
Wed Aug  5 22:46:59 IST 2020
Wed Aug  5 22:47:00 IST 2020
Wed Aug  5 22:47:01 IST 2020
Wed Aug  5 22:47:02 IST 2020
Wed Aug  5 22:47:03 IST 2020
Wed Aug  5 22:47:04 IST 2020
Wed Aug  5 22:47:05 IST 2020
Wed Aug  5 22:47:06 IST 2020
Wed Aug  5 22:47:07 IST 2020
Wed Aug  5 22:47:08 IST 2020
Wed Aug  5 22:47:09 IST 2020
Wed Aug  5 22:47:10 IST 2020
Wed Aug  5 22:47:11 IST 2020
Wed Aug  5 22:47:12 IST 2020
Wed Aug  5 22:47:13 IST 2020
Wed Aug  5 22:47:14 IST 2020
Wed Aug  5 22:47:15 IST 2020
Wed Aug  5 22:47:16 IST 2020
Wed Aug  5 22:47:17 IST 2020
Wed Aug  5 22:47:18 IST 2020
Wed Aug  5 22:47:19 IST 2020
Wed Aug  5 22:47:20 IST 2020
Wed Aug  5 22:47:21 IST 2020
Wed Aug  5 22:47:22 IST 2020
Wed Aug  5 22:47:23 IST 2020
Wed Aug  5 22:47:24 IST 2020
Wed Aug  5 22:47:25 IST 2020
Wed Aug  5 22:47:26 IST 2020
Wed Aug  5 22:47:27 IST 2020
Wed Aug  5 22:47:28 IST 2020
Wed Aug  5 22:47:29 IST 2020
Wed Aug  5 22:47:30 IST 2020
Wed Aug  5 22:47:31 IST 2020
Wed Aug  5 22:47:32 IST 2020
Wed Aug  5 22:47:33 IST 2020
Wed Aug  5 22:47:34 IST 2020
Wed Aug  5 22:47:35 IST 2020
Wed Aug  5 22:47:36 IST 2020
Wed Aug  5 22:47:37 IST 2020
Wed Aug  5 22:47:38 IST 2020
Wed Aug  5 22:47:39 IST 2020
Wed Aug  5 22:47:40 IST 2020
Wed Aug  5 22:47:41 IST 2020
Wed Aug  5 22:47:42 IST 2020
Wed Aug  5 22:47:43 IST 2020
Wed Aug  5 22:47:45 IST 2020
Wed Aug  5 22:47:46 IST 2020
Wed Aug  5 22:47:47 IST 2020
Wed Aug  5 22:47:48 IST 2020
Wed Aug  5 22:47:49 IST 2020
Wed Aug  5 22:47:50 IST 2020
Wed Aug  5 22:47:51 IST 2020
Wed Aug  5 22:47:52 IST 2020
Wed Aug  5 22:47:53 IST 2020
Wed Aug  5 22:47:54 IST 2020
Wed Aug  5 22:47:55 IST 2020
Wed Aug  5 22:47:56 IST 2020
Wed Aug  5 22:47:57 IST 2020
Wed Aug  5 22:47:58 IST 2020
Wed Aug  5 22:47:59 IST 2020
Wed Aug  5 22:48:00 IST 2020
Wed Aug  5 22:48:01 IST 2020
Wed Aug  5 22:48:02 IST 2020
Wed Aug  5 22:48:03 IST 2020
Wed Aug  5 22:48:04 IST 2020
Wed Aug  5 22:48:05 IST 2020
Wed Aug  5 22:48:06 IST 2020
Wed Aug  5 22:48:07 IST 2020
Wed Aug  5 22:48:08 IST 2020
Wed Aug  5 22:48:09 IST 2020
Wed Aug  5 22:48:10 IST 2020
Wed Aug  5 22:48:11 IST 2020
Wed Aug  5 22:48:12 IST 2020
Wed Aug  5 22:48:13 IST 2020
Wed Aug  5 22:48:14 IST 2020
Wed Aug  5 22:48:15 IST 2020
Wed Aug  5 22:48:16 IST 2020
Wed Aug  5 22:48:17 IST 2020
Wed Aug  5 22:48:18 IST 2020
Wed Aug  5 22:48:19 IST 2020
Wed Aug  5 22:48:20 IST 2020
Wed Aug  5 22:48:21 IST 2020
Wed Aug  5 22:48:22 IST 2020
Wed Aug  5 22:48:23 IST 2020
Wed Aug  5 22:48:24 IST 2020
Wed Aug  5 22:48:25 IST 2020
Wed Aug  5 22:48:26 IST 2020
Wed Aug  5 22:48:27 IST 2020
Wed Aug  5 22:48:28 IST 2020
Wed Aug  5 22:48:29 IST 2020
Wed Aug  5 22:48:30 IST 2020
Wed Aug  5 22:48:31 IST 2020
Wed Aug  5 22:48:32 IST 2020
Wed Aug  5 22:48:33 IST 2020
Wed Aug  5 22:48:34 IST 2020
Wed Aug  5 22:48:35 IST 2020
Wed Aug  5 22:48:36 IST 2020
Wed Aug  5 22:48:37 IST 2020
Wed Aug  5 22:48:38 IST 2020
Wed Aug  5 22:48:39 IST 2020
Wed Aug  5 22:48:40 IST 2020
Wed Aug  5 22:48:41 IST 2020
Wed Aug  5 22:48:42 IST 2020
Wed Aug  5 22:48:43 IST 2020
Wed Aug  5 22:48:44 IST 2020
Wed Aug  5 22:48:45 IST 2020
Wed Aug  5 22:48:46 IST 2020
Wed Aug  5 22:48:47 IST 2020
Wed Aug  5 22:48:48 IST 2020
Wed Aug  5 22:48:49 IST 2020
Wed Aug  5 22:48:50 IST 2020
Wed Aug  5 22:48:51 IST 2020
Wed Aug  5 22:48:52 IST 2020
Wed Aug  5 22:48:53 IST 2020
Wed Aug  5 22:48:54 IST 2020
Wed Aug  5 22:48:55 IST 2020
Wed Aug  5 22:48:56 IST 2020
Wed Aug  5 22:48:57 IST 2020
Wed Aug  5 22:48:58 IST 2020
Wed Aug  5 22:48:59 IST 2020
Wed Aug  5 22:49:00 IST 2020
Wed Aug  5 22:49:01 IST 2020
Wed Aug  5 22:49:02 IST 2020
Wed Aug  5 22:49:03 IST 2020
Wed Aug  5 22:49:04 IST 2020
Wed Aug  5 22:49:05 IST 2020
Wed Aug  5 22:49:06 IST 2020
Wed Aug  5 22:49:07 IST 2020
Wed Aug  5 22:49:08 IST 2020
Wed Aug  5 22:49:09 IST 2020
Wed Aug  5 22:49:10 IST 2020
Wed Aug  5 22:49:11 IST 2020
Wed Aug  5 22:49:12 IST 2020
Wed Aug  5 22:49:13 IST 2020
Wed Aug  5 22:49:14 IST 2020
Wed Aug  5 22:49:15 IST 2020
Wed Aug  5 22:49:16 IST 2020
Wed Aug  5 22:49:17 IST 2020
Wed Aug  5 22:49:18 IST 2020
Wed Aug  5 22:49:19 IST 2020
Wed Aug  5 22:49:20 IST 2020
Wed Aug  5 22:49:21 IST 2020
Wed Aug  5 22:49:22 IST 2020
Wed Aug  5 22:49:23 IST 2020
Wed Aug  5 22:49:24 IST 2020
Wed Aug  5 22:49:25 IST 2020
Wed Aug  5 22:49:26 IST 2020
Wed Aug  5 22:49:27 IST 2020
Wed Aug  5 22:49:28 IST 2020
Wed Aug  5 22:49:29 IST 2020
Wed Aug  5 22:49:30 IST 2020
Wed Aug  5 22:49:31 IST 2020
Wed Aug  5 22:49:32 IST 2020
Wed Aug  5 22:49:33 IST 2020
Wed Aug  5 22:49:34 IST 2020
Wed Aug  5 22:49:36 IST 2020
Wed Aug  5 22:49:37 IST 2020
Wed Aug  5 22:49:38 IST 2020
Wed Aug  5 22:49:39 IST 2020
Wed Aug  5 22:49:40 IST 2020
Wed Aug  5 22:49:41 IST 2020
Wed Aug  5 22:49:42 IST 2020
Wed Aug  5 22:49:43 IST 2020
Wed Aug  5 22:49:44 IST 2020
Wed Aug  5 22:49:45 IST 2020
Wed Aug  5 22:49:46 IST 2020
Wed Aug  5 22:49:47 IST 2020
Wed Aug  5 22:49:48 IST 2020
Wed Aug  5 22:49:49 IST 2020
Wed Aug  5 22:49:50 IST 2020
Wed Aug  5 22:49:51 IST 2020
Wed Aug  5 22:49:52 IST 2020
Wed Aug  5 22:49:53 IST 2020
Wed Aug  5 22:49:54 IST 2020
Wed Aug  5 22:49:55 IST 2020
Wed Aug  5 22:49:56 IST 2020
Wed Aug  5 22:49:57 IST 2020
Wed Aug  5 22:49:58 IST 2020
Wed Aug  5 22:49:59 IST 2020
Wed Aug  5 22:50:00 IST 2020
Wed Aug  5 22:50:01 IST 2020
Wed Aug  5 22:50:02 IST 2020
Wed Aug  5 22:50:03 IST 2020
Wed Aug  5 22:50:04 IST 2020
Wed Aug  5 22:50:05 IST 2020
Wed Aug  5 22:50:06 IST 2020
Wed Aug  5 22:50:07 IST 2020
Wed Aug  5 22:50:08 IST 2020
Wed Aug  5 22:50:09 IST 2020
Wed Aug  5 22:50:10 IST 2020
Wed Aug  5 22:50:11 IST 2020
Wed Aug  5 22:50:12 IST 2020
Wed Aug  5 22:50:13 IST 2020
Wed Aug  5 22:50:14 IST 2020
Wed Aug  5 22:50:15 IST 2020
Wed Aug  5 22:50:16 IST 2020
Wed Aug  5 22:50:17 IST 2020
Wed Aug  5 22:50:18 IST 2020
Wed Aug  5 22:50:19 IST 2020
Wed Aug  5 22:50:20 IST 2020
Wed Aug  5 22:50:21 IST 2020
Wed Aug  5 22:50:22 IST 2020
Wed Aug  5 22:50:23 IST 2020
Wed Aug  5 22:50:24 IST 2020
Wed Aug  5 22:50:25 IST 2020
Wed Aug  5 22:50:26 IST 2020
Wed Aug  5 22:50:27 IST 2020
Wed Aug  5 22:50:28 IST 2020
Wed Aug  5 22:50:29 IST 2020
Wed Aug  5 22:50:30 IST 2020
Wed Aug  5 22:50:31 IST 2020
Wed Aug  5 22:50:32 IST 2020
Wed Aug  5 22:50:33 IST 2020
Wed Aug  5 22:50:34 IST 2020
Wed Aug  5 22:50:35 IST 2020
Wed Aug  5 22:50:36 IST 2020
Wed Aug  5 22:50:37 IST 2020
Wed Aug  5 22:50:38 IST 2020
Wed Aug  5 22:50:39 IST 2020
Wed Aug  5 22:50:40 IST 2020
Wed Aug  5 22:50:41 IST 2020
Wed Aug  5 22:50:42 IST 2020
Wed Aug  5 22:50:43 IST 2020
Wed Aug  5 22:50:44 IST 2020
Wed Aug  5 22:50:45 IST 2020
Wed Aug  5 22:50:46 IST 2020
Wed Aug  5 22:50:47 IST 2020
Wed Aug  5 22:50:48 IST 2020
Wed Aug  5 22:50:49 IST 2020
Wed Aug  5 22:50:50 IST 2020
Wed Aug  5 22:50:51 IST 2020
Wed Aug  5 22:50:52 IST 2020
Wed Aug  5 22:50:53 IST 2020
Wed Aug  5 22:50:54 IST 2020
Wed Aug  5 22:50:55 IST 2020
Wed Aug  5 22:50:56 IST 2020
Wed Aug  5 22:50:57 IST 2020
Wed Aug  5 22:50:58 IST 2020
Wed Aug  5 22:50:59 IST 2020
Wed Aug  5 22:51:00 IST 2020
Wed Aug  5 22:51:01 IST 2020
Wed Aug  5 22:51:02 IST 2020
Wed Aug  5 22:51:03 IST 2020
Wed Aug  5 22:51:04 IST 2020
Wed Aug  5 22:51:05 IST 2020
Wed Aug  5 22:51:06 IST 2020
Wed Aug  5 22:51:07 IST 2020
Wed Aug  5 22:51:08 IST 2020
Wed Aug  5 22:51:09 IST 2020
Wed Aug  5 22:51:10 IST 2020
Wed Aug  5 22:51:11 IST 2020
Wed Aug  5 22:51:12 IST 2020
Wed Aug  5 22:51:13 IST 2020
Wed Aug  5 22:51:14 IST 2020
Wed Aug  5 22:51:15 IST 2020
Wed Aug  5 22:51:16 IST 2020
Wed Aug  5 22:51:17 IST 2020
Wed Aug  5 22:51:18 IST 2020
Wed Aug  5 22:51:19 IST 2020
Wed Aug  5 22:51:20 IST 2020
Wed Aug  5 22:51:21 IST 2020
Wed Aug  5 22:51:22 IST 2020
Wed Aug  5 22:51:23 IST 2020
Wed Aug  5 22:51:24 IST 2020
Wed Aug  5 22:51:25 IST 2020
Wed Aug  5 22:51:26 IST 2020
Wed Aug  5 22:51:27 IST 2020
Wed Aug  5 22:51:28 IST 2020
Wed Aug  5 22:51:29 IST 2020
Wed Aug  5 22:51:30 IST 2020
Wed Aug  5 22:51:31 IST 2020
Wed Aug  5 22:51:32 IST 2020
Wed Aug  5 22:51:33 IST 2020
Wed Aug  5 22:51:34 IST 2020
Wed Aug  5 22:51:35 IST 2020
Wed Aug  5 22:51:36 IST 2020
Wed Aug  5 22:51:37 IST 2020
Wed Aug  5 22:51:38 IST 2020
Wed Aug  5 22:51:39 IST 2020
Wed Aug  5 22:51:40 IST 2020
Wed Aug  5 22:51:41 IST 2020
Wed Aug  5 22:51:42 IST 2020
Wed Aug  5 22:51:43 IST 2020
Wed Aug  5 22:51:44 IST 2020
Wed Aug  5 22:51:45 IST 2020
Wed Aug  5 22:51:46 IST 2020
Wed Aug  5 22:51:47 IST 2020
Wed Aug  5 22:51:48 IST 2020
Wed Aug  5 22:51:49 IST 2020
Wed Aug  5 22:51:50 IST 2020
Wed Aug  5 22:51:51 IST 2020
Wed Aug  5 22:51:52 IST 2020
Wed Aug  5 22:51:53 IST 2020
Wed Aug  5 22:51:54 IST 2020
Wed Aug  5 22:51:55 IST 2020
Wed Aug  5 22:51:56 IST 2020
Wed Aug  5 22:51:57 IST 2020
Wed Aug  5 22:51:58 IST 2020
Wed Aug  5 22:51:59 IST 2020
Wed Aug  5 22:52:00 IST 2020
Wed Aug  5 22:52:01 IST 2020
Wed Aug  5 22:52:02 IST 2020
Wed Aug  5 22:52:03 IST 2020
Wed Aug  5 22:52:04 IST 2020
Wed Aug  5 22:52:05 IST 2020
Wed Aug  5 22:52:06 IST 2020
Wed Aug  5 22:52:07 IST 2020
Wed Aug  5 22:52:08 IST 2020
Wed Aug  5 22:52:09 IST 2020
Wed Aug  5 22:52:10 IST 2020
Wed Aug  5 22:52:11 IST 2020
Wed Aug  5 22:52:12 IST 2020
Wed Aug  5 22:52:13 IST 2020
Wed Aug  5 22:52:14 IST 2020
Wed Aug  5 22:52:15 IST 2020
Wed Aug  5 22:52:16 IST 2020
Wed Aug  5 22:52:17 IST 2020
Wed Aug  5 22:52:18 IST 2020
Wed Aug  5 22:52:19 IST 2020
Wed Aug  5 22:52:20 IST 2020
Wed Aug  5 22:52:21 IST 2020
Wed Aug  5 22:52:22 IST 2020
Wed Aug  5 22:52:23 IST 2020
Wed Aug  5 22:52:24 IST 2020
Wed Aug  5 22:52:25 IST 2020
Wed Aug  5 22:52:26 IST 2020
Wed Aug  5 22:52:27 IST 2020
Wed Aug  5 22:52:28 IST 2020
Wed Aug  5 22:52:29 IST 2020
Wed Aug  5 22:52:30 IST 2020
Wed Aug  5 22:52:31 IST 2020
Wed Aug  5 22:52:32 IST 2020
Wed Aug  5 22:52:33 IST 2020
Wed Aug  5 22:52:34 IST 2020
Wed Aug  5 22:52:35 IST 2020
Wed Aug  5 22:52:37 IST 2020
Wed Aug  5 22:52:38 IST 2020
Wed Aug  5 22:52:39 IST 2020
Wed Aug  5 22:52:40 IST 2020
Wed Aug  5 22:52:41 IST 2020
Wed Aug  5 22:52:42 IST 2020
Wed Aug  5 22:52:43 IST 2020
Wed Aug  5 22:52:44 IST 2020
Wed Aug  5 22:52:45 IST 2020
Wed Aug  5 22:52:46 IST 2020
Wed Aug  5 22:52:47 IST 2020
Wed Aug  5 22:52:48 IST 2020
Wed Aug  5 22:52:49 IST 2020
Wed Aug  5 22:52:50 IST 2020
Wed Aug  5 22:52:51 IST 2020
Wed Aug  5 22:52:52 IST 2020
Wed Aug  5 22:52:53 IST 2020
Wed Aug  5 22:52:54 IST 2020
Wed Aug  5 22:52:55 IST 2020
Wed Aug  5 22:52:56 IST 2020
Wed Aug  5 22:52:57 IST 2020
Wed Aug  5 22:52:58 IST 2020
Wed Aug  5 22:52:59 IST 2020
Wed Aug  5 22:53:00 IST 2020
Wed Aug  5 22:53:01 IST 2020
Wed Aug  5 22:53:02 IST 2020
Wed Aug  5 22:53:03 IST 2020
Wed Aug  5 22:53:04 IST 2020
Wed Aug  5 22:53:05 IST 2020
Wed Aug  5 22:53:06 IST 2020
Wed Aug  5 22:53:07 IST 2020
Wed Aug  5 22:53:08 IST 2020
Wed Aug  5 22:53:09 IST 2020
Wed Aug  5 22:53:10 IST 2020
Wed Aug  5 22:53:11 IST 2020
Wed Aug  5 22:53:12 IST 2020
Wed Aug  5 22:53:13 IST 2020
Wed Aug  5 22:53:14 IST 2020
Wed Aug  5 22:53:15 IST 2020
Wed Aug  5 22:53:16 IST 2020
Wed Aug  5 22:53:17 IST 2020
Wed Aug  5 22:53:18 IST 2020
Wed Aug  5 22:53:19 IST 2020
Wed Aug  5 22:53:20 IST 2020
Wed Aug  5 22:53:21 IST 2020
Wed Aug  5 22:53:22 IST 2020
Wed Aug  5 22:53:23 IST 2020
Wed Aug  5 22:53:24 IST 2020
Wed Aug  5 22:53:25 IST 2020
Wed Aug  5 22:53:26 IST 2020
Wed Aug  5 22:53:27 IST 2020
Wed Aug  5 22:53:28 IST 2020
Wed Aug  5 22:53:29 IST 2020
Wed Aug  5 22:53:30 IST 2020
Wed Aug  5 22:53:31 IST 2020
Wed Aug  5 22:53:32 IST 2020
Wed Aug  5 22:53:33 IST 2020
Wed Aug  5 22:53:34 IST 2020
Wed Aug  5 22:53:35 IST 2020
Wed Aug  5 22:53:36 IST 2020
Wed Aug  5 22:53:37 IST 2020
Wed Aug  5 22:53:38 IST 2020
Wed Aug  5 22:53:39 IST 2020
Wed Aug  5 22:53:40 IST 2020
Wed Aug  5 22:53:41 IST 2020
Wed Aug  5 22:53:42 IST 2020
Wed Aug  5 22:53:43 IST 2020
Wed Aug  5 22:53:44 IST 2020
Wed Aug  5 22:53:45 IST 2020
Wed Aug  5 22:53:46 IST 2020
Wed Aug  5 22:53:47 IST 2020
Wed Aug  5 22:53:48 IST 2020
Wed Aug  5 22:53:49 IST 2020
Wed Aug  5 22:53:50 IST 2020
Wed Aug  5 22:53:51 IST 2020
Wed Aug  5 22:53:52 IST 2020
Wed Aug  5 22:53:53 IST 2020
Wed Aug  5 22:53:54 IST 2020
Wed Aug  5 22:53:55 IST 2020
Wed Aug  5 22:53:56 IST 2020
Wed Aug  5 22:53:57 IST 2020
Wed Aug  5 22:53:58 IST 2020
Wed Aug  5 22:53:59 IST 2020
Wed Aug  5 22:54:00 IST 2020
Wed Aug  5 22:54:01 IST 2020
Wed Aug  5 22:54:02 IST 2020
Wed Aug  5 22:54:04 IST 2020
Wed Aug  5 22:54:05 IST 2020
Wed Aug  5 22:54:06 IST 2020
Wed Aug  5 22:54:07 IST 2020
Wed Aug  5 22:54:08 IST 2020
Wed Aug  5 22:54:09 IST 2020
Wed Aug  5 22:54:10 IST 2020
Wed Aug  5 22:54:11 IST 2020
Wed Aug  5 22:54:12 IST 2020
Wed Aug  5 22:54:13 IST 2020
Wed Aug  5 22:54:14 IST 2020
Wed Aug  5 22:54:15 IST 2020
Wed Aug  5 22:54:16 IST 2020
Wed Aug  5 22:54:17 IST 2020
Wed Aug  5 22:54:18 IST 2020
Wed Aug  5 22:54:19 IST 2020
Wed Aug  5 22:54:20 IST 2020
Wed Aug  5 22:54:21 IST 2020
Wed Aug  5 22:54:22 IST 2020
Wed Aug  5 22:54:23 IST 2020
Wed Aug  5 22:54:24 IST 2020
Wed Aug  5 22:54:25 IST 2020
Wed Aug  5 22:54:26 IST 2020
Wed Aug  5 22:54:27 IST 2020
Wed Aug  5 22:54:28 IST 2020
Wed Aug  5 22:54:29 IST 2020
Wed Aug  5 22:54:30 IST 2020
Wed Aug  5 22:54:31 IST 2020
Wed Aug  5 22:54:32 IST 2020
Wed Aug  5 22:54:33 IST 2020
Wed Aug  5 22:54:34 IST 2020
Wed Aug  5 22:54:35 IST 2020
Wed Aug  5 22:54:36 IST 2020
Wed Aug  5 22:54:37 IST 2020
Wed Aug  5 22:54:38 IST 2020
Wed Aug  5 22:54:39 IST 2020
Wed Aug  5 22:54:40 IST 2020
Wed Aug  5 22:54:41 IST 2020
Wed Aug  5 22:54:42 IST 2020
Wed Aug  5 22:54:43 IST 2020
Wed Aug  5 22:54:44 IST 2020
Wed Aug  5 22:54:45 IST 2020
Wed Aug  5 22:54:46 IST 2020
Wed Aug  5 22:54:47 IST 2020
Wed Aug  5 22:54:48 IST 2020
Wed Aug  5 22:54:49 IST 2020
Wed Aug  5 22:54:50 IST 2020
Wed Aug  5 22:54:51 IST 2020
Wed Aug  5 22:54:52 IST 2020
Wed Aug  5 22:54:53 IST 2020
Wed Aug  5 22:54:54 IST 2020
Wed Aug  5 22:54:55 IST 2020
Wed Aug  5 22:54:56 IST 2020
Wed Aug  5 22:54:57 IST 2020
Wed Aug  5 22:54:58 IST 2020
Wed Aug  5 22:54:59 IST 2020
Wed Aug  5 22:55:00 IST 2020
Wed Aug  5 22:55:01 IST 2020
Wed Aug  5 22:55:02 IST 2020
Wed Aug  5 22:55:03 IST 2020
Wed Aug  5 22:55:04 IST 2020
Wed Aug  5 22:55:05 IST 2020
Wed Aug  5 22:55:06 IST 2020
Wed Aug  5 22:55:07 IST 2020
Wed Aug  5 22:55:08 IST 2020
Wed Aug  5 22:55:09 IST 2020
Wed Aug  5 22:55:10 IST 2020
Wed Aug  5 22:55:11 IST 2020
Wed Aug  5 22:55:12 IST 2020
Wed Aug  5 22:55:13 IST 2020
Wed Aug  5 22:55:14 IST 2020
Wed Aug  5 22:55:15 IST 2020
Wed Aug  5 22:55:16 IST 2020
Wed Aug  5 22:55:17 IST 2020
Wed Aug  5 22:55:18 IST 2020
Wed Aug  5 22:55:19 IST 2020
Wed Aug  5 22:55:20 IST 2020
Wed Aug  5 22:55:21 IST 2020
Wed Aug  5 22:55:22 IST 2020
Wed Aug  5 22:55:23 IST 2020
Wed Aug  5 22:55:24 IST 2020
Wed Aug  5 22:55:25 IST 2020
Wed Aug  5 22:55:26 IST 2020
Wed Aug  5 22:55:27 IST 2020
Wed Aug  5 22:55:28 IST 2020
Wed Aug  5 22:55:29 IST 2020
Wed Aug  5 22:55:30 IST 2020
Wed Aug  5 22:55:31 IST 2020
Wed Aug  5 22:55:32 IST 2020
Wed Aug  5 22:55:33 IST 2020
Wed Aug  5 22:55:34 IST 2020
Wed Aug  5 22:55:35 IST 2020
Wed Aug  5 22:55:36 IST 2020
Wed Aug  5 22:55:37 IST 2020
Wed Aug  5 22:55:38 IST 2020
Wed Aug  5 22:55:39 IST 2020
Wed Aug  5 22:55:40 IST 2020
Wed Aug  5 22:55:41 IST 2020
Wed Aug  5 22:55:42 IST 2020
Wed Aug  5 22:55:43 IST 2020
Wed Aug  5 22:55:44 IST 2020
Wed Aug  5 22:55:45 IST 2020
Wed Aug  5 22:55:46 IST 2020
Wed Aug  5 22:55:48 IST 2020
Wed Aug  5 22:55:49 IST 2020
Wed Aug  5 22:55:50 IST 2020
Wed Aug  5 22:55:52 IST 2020
Wed Aug  5 22:55:54 IST 2020
Wed Aug  5 22:55:55 IST 2020
Wed Aug  5 22:55:56 IST 2020
Wed Aug  5 22:55:57 IST 2020
Wed Aug  5 22:55:58 IST 2020
Wed Aug  5 22:55:59 IST 2020
Wed Aug  5 22:56:00 IST 2020
Wed Aug  5 22:56:01 IST 2020
Wed Aug  5 22:56:02 IST 2020
Wed Aug  5 22:56:03 IST 2020
Wed Aug  5 22:56:04 IST 2020
Wed Aug  5 22:56:05 IST 2020
Wed Aug  5 22:56:06 IST 2020
Wed Aug  5 22:56:07 IST 2020
Wed Aug  5 22:56:08 IST 2020
Wed Aug  5 22:56:09 IST 2020
Wed Aug  5 22:56:10 IST 2020
Wed Aug  5 22:56:11 IST 2020
Wed Aug  5 22:56:12 IST 2020
Wed Aug  5 22:56:13 IST 2020
Wed Aug  5 22:56:14 IST 2020
Wed Aug  5 22:56:15 IST 2020
Wed Aug  5 22:56:16 IST 2020
Wed Aug  5 22:56:17 IST 2020
Wed Aug  5 22:56:18 IST 2020
Wed Aug  5 22:56:19 IST 2020
Wed Aug  5 22:56:20 IST 2020
Wed Aug  5 22:56:21 IST 2020
Wed Aug  5 22:56:23 IST 2020
Wed Aug  5 22:56:24 IST 2020
Wed Aug  5 22:56:25 IST 2020
Wed Aug  5 22:56:28 IST 2020
Wed Aug  5 22:56:29 IST 2020
Wed Aug  5 22:56:30 IST 2020
Wed Aug  5 22:56:31 IST 2020
Wed Aug  5 22:56:32 IST 2020
Wed Aug  5 22:56:33 IST 2020
Wed Aug  5 22:56:34 IST 2020
Wed Aug  5 22:56:35 IST 2020
Wed Aug  5 22:56:36 IST 2020
Wed Aug  5 22:56:37 IST 2020
Wed Aug  5 22:56:38 IST 2020
Wed Aug  5 22:56:39 IST 2020
Wed Aug  5 22:56:40 IST 2020
Wed Aug  5 22:56:41 IST 2020
Wed Aug  5 22:56:42 IST 2020
Wed Aug  5 22:56:43 IST 2020
Wed Aug  5 22:56:44 IST 2020
Wed Aug  5 22:56:46 IST 2020
Wed Aug  5 22:56:47 IST 2020
Wed Aug  5 22:56:48 IST 2020
Wed Aug  5 22:56:49 IST 2020
Wed Aug  5 22:56:50 IST 2020
Wed Aug  5 22:56:51 IST 2020
Wed Aug  5 22:56:52 IST 2020
Wed Aug  5 22:56:53 IST 2020
Wed Aug  5 22:56:54 IST 2020
Wed Aug  5 22:56:55 IST 2020
Wed Aug  5 22:56:56 IST 2020
Wed Aug  5 22:56:57 IST 2020
Wed Aug  5 22:56:58 IST 2020
Wed Aug  5 22:56:59 IST 2020
Wed Aug  5 22:57:00 IST 2020
Wed Aug  5 22:57:01 IST 2020
Wed Aug  5 22:57:02 IST 2020
Wed Aug  5 22:57:03 IST 2020
Wed Aug  5 22:57:04 IST 2020
Wed Aug  5 22:57:05 IST 2020
Wed Aug  5 22:57:06 IST 2020
Wed Aug  5 22:57:07 IST 2020
Wed Aug  5 22:57:08 IST 2020
Wed Aug  5 22:57:09 IST 2020
Wed Aug  5 22:57:10 IST 2020
Wed Aug  5 22:57:11 IST 2020
Wed Aug  5 22:57:12 IST 2020
Wed Aug  5 22:57:13 IST 2020
Wed Aug  5 22:57:14 IST 2020
Wed Aug  5 22:57:15 IST 2020
Wed Aug  5 22:57:16 IST 2020
Wed Aug  5 22:57:17 IST 2020
Wed Aug  5 22:57:18 IST 2020
Wed Aug  5 22:57:19 IST 2020
Wed Aug  5 22:57:20 IST 2020
Wed Aug  5 22:57:21 IST 2020
Wed Aug  5 22:57:22 IST 2020
Wed Aug  5 22:57:23 IST 2020
Wed Aug  5 22:57:24 IST 2020
Wed Aug  5 22:57:25 IST 2020
Wed Aug  5 22:57:26 IST 2020
Wed Aug  5 22:57:27 IST 2020
Wed Aug  5 22:57:28 IST 2020
Wed Aug  5 22:57:29 IST 2020
Wed Aug  5 22:57:30 IST 2020
Wed Aug  5 22:57:31 IST 2020
Wed Aug  5 22:57:32 IST 2020
Wed Aug  5 22:57:33 IST 2020
Wed Aug  5 22:57:34 IST 2020
Wed Aug  5 22:57:35 IST 2020
Wed Aug  5 22:57:36 IST 2020
Wed Aug  5 22:57:37 IST 2020
Wed Aug  5 22:57:38 IST 2020
Wed Aug  5 22:57:39 IST 2020
Wed Aug  5 22:57:40 IST 2020
Wed Aug  5 22:57:41 IST 2020
Wed Aug  5 22:57:42 IST 2020
Wed Aug  5 22:57:43 IST 2020
Wed Aug  5 22:57:44 IST 2020
Wed Aug  5 22:57:45 IST 2020
Wed Aug  5 22:57:46 IST 2020
Wed Aug  5 22:57:47 IST 2020
Wed Aug  5 22:57:48 IST 2020
Wed Aug  5 22:57:49 IST 2020
Wed Aug  5 22:57:50 IST 2020
Wed Aug  5 22:57:51 IST 2020
Wed Aug  5 22:57:52 IST 2020
Wed Aug  5 22:57:53 IST 2020
Wed Aug  5 22:57:54 IST 2020
Wed Aug  5 22:57:55 IST 2020
Wed Aug  5 22:57:57 IST 2020
Wed Aug  5 22:57:58 IST 2020
Wed Aug  5 22:57:59 IST 2020
Wed Aug  5 22:58:00 IST 2020
Wed Aug  5 22:58:01 IST 2020
Wed Aug  5 22:58:02 IST 2020
Wed Aug  5 22:58:03 IST 2020
Wed Aug  5 22:58:04 IST 2020
Wed Aug  5 22:58:05 IST 2020
Wed Aug  5 22:58:06 IST 2020
Wed Aug  5 22:58:07 IST 2020
Wed Aug  5 22:58:08 IST 2020
Wed Aug  5 22:58:09 IST 2020
Wed Aug  5 22:58:10 IST 2020
Wed Aug  5 22:58:11 IST 2020
Wed Aug  5 22:58:12 IST 2020
Wed Aug  5 22:58:13 IST 2020
Wed Aug  5 22:58:14 IST 2020
Wed Aug  5 22:58:15 IST 2020
Wed Aug  5 22:58:16 IST 2020
Wed Aug  5 22:58:17 IST 2020
Wed Aug  5 22:58:18 IST 2020
Wed Aug  5 22:58:19 IST 2020
Wed Aug  5 22:58:20 IST 2020
Wed Aug  5 22:58:21 IST 2020
Wed Aug  5 22:58:22 IST 2020
Wed Aug  5 22:58:23 IST 2020
Wed Aug  5 22:58:24 IST 2020
Wed Aug  5 22:58:25 IST 2020
Wed Aug  5 22:58:26 IST 2020
Wed Aug  5 22:58:27 IST 2020
Wed Aug  5 22:58:28 IST 2020
Wed Aug  5 22:58:29 IST 2020
Wed Aug  5 22:58:30 IST 2020
Wed Aug  5 22:58:31 IST 2020
Wed Aug  5 22:58:32 IST 2020
Wed Aug  5 22:58:33 IST 2020
Wed Aug  5 22:58:34 IST 2020
Wed Aug  5 22:58:35 IST 2020
Wed Aug  5 22:58:36 IST 2020
Wed Aug  5 22:58:37 IST 2020
Wed Aug  5 22:58:38 IST 2020
Wed Aug  5 22:58:39 IST 2020
Wed Aug  5 22:58:40 IST 2020
Wed Aug  5 22:58:41 IST 2020
Wed Aug  5 22:58:42 IST 2020
Wed Aug  5 22:58:43 IST 2020
Wed Aug  5 22:58:44 IST 2020
Wed Aug  5 22:58:45 IST 2020
Wed Aug  5 22:58:46 IST 2020
Wed Aug  5 22:58:47 IST 2020
Wed Aug  5 22:58:48 IST 2020
Wed Aug  5 22:58:49 IST 2020
Wed Aug  5 22:58:50 IST 2020
Wed Aug  5 22:58:51 IST 2020
Wed Aug  5 22:58:52 IST 2020
Wed Aug  5 22:58:53 IST 2020
Wed Aug  5 22:58:54 IST 2020
Wed Aug  5 22:58:55 IST 2020
Wed Aug  5 22:58:56 IST 2020
Wed Aug  5 22:58:57 IST 2020
Wed Aug  5 22:58:58 IST 2020
Wed Aug  5 22:58:59 IST 2020
Wed Aug  5 22:59:00 IST 2020
Wed Aug  5 22:59:01 IST 2020
Wed Aug  5 22:59:02 IST 2020
Wed Aug  5 22:59:03 IST 2020
Wed Aug  5 22:59:04 IST 2020
Wed Aug  5 22:59:05 IST 2020
Wed Aug  5 22:59:06 IST 2020
Wed Aug  5 22:59:07 IST 2020
Wed Aug  5 22:59:08 IST 2020
Wed Aug  5 22:59:09 IST 2020
Wed Aug  5 22:59:10 IST 2020
Wed Aug  5 22:59:11 IST 2020
Wed Aug  5 22:59:13 IST 2020
Wed Aug  5 22:59:14 IST 2020
Wed Aug  5 22:59:15 IST 2020
Wed Aug  5 22:59:16 IST 2020
Wed Aug  5 22:59:17 IST 2020
Wed Aug  5 22:59:18 IST 2020
Wed Aug  5 22:59:19 IST 2020
Wed Aug  5 22:59:20 IST 2020
Wed Aug  5 22:59:21 IST 2020
Wed Aug  5 22:59:22 IST 2020
Wed Aug  5 22:59:23 IST 2020
Wed Aug  5 22:59:24 IST 2020
Wed Aug  5 22:59:25 IST 2020
Wed Aug  5 22:59:26 IST 2020
Wed Aug  5 22:59:27 IST 2020
Wed Aug  5 22:59:28 IST 2020
Wed Aug  5 22:59:29 IST 2020
Wed Aug  5 22:59:30 IST 2020
Wed Aug  5 22:59:31 IST 2020
Wed Aug  5 22:59:32 IST 2020
Wed Aug  5 22:59:33 IST 2020
Wed Aug  5 22:59:34 IST 2020
Wed Aug  5 22:59:35 IST 2020
Wed Aug  5 22:59:36 IST 2020
Wed Aug  5 22:59:37 IST 2020
Wed Aug  5 22:59:38 IST 2020
Wed Aug  5 22:59:39 IST 2020
Wed Aug  5 22:59:40 IST 2020
Wed Aug  5 22:59:41 IST 2020
Wed Aug  5 22:59:42 IST 2020
Wed Aug  5 22:59:43 IST 2020
Wed Aug  5 22:59:44 IST 2020
Wed Aug  5 22:59:45 IST 2020
Wed Aug  5 22:59:46 IST 2020
Wed Aug  5 22:59:47 IST 2020
Wed Aug  5 22:59:48 IST 2020
Wed Aug  5 22:59:49 IST 2020
Wed Aug  5 22:59:50 IST 2020
Wed Aug  5 22:59:51 IST 2020
Wed Aug  5 22:59:52 IST 2020
Wed Aug  5 22:59:53 IST 2020
Wed Aug  5 22:59:54 IST 2020
Wed Aug  5 22:59:55 IST 2020
Wed Aug  5 22:59:56 IST 2020
Wed Aug  5 22:59:57 IST 2020
Wed Aug  5 22:59:58 IST 2020
Wed Aug  5 22:59:59 IST 2020
Wed Aug  5 23:00:00 IST 2020
Wed Aug  5 23:00:01 IST 2020
Wed Aug  5 23:00:02 IST 2020
Wed Aug  5 23:00:03 IST 2020
Wed Aug  5 23:00:04 IST 2020
Wed Aug  5 23:00:05 IST 2020
Wed Aug  5 23:00:06 IST 2020
Wed Aug  5 23:00:07 IST 2020
Wed Aug  5 23:00:08 IST 2020
Wed Aug  5 23:00:09 IST 2020
Wed Aug  5 23:00:10 IST 2020
Wed Aug  5 23:00:11 IST 2020
Wed Aug  5 23:00:12 IST 2020
Wed Aug  5 23:00:13 IST 2020
Wed Aug  5 23:00:14 IST 2020
Wed Aug  5 23:00:15 IST 2020
Wed Aug  5 23:00:16 IST 2020
Wed Aug  5 23:00:17 IST 2020
Wed Aug  5 23:00:18 IST 2020
Wed Aug  5 23:00:19 IST 2020
Wed Aug  5 23:00:20 IST 2020
Wed Aug  5 23:00:21 IST 2020
Wed Aug  5 23:00:22 IST 2020
Wed Aug  5 23:00:23 IST 2020
Wed Aug  5 23:00:24 IST 2020
Wed Aug  5 23:00:25 IST 2020
Wed Aug  5 23:00:26 IST 2020
Wed Aug  5 23:00:27 IST 2020
Wed Aug  5 23:00:28 IST 2020
Wed Aug  5 23:00:29 IST 2020
Wed Aug  5 23:00:30 IST 2020
Wed Aug  5 23:00:31 IST 2020
Wed Aug  5 23:00:32 IST 2020
Wed Aug  5 23:00:33 IST 2020
Wed Aug  5 23:00:34 IST 2020
Wed Aug  5 23:00:35 IST 2020
Wed Aug  5 23:00:36 IST 2020
Wed Aug  5 23:00:37 IST 2020
Wed Aug  5 23:00:38 IST 2020
Wed Aug  5 23:00:39 IST 2020
Wed Aug  5 23:00:40 IST 2020
Wed Aug  5 23:00:41 IST 2020
Wed Aug  5 23:00:42 IST 2020
Wed Aug  5 23:00:43 IST 2020
Wed Aug  5 23:00:44 IST 2020
Wed Aug  5 23:00:45 IST 2020
Wed Aug  5 23:00:46 IST 2020
Wed Aug  5 23:00:47 IST 2020
Wed Aug  5 23:00:48 IST 2020
Wed Aug  5 23:00:49 IST 2020
Wed Aug  5 23:00:51 IST 2020
Wed Aug  5 23:00:53 IST 2020
Wed Aug  5 23:00:54 IST 2020
Wed Aug  5 23:00:55 IST 2020
Wed Aug  5 23:00:56 IST 2020
Wed Aug  5 23:00:57 IST 2020
Wed Aug  5 23:00:58 IST 2020
Wed Aug  5 23:00:59 IST 2020
Wed Aug  5 23:01:00 IST 2020
Wed Aug  5 23:01:01 IST 2020
Wed Aug  5 23:01:02 IST 2020
Wed Aug  5 23:01:03 IST 2020
Wed Aug  5 23:01:04 IST 2020
Wed Aug  5 23:01:05 IST 2020
Wed Aug  5 23:01:06 IST 2020
Wed Aug  5 23:01:07 IST 2020
Wed Aug  5 23:01:08 IST 2020
Wed Aug  5 23:01:09 IST 2020
Wed Aug  5 23:01:10 IST 2020
Wed Aug  5 23:01:11 IST 2020
Wed Aug  5 23:01:12 IST 2020
Wed Aug  5 23:01:13 IST 2020
Wed Aug  5 23:01:14 IST 2020
Wed Aug  5 23:01:15 IST 2020
Wed Aug  5 23:01:16 IST 2020
Wed Aug  5 23:01:17 IST 2020
Wed Aug  5 23:01:18 IST 2020
Wed Aug  5 23:01:19 IST 2020
Wed Aug  5 23:01:20 IST 2020
Wed Aug  5 23:01:21 IST 2020
Wed Aug  5 23:01:22 IST 2020
Wed Aug  5 23:01:23 IST 2020
Wed Aug  5 23:01:24 IST 2020
Wed Aug  5 23:01:25 IST 2020
Wed Aug  5 23:01:26 IST 2020
Wed Aug  5 23:01:27 IST 2020
Wed Aug  5 23:01:28 IST 2020
Wed Aug  5 23:01:29 IST 2020
Wed Aug  5 23:01:30 IST 2020
Wed Aug  5 23:01:31 IST 2020
Wed Aug  5 23:01:32 IST 2020
Wed Aug  5 23:01:33 IST 2020
Wed Aug  5 23:01:34 IST 2020
Wed Aug  5 23:01:35 IST 2020
Wed Aug  5 23:01:36 IST 2020
Wed Aug  5 23:01:37 IST 2020
Wed Aug  5 23:01:38 IST 2020
Wed Aug  5 23:01:39 IST 2020
Wed Aug  5 23:01:40 IST 2020
Wed Aug  5 23:01:41 IST 2020
Wed Aug  5 23:01:42 IST 2020
Wed Aug  5 23:01:43 IST 2020
Wed Aug  5 23:01:44 IST 2020
Wed Aug  5 23:01:45 IST 2020
Wed Aug  5 23:01:46 IST 2020
Wed Aug  5 23:01:47 IST 2020
Wed Aug  5 23:01:48 IST 2020
Wed Aug  5 23:01:49 IST 2020
Wed Aug  5 23:01:50 IST 2020
Wed Aug  5 23:01:51 IST 2020
Wed Aug  5 23:01:52 IST 2020
Wed Aug  5 23:01:53 IST 2020
Wed Aug  5 23:01:54 IST 2020
Wed Aug  5 23:01:55 IST 2020
Wed Aug  5 23:01:56 IST 2020
Wed Aug  5 23:01:57 IST 2020
Wed Aug  5 23:01:58 IST 2020
Wed Aug  5 23:01:59 IST 2020
Wed Aug  5 23:02:00 IST 2020
Wed Aug  5 23:02:01 IST 2020
Wed Aug  5 23:02:02 IST 2020
Wed Aug  5 23:02:03 IST 2020
Wed Aug  5 23:02:04 IST 2020
Wed Aug  5 23:02:05 IST 2020
Wed Aug  5 23:02:06 IST 2020
Wed Aug  5 23:02:07 IST 2020
Wed Aug  5 23:02:08 IST 2020
Wed Aug  5 23:02:09 IST 2020
Wed Aug  5 23:02:10 IST 2020
Wed Aug  5 23:02:11 IST 2020
Wed Aug  5 23:02:12 IST 2020
Wed Aug  5 23:02:14 IST 2020
Wed Aug  5 23:02:15 IST 2020
Wed Aug  5 23:02:16 IST 2020
Wed Aug  5 23:02:17 IST 2020
Wed Aug  5 23:02:18 IST 2020
Wed Aug  5 23:02:19 IST 2020
Wed Aug  5 23:02:20 IST 2020
Wed Aug  5 23:02:21 IST 2020
Wed Aug  5 23:02:22 IST 2020
Wed Aug  5 23:02:23 IST 2020
Wed Aug  5 23:02:24 IST 2020
Wed Aug  5 23:02:25 IST 2020
Wed Aug  5 23:02:26 IST 2020
Wed Aug  5 23:02:27 IST 2020
Wed Aug  5 23:02:28 IST 2020
Wed Aug  5 23:02:29 IST 2020
Wed Aug  5 23:02:30 IST 2020
Wed Aug  5 23:02:31 IST 2020
Wed Aug  5 23:02:32 IST 2020
Wed Aug  5 23:02:33 IST 2020
Wed Aug  5 23:02:34 IST 2020
Wed Aug  5 23:02:35 IST 2020
Wed Aug  5 23:02:36 IST 2020
Wed Aug  5 23:02:37 IST 2020
Wed Aug  5 23:02:38 IST 2020
Wed Aug  5 23:02:39 IST 2020
Wed Aug  5 23:02:40 IST 2020
Wed Aug  5 23:02:41 IST 2020
Wed Aug  5 23:02:42 IST 2020
Wed Aug  5 23:02:43 IST 2020
Wed Aug  5 23:02:44 IST 2020
Wed Aug  5 23:02:45 IST 2020
Wed Aug  5 23:02:46 IST 2020
Wed Aug  5 23:02:47 IST 2020
Wed Aug  5 23:02:48 IST 2020
Wed Aug  5 23:02:49 IST 2020
Wed Aug  5 23:02:50 IST 2020
Wed Aug  5 23:02:51 IST 2020
Wed Aug  5 23:02:52 IST 2020
Wed Aug  5 23:02:53 IST 2020
Wed Aug  5 23:02:54 IST 2020
Wed Aug  5 23:02:55 IST 2020
Wed Aug  5 23:02:56 IST 2020
Wed Aug  5 23:02:57 IST 2020
Wed Aug  5 23:02:58 IST 2020
Wed Aug  5 23:02:59 IST 2020
Wed Aug  5 23:03:00 IST 2020
Wed Aug  5 23:03:01 IST 2020
Wed Aug  5 23:03:02 IST 2020
Wed Aug  5 23:03:03 IST 2020
Wed Aug  5 23:03:04 IST 2020
Wed Aug  5 23:03:05 IST 2020
Wed Aug  5 23:03:06 IST 2020
Wed Aug  5 23:03:07 IST 2020
Wed Aug  5 23:03:08 IST 2020
Wed Aug  5 23:03:09 IST 2020
Wed Aug  5 23:03:10 IST 2020
Wed Aug  5 23:03:11 IST 2020
Wed Aug  5 23:03:12 IST 2020
Wed Aug  5 23:03:13 IST 2020
Wed Aug  5 23:03:14 IST 2020
Wed Aug  5 23:03:15 IST 2020
Wed Aug  5 23:03:16 IST 2020
Wed Aug  5 23:03:17 IST 2020
Wed Aug  5 23:03:18 IST 2020
Wed Aug  5 23:03:19 IST 2020
Wed Aug  5 23:03:20 IST 2020
Wed Aug  5 23:03:21 IST 2020
Wed Aug  5 23:03:22 IST 2020
Wed Aug  5 23:03:23 IST 2020
Wed Aug  5 23:03:24 IST 2020
Wed Aug  5 23:03:25 IST 2020
Wed Aug  5 23:03:26 IST 2020
Wed Aug  5 23:03:27 IST 2020
Wed Aug  5 23:03:28 IST 2020
Wed Aug  5 23:03:29 IST 2020
Wed Aug  5 23:03:30 IST 2020
Wed Aug  5 23:03:31 IST 2020
Wed Aug  5 23:03:32 IST 2020
Wed Aug  5 23:03:33 IST 2020
Wed Aug  5 23:03:34 IST 2020
Wed Aug  5 23:03:35 IST 2020
Wed Aug  5 23:03:36 IST 2020
Wed Aug  5 23:03:37 IST 2020
Wed Aug  5 23:03:38 IST 2020
Wed Aug  5 23:03:39 IST 2020
Wed Aug  5 23:03:40 IST 2020
Wed Aug  5 23:03:41 IST 2020
Wed Aug  5 23:03:42 IST 2020
Wed Aug  5 23:03:43 IST 2020
Wed Aug  5 23:03:45 IST 2020
Wed Aug  5 23:03:46 IST 2020
Wed Aug  5 23:03:47 IST 2020
Wed Aug  5 23:03:48 IST 2020
Wed Aug  5 23:03:49 IST 2020
Wed Aug  5 23:03:50 IST 2020
Wed Aug  5 23:03:51 IST 2020
Wed Aug  5 23:03:52 IST 2020
Wed Aug  5 23:03:53 IST 2020
Wed Aug  5 23:03:54 IST 2020
Wed Aug  5 23:03:55 IST 2020
Wed Aug  5 23:03:56 IST 2020
Wed Aug  5 23:03:57 IST 2020
Wed Aug  5 23:03:58 IST 2020
Wed Aug  5 23:03:59 IST 2020
Wed Aug  5 23:04:00 IST 2020
Wed Aug  5 23:04:01 IST 2020
Wed Aug  5 23:04:02 IST 2020
Wed Aug  5 23:04:03 IST 2020
Wed Aug  5 23:04:04 IST 2020
Wed Aug  5 23:04:05 IST 2020
Wed Aug  5 23:04:06 IST 2020
Wed Aug  5 23:04:07 IST 2020
Wed Aug  5 23:04:08 IST 2020
Wed Aug  5 23:04:09 IST 2020
Wed Aug  5 23:04:10 IST 2020
Wed Aug  5 23:04:11 IST 2020
Wed Aug  5 23:04:12 IST 2020
Wed Aug  5 23:04:13 IST 2020
Wed Aug  5 23:04:14 IST 2020
Wed Aug  5 23:04:15 IST 2020
Wed Aug  5 23:04:16 IST 2020
Wed Aug  5 23:04:17 IST 2020
Wed Aug  5 23:04:18 IST 2020
Wed Aug  5 23:04:19 IST 2020
Wed Aug  5 23:04:20 IST 2020
Wed Aug  5 23:04:21 IST 2020
Wed Aug  5 23:04:22 IST 2020
Wed Aug  5 23:04:23 IST 2020
Wed Aug  5 23:04:24 IST 2020
Wed Aug  5 23:04:25 IST 2020
Wed Aug  5 23:04:26 IST 2020
Wed Aug  5 23:04:27 IST 2020
Wed Aug  5 23:04:28 IST 2020
Wed Aug  5 23:04:29 IST 2020
Wed Aug  5 23:04:30 IST 2020
Wed Aug  5 23:04:31 IST 2020
Wed Aug  5 23:04:32 IST 2020
Wed Aug  5 23:04:33 IST 2020
Wed Aug  5 23:04:34 IST 2020
Wed Aug  5 23:04:35 IST 2020
Wed Aug  5 23:04:36 IST 2020
Wed Aug  5 23:04:37 IST 2020
Wed Aug  5 23:04:38 IST 2020
Wed Aug  5 23:04:39 IST 2020
Wed Aug  5 23:04:40 IST 2020
Wed Aug  5 23:04:41 IST 2020
Wed Aug  5 23:04:42 IST 2020
Wed Aug  5 23:04:43 IST 2020
Wed Aug  5 23:04:44 IST 2020
Wed Aug  5 23:04:45 IST 2020
Wed Aug  5 23:04:46 IST 2020
Wed Aug  5 23:04:47 IST 2020
Wed Aug  5 23:04:48 IST 2020
Wed Aug  5 23:04:49 IST 2020
Wed Aug  5 23:04:50 IST 2020
Wed Aug  5 23:04:51 IST 2020
Wed Aug  5 23:04:52 IST 2020
Wed Aug  5 23:04:53 IST 2020
Wed Aug  5 23:04:54 IST 2020
Wed Aug  5 23:04:55 IST 2020
Wed Aug  5 23:04:56 IST 2020
Wed Aug  5 23:04:57 IST 2020
Wed Aug  5 23:04:58 IST 2020
Wed Aug  5 23:04:59 IST 2020
Wed Aug  5 23:05:00 IST 2020
Wed Aug  5 23:05:01 IST 2020
Wed Aug  5 23:05:02 IST 2020
Wed Aug  5 23:05:03 IST 2020
Wed Aug  5 23:05:04 IST 2020
Wed Aug  5 23:05:05 IST 2020
Wed Aug  5 23:05:06 IST 2020
Wed Aug  5 23:05:07 IST 2020
Wed Aug  5 23:05:08 IST 2020
Wed Aug  5 23:05:09 IST 2020
Wed Aug  5 23:05:10 IST 2020
Wed Aug  5 23:05:11 IST 2020
Wed Aug  5 23:05:12 IST 2020
Wed Aug  5 23:05:13 IST 2020
Wed Aug  5 23:05:14 IST 2020
Wed Aug  5 23:05:15 IST 2020
Wed Aug  5 23:05:16 IST 2020
Wed Aug  5 23:05:17 IST 2020
Wed Aug  5 23:05:18 IST 2020
Wed Aug  5 23:05:19 IST 2020
Wed Aug  5 23:05:20 IST 2020
Wed Aug  5 23:05:21 IST 2020
Wed Aug  5 23:05:22 IST 2020
Wed Aug  5 23:05:23 IST 2020
Wed Aug  5 23:05:24 IST 2020
Wed Aug  5 23:05:25 IST 2020
Wed Aug  5 23:05:27 IST 2020
Wed Aug  5 23:05:28 IST 2020
Wed Aug  5 23:05:30 IST 2020
Wed Aug  5 23:05:35 IST 2020
Wed Aug  5 23:05:36 IST 2020
Wed Aug  5 23:05:37 IST 2020
Wed Aug  5 23:05:39 IST 2020
Wed Aug  5 23:05:40 IST 2020
Wed Aug  5 23:05:41 IST 2020
Wed Aug  5 23:05:42 IST 2020
Wed Aug  5 23:05:43 IST 2020
Wed Aug  5 23:05:44 IST 2020
Wed Aug  5 23:05:45 IST 2020
Wed Aug  5 23:05:46 IST 2020
Wed Aug  5 23:05:47 IST 2020
Wed Aug  5 23:05:48 IST 2020
Wed Aug  5 23:05:50 IST 2020
Wed Aug  5 23:05:51 IST 2020
Wed Aug  5 23:05:52 IST 2020
Wed Aug  5 23:05:53 IST 2020
Wed Aug  5 23:05:54 IST 2020
Wed Aug  5 23:05:55 IST 2020
Wed Aug  5 23:05:56 IST 2020
Wed Aug  5 23:05:57 IST 2020
Wed Aug  5 23:05:58 IST 2020
Wed Aug  5 23:05:59 IST 2020
Wed Aug  5 23:06:00 IST 2020
Wed Aug  5 23:06:01 IST 2020
Wed Aug  5 23:06:02 IST 2020
Wed Aug  5 23:06:03 IST 2020
Wed Aug  5 23:06:04 IST 2020
Wed Aug  5 23:06:05 IST 2020
Wed Aug  5 23:06:06 IST 2020
Wed Aug  5 23:06:07 IST 2020
Wed Aug  5 23:06:08 IST 2020
Wed Aug  5 23:06:09 IST 2020
Wed Aug  5 23:06:10 IST 2020
Wed Aug  5 23:06:11 IST 2020
Wed Aug  5 23:06:12 IST 2020
Wed Aug  5 23:06:13 IST 2020
Wed Aug  5 23:06:14 IST 2020
Wed Aug  5 23:06:15 IST 2020
Wed Aug  5 23:06:16 IST 2020
Wed Aug  5 23:06:17 IST 2020
Wed Aug  5 23:06:19 IST 2020
Wed Aug  5 23:06:20 IST 2020
Wed Aug  5 23:06:21 IST 2020
Wed Aug  5 23:06:22 IST 2020
Wed Aug  5 23:06:23 IST 2020
Wed Aug  5 23:06:24 IST 2020
Wed Aug  5 23:06:25 IST 2020
Wed Aug  5 23:06:26 IST 2020
Wed Aug  5 23:06:27 IST 2020
Wed Aug  5 23:06:28 IST 2020
Wed Aug  5 23:06:29 IST 2020
Wed Aug  5 23:06:30 IST 2020
Wed Aug  5 23:06:31 IST 2020
Wed Aug  5 23:06:32 IST 2020
Wed Aug  5 23:06:33 IST 2020
Wed Aug  5 23:06:34 IST 2020
Wed Aug  5 23:06:35 IST 2020
Wed Aug  5 23:06:36 IST 2020
Wed Aug  5 23:06:37 IST 2020
Wed Aug  5 23:06:38 IST 2020
Wed Aug  5 23:06:39 IST 2020
Wed Aug  5 23:06:40 IST 2020
Wed Aug  5 23:06:41 IST 2020
Wed Aug  5 23:06:42 IST 2020
Wed Aug  5 23:06:43 IST 2020
Wed Aug  5 23:06:44 IST 2020
Wed Aug  5 23:06:45 IST 2020
Wed Aug  5 23:06:46 IST 2020
Wed Aug  5 23:06:47 IST 2020
Wed Aug  5 23:06:48 IST 2020
Wed Aug  5 23:06:49 IST 2020
Wed Aug  5 23:06:50 IST 2020
Wed Aug  5 23:06:51 IST 2020
Wed Aug  5 23:06:52 IST 2020
Wed Aug  5 23:06:53 IST 2020
Wed Aug  5 23:06:54 IST 2020
Wed Aug  5 23:06:55 IST 2020
Wed Aug  5 23:06:56 IST 2020
Wed Aug  5 23:06:57 IST 2020
Wed Aug  5 23:06:58 IST 2020
Wed Aug  5 23:06:59 IST 2020
Wed Aug  5 23:07:00 IST 2020
Wed Aug  5 23:07:01 IST 2020
Wed Aug  5 23:07:02 IST 2020
Wed Aug  5 23:07:03 IST 2020
Wed Aug  5 23:07:04 IST 2020
Wed Aug  5 23:07:05 IST 2020
Wed Aug  5 23:07:06 IST 2020
Wed Aug  5 23:07:07 IST 2020
Wed Aug  5 23:07:08 IST 2020
Wed Aug  5 23:07:09 IST 2020
Wed Aug  5 23:07:10 IST 2020
Wed Aug  5 23:07:11 IST 2020
Wed Aug  5 23:07:12 IST 2020
Wed Aug  5 23:07:13 IST 2020
Wed Aug  5 23:07:14 IST 2020
Wed Aug  5 23:07:15 IST 2020
Wed Aug  5 23:07:16 IST 2020
Wed Aug  5 23:07:17 IST 2020
Wed Aug  5 23:07:18 IST 2020
Wed Aug  5 23:07:19 IST 2020
Wed Aug  5 23:07:20 IST 2020
Wed Aug  5 23:07:21 IST 2020
Wed Aug  5 23:07:22 IST 2020
Wed Aug  5 23:07:23 IST 2020
Wed Aug  5 23:07:24 IST 2020
Wed Aug  5 23:07:25 IST 2020
Wed Aug  5 23:07:26 IST 2020
Wed Aug  5 23:07:27 IST 2020
Wed Aug  5 23:07:28 IST 2020
Wed Aug  5 23:07:29 IST 2020
Wed Aug  5 23:07:30 IST 2020
Wed Aug  5 23:07:31 IST 2020
Wed Aug  5 23:07:32 IST 2020
Wed Aug  5 23:07:33 IST 2020
Wed Aug  5 23:07:34 IST 2020
Wed Aug  5 23:07:35 IST 2020
Wed Aug  5 23:07:36 IST 2020
Wed Aug  5 23:07:37 IST 2020
Wed Aug  5 23:07:38 IST 2020
Wed Aug  5 23:07:39 IST 2020
Wed Aug  5 23:07:40 IST 2020
Wed Aug  5 23:07:41 IST 2020
Wed Aug  5 23:07:42 IST 2020
Wed Aug  5 23:07:43 IST 2020
Wed Aug  5 23:07:44 IST 2020
Wed Aug  5 23:07:45 IST 2020
Wed Aug  5 23:07:46 IST 2020
Wed Aug  5 23:07:47 IST 2020
Wed Aug  5 23:07:48 IST 2020
Wed Aug  5 23:07:49 IST 2020
Wed Aug  5 23:07:50 IST 2020
Wed Aug  5 23:07:51 IST 2020
Wed Aug  5 23:07:52 IST 2020
Wed Aug  5 23:07:53 IST 2020
Wed Aug  5 23:07:54 IST 2020
Wed Aug  5 23:07:55 IST 2020
Wed Aug  5 23:07:56 IST 2020
Wed Aug  5 23:07:57 IST 2020
Wed Aug  5 23:07:58 IST 2020
Wed Aug  5 23:07:59 IST 2020
Wed Aug  5 23:08:00 IST 2020
Wed Aug  5 23:08:01 IST 2020
Wed Aug  5 23:08:02 IST 2020
Wed Aug  5 23:08:03 IST 2020
Wed Aug  5 23:08:04 IST 2020
Wed Aug  5 23:08:05 IST 2020
Wed Aug  5 23:08:06 IST 2020
Wed Aug  5 23:08:07 IST 2020
Wed Aug  5 23:08:08 IST 2020
Wed Aug  5 23:08:09 IST 2020
Wed Aug  5 23:08:10 IST 2020
Wed Aug  5 23:08:11 IST 2020
Wed Aug  5 23:08:12 IST 2020
Wed Aug  5 23:08:13 IST 2020
Wed Aug  5 23:08:14 IST 2020
Wed Aug  5 23:08:15 IST 2020
Wed Aug  5 23:08:16 IST 2020
Wed Aug  5 23:08:17 IST 2020
Wed Aug  5 23:08:18 IST 2020
Wed Aug  5 23:08:19 IST 2020
Wed Aug  5 23:08:20 IST 2020
Wed Aug  5 23:08:21 IST 2020
Wed Aug  5 23:08:22 IST 2020
Wed Aug  5 23:08:23 IST 2020
Wed Aug  5 23:08:24 IST 2020
Wed Aug  5 23:08:25 IST 2020
Wed Aug  5 23:08:26 IST 2020
Wed Aug  5 23:08:27 IST 2020
Wed Aug  5 23:08:28 IST 2020
Wed Aug  5 23:08:29 IST 2020
Wed Aug  5 23:08:30 IST 2020
Wed Aug  5 23:08:31 IST 2020
Wed Aug  5 23:08:32 IST 2020
Wed Aug  5 23:08:33 IST 2020
Wed Aug  5 23:08:34 IST 2020
Wed Aug  5 23:08:35 IST 2020
Wed Aug  5 23:08:36 IST 2020
Wed Aug  5 23:08:37 IST 2020
Wed Aug  5 23:08:38 IST 2020
Wed Aug  5 23:08:40 IST 2020
Wed Aug  5 23:08:41 IST 2020
Wed Aug  5 23:08:42 IST 2020
Wed Aug  5 23:08:43 IST 2020
Wed Aug  5 23:08:44 IST 2020
Wed Aug  5 23:08:45 IST 2020
Wed Aug  5 23:08:46 IST 2020
Wed Aug  5 23:08:47 IST 2020
Wed Aug  5 23:08:48 IST 2020
Wed Aug  5 23:08:49 IST 2020
Wed Aug  5 23:08:50 IST 2020
Wed Aug  5 23:08:51 IST 2020
Wed Aug  5 23:08:52 IST 2020
Wed Aug  5 23:08:53 IST 2020
Wed Aug  5 23:08:54 IST 2020
Wed Aug  5 23:08:55 IST 2020
Wed Aug  5 23:08:56 IST 2020
Wed Aug  5 23:08:57 IST 2020
Wed Aug  5 23:08:58 IST 2020
Wed Aug  5 23:08:59 IST 2020
Wed Aug  5 23:09:00 IST 2020
Wed Aug  5 23:09:01 IST 2020
Wed Aug  5 23:09:02 IST 2020
Wed Aug  5 23:09:03 IST 2020
Wed Aug  5 23:09:04 IST 2020
Wed Aug  5 23:09:05 IST 2020
Wed Aug  5 23:09:06 IST 2020
Wed Aug  5 23:09:07 IST 2020
Wed Aug  5 23:09:08 IST 2020
Wed Aug  5 23:09:09 IST 2020
Wed Aug  5 23:09:10 IST 2020
Wed Aug  5 23:09:11 IST 2020
Wed Aug  5 23:09:12 IST 2020
Wed Aug  5 23:09:13 IST 2020
Wed Aug  5 23:09:14 IST 2020
Wed Aug  5 23:09:15 IST 2020
Wed Aug  5 23:09:16 IST 2020
Wed Aug  5 23:09:17 IST 2020
Wed Aug  5 23:09:18 IST 2020
Wed Aug  5 23:09:19 IST 2020
Wed Aug  5 23:09:20 IST 2020
Wed Aug  5 23:09:21 IST 2020
Wed Aug  5 23:09:22 IST 2020
Wed Aug  5 23:09:23 IST 2020
Wed Aug  5 23:09:24 IST 2020
Wed Aug  5 23:09:25 IST 2020
Wed Aug  5 23:09:26 IST 2020
Wed Aug  5 23:09:27 IST 2020
Wed Aug  5 23:09:28 IST 2020
Wed Aug  5 23:09:29 IST 2020
Wed Aug  5 23:09:30 IST 2020
Wed Aug  5 23:09:31 IST 2020
Wed Aug  5 23:09:32 IST 2020
Wed Aug  5 23:09:33 IST 2020
Wed Aug  5 23:09:34 IST 2020
Wed Aug  5 23:09:35 IST 2020
Wed Aug  5 23:09:36 IST 2020
Wed Aug  5 23:09:37 IST 2020
Wed Aug  5 23:09:38 IST 2020
Wed Aug  5 23:09:39 IST 2020
Wed Aug  5 23:09:40 IST 2020
Wed Aug  5 23:09:41 IST 2020
Wed Aug  5 23:09:42 IST 2020
Wed Aug  5 23:09:43 IST 2020
Wed Aug  5 23:09:44 IST 2020
Wed Aug  5 23:09:45 IST 2020
Wed Aug  5 23:09:46 IST 2020
Wed Aug  5 23:09:47 IST 2020
Wed Aug  5 23:09:48 IST 2020
Wed Aug  5 23:09:49 IST 2020
Wed Aug  5 23:09:50 IST 2020
Wed Aug  5 23:09:51 IST 2020
Wed Aug  5 23:09:52 IST 2020
Wed Aug  5 23:09:53 IST 2020
Wed Aug  5 23:09:54 IST 2020
Wed Aug  5 23:09:55 IST 2020
Wed Aug  5 23:09:56 IST 2020
Wed Aug  5 23:09:57 IST 2020
Wed Aug  5 23:09:58 IST 2020
Wed Aug  5 23:09:59 IST 2020
Wed Aug  5 23:10:00 IST 2020
Wed Aug  5 23:10:01 IST 2020
Wed Aug  5 23:10:02 IST 2020
Wed Aug  5 23:10:03 IST 2020
Wed Aug  5 23:10:04 IST 2020
Wed Aug  5 23:10:05 IST 2020
Wed Aug  5 23:10:06 IST 2020
Wed Aug  5 23:10:07 IST 2020
Wed Aug  5 23:10:08 IST 2020
Wed Aug  5 23:10:09 IST 2020
Wed Aug  5 23:10:11 IST 2020
Wed Aug  5 23:10:12 IST 2020
Wed Aug  5 23:10:13 IST 2020
Wed Aug  5 23:10:14 IST 2020
Wed Aug  5 23:10:15 IST 2020
Wed Aug  5 23:10:16 IST 2020
Wed Aug  5 23:10:17 IST 2020
Wed Aug  5 23:10:18 IST 2020
Wed Aug  5 23:10:19 IST 2020
Wed Aug  5 23:10:20 IST 2020
Wed Aug  5 23:10:21 IST 2020
Wed Aug  5 23:10:22 IST 2020
Wed Aug  5 23:10:23 IST 2020
Wed Aug  5 23:10:24 IST 2020
Wed Aug  5 23:10:25 IST 2020
Wed Aug  5 23:10:26 IST 2020
Wed Aug  5 23:10:27 IST 2020
Wed Aug  5 23:10:28 IST 2020
Wed Aug  5 23:10:29 IST 2020
Wed Aug  5 23:10:30 IST 2020
Wed Aug  5 23:10:31 IST 2020
Wed Aug  5 23:10:32 IST 2020
Wed Aug  5 23:10:33 IST 2020
Wed Aug  5 23:10:34 IST 2020
Wed Aug  5 23:10:35 IST 2020
Wed Aug  5 23:10:36 IST 2020
Wed Aug  5 23:10:37 IST 2020
Wed Aug  5 23:10:38 IST 2020
Wed Aug  5 23:10:39 IST 2020
Wed Aug  5 23:10:40 IST 2020
Wed Aug  5 23:10:41 IST 2020
Wed Aug  5 23:10:42 IST 2020
Wed Aug  5 23:10:43 IST 2020
Wed Aug  5 23:10:44 IST 2020
Wed Aug  5 23:10:45 IST 2020
Wed Aug  5 23:10:46 IST 2020
Wed Aug  5 23:10:47 IST 2020
Wed Aug  5 23:10:48 IST 2020
Wed Aug  5 23:10:49 IST 2020
Wed Aug  5 23:10:50 IST 2020
Wed Aug  5 23:10:51 IST 2020
Wed Aug  5 23:10:52 IST 2020
Wed Aug  5 23:10:53 IST 2020
Wed Aug  5 23:10:54 IST 2020
Wed Aug  5 23:10:55 IST 2020
Wed Aug  5 23:10:56 IST 2020
Wed Aug  5 23:10:57 IST 2020
Wed Aug  5 23:10:58 IST 2020
Wed Aug  5 23:10:59 IST 2020
Wed Aug  5 23:11:00 IST 2020
Wed Aug  5 23:11:01 IST 2020
Wed Aug  5 23:11:02 IST 2020
Wed Aug  5 23:11:03 IST 2020
Wed Aug  5 23:11:04 IST 2020
Wed Aug  5 23:11:05 IST 2020
Wed Aug  5 23:11:06 IST 2020
Wed Aug  5 23:11:07 IST 2020
Wed Aug  5 23:11:08 IST 2020
Wed Aug  5 23:11:09 IST 2020
Wed Aug  5 23:11:10 IST 2020
Wed Aug  5 23:11:11 IST 2020
Wed Aug  5 23:11:12 IST 2020
Wed Aug  5 23:11:13 IST 2020
Wed Aug  5 23:11:14 IST 2020
Wed Aug  5 23:11:15 IST 2020
Wed Aug  5 23:11:16 IST 2020
Wed Aug  5 23:11:17 IST 2020
Wed Aug  5 23:11:18 IST 2020
Wed Aug  5 23:11:19 IST 2020
Wed Aug  5 23:11:20 IST 2020
Wed Aug  5 23:11:21 IST 2020
Wed Aug  5 23:11:22 IST 2020
Wed Aug  5 23:11:23 IST 2020
Wed Aug  5 23:11:24 IST 2020
Wed Aug  5 23:11:25 IST 2020
Wed Aug  5 23:11:26 IST 2020
Wed Aug  5 23:11:27 IST 2020
Wed Aug  5 23:11:28 IST 2020
Wed Aug  5 23:11:29 IST 2020
Wed Aug  5 23:11:30 IST 2020
Wed Aug  5 23:11:31 IST 2020
Wed Aug  5 23:11:32 IST 2020
Wed Aug  5 23:11:33 IST 2020
Wed Aug  5 23:11:34 IST 2020
Wed Aug  5 23:11:35 IST 2020
Wed Aug  5 23:11:36 IST 2020
Wed Aug  5 23:11:37 IST 2020
Wed Aug  5 23:11:38 IST 2020
Wed Aug  5 23:11:39 IST 2020
Wed Aug  5 23:11:41 IST 2020
Wed Aug  5 23:11:42 IST 2020
Wed Aug  5 23:11:43 IST 2020
Wed Aug  5 23:11:44 IST 2020
Wed Aug  5 23:11:45 IST 2020
Wed Aug  5 23:11:46 IST 2020
Wed Aug  5 23:11:47 IST 2020
Wed Aug  5 23:11:48 IST 2020
Wed Aug  5 23:11:49 IST 2020
Wed Aug  5 23:11:50 IST 2020
Wed Aug  5 23:11:51 IST 2020
Wed Aug  5 23:11:52 IST 2020
Wed Aug  5 23:11:53 IST 2020
Wed Aug  5 23:11:54 IST 2020
Wed Aug  5 23:11:55 IST 2020
Wed Aug  5 23:11:56 IST 2020
Wed Aug  5 23:11:57 IST 2020
Wed Aug  5 23:11:58 IST 2020
Wed Aug  5 23:11:59 IST 2020
Wed Aug  5 23:12:00 IST 2020
Wed Aug  5 23:12:01 IST 2020
Wed Aug  5 23:12:02 IST 2020
Wed Aug  5 23:12:03 IST 2020
Wed Aug  5 23:12:04 IST 2020
Wed Aug  5 23:12:05 IST 2020
Wed Aug  5 23:12:06 IST 2020
Wed Aug  5 23:12:07 IST 2020
Wed Aug  5 23:12:08 IST 2020
Wed Aug  5 23:12:09 IST 2020
Wed Aug  5 23:12:10 IST 2020
Wed Aug  5 23:12:11 IST 2020
Wed Aug  5 23:12:12 IST 2020
Wed Aug  5 23:12:13 IST 2020
Wed Aug  5 23:12:14 IST 2020
Wed Aug  5 23:12:15 IST 2020
Wed Aug  5 23:12:16 IST 2020
Wed Aug  5 23:12:17 IST 2020
Wed Aug  5 23:12:18 IST 2020
Wed Aug  5 23:12:19 IST 2020
Wed Aug  5 23:12:20 IST 2020
Wed Aug  5 23:12:21 IST 2020
Wed Aug  5 23:12:22 IST 2020
Wed Aug  5 23:12:23 IST 2020
Wed Aug  5 23:12:24 IST 2020
Wed Aug  5 23:12:25 IST 2020
Wed Aug  5 23:12:26 IST 2020
Wed Aug  5 23:12:27 IST 2020
Wed Aug  5 23:12:28 IST 2020
Wed Aug  5 23:12:29 IST 2020
Wed Aug  5 23:12:30 IST 2020
Wed Aug  5 23:12:31 IST 2020
Wed Aug  5 23:12:32 IST 2020
Wed Aug  5 23:12:33 IST 2020
Wed Aug  5 23:12:34 IST 2020
Wed Aug  5 23:12:35 IST 2020
Wed Aug  5 23:12:36 IST 2020
Wed Aug  5 23:12:37 IST 2020
Wed Aug  5 23:12:38 IST 2020
Wed Aug  5 23:12:39 IST 2020
Wed Aug  5 23:12:40 IST 2020
Wed Aug  5 23:12:41 IST 2020
Wed Aug  5 23:12:42 IST 2020
Wed Aug  5 23:12:43 IST 2020
Wed Aug  5 23:12:44 IST 2020
Wed Aug  5 23:12:45 IST 2020
Wed Aug  5 23:12:46 IST 2020
Wed Aug  5 23:12:47 IST 2020
Wed Aug  5 23:12:48 IST 2020
Wed Aug  5 23:12:49 IST 2020
Wed Aug  5 23:12:50 IST 2020
Wed Aug  5 23:12:51 IST 2020
Wed Aug  5 23:12:52 IST 2020
Wed Aug  5 23:12:53 IST 2020
Wed Aug  5 23:12:54 IST 2020
Wed Aug  5 23:12:55 IST 2020
Wed Aug  5 23:12:56 IST 2020
Wed Aug  5 23:12:57 IST 2020
Wed Aug  5 23:12:58 IST 2020
Wed Aug  5 23:12:59 IST 2020
Wed Aug  5 23:13:00 IST 2020
Wed Aug  5 23:13:01 IST 2020
Wed Aug  5 23:13:02 IST 2020
Wed Aug  5 23:13:03 IST 2020
Wed Aug  5 23:13:04 IST 2020
Wed Aug  5 23:13:05 IST 2020
Wed Aug  5 23:13:06 IST 2020
Wed Aug  5 23:13:07 IST 2020
Wed Aug  5 23:13:08 IST 2020
Wed Aug  5 23:13:09 IST 2020
Wed Aug  5 23:13:10 IST 2020
Wed Aug  5 23:13:11 IST 2020
Wed Aug  5 23:13:12 IST 2020
Wed Aug  5 23:13:13 IST 2020
Wed Aug  5 23:13:14 IST 2020
Wed Aug  5 23:13:15 IST 2020
Wed Aug  5 23:13:16 IST 2020
Wed Aug  5 23:13:17 IST 2020
Wed Aug  5 23:13:18 IST 2020
Wed Aug  5 23:13:19 IST 2020
Wed Aug  5 23:13:20 IST 2020
Wed Aug  5 23:13:21 IST 2020
Wed Aug  5 23:13:22 IST 2020
Wed Aug  5 23:13:23 IST 2020
Wed Aug  5 23:13:24 IST 2020
Wed Aug  5 23:13:25 IST 2020
Wed Aug  5 23:13:26 IST 2020
Wed Aug  5 23:13:27 IST 2020
Wed Aug  5 23:13:28 IST 2020
Wed Aug  5 23:13:29 IST 2020
Wed Aug  5 23:13:30 IST 2020
Wed Aug  5 23:13:31 IST 2020
Wed Aug  5 23:13:32 IST 2020
Wed Aug  5 23:13:33 IST 2020
Wed Aug  5 23:13:34 IST 2020
Wed Aug  5 23:13:35 IST 2020
Wed Aug  5 23:13:36 IST 2020
Wed Aug  5 23:13:37 IST 2020
Wed Aug  5 23:13:38 IST 2020
Wed Aug  5 23:13:39 IST 2020
Wed Aug  5 23:13:40 IST 2020
Wed Aug  5 23:13:41 IST 2020
Wed Aug  5 23:13:42 IST 2020
Wed Aug  5 23:13:43 IST 2020
Wed Aug  5 23:13:44 IST 2020
Wed Aug  5 23:13:45 IST 2020
Wed Aug  5 23:13:46 IST 2020
Wed Aug  5 23:13:47 IST 2020
Wed Aug  5 23:13:48 IST 2020
Wed Aug  5 23:13:49 IST 2020
Wed Aug  5 23:13:50 IST 2020
Wed Aug  5 23:13:51 IST 2020
Wed Aug  5 23:13:52 IST 2020
Wed Aug  5 23:13:53 IST 2020
Wed Aug  5 23:13:54 IST 2020
Wed Aug  5 23:13:55 IST 2020
Wed Aug  5 23:13:56 IST 2020
Wed Aug  5 23:13:57 IST 2020
Wed Aug  5 23:13:58 IST 2020
Wed Aug  5 23:13:59 IST 2020
Wed Aug  5 23:14:00 IST 2020
Wed Aug  5 23:14:01 IST 2020
Wed Aug  5 23:14:02 IST 2020
Wed Aug  5 23:14:03 IST 2020
Wed Aug  5 23:14:04 IST 2020
Wed Aug  5 23:14:05 IST 2020
Wed Aug  5 23:14:06 IST 2020
Wed Aug  5 23:14:07 IST 2020
Wed Aug  5 23:14:08 IST 2020
Wed Aug  5 23:14:09 IST 2020
Wed Aug  5 23:14:10 IST 2020
Wed Aug  5 23:14:11 IST 2020
Wed Aug  5 23:14:12 IST 2020
Wed Aug  5 23:14:13 IST 2020
Wed Aug  5 23:14:14 IST 2020
Wed Aug  5 23:14:15 IST 2020
Wed Aug  5 23:14:16 IST 2020
Wed Aug  5 23:14:17 IST 2020
Wed Aug  5 23:14:18 IST 2020
Wed Aug  5 23:14:19 IST 2020
Wed Aug  5 23:14:20 IST 2020
Wed Aug  5 23:14:21 IST 2020
Wed Aug  5 23:14:22 IST 2020
Wed Aug  5 23:14:23 IST 2020
Wed Aug  5 23:14:24 IST 2020
Wed Aug  5 23:14:25 IST 2020
Wed Aug  5 23:14:26 IST 2020
Wed Aug  5 23:14:27 IST 2020
Wed Aug  5 23:14:28 IST 2020
Wed Aug  5 23:14:29 IST 2020
Wed Aug  5 23:14:30 IST 2020
Wed Aug  5 23:14:31 IST 2020
Wed Aug  5 23:14:32 IST 2020
Wed Aug  5 23:14:33 IST 2020
Wed Aug  5 23:14:34 IST 2020
Wed Aug  5 23:14:35 IST 2020
Wed Aug  5 23:14:36 IST 2020
Wed Aug  5 23:14:37 IST 2020
Wed Aug  5 23:14:39 IST 2020
Wed Aug  5 23:14:40 IST 2020
Wed Aug  5 23:14:41 IST 2020
Wed Aug  5 23:14:42 IST 2020
Wed Aug  5 23:14:43 IST 2020
Wed Aug  5 23:14:44 IST 2020
Wed Aug  5 23:14:45 IST 2020
Wed Aug  5 23:14:46 IST 2020
Wed Aug  5 23:14:47 IST 2020
Wed Aug  5 23:14:48 IST 2020
Wed Aug  5 23:14:49 IST 2020
Wed Aug  5 23:14:50 IST 2020
Wed Aug  5 23:14:51 IST 2020
Wed Aug  5 23:14:52 IST 2020
Wed Aug  5 23:14:53 IST 2020
Wed Aug  5 23:14:54 IST 2020
Wed Aug  5 23:14:55 IST 2020
Wed Aug  5 23:14:56 IST 2020
Wed Aug  5 23:14:57 IST 2020
Wed Aug  5 23:14:58 IST 2020
Wed Aug  5 23:14:59 IST 2020
Wed Aug  5 23:15:00 IST 2020
Wed Aug  5 23:15:01 IST 2020
Wed Aug  5 23:15:02 IST 2020
Wed Aug  5 23:15:03 IST 2020
Wed Aug  5 23:15:04 IST 2020
Wed Aug  5 23:15:05 IST 2020
Wed Aug  5 23:15:06 IST 2020
Wed Aug  5 23:15:07 IST 2020
Wed Aug  5 23:15:08 IST 2020
Wed Aug  5 23:15:09 IST 2020
Wed Aug  5 23:15:10 IST 2020
Wed Aug  5 23:15:11 IST 2020
Wed Aug  5 23:15:12 IST 2020
Wed Aug  5 23:15:13 IST 2020
Wed Aug  5 23:15:14 IST 2020
Wed Aug  5 23:15:15 IST 2020
Wed Aug  5 23:15:16 IST 2020
Wed Aug  5 23:15:17 IST 2020
Wed Aug  5 23:15:18 IST 2020
Wed Aug  5 23:15:19 IST 2020
Wed Aug  5 23:15:20 IST 2020
Wed Aug  5 23:15:21 IST 2020
Wed Aug  5 23:15:22 IST 2020
Wed Aug  5 23:15:23 IST 2020
Wed Aug  5 23:15:24 IST 2020
Wed Aug  5 23:15:25 IST 2020
Wed Aug  5 23:15:26 IST 2020
Wed Aug  5 23:15:27 IST 2020
Wed Aug  5 23:15:28 IST 2020
Wed Aug  5 23:15:29 IST 2020
Wed Aug  5 23:15:30 IST 2020
Wed Aug  5 23:15:31 IST 2020
Wed Aug  5 23:15:32 IST 2020
Wed Aug  5 23:15:33 IST 2020
Wed Aug  5 23:15:34 IST 2020
Wed Aug  5 23:15:35 IST 2020
Wed Aug  5 23:15:36 IST 2020
Wed Aug  5 23:15:37 IST 2020
Wed Aug  5 23:15:38 IST 2020
Wed Aug  5 23:15:39 IST 2020
Wed Aug  5 23:15:40 IST 2020
Wed Aug  5 23:15:41 IST 2020
Wed Aug  5 23:15:42 IST 2020
Wed Aug  5 23:15:43 IST 2020
Wed Aug  5 23:15:44 IST 2020
Wed Aug  5 23:15:45 IST 2020
Wed Aug  5 23:15:46 IST 2020
Wed Aug  5 23:15:47 IST 2020
Wed Aug  5 23:15:48 IST 2020
Wed Aug  5 23:15:49 IST 2020
Wed Aug  5 23:15:50 IST 2020
Wed Aug  5 23:15:51 IST 2020
Wed Aug  5 23:15:52 IST 2020
Wed Aug  5 23:15:53 IST 2020
Wed Aug  5 23:15:54 IST 2020
Wed Aug  5 23:15:55 IST 2020
Wed Aug  5 23:15:56 IST 2020
Wed Aug  5 23:15:57 IST 2020
Wed Aug  5 23:15:58 IST 2020
Wed Aug  5 23:16:00 IST 2020
Wed Aug  5 23:16:01 IST 2020
Wed Aug  5 23:16:02 IST 2020
Wed Aug  5 23:16:03 IST 2020
Wed Aug  5 23:16:04 IST 2020
Wed Aug  5 23:16:05 IST 2020
Wed Aug  5 23:16:06 IST 2020
Wed Aug  5 23:16:07 IST 2020
Wed Aug  5 23:16:08 IST 2020
Wed Aug  5 23:16:09 IST 2020
Wed Aug  5 23:16:10 IST 2020
Wed Aug  5 23:16:11 IST 2020
Wed Aug  5 23:16:12 IST 2020
Wed Aug  5 23:16:13 IST 2020
Wed Aug  5 23:16:14 IST 2020
Wed Aug  5 23:16:15 IST 2020
Wed Aug  5 23:16:16 IST 2020
Wed Aug  5 23:16:17 IST 2020
Wed Aug  5 23:16:18 IST 2020
Wed Aug  5 23:16:19 IST 2020
Wed Aug  5 23:16:20 IST 2020
Wed Aug  5 23:16:21 IST 2020
Wed Aug  5 23:16:22 IST 2020
Wed Aug  5 23:16:23 IST 2020
Wed Aug  5 23:16:24 IST 2020
Wed Aug  5 23:16:25 IST 2020
Wed Aug  5 23:16:26 IST 2020
Wed Aug  5 23:16:27 IST 2020
Wed Aug  5 23:16:28 IST 2020
Wed Aug  5 23:16:29 IST 2020
Wed Aug  5 23:16:30 IST 2020
Wed Aug  5 23:16:31 IST 2020
Wed Aug  5 23:16:32 IST 2020
Wed Aug  5 23:16:33 IST 2020
Wed Aug  5 23:16:34 IST 2020
Wed Aug  5 23:16:35 IST 2020
Wed Aug  5 23:16:36 IST 2020
Wed Aug  5 23:16:37 IST 2020
Wed Aug  5 23:16:38 IST 2020
Wed Aug  5 23:16:39 IST 2020
Wed Aug  5 23:16:40 IST 2020
Wed Aug  5 23:16:41 IST 2020
Wed Aug  5 23:16:42 IST 2020
Wed Aug  5 23:16:43 IST 2020
Wed Aug  5 23:16:44 IST 2020
Wed Aug  5 23:16:45 IST 2020
Wed Aug  5 23:16:46 IST 2020
Wed Aug  5 23:16:47 IST 2020
Wed Aug  5 23:16:48 IST 2020
Wed Aug  5 23:16:49 IST 2020
Wed Aug  5 23:16:50 IST 2020
Wed Aug  5 23:16:51 IST 2020
Wed Aug  5 23:16:52 IST 2020
Wed Aug  5 23:16:53 IST 2020
Wed Aug  5 23:16:54 IST 2020
Wed Aug  5 23:16:55 IST 2020
Wed Aug  5 23:16:56 IST 2020
Wed Aug  5 23:16:57 IST 2020
Wed Aug  5 23:16:58 IST 2020
Wed Aug  5 23:16:59 IST 2020
Wed Aug  5 23:17:00 IST 2020
Wed Aug  5 23:17:01 IST 2020
Wed Aug  5 23:17:02 IST 2020
Wed Aug  5 23:17:03 IST 2020
Wed Aug  5 23:17:04 IST 2020
Wed Aug  5 23:17:05 IST 2020
Wed Aug  5 23:17:06 IST 2020
Wed Aug  5 23:17:07 IST 2020
Wed Aug  5 23:17:08 IST 2020
Wed Aug  5 23:17:09 IST 2020
Wed Aug  5 23:17:10 IST 2020
Wed Aug  5 23:17:11 IST 2020
Wed Aug  5 23:17:12 IST 2020
Wed Aug  5 23:17:13 IST 2020
Wed Aug  5 23:17:14 IST 2020
Wed Aug  5 23:17:15 IST 2020
Wed Aug  5 23:17:16 IST 2020
Wed Aug  5 23:17:17 IST 2020
Wed Aug  5 23:17:18 IST 2020
Wed Aug  5 23:17:19 IST 2020
Wed Aug  5 23:17:20 IST 2020
Wed Aug  5 23:17:21 IST 2020
Wed Aug  5 23:17:22 IST 2020
Wed Aug  5 23:17:23 IST 2020
Wed Aug  5 23:17:24 IST 2020
Wed Aug  5 23:17:25 IST 2020
Wed Aug  5 23:17:26 IST 2020
Wed Aug  5 23:17:27 IST 2020
Wed Aug  5 23:17:28 IST 2020
Wed Aug  5 23:17:29 IST 2020
Wed Aug  5 23:17:30 IST 2020
Wed Aug  5 23:17:31 IST 2020
Wed Aug  5 23:17:32 IST 2020
Wed Aug  5 23:17:33 IST 2020
Wed Aug  5 23:17:34 IST 2020
Wed Aug  5 23:17:35 IST 2020
Wed Aug  5 23:17:36 IST 2020
Wed Aug  5 23:17:37 IST 2020
Wed Aug  5 23:17:38 IST 2020
Wed Aug  5 23:17:39 IST 2020
Wed Aug  5 23:17:40 IST 2020
Wed Aug  5 23:17:41 IST 2020
Wed Aug  5 23:17:42 IST 2020
Wed Aug  5 23:17:43 IST 2020
Wed Aug  5 23:17:44 IST 2020
Wed Aug  5 23:17:45 IST 2020
Wed Aug  5 23:17:46 IST 2020
Wed Aug  5 23:17:47 IST 2020
Wed Aug  5 23:17:48 IST 2020
Wed Aug  5 23:17:49 IST 2020
Wed Aug  5 23:17:50 IST 2020
Wed Aug  5 23:17:51 IST 2020
Wed Aug  5 23:17:52 IST 2020
Wed Aug  5 23:17:53 IST 2020
Wed Aug  5 23:17:54 IST 2020
Wed Aug  5 23:17:55 IST 2020
Wed Aug  5 23:17:56 IST 2020
Wed Aug  5 23:17:57 IST 2020
Wed Aug  5 23:17:58 IST 2020
Wed Aug  5 23:17:59 IST 2020
Wed Aug  5 23:18:00 IST 2020
Wed Aug  5 23:18:01 IST 2020
Wed Aug  5 23:18:02 IST 2020
Wed Aug  5 23:18:03 IST 2020
Wed Aug  5 23:18:04 IST 2020
Wed Aug  5 23:18:05 IST 2020
Wed Aug  5 23:18:06 IST 2020
Wed Aug  5 23:18:07 IST 2020
Wed Aug  5 23:18:08 IST 2020
Wed Aug  5 23:18:09 IST 2020
Wed Aug  5 23:18:10 IST 2020
Wed Aug  5 23:18:11 IST 2020
Wed Aug  5 23:18:12 IST 2020
Wed Aug  5 23:18:13 IST 2020
Wed Aug  5 23:18:14 IST 2020
Wed Aug  5 23:18:15 IST 2020
Wed Aug  5 23:18:16 IST 2020
Wed Aug  5 23:18:17 IST 2020
Wed Aug  5 23:18:18 IST 2020
Wed Aug  5 23:18:19 IST 2020
Wed Aug  5 23:18:20 IST 2020
Wed Aug  5 23:18:21 IST 2020
Wed Aug  5 23:18:22 IST 2020
Wed Aug  5 23:18:23 IST 2020
Wed Aug  5 23:18:24 IST 2020
Wed Aug  5 23:18:25 IST 2020
Wed Aug  5 23:18:26 IST 2020
Wed Aug  5 23:18:27 IST 2020
Wed Aug  5 23:18:28 IST 2020
Wed Aug  5 23:18:29 IST 2020
Wed Aug  5 23:18:30 IST 2020
Wed Aug  5 23:18:31 IST 2020
Wed Aug  5 23:18:32 IST 2020
Wed Aug  5 23:18:33 IST 2020
Wed Aug  5 23:18:34 IST 2020
Wed Aug  5 23:18:35 IST 2020
Wed Aug  5 23:18:36 IST 2020
Wed Aug  5 23:18:38 IST 2020
Wed Aug  5 23:18:39 IST 2020
Wed Aug  5 23:18:40 IST 2020
Wed Aug  5 23:18:41 IST 2020
Wed Aug  5 23:18:42 IST 2020
Wed Aug  5 23:18:43 IST 2020
Wed Aug  5 23:18:44 IST 2020
Wed Aug  5 23:18:45 IST 2020
Wed Aug  5 23:18:46 IST 2020
Wed Aug  5 23:18:47 IST 2020
Wed Aug  5 23:18:48 IST 2020
Wed Aug  5 23:18:49 IST 2020
Wed Aug  5 23:18:50 IST 2020
Wed Aug  5 23:18:51 IST 2020
Wed Aug  5 23:18:52 IST 2020
Wed Aug  5 23:18:53 IST 2020
Wed Aug  5 23:18:54 IST 2020
Wed Aug  5 23:18:55 IST 2020
Wed Aug  5 23:18:56 IST 2020
Wed Aug  5 23:18:57 IST 2020
Wed Aug  5 23:18:58 IST 2020
Wed Aug  5 23:18:59 IST 2020
Wed Aug  5 23:19:00 IST 2020
Wed Aug  5 23:19:01 IST 2020
Wed Aug  5 23:19:02 IST 2020
Wed Aug  5 23:19:03 IST 2020
Wed Aug  5 23:19:04 IST 2020
Wed Aug  5 23:19:05 IST 2020
Wed Aug  5 23:19:06 IST 2020
Wed Aug  5 23:19:07 IST 2020
Wed Aug  5 23:19:08 IST 2020
Wed Aug  5 23:19:09 IST 2020
Wed Aug  5 23:19:10 IST 2020
Wed Aug  5 23:19:11 IST 2020
Wed Aug  5 23:19:12 IST 2020
Wed Aug  5 23:19:13 IST 2020
Wed Aug  5 23:19:14 IST 2020
Wed Aug  5 23:19:15 IST 2020
Wed Aug  5 23:19:16 IST 2020
Wed Aug  5 23:19:17 IST 2020
Wed Aug  5 23:19:18 IST 2020
Wed Aug  5 23:19:19 IST 2020
Wed Aug  5 23:19:20 IST 2020
Wed Aug  5 23:19:21 IST 2020
Wed Aug  5 23:19:22 IST 2020
Wed Aug  5 23:19:23 IST 2020
Wed Aug  5 23:19:24 IST 2020
Wed Aug  5 23:19:25 IST 2020
Wed Aug  5 23:19:26 IST 2020
Wed Aug  5 23:19:27 IST 2020
Wed Aug  5 23:19:28 IST 2020
Wed Aug  5 23:19:29 IST 2020
Wed Aug  5 23:19:30 IST 2020
Wed Aug  5 23:19:31 IST 2020
Wed Aug  5 23:19:32 IST 2020
Wed Aug  5 23:19:33 IST 2020
Wed Aug  5 23:19:34 IST 2020
Wed Aug  5 23:19:35 IST 2020
Wed Aug  5 23:19:36 IST 2020
Wed Aug  5 23:19:37 IST 2020
Wed Aug  5 23:19:38 IST 2020
Wed Aug  5 23:19:39 IST 2020
Wed Aug  5 23:19:40 IST 2020
Wed Aug  5 23:19:41 IST 2020
Wed Aug  5 23:19:42 IST 2020
Wed Aug  5 23:19:43 IST 2020
Wed Aug  5 23:19:44 IST 2020
Wed Aug  5 23:19:45 IST 2020
Wed Aug  5 23:19:46 IST 2020
Wed Aug  5 23:19:47 IST 2020
Wed Aug  5 23:19:48 IST 2020
Wed Aug  5 23:19:49 IST 2020
Wed Aug  5 23:19:50 IST 2020
Wed Aug  5 23:19:51 IST 2020
Wed Aug  5 23:19:52 IST 2020
Wed Aug  5 23:19:53 IST 2020
Wed Aug  5 23:19:54 IST 2020
Wed Aug  5 23:19:55 IST 2020
Wed Aug  5 23:19:56 IST 2020
Wed Aug  5 23:19:57 IST 2020
Wed Aug  5 23:19:58 IST 2020
Wed Aug  5 23:19:59 IST 2020
Wed Aug  5 23:20:00 IST 2020
Wed Aug  5 23:20:01 IST 2020
Wed Aug  5 23:20:02 IST 2020
Wed Aug  5 23:20:03 IST 2020
Wed Aug  5 23:20:04 IST 2020
Wed Aug  5 23:20:05 IST 2020
Wed Aug  5 23:20:06 IST 2020
Wed Aug  5 23:20:07 IST 2020
Wed Aug  5 23:20:08 IST 2020
Wed Aug  5 23:20:09 IST 2020
Wed Aug  5 23:20:10 IST 2020
Wed Aug  5 23:20:11 IST 2020
Wed Aug  5 23:20:12 IST 2020
Wed Aug  5 23:20:13 IST 2020
Wed Aug  5 23:20:14 IST 2020
Wed Aug  5 23:20:15 IST 2020
Wed Aug  5 23:20:16 IST 2020
Wed Aug  5 23:20:17 IST 2020
Wed Aug  5 23:20:18 IST 2020
Wed Aug  5 23:20:19 IST 2020
Wed Aug  5 23:20:20 IST 2020
Wed Aug  5 23:20:21 IST 2020
Wed Aug  5 23:20:22 IST 2020
Wed Aug  5 23:20:23 IST 2020
Wed Aug  5 23:20:24 IST 2020
Wed Aug  5 23:20:25 IST 2020
Wed Aug  5 23:20:26 IST 2020
Wed Aug  5 23:20:27 IST 2020
Wed Aug  5 23:20:28 IST 2020
Wed Aug  5 23:20:29 IST 2020
Wed Aug  5 23:20:30 IST 2020
Wed Aug  5 23:20:31 IST 2020
Wed Aug  5 23:20:32 IST 2020
Wed Aug  5 23:20:33 IST 2020
Wed Aug  5 23:20:34 IST 2020
Wed Aug  5 23:20:35 IST 2020
Wed Aug  5 23:20:36 IST 2020
Wed Aug  5 23:20:37 IST 2020
Wed Aug  5 23:20:38 IST 2020
Wed Aug  5 23:20:39 IST 2020
Wed Aug  5 23:20:40 IST 2020
Wed Aug  5 23:20:41 IST 2020
Wed Aug  5 23:20:42 IST 2020
Wed Aug  5 23:20:43 IST 2020
Wed Aug  5 23:20:44 IST 2020
Wed Aug  5 23:20:45 IST 2020
Wed Aug  5 23:20:46 IST 2020
Wed Aug  5 23:20:47 IST 2020
Wed Aug  5 23:20:48 IST 2020
Wed Aug  5 23:20:49 IST 2020
Wed Aug  5 23:20:50 IST 2020
Wed Aug  5 23:20:51 IST 2020
Wed Aug  5 23:20:52 IST 2020
Wed Aug  5 23:20:53 IST 2020
Wed Aug  5 23:20:54 IST 2020
Wed Aug  5 23:20:55 IST 2020
Wed Aug  5 23:20:56 IST 2020
Wed Aug  5 23:20:57 IST 2020
Wed Aug  5 23:20:58 IST 2020
Wed Aug  5 23:20:59 IST 2020
Wed Aug  5 23:21:00 IST 2020
Wed Aug  5 23:21:01 IST 2020
Wed Aug  5 23:21:02 IST 2020
Wed Aug  5 23:21:03 IST 2020
Wed Aug  5 23:21:04 IST 2020
Wed Aug  5 23:21:05 IST 2020
Wed Aug  5 23:21:06 IST 2020
Wed Aug  5 23:21:07 IST 2020
Wed Aug  5 23:21:08 IST 2020
Wed Aug  5 23:21:09 IST 2020
Wed Aug  5 23:21:10 IST 2020
Wed Aug  5 23:21:11 IST 2020
Wed Aug  5 23:21:12 IST 2020
Wed Aug  5 23:21:13 IST 2020
Wed Aug  5 23:21:14 IST 2020
Wed Aug  5 23:21:15 IST 2020
Wed Aug  5 23:21:16 IST 2020
Wed Aug  5 23:21:17 IST 2020
Wed Aug  5 23:21:18 IST 2020
Wed Aug  5 23:21:19 IST 2020
Wed Aug  5 23:21:20 IST 2020
Wed Aug  5 23:21:21 IST 2020
Wed Aug  5 23:21:22 IST 2020
Wed Aug  5 23:21:23 IST 2020
Wed Aug  5 23:21:24 IST 2020
Wed Aug  5 23:21:25 IST 2020
Wed Aug  5 23:21:26 IST 2020
Wed Aug  5 23:21:27 IST 2020
Wed Aug  5 23:21:28 IST 2020
Wed Aug  5 23:21:29 IST 2020
Wed Aug  5 23:21:30 IST 2020
Wed Aug  5 23:21:31 IST 2020
Wed Aug  5 23:21:32 IST 2020
Wed Aug  5 23:21:33 IST 2020
Wed Aug  5 23:21:34 IST 2020
Wed Aug  5 23:21:35 IST 2020
Wed Aug  5 23:21:36 IST 2020
Wed Aug  5 23:21:38 IST 2020
Wed Aug  5 23:21:39 IST 2020
Wed Aug  5 23:21:40 IST 2020
Wed Aug  5 23:21:41 IST 2020
Wed Aug  5 23:21:42 IST 2020
Wed Aug  5 23:21:43 IST 2020
Wed Aug  5 23:21:44 IST 2020
Wed Aug  5 23:21:45 IST 2020
Wed Aug  5 23:21:46 IST 2020
Wed Aug  5 23:21:47 IST 2020
Wed Aug  5 23:21:48 IST 2020
Wed Aug  5 23:21:49 IST 2020
Wed Aug  5 23:21:50 IST 2020
Wed Aug  5 23:21:51 IST 2020
Wed Aug  5 23:21:52 IST 2020
Wed Aug  5 23:21:53 IST 2020
Wed Aug  5 23:21:54 IST 2020
Wed Aug  5 23:21:55 IST 2020
Wed Aug  5 23:21:56 IST 2020
Wed Aug  5 23:21:57 IST 2020
Wed Aug  5 23:21:58 IST 2020
Wed Aug  5 23:21:59 IST 2020
Wed Aug  5 23:22:00 IST 2020
Wed Aug  5 23:22:01 IST 2020
Wed Aug  5 23:22:02 IST 2020
Wed Aug  5 23:22:03 IST 2020
Wed Aug  5 23:22:04 IST 2020
Wed Aug  5 23:22:05 IST 2020
Wed Aug  5 23:22:06 IST 2020
Wed Aug  5 23:22:07 IST 2020
Wed Aug  5 23:22:08 IST 2020
Wed Aug  5 23:22:09 IST 2020
Wed Aug  5 23:22:10 IST 2020
Wed Aug  5 23:22:11 IST 2020
Wed Aug  5 23:22:12 IST 2020
Wed Aug  5 23:22:13 IST 2020
Wed Aug  5 23:22:14 IST 2020
Wed Aug  5 23:22:15 IST 2020
Wed Aug  5 23:22:16 IST 2020
Wed Aug  5 23:22:17 IST 2020
Wed Aug  5 23:22:18 IST 2020
Wed Aug  5 23:22:19 IST 2020
Wed Aug  5 23:22:20 IST 2020
Wed Aug  5 23:22:21 IST 2020
Wed Aug  5 23:22:22 IST 2020
Wed Aug  5 23:22:23 IST 2020
Wed Aug  5 23:22:24 IST 2020
Wed Aug  5 23:22:25 IST 2020
Wed Aug  5 23:22:26 IST 2020
Wed Aug  5 23:22:27 IST 2020
Wed Aug  5 23:22:28 IST 2020
Wed Aug  5 23:22:29 IST 2020
Wed Aug  5 23:22:30 IST 2020
Wed Aug  5 23:22:31 IST 2020
Wed Aug  5 23:22:32 IST 2020
Wed Aug  5 23:22:33 IST 2020
Wed Aug  5 23:22:34 IST 2020
Wed Aug  5 23:22:35 IST 2020
Wed Aug  5 23:22:36 IST 2020
Wed Aug  5 23:22:37 IST 2020
Wed Aug  5 23:22:38 IST 2020
Wed Aug  5 23:22:39 IST 2020
Wed Aug  5 23:22:40 IST 2020
Wed Aug  5 23:22:41 IST 2020
Wed Aug  5 23:22:42 IST 2020
Wed Aug  5 23:22:43 IST 2020
Wed Aug  5 23:22:44 IST 2020
Wed Aug  5 23:22:45 IST 2020
Wed Aug  5 23:22:46 IST 2020
Wed Aug  5 23:22:47 IST 2020
Wed Aug  5 23:22:48 IST 2020
Wed Aug  5 23:22:49 IST 2020
Wed Aug  5 23:22:50 IST 2020
Wed Aug  5 23:22:51 IST 2020
Wed Aug  5 23:22:52 IST 2020
Wed Aug  5 23:22:53 IST 2020
Wed Aug  5 23:22:54 IST 2020
Wed Aug  5 23:22:55 IST 2020
Wed Aug  5 23:22:56 IST 2020
Wed Aug  5 23:22:57 IST 2020
Wed Aug  5 23:22:58 IST 2020
Wed Aug  5 23:22:59 IST 2020
Wed Aug  5 23:23:00 IST 2020
Wed Aug  5 23:23:01 IST 2020
Wed Aug  5 23:23:02 IST 2020
Wed Aug  5 23:23:03 IST 2020
Wed Aug  5 23:23:04 IST 2020
Wed Aug  5 23:23:05 IST 2020
Wed Aug  5 23:23:06 IST 2020
Wed Aug  5 23:23:07 IST 2020
Wed Aug  5 23:23:08 IST 2020
Wed Aug  5 23:23:09 IST 2020
Wed Aug  5 23:23:10 IST 2020
Wed Aug  5 23:23:11 IST 2020
Wed Aug  5 23:23:12 IST 2020
Wed Aug  5 23:23:13 IST 2020
Wed Aug  5 23:23:14 IST 2020
Wed Aug  5 23:23:15 IST 2020
Wed Aug  5 23:23:16 IST 2020
Wed Aug  5 23:23:17 IST 2020
Wed Aug  5 23:23:18 IST 2020
Wed Aug  5 23:23:19 IST 2020
Wed Aug  5 23:23:20 IST 2020
Wed Aug  5 23:23:21 IST 2020
Wed Aug  5 23:23:22 IST 2020
Wed Aug  5 23:23:23 IST 2020
Wed Aug  5 23:23:24 IST 2020
Wed Aug  5 23:23:25 IST 2020
Wed Aug  5 23:23:26 IST 2020
Wed Aug  5 23:23:27 IST 2020
Wed Aug  5 23:23:28 IST 2020
Wed Aug  5 23:23:29 IST 2020
Wed Aug  5 23:23:30 IST 2020
Wed Aug  5 23:23:31 IST 2020
Wed Aug  5 23:23:32 IST 2020
Wed Aug  5 23:23:33 IST 2020
Wed Aug  5 23:23:34 IST 2020
Wed Aug  5 23:23:35 IST 2020
Wed Aug  5 23:23:36 IST 2020
Wed Aug  5 23:23:37 IST 2020
Wed Aug  5 23:23:38 IST 2020
Wed Aug  5 23:23:39 IST 2020
Wed Aug  5 23:23:40 IST 2020
Wed Aug  5 23:23:41 IST 2020
Wed Aug  5 23:23:42 IST 2020
Wed Aug  5 23:23:43 IST 2020
Wed Aug  5 23:23:44 IST 2020
Wed Aug  5 23:23:45 IST 2020
Wed Aug  5 23:23:46 IST 2020
Wed Aug  5 23:23:47 IST 2020
Wed Aug  5 23:23:48 IST 2020
Wed Aug  5 23:23:49 IST 2020
Wed Aug  5 23:23:50 IST 2020
Wed Aug  5 23:23:51 IST 2020
Wed Aug  5 23:23:52 IST 2020
Wed Aug  5 23:23:53 IST 2020
Wed Aug  5 23:23:54 IST 2020
Wed Aug  5 23:23:55 IST 2020
Wed Aug  5 23:23:57 IST 2020
Wed Aug  5 23:23:58 IST 2020
Wed Aug  5 23:23:59 IST 2020
Wed Aug  5 23:24:00 IST 2020
Wed Aug  5 23:24:01 IST 2020
Wed Aug  5 23:24:02 IST 2020
Wed Aug  5 23:24:03 IST 2020
Wed Aug  5 23:24:04 IST 2020
Wed Aug  5 23:24:05 IST 2020
Wed Aug  5 23:24:06 IST 2020
Wed Aug  5 23:24:07 IST 2020
Wed Aug  5 23:24:08 IST 2020
Wed Aug  5 23:24:09 IST 2020
Wed Aug  5 23:24:10 IST 2020
Wed Aug  5 23:24:11 IST 2020
Wed Aug  5 23:24:12 IST 2020
Wed Aug  5 23:24:13 IST 2020
Wed Aug  5 23:24:14 IST 2020
Wed Aug  5 23:24:15 IST 2020
Wed Aug  5 23:24:16 IST 2020
Wed Aug  5 23:24:17 IST 2020
Wed Aug  5 23:24:18 IST 2020
Wed Aug  5 23:24:19 IST 2020
Wed Aug  5 23:24:20 IST 2020
Wed Aug  5 23:24:21 IST 2020
Wed Aug  5 23:24:22 IST 2020
Wed Aug  5 23:24:23 IST 2020
Wed Aug  5 23:24:24 IST 2020
Wed Aug  5 23:24:25 IST 2020
Wed Aug  5 23:24:26 IST 2020
Wed Aug  5 23:24:27 IST 2020
Wed Aug  5 23:24:28 IST 2020
Wed Aug  5 23:24:29 IST 2020
Wed Aug  5 23:24:30 IST 2020
Wed Aug  5 23:24:31 IST 2020
Wed Aug  5 23:24:32 IST 2020
Wed Aug  5 23:24:33 IST 2020
Wed Aug  5 23:24:34 IST 2020
Wed Aug  5 23:24:35 IST 2020
Wed Aug  5 23:24:36 IST 2020
Wed Aug  5 23:24:37 IST 2020
Wed Aug  5 23:24:38 IST 2020
Wed Aug  5 23:24:39 IST 2020
Wed Aug  5 23:24:40 IST 2020
Wed Aug  5 23:24:41 IST 2020
Wed Aug  5 23:24:42 IST 2020
Wed Aug  5 23:24:43 IST 2020
Wed Aug  5 23:24:44 IST 2020
Wed Aug  5 23:24:45 IST 2020
Wed Aug  5 23:24:46 IST 2020
Wed Aug  5 23:24:47 IST 2020
Wed Aug  5 23:24:48 IST 2020
Wed Aug  5 23:24:49 IST 2020
Wed Aug  5 23:24:50 IST 2020
Wed Aug  5 23:24:51 IST 2020
Wed Aug  5 23:24:52 IST 2020
Wed Aug  5 23:24:53 IST 2020
Wed Aug  5 23:24:54 IST 2020
Wed Aug  5 23:24:55 IST 2020
Wed Aug  5 23:24:56 IST 2020
Wed Aug  5 23:24:57 IST 2020
Wed Aug  5 23:24:58 IST 2020
Wed Aug  5 23:24:59 IST 2020
Wed Aug  5 23:25:00 IST 2020
Wed Aug  5 23:25:01 IST 2020
Wed Aug  5 23:25:02 IST 2020
Wed Aug  5 23:25:03 IST 2020
Wed Aug  5 23:25:04 IST 2020
Wed Aug  5 23:25:05 IST 2020
Wed Aug  5 23:25:06 IST 2020
Wed Aug  5 23:25:07 IST 2020
Wed Aug  5 23:25:08 IST 2020
Wed Aug  5 23:25:09 IST 2020
Wed Aug  5 23:25:10 IST 2020
Wed Aug  5 23:25:11 IST 2020
Wed Aug  5 23:25:12 IST 2020
Wed Aug  5 23:25:13 IST 2020
Wed Aug  5 23:25:14 IST 2020
Wed Aug  5 23:25:15 IST 2020
Wed Aug  5 23:25:16 IST 2020
Wed Aug  5 23:25:17 IST 2020
Wed Aug  5 23:25:18 IST 2020
Wed Aug  5 23:25:19 IST 2020
Wed Aug  5 23:25:20 IST 2020
Wed Aug  5 23:25:21 IST 2020
Wed Aug  5 23:25:22 IST 2020
Wed Aug  5 23:25:23 IST 2020
Wed Aug  5 23:25:24 IST 2020
Wed Aug  5 23:25:25 IST 2020
Wed Aug  5 23:25:26 IST 2020
Wed Aug  5 23:25:27 IST 2020
Wed Aug  5 23:25:28 IST 2020
Wed Aug  5 23:25:29 IST 2020
Wed Aug  5 23:25:30 IST 2020
Wed Aug  5 23:25:31 IST 2020
Wed Aug  5 23:25:32 IST 2020
Wed Aug  5 23:25:33 IST 2020
Wed Aug  5 23:25:34 IST 2020
Wed Aug  5 23:25:35 IST 2020
Wed Aug  5 23:25:36 IST 2020
Wed Aug  5 23:25:37 IST 2020
Wed Aug  5 23:25:38 IST 2020
Wed Aug  5 23:25:39 IST 2020
Wed Aug  5 23:25:40 IST 2020
Wed Aug  5 23:25:41 IST 2020
Wed Aug  5 23:25:42 IST 2020
Wed Aug  5 23:25:43 IST 2020
Wed Aug  5 23:25:44 IST 2020
Wed Aug  5 23:25:45 IST 2020
Wed Aug  5 23:25:46 IST 2020
Wed Aug  5 23:25:47 IST 2020
Wed Aug  5 23:25:48 IST 2020
Wed Aug  5 23:25:49 IST 2020
Wed Aug  5 23:25:50 IST 2020
Wed Aug  5 23:25:51 IST 2020
Wed Aug  5 23:25:52 IST 2020
Wed Aug  5 23:25:53 IST 2020
Wed Aug  5 23:25:54 IST 2020
Wed Aug  5 23:25:55 IST 2020
Wed Aug  5 23:25:56 IST 2020
Wed Aug  5 23:25:57 IST 2020
Wed Aug  5 23:25:58 IST 2020
Wed Aug  5 23:25:59 IST 2020
Wed Aug  5 23:26:00 IST 2020
Wed Aug  5 23:26:01 IST 2020
Wed Aug  5 23:26:02 IST 2020
Wed Aug  5 23:26:03 IST 2020
Wed Aug  5 23:26:04 IST 2020
Wed Aug  5 23:26:05 IST 2020
Wed Aug  5 23:26:06 IST 2020
Wed Aug  5 23:26:07 IST 2020
Wed Aug  5 23:26:08 IST 2020
Wed Aug  5 23:26:09 IST 2020
Wed Aug  5 23:26:10 IST 2020
Wed Aug  5 23:26:11 IST 2020
Wed Aug  5 23:26:12 IST 2020
Wed Aug  5 23:26:13 IST 2020
Wed Aug  5 23:26:14 IST 2020
Wed Aug  5 23:26:15 IST 2020
Wed Aug  5 23:26:16 IST 2020
Wed Aug  5 23:26:17 IST 2020
Wed Aug  5 23:26:18 IST 2020
Wed Aug  5 23:26:19 IST 2020
Wed Aug  5 23:26:20 IST 2020
Wed Aug  5 23:26:21 IST 2020
Wed Aug  5 23:26:22 IST 2020
Wed Aug  5 23:26:23 IST 2020
Wed Aug  5 23:26:24 IST 2020
Wed Aug  5 23:26:25 IST 2020
Wed Aug  5 23:26:26 IST 2020
Wed Aug  5 23:26:27 IST 2020
Wed Aug  5 23:26:28 IST 2020
Wed Aug  5 23:26:29 IST 2020
Wed Aug  5 23:26:30 IST 2020
Wed Aug  5 23:26:31 IST 2020
Wed Aug  5 23:26:32 IST 2020
Wed Aug  5 23:26:33 IST 2020
Wed Aug  5 23:26:34 IST 2020
Wed Aug  5 23:26:35 IST 2020
Wed Aug  5 23:26:36 IST 2020
Wed Aug  5 23:26:37 IST 2020
Wed Aug  5 23:26:38 IST 2020
Wed Aug  5 23:26:39 IST 2020
Wed Aug  5 23:26:40 IST 2020
Wed Aug  5 23:26:41 IST 2020
Wed Aug  5 23:26:42 IST 2020
Wed Aug  5 23:26:43 IST 2020
Wed Aug  5 23:26:44 IST 2020
Wed Aug  5 23:26:45 IST 2020
Wed Aug  5 23:26:46 IST 2020
Wed Aug  5 23:26:47 IST 2020
Wed Aug  5 23:26:48 IST 2020
Wed Aug  5 23:26:49 IST 2020
Wed Aug  5 23:26:50 IST 2020
Wed Aug  5 23:26:51 IST 2020
Wed Aug  5 23:26:52 IST 2020
Wed Aug  5 23:26:53 IST 2020
Wed Aug  5 23:26:54 IST 2020
Wed Aug  5 23:26:55 IST 2020
Wed Aug  5 23:26:56 IST 2020
Wed Aug  5 23:26:57 IST 2020
Wed Aug  5 23:26:58 IST 2020
Wed Aug  5 23:26:59 IST 2020
Wed Aug  5 23:27:00 IST 2020
Wed Aug  5 23:27:02 IST 2020
Wed Aug  5 23:27:03 IST 2020
Wed Aug  5 23:27:04 IST 2020
Wed Aug  5 23:27:05 IST 2020
Wed Aug  5 23:27:06 IST 2020
Wed Aug  5 23:27:07 IST 2020
Wed Aug  5 23:27:08 IST 2020
Wed Aug  5 23:27:09 IST 2020
Wed Aug  5 23:27:10 IST 2020
Wed Aug  5 23:27:11 IST 2020
Wed Aug  5 23:27:12 IST 2020
Wed Aug  5 23:27:13 IST 2020
Wed Aug  5 23:27:14 IST 2020
Wed Aug  5 23:27:15 IST 2020
Wed Aug  5 23:27:16 IST 2020
Wed Aug  5 23:27:17 IST 2020
Wed Aug  5 23:27:18 IST 2020
Wed Aug  5 23:27:19 IST 2020
Wed Aug  5 23:27:20 IST 2020
Wed Aug  5 23:27:21 IST 2020
Wed Aug  5 23:27:22 IST 2020
Wed Aug  5 23:27:23 IST 2020
Wed Aug  5 23:27:24 IST 2020
Wed Aug  5 23:27:25 IST 2020
Wed Aug  5 23:27:26 IST 2020
Wed Aug  5 23:27:27 IST 2020
Wed Aug  5 23:27:28 IST 2020
Wed Aug  5 23:27:29 IST 2020
Wed Aug  5 23:27:30 IST 2020
Wed Aug  5 23:27:31 IST 2020
Wed Aug  5 23:27:32 IST 2020
Wed Aug  5 23:27:33 IST 2020
Wed Aug  5 23:27:34 IST 2020
Wed Aug  5 23:27:35 IST 2020
Wed Aug  5 23:27:36 IST 2020
Wed Aug  5 23:27:37 IST 2020
Wed Aug  5 23:27:38 IST 2020
Wed Aug  5 23:27:39 IST 2020
Wed Aug  5 23:27:40 IST 2020
Wed Aug  5 23:27:41 IST 2020
Wed Aug  5 23:27:42 IST 2020
Wed Aug  5 23:27:43 IST 2020
Wed Aug  5 23:27:44 IST 2020
Wed Aug  5 23:27:45 IST 2020
Wed Aug  5 23:27:46 IST 2020
Wed Aug  5 23:27:47 IST 2020
Wed Aug  5 23:27:48 IST 2020
Wed Aug  5 23:27:49 IST 2020
Wed Aug  5 23:27:50 IST 2020
Wed Aug  5 23:27:51 IST 2020
Wed Aug  5 23:27:52 IST 2020
Wed Aug  5 23:27:53 IST 2020
Wed Aug  5 23:27:54 IST 2020
Wed Aug  5 23:27:55 IST 2020
Wed Aug  5 23:27:56 IST 2020
Wed Aug  5 23:27:57 IST 2020
Wed Aug  5 23:27:58 IST 2020
Wed Aug  5 23:27:59 IST 2020
Wed Aug  5 23:28:00 IST 2020
Wed Aug  5 23:28:01 IST 2020
Wed Aug  5 23:28:02 IST 2020
Wed Aug  5 23:28:03 IST 2020
Wed Aug  5 23:28:04 IST 2020
Wed Aug  5 23:28:05 IST 2020
Wed Aug  5 23:28:06 IST 2020
Wed Aug  5 23:28:07 IST 2020
Wed Aug  5 23:28:08 IST 2020
Wed Aug  5 23:28:09 IST 2020
Wed Aug  5 23:28:10 IST 2020
Wed Aug  5 23:28:11 IST 2020
Wed Aug  5 23:28:12 IST 2020
Wed Aug  5 23:28:13 IST 2020
Wed Aug  5 23:28:14 IST 2020
Wed Aug  5 23:28:15 IST 2020
Wed Aug  5 23:28:16 IST 2020
Wed Aug  5 23:28:17 IST 2020
Wed Aug  5 23:28:18 IST 2020
Wed Aug  5 23:28:19 IST 2020
Wed Aug  5 23:28:20 IST 2020
Wed Aug  5 23:28:21 IST 2020
Wed Aug  5 23:28:22 IST 2020
Wed Aug  5 23:28:23 IST 2020
Wed Aug  5 23:28:24 IST 2020
Wed Aug  5 23:28:25 IST 2020
Wed Aug  5 23:28:26 IST 2020
Wed Aug  5 23:28:27 IST 2020
Wed Aug  5 23:28:28 IST 2020
Wed Aug  5 23:28:29 IST 2020
Wed Aug  5 23:28:30 IST 2020
Wed Aug  5 23:28:31 IST 2020
Wed Aug  5 23:28:32 IST 2020
Wed Aug  5 23:28:33 IST 2020
Wed Aug  5 23:28:34 IST 2020
Wed Aug  5 23:28:35 IST 2020
Wed Aug  5 23:28:36 IST 2020
Wed Aug  5 23:28:37 IST 2020
Wed Aug  5 23:28:38 IST 2020
Wed Aug  5 23:28:39 IST 2020
Wed Aug  5 23:28:40 IST 2020
Wed Aug  5 23:28:41 IST 2020
Wed Aug  5 23:28:42 IST 2020
Wed Aug  5 23:28:43 IST 2020
Wed Aug  5 23:28:44 IST 2020
Wed Aug  5 23:28:45 IST 2020
Wed Aug  5 23:28:46 IST 2020
Wed Aug  5 23:28:47 IST 2020
Wed Aug  5 23:28:48 IST 2020
Wed Aug  5 23:28:49 IST 2020
Wed Aug  5 23:28:50 IST 2020
Wed Aug  5 23:28:51 IST 2020
Wed Aug  5 23:28:52 IST 2020
Wed Aug  5 23:28:53 IST 2020
Wed Aug  5 23:28:54 IST 2020
Wed Aug  5 23:28:55 IST 2020
Wed Aug  5 23:28:56 IST 2020
Wed Aug  5 23:28:57 IST 2020
Wed Aug  5 23:28:58 IST 2020
Wed Aug  5 23:28:59 IST 2020
Wed Aug  5 23:29:00 IST 2020
Wed Aug  5 23:29:01 IST 2020
Wed Aug  5 23:29:02 IST 2020
Wed Aug  5 23:29:03 IST 2020
Wed Aug  5 23:29:04 IST 2020
Wed Aug  5 23:29:05 IST 2020
Wed Aug  5 23:29:06 IST 2020
Wed Aug  5 23:29:07 IST 2020
Wed Aug  5 23:29:08 IST 2020
Wed Aug  5 23:29:09 IST 2020
Wed Aug  5 23:29:10 IST 2020
Wed Aug  5 23:29:11 IST 2020
Wed Aug  5 23:29:12 IST 2020
Wed Aug  5 23:29:13 IST 2020
Wed Aug  5 23:29:14 IST 2020
Wed Aug  5 23:29:15 IST 2020
Wed Aug  5 23:29:16 IST 2020
Wed Aug  5 23:29:17 IST 2020
Wed Aug  5 23:29:18 IST 2020
Wed Aug  5 23:29:19 IST 2020
Wed Aug  5 23:29:20 IST 2020
Wed Aug  5 23:29:21 IST 2020
Wed Aug  5 23:29:22 IST 2020
Wed Aug  5 23:29:23 IST 2020
Wed Aug  5 23:29:24 IST 2020
Wed Aug  5 23:29:25 IST 2020
Wed Aug  5 23:29:26 IST 2020
Wed Aug  5 23:29:27 IST 2020
Wed Aug  5 23:29:28 IST 2020
Wed Aug  5 23:29:29 IST 2020
Wed Aug  5 23:29:30 IST 2020
Wed Aug  5 23:29:31 IST 2020
Wed Aug  5 23:29:32 IST 2020
Wed Aug  5 23:29:33 IST 2020
Wed Aug  5 23:29:34 IST 2020
Wed Aug  5 23:29:35 IST 2020
Wed Aug  5 23:29:36 IST 2020
Wed Aug  5 23:29:37 IST 2020
Wed Aug  5 23:29:38 IST 2020
Wed Aug  5 23:29:39 IST 2020
Wed Aug  5 23:29:40 IST 2020
Wed Aug  5 23:29:41 IST 2020
Wed Aug  5 23:29:42 IST 2020
Wed Aug  5 23:29:43 IST 2020
Wed Aug  5 23:29:44 IST 2020
Wed Aug  5 23:29:45 IST 2020
Wed Aug  5 23:29:46 IST 2020
Wed Aug  5 23:29:47 IST 2020
Wed Aug  5 23:29:48 IST 2020
Wed Aug  5 23:29:49 IST 2020
Wed Aug  5 23:29:50 IST 2020
Wed Aug  5 23:29:51 IST 2020
Wed Aug  5 23:29:52 IST 2020
Wed Aug  5 23:29:53 IST 2020
Wed Aug  5 23:29:54 IST 2020
Wed Aug  5 23:29:55 IST 2020
Wed Aug  5 23:29:56 IST 2020
Wed Aug  5 23:29:57 IST 2020
Wed Aug  5 23:29:58 IST 2020
Wed Aug  5 23:29:59 IST 2020
Wed Aug  5 23:30:01 IST 2020
Wed Aug  5 23:30:02 IST 2020
Wed Aug  5 23:30:03 IST 2020
Wed Aug  5 23:30:04 IST 2020
Wed Aug  5 23:30:05 IST 2020
Wed Aug  5 23:30:06 IST 2020
Wed Aug  5 23:30:07 IST 2020
Wed Aug  5 23:30:08 IST 2020
Wed Aug  5 23:30:09 IST 2020
Wed Aug  5 23:30:10 IST 2020
Wed Aug  5 23:30:11 IST 2020
Wed Aug  5 23:30:12 IST 2020
Wed Aug  5 23:30:13 IST 2020
Wed Aug  5 23:30:14 IST 2020
Wed Aug  5 23:30:15 IST 2020
Wed Aug  5 23:30:16 IST 2020
Wed Aug  5 23:30:17 IST 2020
Wed Aug  5 23:30:18 IST 2020
Wed Aug  5 23:30:19 IST 2020
Wed Aug  5 23:30:20 IST 2020
Wed Aug  5 23:30:21 IST 2020
Wed Aug  5 23:30:22 IST 2020
Wed Aug  5 23:30:23 IST 2020
Wed Aug  5 23:30:24 IST 2020
Wed Aug  5 23:30:25 IST 2020
Wed Aug  5 23:30:26 IST 2020
Wed Aug  5 23:30:27 IST 2020
Wed Aug  5 23:30:28 IST 2020
Wed Aug  5 23:30:29 IST 2020
Wed Aug  5 23:30:30 IST 2020
Wed Aug  5 23:30:31 IST 2020
Wed Aug  5 23:30:32 IST 2020
Wed Aug  5 23:30:33 IST 2020
Wed Aug  5 23:30:34 IST 2020
Wed Aug  5 23:30:35 IST 2020
Wed Aug  5 23:30:36 IST 2020
Wed Aug  5 23:30:37 IST 2020
Wed Aug  5 23:30:38 IST 2020
Wed Aug  5 23:30:39 IST 2020
Wed Aug  5 23:30:40 IST 2020
Wed Aug  5 23:30:41 IST 2020
Wed Aug  5 23:30:42 IST 2020
Wed Aug  5 23:30:43 IST 2020
Wed Aug  5 23:30:44 IST 2020
Wed Aug  5 23:30:45 IST 2020
Wed Aug  5 23:30:46 IST 2020
Wed Aug  5 23:30:47 IST 2020
Wed Aug  5 23:30:48 IST 2020
Wed Aug  5 23:30:49 IST 2020
Wed Aug  5 23:30:50 IST 2020
Wed Aug  5 23:30:51 IST 2020
Wed Aug  5 23:30:52 IST 2020
Wed Aug  5 23:30:53 IST 2020
Wed Aug  5 23:30:54 IST 2020
Wed Aug  5 23:30:55 IST 2020
Wed Aug  5 23:30:56 IST 2020
Wed Aug  5 23:30:57 IST 2020
Wed Aug  5 23:30:58 IST 2020
Wed Aug  5 23:30:59 IST 2020
Wed Aug  5 23:31:00 IST 2020
Wed Aug  5 23:31:01 IST 2020
Wed Aug  5 23:31:02 IST 2020
Wed Aug  5 23:31:03 IST 2020
Wed Aug  5 23:31:04 IST 2020
Wed Aug  5 23:31:05 IST 2020
Wed Aug  5 23:31:06 IST 2020
Wed Aug  5 23:31:07 IST 2020
Wed Aug  5 23:31:08 IST 2020
Wed Aug  5 23:31:09 IST 2020
Wed Aug  5 23:31:10 IST 2020
Wed Aug  5 23:31:11 IST 2020
Wed Aug  5 23:31:12 IST 2020
Wed Aug  5 23:31:13 IST 2020
Wed Aug  5 23:31:14 IST 2020
Wed Aug  5 23:31:15 IST 2020
Wed Aug  5 23:31:16 IST 2020
Wed Aug  5 23:31:17 IST 2020
Wed Aug  5 23:31:18 IST 2020
Wed Aug  5 23:31:19 IST 2020
Wed Aug  5 23:31:20 IST 2020
Wed Aug  5 23:31:21 IST 2020
Wed Aug  5 23:31:22 IST 2020
Wed Aug  5 23:31:23 IST 2020
Wed Aug  5 23:31:24 IST 2020
Wed Aug  5 23:31:25 IST 2020
Wed Aug  5 23:31:26 IST 2020
Wed Aug  5 23:31:27 IST 2020
Wed Aug  5 23:31:28 IST 2020
Wed Aug  5 23:31:29 IST 2020
Wed Aug  5 23:31:30 IST 2020
Wed Aug  5 23:31:31 IST 2020
Wed Aug  5 23:31:32 IST 2020
Wed Aug  5 23:31:33 IST 2020
Wed Aug  5 23:31:34 IST 2020
Wed Aug  5 23:31:35 IST 2020
Wed Aug  5 23:31:36 IST 2020
Wed Aug  5 23:31:37 IST 2020
Wed Aug  5 23:31:38 IST 2020
Wed Aug  5 23:31:39 IST 2020
Wed Aug  5 23:31:40 IST 2020
Wed Aug  5 23:31:41 IST 2020
Wed Aug  5 23:31:42 IST 2020
Wed Aug  5 23:31:43 IST 2020
Wed Aug  5 23:31:44 IST 2020
Wed Aug  5 23:31:45 IST 2020
Wed Aug  5 23:31:46 IST 2020
Wed Aug  5 23:31:47 IST 2020
Wed Aug  5 23:31:48 IST 2020
Wed Aug  5 23:31:49 IST 2020
Wed Aug  5 23:31:50 IST 2020
Wed Aug  5 23:31:51 IST 2020
Wed Aug  5 23:31:52 IST 2020
Wed Aug  5 23:31:53 IST 2020
Wed Aug  5 23:31:54 IST 2020
Wed Aug  5 23:31:55 IST 2020
Wed Aug  5 23:31:56 IST 2020
Wed Aug  5 23:31:57 IST 2020
Wed Aug  5 23:31:58 IST 2020
Wed Aug  5 23:31:59 IST 2020
Wed Aug  5 23:32:00 IST 2020
Wed Aug  5 23:32:01 IST 2020
Wed Aug  5 23:32:02 IST 2020
Wed Aug  5 23:32:03 IST 2020
Wed Aug  5 23:32:04 IST 2020
Wed Aug  5 23:32:05 IST 2020
Wed Aug  5 23:32:06 IST 2020
Wed Aug  5 23:32:07 IST 2020
Wed Aug  5 23:32:08 IST 2020
Wed Aug  5 23:32:09 IST 2020
Wed Aug  5 23:32:10 IST 2020
Wed Aug  5 23:32:11 IST 2020
Wed Aug  5 23:32:12 IST 2020
Wed Aug  5 23:32:13 IST 2020
Wed Aug  5 23:32:14 IST 2020
Wed Aug  5 23:32:15 IST 2020
Wed Aug  5 23:32:16 IST 2020
Wed Aug  5 23:32:17 IST 2020
Wed Aug  5 23:32:18 IST 2020
Wed Aug  5 23:32:19 IST 2020
Wed Aug  5 23:32:20 IST 2020
Wed Aug  5 23:32:21 IST 2020
Wed Aug  5 23:32:22 IST 2020
Wed Aug  5 23:32:23 IST 2020
Wed Aug  5 23:32:24 IST 2020
Wed Aug  5 23:32:25 IST 2020
Wed Aug  5 23:32:26 IST 2020
Wed Aug  5 23:32:27 IST 2020
Wed Aug  5 23:32:28 IST 2020
Wed Aug  5 23:32:29 IST 2020
Wed Aug  5 23:32:30 IST 2020
Wed Aug  5 23:32:31 IST 2020
Wed Aug  5 23:32:32 IST 2020
Wed Aug  5 23:32:33 IST 2020
Wed Aug  5 23:32:34 IST 2020
Wed Aug  5 23:32:35 IST 2020
Wed Aug  5 23:32:36 IST 2020
Wed Aug  5 23:32:37 IST 2020
Wed Aug  5 23:32:38 IST 2020
Wed Aug  5 23:32:39 IST 2020
Wed Aug  5 23:32:40 IST 2020
Wed Aug  5 23:32:41 IST 2020
Wed Aug  5 23:32:42 IST 2020
Wed Aug  5 23:32:43 IST 2020
Wed Aug  5 23:32:44 IST 2020
Wed Aug  5 23:32:45 IST 2020
Wed Aug  5 23:32:46 IST 2020
Wed Aug  5 23:32:47 IST 2020
Wed Aug  5 23:32:48 IST 2020
Wed Aug  5 23:32:49 IST 2020
Wed Aug  5 23:32:50 IST 2020
Wed Aug  5 23:32:51 IST 2020
Wed Aug  5 23:32:52 IST 2020
Wed Aug  5 23:32:53 IST 2020
Wed Aug  5 23:32:54 IST 2020
Wed Aug  5 23:32:55 IST 2020
Wed Aug  5 23:32:56 IST 2020
Wed Aug  5 23:32:58 IST 2020
Wed Aug  5 23:32:59 IST 2020
Wed Aug  5 23:33:00 IST 2020
Wed Aug  5 23:33:01 IST 2020
Wed Aug  5 23:33:02 IST 2020
Wed Aug  5 23:33:03 IST 2020
Wed Aug  5 23:33:04 IST 2020
Wed Aug  5 23:33:05 IST 2020
Wed Aug  5 23:33:06 IST 2020
Wed Aug  5 23:33:07 IST 2020
Wed Aug  5 23:33:08 IST 2020
Wed Aug  5 23:33:09 IST 2020
Wed Aug  5 23:33:10 IST 2020
Wed Aug  5 23:33:11 IST 2020
Wed Aug  5 23:33:12 IST 2020
Wed Aug  5 23:33:13 IST 2020
Wed Aug  5 23:33:14 IST 2020
Wed Aug  5 23:33:15 IST 2020
Wed Aug  5 23:33:16 IST 2020
Wed Aug  5 23:33:17 IST 2020
Wed Aug  5 23:33:18 IST 2020
Wed Aug  5 23:33:19 IST 2020
Wed Aug  5 23:33:20 IST 2020
Wed Aug  5 23:33:21 IST 2020
Wed Aug  5 23:33:22 IST 2020
Wed Aug  5 23:33:23 IST 2020
Wed Aug  5 23:33:24 IST 2020
Wed Aug  5 23:33:25 IST 2020
Wed Aug  5 23:33:26 IST 2020
Wed Aug  5 23:33:27 IST 2020
Wed Aug  5 23:33:28 IST 2020
Wed Aug  5 23:33:29 IST 2020
Wed Aug  5 23:33:30 IST 2020
Wed Aug  5 23:33:31 IST 2020
Wed Aug  5 23:33:32 IST 2020
Wed Aug  5 23:33:33 IST 2020
Wed Aug  5 23:33:34 IST 2020
Wed Aug  5 23:33:35 IST 2020
Wed Aug  5 23:33:36 IST 2020
Wed Aug  5 23:33:37 IST 2020
Wed Aug  5 23:33:38 IST 2020
Wed Aug  5 23:33:39 IST 2020
Wed Aug  5 23:33:40 IST 2020
Wed Aug  5 23:33:41 IST 2020
Wed Aug  5 23:33:42 IST 2020
Wed Aug  5 23:33:43 IST 2020
Wed Aug  5 23:33:44 IST 2020
Wed Aug  5 23:33:45 IST 2020
Wed Aug  5 23:33:46 IST 2020
Wed Aug  5 23:33:47 IST 2020
Wed Aug  5 23:33:48 IST 2020
Wed Aug  5 23:33:49 IST 2020
Wed Aug  5 23:33:50 IST 2020
Wed Aug  5 23:33:51 IST 2020
Wed Aug  5 23:33:52 IST 2020
Wed Aug  5 23:33:53 IST 2020
Wed Aug  5 23:33:54 IST 2020
Wed Aug  5 23:33:55 IST 2020
Wed Aug  5 23:33:56 IST 2020
Wed Aug  5 23:33:57 IST 2020
Wed Aug  5 23:33:58 IST 2020
Wed Aug  5 23:33:59 IST 2020
Wed Aug  5 23:34:00 IST 2020
Wed Aug  5 23:34:01 IST 2020
Wed Aug  5 23:34:02 IST 2020
Wed Aug  5 23:34:03 IST 2020
Wed Aug  5 23:34:04 IST 2020
Wed Aug  5 23:34:05 IST 2020
Wed Aug  5 23:34:06 IST 2020
Wed Aug  5 23:34:07 IST 2020
Wed Aug  5 23:34:08 IST 2020
Wed Aug  5 23:34:09 IST 2020
Wed Aug  5 23:34:10 IST 2020
Wed Aug  5 23:34:11 IST 2020
Wed Aug  5 23:34:12 IST 2020
Wed Aug  5 23:34:13 IST 2020
Wed Aug  5 23:34:14 IST 2020
Wed Aug  5 23:34:15 IST 2020
Wed Aug  5 23:34:16 IST 2020
Wed Aug  5 23:34:17 IST 2020
Wed Aug  5 23:34:18 IST 2020
Wed Aug  5 23:34:19 IST 2020
Wed Aug  5 23:34:20 IST 2020
Wed Aug  5 23:34:21 IST 2020
Wed Aug  5 23:34:22 IST 2020
Wed Aug  5 23:34:23 IST 2020
Wed Aug  5 23:34:24 IST 2020
Wed Aug  5 23:34:25 IST 2020
Wed Aug  5 23:34:26 IST 2020
Wed Aug  5 23:34:27 IST 2020
Wed Aug  5 23:34:28 IST 2020
Wed Aug  5 23:34:29 IST 2020
Wed Aug  5 23:34:30 IST 2020
Wed Aug  5 23:34:31 IST 2020
Wed Aug  5 23:34:32 IST 2020
Wed Aug  5 23:34:33 IST 2020
Wed Aug  5 23:34:34 IST 2020
Wed Aug  5 23:34:35 IST 2020
Wed Aug  5 23:34:36 IST 2020
Wed Aug  5 23:34:37 IST 2020
Wed Aug  5 23:34:38 IST 2020
Wed Aug  5 23:34:39 IST 2020
Wed Aug  5 23:34:40 IST 2020
Wed Aug  5 23:34:41 IST 2020
Wed Aug  5 23:34:42 IST 2020
Wed Aug  5 23:34:43 IST 2020
Wed Aug  5 23:34:44 IST 2020
Wed Aug  5 23:34:45 IST 2020
Wed Aug  5 23:34:46 IST 2020
Wed Aug  5 23:34:47 IST 2020
Wed Aug  5 23:34:48 IST 2020
Wed Aug  5 23:34:49 IST 2020
Wed Aug  5 23:34:50 IST 2020
Wed Aug  5 23:34:51 IST 2020
Wed Aug  5 23:34:52 IST 2020
Wed Aug  5 23:34:53 IST 2020
Wed Aug  5 23:34:54 IST 2020
Wed Aug  5 23:34:55 IST 2020
Wed Aug  5 23:34:56 IST 2020
Wed Aug  5 23:34:57 IST 2020
Wed Aug  5 23:34:58 IST 2020
Wed Aug  5 23:34:59 IST 2020
Wed Aug  5 23:35:00 IST 2020
Wed Aug  5 23:35:01 IST 2020
Wed Aug  5 23:35:02 IST 2020
Wed Aug  5 23:35:03 IST 2020
Wed Aug  5 23:35:04 IST 2020
Wed Aug  5 23:35:05 IST 2020
Wed Aug  5 23:35:06 IST 2020
Wed Aug  5 23:35:07 IST 2020
Wed Aug  5 23:35:08 IST 2020
Wed Aug  5 23:35:09 IST 2020
Wed Aug  5 23:35:10 IST 2020
Wed Aug  5 23:35:11 IST 2020
Wed Aug  5 23:35:12 IST 2020
Wed Aug  5 23:35:13 IST 2020
Wed Aug  5 23:35:14 IST 2020
Wed Aug  5 23:35:15 IST 2020
Wed Aug  5 23:35:16 IST 2020
Wed Aug  5 23:35:17 IST 2020
Wed Aug  5 23:35:18 IST 2020
Wed Aug  5 23:35:19 IST 2020
Wed Aug  5 23:35:20 IST 2020
Wed Aug  5 23:35:21 IST 2020
Wed Aug  5 23:35:22 IST 2020
Wed Aug  5 23:35:23 IST 2020
Wed Aug  5 23:35:24 IST 2020
Wed Aug  5 23:35:25 IST 2020
Wed Aug  5 23:35:26 IST 2020
Wed Aug  5 23:35:27 IST 2020
Wed Aug  5 23:35:28 IST 2020
Wed Aug  5 23:35:29 IST 2020
Wed Aug  5 23:35:30 IST 2020
Wed Aug  5 23:35:31 IST 2020
Wed Aug  5 23:35:32 IST 2020
Wed Aug  5 23:35:33 IST 2020
Wed Aug  5 23:35:34 IST 2020
Wed Aug  5 23:35:35 IST 2020
Wed Aug  5 23:35:36 IST 2020
Wed Aug  5 23:35:37 IST 2020
Wed Aug  5 23:35:38 IST 2020
Wed Aug  5 23:35:39 IST 2020
Wed Aug  5 23:35:40 IST 2020
Wed Aug  5 23:35:41 IST 2020
Wed Aug  5 23:35:42 IST 2020
Wed Aug  5 23:35:43 IST 2020
Wed Aug  5 23:35:44 IST 2020
Wed Aug  5 23:35:45 IST 2020
Wed Aug  5 23:35:46 IST 2020
Wed Aug  5 23:35:47 IST 2020
Wed Aug  5 23:35:48 IST 2020
Wed Aug  5 23:35:50 IST 2020
Wed Aug  5 23:35:51 IST 2020
Wed Aug  5 23:35:52 IST 2020
Wed Aug  5 23:35:53 IST 2020
Wed Aug  5 23:35:54 IST 2020
Wed Aug  5 23:35:55 IST 2020
Wed Aug  5 23:35:56 IST 2020
Wed Aug  5 23:35:57 IST 2020
Wed Aug  5 23:35:58 IST 2020
Wed Aug  5 23:35:59 IST 2020
Wed Aug  5 23:36:00 IST 2020
Wed Aug  5 23:36:01 IST 2020
Wed Aug  5 23:36:02 IST 2020
Wed Aug  5 23:36:03 IST 2020
Wed Aug  5 23:36:04 IST 2020
Wed Aug  5 23:36:05 IST 2020
Wed Aug  5 23:36:06 IST 2020
Wed Aug  5 23:36:07 IST 2020
Wed Aug  5 23:36:08 IST 2020
Wed Aug  5 23:36:09 IST 2020
Wed Aug  5 23:36:10 IST 2020
Wed Aug  5 23:36:11 IST 2020
Wed Aug  5 23:36:12 IST 2020
Wed Aug  5 23:36:13 IST 2020
Wed Aug  5 23:36:14 IST 2020
Wed Aug  5 23:36:15 IST 2020
Wed Aug  5 23:36:16 IST 2020
Wed Aug  5 23:36:17 IST 2020
Wed Aug  5 23:36:18 IST 2020
Wed Aug  5 23:36:19 IST 2020
Wed Aug  5 23:36:20 IST 2020
Wed Aug  5 23:36:21 IST 2020
Wed Aug  5 23:36:22 IST 2020
Wed Aug  5 23:36:23 IST 2020
Wed Aug  5 23:36:24 IST 2020
Wed Aug  5 23:36:25 IST 2020
Wed Aug  5 23:36:26 IST 2020
Wed Aug  5 23:36:27 IST 2020
Wed Aug  5 23:36:28 IST 2020
Wed Aug  5 23:36:29 IST 2020
Wed Aug  5 23:36:30 IST 2020
Wed Aug  5 23:36:31 IST 2020
Wed Aug  5 23:36:32 IST 2020
Wed Aug  5 23:36:33 IST 2020
Wed Aug  5 23:36:34 IST 2020
Wed Aug  5 23:36:35 IST 2020
Wed Aug  5 23:36:36 IST 2020
Wed Aug  5 23:36:37 IST 2020
Wed Aug  5 23:36:38 IST 2020
Wed Aug  5 23:36:39 IST 2020
Wed Aug  5 23:36:40 IST 2020
Wed Aug  5 23:36:41 IST 2020
Wed Aug  5 23:36:42 IST 2020
Wed Aug  5 23:36:43 IST 2020
Wed Aug  5 23:36:44 IST 2020
Wed Aug  5 23:36:45 IST 2020
Wed Aug  5 23:36:46 IST 2020
Wed Aug  5 23:36:47 IST 2020
Wed Aug  5 23:36:48 IST 2020
Wed Aug  5 23:36:49 IST 2020
Wed Aug  5 23:36:50 IST 2020
Wed Aug  5 23:36:51 IST 2020
Wed Aug  5 23:36:52 IST 2020
Wed Aug  5 23:36:53 IST 2020
Wed Aug  5 23:36:54 IST 2020
Wed Aug  5 23:36:55 IST 2020
Wed Aug  5 23:36:56 IST 2020
Wed Aug  5 23:36:57 IST 2020
Wed Aug  5 23:36:58 IST 2020
Wed Aug  5 23:36:59 IST 2020
Wed Aug  5 23:37:00 IST 2020
Wed Aug  5 23:37:01 IST 2020
Wed Aug  5 23:37:02 IST 2020
Wed Aug  5 23:37:03 IST 2020
Wed Aug  5 23:37:04 IST 2020
Wed Aug  5 23:37:05 IST 2020
Wed Aug  5 23:37:06 IST 2020
Wed Aug  5 23:37:07 IST 2020
Wed Aug  5 23:37:08 IST 2020
Wed Aug  5 23:37:09 IST 2020
Wed Aug  5 23:37:10 IST 2020
Wed Aug  5 23:37:11 IST 2020
Wed Aug  5 23:37:12 IST 2020
Wed Aug  5 23:37:13 IST 2020
Wed Aug  5 23:37:14 IST 2020
Wed Aug  5 23:37:15 IST 2020
Wed Aug  5 23:37:16 IST 2020
Wed Aug  5 23:37:17 IST 2020
Wed Aug  5 23:37:18 IST 2020
Wed Aug  5 23:37:19 IST 2020
Wed Aug  5 23:37:20 IST 2020
Wed Aug  5 23:37:21 IST 2020
Wed Aug  5 23:37:22 IST 2020
Wed Aug  5 23:37:23 IST 2020
Wed Aug  5 23:37:24 IST 2020
Wed Aug  5 23:37:25 IST 2020
Wed Aug  5 23:37:26 IST 2020
Wed Aug  5 23:37:27 IST 2020
Wed Aug  5 23:37:28 IST 2020
Wed Aug  5 23:37:29 IST 2020
Wed Aug  5 23:37:30 IST 2020
Wed Aug  5 23:37:32 IST 2020
Wed Aug  5 23:37:33 IST 2020
Wed Aug  5 23:37:34 IST 2020
Wed Aug  5 23:37:35 IST 2020
Wed Aug  5 23:37:36 IST 2020
Wed Aug  5 23:37:37 IST 2020
Wed Aug  5 23:37:38 IST 2020
Wed Aug  5 23:37:39 IST 2020
Wed Aug  5 23:37:40 IST 2020
Wed Aug  5 23:37:41 IST 2020
Wed Aug  5 23:37:42 IST 2020
Wed Aug  5 23:37:43 IST 2020
Wed Aug  5 23:37:44 IST 2020
Wed Aug  5 23:37:45 IST 2020
Wed Aug  5 23:37:46 IST 2020
Wed Aug  5 23:37:47 IST 2020
Wed Aug  5 23:37:48 IST 2020
Wed Aug  5 23:37:49 IST 2020
Wed Aug  5 23:38:08 IST 2020
Wed Aug  5 23:38:09 IST 2020
Wed Aug  5 23:38:10 IST 2020
Wed Aug  5 23:38:11 IST 2020
Wed Aug  5 23:38:12 IST 2020
Wed Aug  5 23:38:13 IST 2020
Wed Aug  5 23:38:14 IST 2020
Wed Aug  5 23:38:15 IST 2020
Wed Aug  5 23:38:16 IST 2020
Wed Aug  5 23:38:17 IST 2020
Wed Aug  5 23:38:18 IST 2020
Wed Aug  5 23:38:19 IST 2020
Wed Aug  5 23:38:21 IST 2020
Wed Aug  5 23:38:22 IST 2020
Wed Aug  5 23:38:23 IST 2020
Wed Aug  5 23:38:24 IST 2020
Wed Aug  5 23:38:25 IST 2020
Wed Aug  5 23:38:26 IST 2020
Wed Aug  5 23:38:27 IST 2020
Wed Aug  5 23:38:28 IST 2020
Wed Aug  5 23:38:29 IST 2020
Wed Aug  5 23:38:30 IST 2020
Wed Aug  5 23:38:31 IST 2020
Wed Aug  5 23:38:32 IST 2020
Wed Aug  5 23:38:33 IST 2020
Wed Aug  5 23:38:34 IST 2020
Wed Aug  5 23:38:35 IST 2020
Wed Aug  5 23:38:36 IST 2020
Wed Aug  5 23:38:37 IST 2020
Wed Aug  5 23:38:38 IST 2020
Wed Aug  5 23:38:39 IST 2020
Wed Aug  5 23:38:40 IST 2020
Wed Aug  5 23:38:41 IST 2020
Wed Aug  5 23:38:42 IST 2020
Wed Aug  5 23:38:43 IST 2020
Wed Aug  5 23:38:44 IST 2020
Wed Aug  5 23:38:45 IST 2020
Wed Aug  5 23:38:46 IST 2020
Wed Aug  5 23:38:47 IST 2020
Wed Aug  5 23:38:48 IST 2020
Wed Aug  5 23:38:49 IST 2020
Wed Aug  5 23:38:50 IST 2020
Wed Aug  5 23:38:51 IST 2020
Wed Aug  5 23:38:52 IST 2020
Wed Aug  5 23:38:53 IST 2020
Wed Aug  5 23:38:54 IST 2020
Wed Aug  5 23:38:55 IST 2020
Wed Aug  5 23:38:56 IST 2020
Wed Aug  5 23:38:57 IST 2020
Wed Aug  5 23:38:58 IST 2020
Wed Aug  5 23:38:59 IST 2020
Wed Aug  5 23:39:00 IST 2020
Wed Aug  5 23:39:01 IST 2020
Wed Aug  5 23:39:02 IST 2020
Wed Aug  5 23:39:03 IST 2020
Wed Aug  5 23:39:04 IST 2020
Wed Aug  5 23:39:05 IST 2020
Wed Aug  5 23:39:06 IST 2020
Wed Aug  5 23:39:07 IST 2020
Wed Aug  5 23:39:08 IST 2020
Wed Aug  5 23:39:09 IST 2020
Wed Aug  5 23:39:10 IST 2020
Wed Aug  5 23:39:11 IST 2020
Wed Aug  5 23:39:12 IST 2020
Wed Aug  5 23:39:13 IST 2020
Wed Aug  5 23:39:14 IST 2020
Wed Aug  5 23:39:15 IST 2020
Wed Aug  5 23:39:16 IST 2020
Wed Aug  5 23:39:17 IST 2020
Wed Aug  5 23:39:18 IST 2020
Wed Aug  5 23:39:19 IST 2020
Wed Aug  5 23:39:20 IST 2020
Wed Aug  5 23:39:21 IST 2020
Wed Aug  5 23:39:22 IST 2020
Wed Aug  5 23:39:23 IST 2020
Wed Aug  5 23:39:24 IST 2020
Wed Aug  5 23:39:25 IST 2020
Wed Aug  5 23:39:26 IST 2020
Wed Aug  5 23:39:27 IST 2020
Wed Aug  5 23:39:28 IST 2020
Wed Aug  5 23:39:29 IST 2020
Wed Aug  5 23:39:30 IST 2020
Wed Aug  5 23:39:31 IST 2020
Wed Aug  5 23:39:32 IST 2020
Wed Aug  5 23:39:33 IST 2020
Wed Aug  5 23:39:34 IST 2020
Wed Aug  5 23:39:35 IST 2020
Wed Aug  5 23:39:36 IST 2020
Wed Aug  5 23:39:37 IST 2020
Wed Aug  5 23:39:38 IST 2020
Wed Aug  5 23:39:39 IST 2020
Wed Aug  5 23:39:40 IST 2020
Wed Aug  5 23:39:41 IST 2020
Wed Aug  5 23:39:42 IST 2020
Wed Aug  5 23:39:43 IST 2020
Wed Aug  5 23:39:44 IST 2020
Wed Aug  5 23:39:45 IST 2020
Wed Aug  5 23:39:46 IST 2020
Wed Aug  5 23:39:47 IST 2020
Wed Aug  5 23:39:48 IST 2020
Wed Aug  5 23:39:49 IST 2020
Wed Aug  5 23:39:50 IST 2020
Wed Aug  5 23:39:51 IST 2020
Wed Aug  5 23:39:52 IST 2020
Wed Aug  5 23:39:53 IST 2020
Wed Aug  5 23:39:54 IST 2020
Wed Aug  5 23:39:55 IST 2020
Wed Aug  5 23:39:56 IST 2020
Wed Aug  5 23:39:57 IST 2020
Wed Aug  5 23:39:58 IST 2020
Wed Aug  5 23:39:59 IST 2020
Wed Aug  5 23:40:00 IST 2020
Wed Aug  5 23:40:01 IST 2020
Wed Aug  5 23:40:02 IST 2020
Wed Aug  5 23:40:03 IST 2020
Wed Aug  5 23:40:04 IST 2020
Wed Aug  5 23:40:05 IST 2020
Wed Aug  5 23:40:06 IST 2020
Wed Aug  5 23:40:07 IST 2020
Wed Aug  5 23:40:08 IST 2020
Wed Aug  5 23:40:09 IST 2020
Wed Aug  5 23:40:10 IST 2020
Wed Aug  5 23:40:11 IST 2020
Wed Aug  5 23:40:12 IST 2020
Wed Aug  5 23:40:13 IST 2020
Wed Aug  5 23:40:14 IST 2020
Wed Aug  5 23:40:15 IST 2020
Wed Aug  5 23:40:16 IST 2020
Wed Aug  5 23:40:17 IST 2020
Wed Aug  5 23:40:18 IST 2020
Wed Aug  5 23:40:19 IST 2020
Wed Aug  5 23:40:20 IST 2020
Wed Aug  5 23:40:21 IST 2020
Wed Aug  5 23:40:22 IST 2020
Wed Aug  5 23:40:23 IST 2020
Wed Aug  5 23:40:24 IST 2020
Wed Aug  5 23:40:25 IST 2020
Wed Aug  5 23:40:26 IST 2020
Wed Aug  5 23:40:27 IST 2020
Wed Aug  5 23:40:28 IST 2020
Wed Aug  5 23:40:29 IST 2020
Wed Aug  5 23:40:30 IST 2020
Wed Aug  5 23:40:31 IST 2020
Wed Aug  5 23:40:32 IST 2020
Wed Aug  5 23:40:33 IST 2020
Wed Aug  5 23:40:34 IST 2020
Wed Aug  5 23:40:35 IST 2020
Wed Aug  5 23:40:36 IST 2020
Wed Aug  5 23:40:37 IST 2020
Wed Aug  5 23:40:38 IST 2020
Wed Aug  5 23:40:39 IST 2020
Wed Aug  5 23:40:40 IST 2020
Wed Aug  5 23:40:41 IST 2020
Wed Aug  5 23:40:42 IST 2020
Wed Aug  5 23:40:43 IST 2020
Wed Aug  5 23:40:44 IST 2020
Wed Aug  5 23:40:45 IST 2020
Wed Aug  5 23:40:46 IST 2020
Wed Aug  5 23:40:47 IST 2020
Wed Aug  5 23:40:48 IST 2020
Wed Aug  5 23:40:49 IST 2020
Wed Aug  5 23:40:50 IST 2020
Wed Aug  5 23:40:51 IST 2020
Wed Aug  5 23:40:52 IST 2020
Wed Aug  5 23:40:53 IST 2020
Wed Aug  5 23:40:54 IST 2020
Wed Aug  5 23:40:55 IST 2020
Wed Aug  5 23:40:56 IST 2020
Wed Aug  5 23:40:57 IST 2020
Wed Aug  5 23:40:58 IST 2020
Wed Aug  5 23:40:59 IST 2020
Wed Aug  5 23:41:00 IST 2020
Wed Aug  5 23:41:01 IST 2020
Wed Aug  5 23:41:02 IST 2020
Wed Aug  5 23:41:03 IST 2020
Wed Aug  5 23:41:04 IST 2020
Wed Aug  5 23:41:05 IST 2020
Wed Aug  5 23:41:06 IST 2020
Wed Aug  5 23:41:07 IST 2020
Wed Aug  5 23:41:08 IST 2020
Wed Aug  5 23:41:09 IST 2020
Wed Aug  5 23:41:10 IST 2020
Wed Aug  5 23:41:11 IST 2020
Wed Aug  5 23:41:12 IST 2020
Wed Aug  5 23:41:13 IST 2020
Wed Aug  5 23:41:14 IST 2020
Wed Aug  5 23:41:16 IST 2020
Wed Aug  5 23:41:17 IST 2020
Wed Aug  5 23:41:18 IST 2020
Wed Aug  5 23:41:19 IST 2020
Wed Aug  5 23:41:20 IST 2020
Wed Aug  5 23:41:21 IST 2020
Wed Aug  5 23:41:22 IST 2020
Wed Aug  5 23:41:23 IST 2020
Wed Aug  5 23:41:24 IST 2020
Wed Aug  5 23:41:25 IST 2020
Wed Aug  5 23:41:26 IST 2020
Wed Aug  5 23:41:27 IST 2020
Wed Aug  5 23:41:28 IST 2020
Wed Aug  5 23:41:29 IST 2020
Wed Aug  5 23:41:30 IST 2020
Wed Aug  5 23:41:31 IST 2020
Wed Aug  5 23:41:32 IST 2020
Wed Aug  5 23:41:33 IST 2020
Wed Aug  5 23:41:34 IST 2020
Wed Aug  5 23:41:35 IST 2020
Wed Aug  5 23:41:36 IST 2020
Wed Aug  5 23:41:37 IST 2020
Wed Aug  5 23:41:38 IST 2020
Wed Aug  5 23:41:39 IST 2020
Wed Aug  5 23:41:40 IST 2020
Wed Aug  5 23:41:41 IST 2020
Wed Aug  5 23:41:42 IST 2020
Wed Aug  5 23:41:43 IST 2020
Wed Aug  5 23:41:44 IST 2020
Wed Aug  5 23:41:45 IST 2020
Wed Aug  5 23:41:46 IST 2020
Wed Aug  5 23:41:47 IST 2020
Wed Aug  5 23:41:48 IST 2020
Wed Aug  5 23:41:49 IST 2020
Wed Aug  5 23:41:50 IST 2020
Wed Aug  5 23:41:51 IST 2020
Wed Aug  5 23:41:52 IST 2020
Wed Aug  5 23:41:53 IST 2020
Wed Aug  5 23:41:55 IST 2020
Wed Aug  5 23:41:56 IST 2020
Wed Aug  5 23:41:57 IST 2020
Wed Aug  5 23:41:58 IST 2020
Wed Aug  5 23:41:59 IST 2020
Wed Aug  5 23:42:01 IST 2020
Wed Aug  5 23:42:02 IST 2020
Wed Aug  5 23:42:03 IST 2020
Wed Aug  5 23:42:04 IST 2020
Wed Aug  5 23:42:05 IST 2020
Wed Aug  5 23:42:06 IST 2020
Wed Aug  5 23:42:07 IST 2020
Wed Aug  5 23:42:09 IST 2020
Wed Aug  5 23:42:10 IST 2020
Wed Aug  5 23:42:11 IST 2020
Wed Aug  5 23:42:12 IST 2020
Wed Aug  5 23:42:13 IST 2020
Wed Aug  5 23:42:14 IST 2020
Wed Aug  5 23:42:15 IST 2020
Wed Aug  5 23:42:16 IST 2020
Wed Aug  5 23:42:17 IST 2020
Wed Aug  5 23:42:18 IST 2020
Wed Aug  5 23:42:19 IST 2020
Wed Aug  5 23:42:20 IST 2020
Wed Aug  5 23:42:21 IST 2020
Wed Aug  5 23:42:22 IST 2020
Wed Aug  5 23:42:23 IST 2020
Wed Aug  5 23:42:24 IST 2020
Wed Aug  5 23:42:25 IST 2020
Wed Aug  5 23:42:26 IST 2020
Wed Aug  5 23:42:28 IST 2020
Wed Aug  5 23:42:29 IST 2020
Wed Aug  5 23:42:30 IST 2020
Wed Aug  5 23:42:31 IST 2020
Wed Aug  5 23:42:32 IST 2020
Wed Aug  5 23:42:33 IST 2020
Wed Aug  5 23:42:34 IST 2020
Wed Aug  5 23:42:35 IST 2020
Wed Aug  5 23:42:36 IST 2020
Wed Aug  5 23:42:37 IST 2020
Wed Aug  5 23:42:38 IST 2020
Wed Aug  5 23:42:39 IST 2020
Wed Aug  5 23:42:40 IST 2020
Wed Aug  5 23:42:41 IST 2020
Wed Aug  5 23:42:42 IST 2020
Wed Aug  5 23:42:44 IST 2020
Wed Aug  5 23:42:45 IST 2020
Wed Aug  5 23:42:46 IST 2020
Wed Aug  5 23:42:47 IST 2020
Wed Aug  5 23:42:48 IST 2020
Wed Aug  5 23:42:49 IST 2020
Wed Aug  5 23:42:51 IST 2020
Wed Aug  5 23:42:52 IST 2020
Wed Aug  5 23:42:53 IST 2020
Wed Aug  5 23:42:54 IST 2020
Wed Aug  5 23:42:55 IST 2020
Wed Aug  5 23:42:56 IST 2020
Wed Aug  5 23:42:57 IST 2020
Wed Aug  5 23:42:58 IST 2020
Wed Aug  5 23:42:59 IST 2020
Wed Aug  5 23:43:00 IST 2020
Wed Aug  5 23:43:01 IST 2020
Wed Aug  5 23:43:02 IST 2020
Wed Aug  5 23:43:03 IST 2020
Wed Aug  5 23:43:04 IST 2020
Wed Aug  5 23:43:05 IST 2020
Wed Aug  5 23:43:06 IST 2020
Wed Aug  5 23:43:07 IST 2020
Wed Aug  5 23:43:08 IST 2020
Wed Aug  5 23:43:09 IST 2020
Wed Aug  5 23:43:10 IST 2020
Wed Aug  5 23:43:11 IST 2020
Wed Aug  5 23:43:12 IST 2020
Wed Aug  5 23:43:13 IST 2020
Wed Aug  5 23:43:14 IST 2020
Wed Aug  5 23:43:15 IST 2020
Wed Aug  5 23:43:16 IST 2020
Wed Aug  5 23:43:17 IST 2020
Wed Aug  5 23:43:18 IST 2020
Wed Aug  5 23:43:19 IST 2020
Wed Aug  5 23:43:21 IST 2020
Wed Aug  5 23:43:22 IST 2020
Wed Aug  5 23:43:23 IST 2020
Wed Aug  5 23:43:24 IST 2020
Wed Aug  5 23:43:25 IST 2020
Wed Aug  5 23:43:26 IST 2020
Wed Aug  5 23:43:27 IST 2020
Wed Aug  5 23:43:28 IST 2020
Wed Aug  5 23:43:29 IST 2020
Wed Aug  5 23:43:30 IST 2020
Wed Aug  5 23:43:31 IST 2020
Wed Aug  5 23:43:32 IST 2020
Wed Aug  5 23:43:33 IST 2020
Wed Aug  5 23:43:34 IST 2020
Wed Aug  5 23:43:35 IST 2020
Wed Aug  5 23:43:36 IST 2020
Wed Aug  5 23:43:37 IST 2020
Wed Aug  5 23:43:38 IST 2020
Wed Aug  5 23:43:39 IST 2020
Wed Aug  5 23:43:40 IST 2020
Wed Aug  5 23:43:41 IST 2020
Wed Aug  5 23:43:42 IST 2020
Wed Aug  5 23:43:43 IST 2020
Wed Aug  5 23:43:44 IST 2020
Wed Aug  5 23:43:45 IST 2020
Wed Aug  5 23:43:46 IST 2020
Wed Aug  5 23:43:47 IST 2020
Wed Aug  5 23:43:48 IST 2020
Wed Aug  5 23:43:49 IST 2020
Wed Aug  5 23:43:50 IST 2020
Wed Aug  5 23:43:51 IST 2020
Wed Aug  5 23:43:52 IST 2020
Wed Aug  5 23:43:53 IST 2020
Wed Aug  5 23:43:54 IST 2020
Wed Aug  5 23:43:55 IST 2020
Wed Aug  5 23:43:56 IST 2020
Wed Aug  5 23:43:57 IST 2020
Wed Aug  5 23:43:58 IST 2020
Wed Aug  5 23:43:59 IST 2020
Wed Aug  5 23:44:00 IST 2020
Wed Aug  5 23:44:01 IST 2020
Wed Aug  5 23:44:02 IST 2020
Wed Aug  5 23:44:03 IST 2020
Wed Aug  5 23:44:04 IST 2020
Wed Aug  5 23:44:05 IST 2020
Wed Aug  5 23:44:06 IST 2020
Wed Aug  5 23:44:07 IST 2020
Wed Aug  5 23:44:08 IST 2020
Wed Aug  5 23:44:09 IST 2020
Wed Aug  5 23:44:10 IST 2020
Wed Aug  5 23:44:11 IST 2020
Wed Aug  5 23:44:12 IST 2020
Wed Aug  5 23:44:13 IST 2020
Wed Aug  5 23:44:14 IST 2020
Wed Aug  5 23:44:15 IST 2020
Wed Aug  5 23:44:16 IST 2020
Wed Aug  5 23:44:17 IST 2020
Wed Aug  5 23:44:18 IST 2020
Wed Aug  5 23:44:19 IST 2020
Wed Aug  5 23:44:20 IST 2020
Wed Aug  5 23:44:21 IST 2020
Wed Aug  5 23:44:22 IST 2020
Wed Aug  5 23:44:23 IST 2020
Wed Aug  5 23:44:24 IST 2020
Wed Aug  5 23:44:25 IST 2020
Wed Aug  5 23:44:26 IST 2020
Wed Aug  5 23:44:27 IST 2020
Wed Aug  5 23:44:28 IST 2020
Wed Aug  5 23:44:29 IST 2020
Wed Aug  5 23:44:30 IST 2020
Wed Aug  5 23:44:31 IST 2020
Wed Aug  5 23:44:32 IST 2020
Wed Aug  5 23:44:33 IST 2020
Wed Aug  5 23:44:34 IST 2020
Wed Aug  5 23:44:35 IST 2020
Wed Aug  5 23:44:36 IST 2020
Wed Aug  5 23:44:37 IST 2020
Wed Aug  5 23:44:38 IST 2020
Wed Aug  5 23:44:39 IST 2020
Wed Aug  5 23:44:40 IST 2020
Wed Aug  5 23:44:41 IST 2020
Wed Aug  5 23:44:42 IST 2020
Wed Aug  5 23:44:43 IST 2020
Wed Aug  5 23:44:44 IST 2020
Wed Aug  5 23:44:45 IST 2020
Wed Aug  5 23:44:46 IST 2020
Wed Aug  5 23:44:47 IST 2020
Wed Aug  5 23:44:48 IST 2020
Wed Aug  5 23:44:49 IST 2020
Wed Aug  5 23:44:50 IST 2020
Wed Aug  5 23:44:51 IST 2020
Wed Aug  5 23:44:52 IST 2020
Wed Aug  5 23:44:53 IST 2020
Wed Aug  5 23:44:54 IST 2020
Wed Aug  5 23:44:55 IST 2020
Wed Aug  5 23:44:56 IST 2020
Wed Aug  5 23:44:57 IST 2020
Wed Aug  5 23:44:58 IST 2020
Wed Aug  5 23:44:59 IST 2020
Wed Aug  5 23:45:00 IST 2020
Wed Aug  5 23:45:01 IST 2020
Wed Aug  5 23:45:02 IST 2020
Wed Aug  5 23:45:03 IST 2020
Wed Aug  5 23:45:04 IST 2020
Wed Aug  5 23:45:05 IST 2020
Wed Aug  5 23:45:06 IST 2020
Wed Aug  5 23:45:07 IST 2020
Wed Aug  5 23:45:08 IST 2020
Wed Aug  5 23:45:09 IST 2020
Wed Aug  5 23:45:10 IST 2020
Wed Aug  5 23:45:11 IST 2020
Wed Aug  5 23:45:12 IST 2020
Wed Aug  5 23:45:13 IST 2020
Wed Aug  5 23:45:14 IST 2020
Wed Aug  5 23:45:15 IST 2020
Wed Aug  5 23:45:16 IST 2020
Wed Aug  5 23:45:17 IST 2020
Wed Aug  5 23:45:18 IST 2020
Wed Aug  5 23:45:19 IST 2020
Wed Aug  5 23:45:20 IST 2020
Wed Aug  5 23:45:21 IST 2020
Wed Aug  5 23:45:22 IST 2020
Wed Aug  5 23:45:23 IST 2020
Wed Aug  5 23:45:24 IST 2020
Wed Aug  5 23:45:25 IST 2020
Wed Aug  5 23:45:26 IST 2020
Wed Aug  5 23:45:27 IST 2020
Wed Aug  5 23:45:28 IST 2020
Wed Aug  5 23:45:29 IST 2020
Wed Aug  5 23:45:30 IST 2020
Wed Aug  5 23:45:31 IST 2020
Wed Aug  5 23:45:32 IST 2020
Wed Aug  5 23:45:33 IST 2020
Wed Aug  5 23:45:34 IST 2020
Wed Aug  5 23:45:35 IST 2020
Wed Aug  5 23:45:36 IST 2020
Wed Aug  5 23:45:37 IST 2020
Wed Aug  5 23:45:38 IST 2020
Wed Aug  5 23:45:39 IST 2020
Wed Aug  5 23:45:40 IST 2020
Wed Aug  5 23:45:41 IST 2020
Wed Aug  5 23:45:42 IST 2020
Wed Aug  5 23:45:43 IST 2020
Wed Aug  5 23:45:44 IST 2020
Wed Aug  5 23:45:45 IST 2020
Wed Aug  5 23:45:46 IST 2020
Wed Aug  5 23:45:47 IST 2020
Wed Aug  5 23:45:48 IST 2020
Wed Aug  5 23:45:49 IST 2020
Wed Aug  5 23:45:50 IST 2020
Wed Aug  5 23:45:51 IST 2020
Wed Aug  5 23:45:52 IST 2020
Wed Aug  5 23:45:53 IST 2020
Wed Aug  5 23:45:54 IST 2020
Wed Aug  5 23:45:55 IST 2020
Wed Aug  5 23:45:56 IST 2020
Wed Aug  5 23:45:57 IST 2020
Wed Aug  5 23:45:58 IST 2020
Wed Aug  5 23:45:59 IST 2020
Wed Aug  5 23:46:00 IST 2020
Wed Aug  5 23:46:01 IST 2020
Wed Aug  5 23:46:02 IST 2020
Wed Aug  5 23:46:03 IST 2020
Wed Aug  5 23:46:04 IST 2020
Wed Aug  5 23:46:06 IST 2020
Wed Aug  5 23:46:07 IST 2020
Wed Aug  5 23:46:08 IST 2020
Wed Aug  5 23:46:09 IST 2020
Wed Aug  5 23:46:10 IST 2020
Wed Aug  5 23:46:11 IST 2020
Wed Aug  5 23:46:12 IST 2020
Wed Aug  5 23:46:13 IST 2020
Wed Aug  5 23:46:14 IST 2020
Wed Aug  5 23:46:15 IST 2020
Wed Aug  5 23:46:16 IST 2020
Wed Aug  5 23:46:17 IST 2020
Wed Aug  5 23:46:18 IST 2020
Wed Aug  5 23:46:19 IST 2020
Wed Aug  5 23:46:20 IST 2020
Wed Aug  5 23:46:21 IST 2020
Wed Aug  5 23:46:22 IST 2020
Wed Aug  5 23:46:23 IST 2020
Wed Aug  5 23:46:24 IST 2020
Wed Aug  5 23:46:26 IST 2020
Wed Aug  5 23:46:27 IST 2020
Wed Aug  5 23:46:29 IST 2020
Wed Aug  5 23:46:30 IST 2020
Wed Aug  5 23:46:31 IST 2020
Wed Aug  5 23:46:32 IST 2020
Wed Aug  5 23:46:33 IST 2020
Wed Aug  5 23:46:34 IST 2020
Wed Aug  5 23:46:35 IST 2020
Wed Aug  5 23:46:36 IST 2020
Wed Aug  5 23:46:37 IST 2020
Wed Aug  5 23:46:38 IST 2020
Wed Aug  5 23:46:39 IST 2020
Wed Aug  5 23:46:41 IST 2020
Wed Aug  5 23:46:42 IST 2020
Wed Aug  5 23:46:43 IST 2020
Wed Aug  5 23:46:44 IST 2020
Wed Aug  5 23:46:45 IST 2020
Wed Aug  5 23:46:46 IST 2020
Wed Aug  5 23:46:47 IST 2020
Wed Aug  5 23:46:48 IST 2020
Wed Aug  5 23:46:49 IST 2020
Wed Aug  5 23:46:50 IST 2020
Wed Aug  5 23:46:51 IST 2020
Wed Aug  5 23:46:52 IST 2020
Wed Aug  5 23:46:53 IST 2020
Wed Aug  5 23:46:54 IST 2020
Wed Aug  5 23:46:55 IST 2020
Wed Aug  5 23:46:56 IST 2020
Wed Aug  5 23:46:57 IST 2020
Wed Aug  5 23:46:58 IST 2020
Wed Aug  5 23:46:59 IST 2020
Wed Aug  5 23:47:00 IST 2020
Wed Aug  5 23:47:01 IST 2020
Wed Aug  5 23:47:02 IST 2020
Wed Aug  5 23:47:03 IST 2020
Wed Aug  5 23:47:04 IST 2020
Wed Aug  5 23:47:05 IST 2020
Wed Aug  5 23:47:06 IST 2020
Wed Aug  5 23:47:07 IST 2020
Wed Aug  5 23:47:08 IST 2020
Wed Aug  5 23:47:09 IST 2020
Wed Aug  5 23:47:10 IST 2020
Wed Aug  5 23:47:11 IST 2020
Wed Aug  5 23:47:12 IST 2020
Wed Aug  5 23:47:13 IST 2020
Wed Aug  5 23:47:14 IST 2020
Wed Aug  5 23:47:15 IST 2020
Wed Aug  5 23:47:16 IST 2020
Wed Aug  5 23:47:17 IST 2020
Wed Aug  5 23:47:18 IST 2020
Wed Aug  5 23:47:19 IST 2020
Wed Aug  5 23:47:20 IST 2020
Wed Aug  5 23:47:21 IST 2020
Wed Aug  5 23:47:22 IST 2020
Wed Aug  5 23:47:23 IST 2020
Wed Aug  5 23:47:24 IST 2020
Wed Aug  5 23:47:25 IST 2020
Wed Aug  5 23:47:26 IST 2020
Wed Aug  5 23:47:27 IST 2020
Wed Aug  5 23:47:28 IST 2020
Wed Aug  5 23:47:29 IST 2020
Wed Aug  5 23:47:30 IST 2020
Wed Aug  5 23:47:31 IST 2020
Wed Aug  5 23:47:32 IST 2020
Wed Aug  5 23:47:33 IST 2020
Wed Aug  5 23:47:35 IST 2020
Wed Aug  5 23:47:36 IST 2020
Wed Aug  5 23:47:37 IST 2020
Wed Aug  5 23:47:38 IST 2020
Wed Aug  5 23:47:39 IST 2020
Wed Aug  5 23:47:40 IST 2020
Wed Aug  5 23:47:41 IST 2020
Wed Aug  5 23:47:42 IST 2020
Wed Aug  5 23:47:43 IST 2020
Wed Aug  5 23:47:44 IST 2020
Wed Aug  5 23:47:45 IST 2020
Wed Aug  5 23:47:46 IST 2020
Wed Aug  5 23:47:47 IST 2020
Wed Aug  5 23:47:48 IST 2020
Wed Aug  5 23:47:49 IST 2020
Wed Aug  5 23:47:50 IST 2020
Wed Aug  5 23:47:51 IST 2020
Wed Aug  5 23:47:52 IST 2020
Wed Aug  5 23:47:53 IST 2020
Wed Aug  5 23:47:54 IST 2020
Wed Aug  5 23:47:55 IST 2020
Wed Aug  5 23:47:56 IST 2020
Wed Aug  5 23:47:57 IST 2020
Wed Aug  5 23:47:58 IST 2020
Wed Aug  5 23:47:59 IST 2020
Wed Aug  5 23:48:00 IST 2020
Wed Aug  5 23:48:01 IST 2020
Wed Aug  5 23:48:02 IST 2020
Wed Aug  5 23:48:03 IST 2020
Wed Aug  5 23:48:04 IST 2020
Wed Aug  5 23:48:05 IST 2020
Wed Aug  5 23:48:06 IST 2020
Wed Aug  5 23:48:07 IST 2020
Wed Aug  5 23:48:08 IST 2020
Wed Aug  5 23:48:09 IST 2020
Wed Aug  5 23:48:10 IST 2020
Wed Aug  5 23:48:11 IST 2020
Wed Aug  5 23:48:12 IST 2020
Wed Aug  5 23:48:13 IST 2020
Wed Aug  5 23:48:14 IST 2020
Wed Aug  5 23:48:15 IST 2020
Wed Aug  5 23:48:16 IST 2020
Wed Aug  5 23:48:17 IST 2020
Wed Aug  5 23:48:18 IST 2020
Wed Aug  5 23:48:19 IST 2020
Wed Aug  5 23:48:20 IST 2020
Wed Aug  5 23:48:21 IST 2020
Wed Aug  5 23:48:22 IST 2020
Wed Aug  5 23:48:23 IST 2020
Wed Aug  5 23:48:24 IST 2020
Wed Aug  5 23:48:25 IST 2020
Wed Aug  5 23:48:26 IST 2020
Wed Aug  5 23:48:27 IST 2020
Wed Aug  5 23:48:28 IST 2020
Wed Aug  5 23:48:29 IST 2020
Wed Aug  5 23:48:30 IST 2020
Wed Aug  5 23:48:31 IST 2020
Wed Aug  5 23:48:32 IST 2020
Wed Aug  5 23:48:33 IST 2020
Wed Aug  5 23:48:34 IST 2020
Wed Aug  5 23:49:05 IST 2020
Wed Aug  5 23:49:06 IST 2020
Wed Aug  5 23:49:07 IST 2020
Wed Aug  5 23:49:08 IST 2020
Wed Aug  5 23:49:09 IST 2020
Wed Aug  5 23:49:10 IST 2020
Wed Aug  5 23:49:11 IST 2020
Wed Aug  5 23:49:12 IST 2020
Wed Aug  5 23:49:13 IST 2020
Wed Aug  5 23:49:14 IST 2020
Wed Aug  5 23:49:15 IST 2020
Wed Aug  5 23:49:16 IST 2020
Wed Aug  5 23:49:17 IST 2020
Wed Aug  5 23:49:18 IST 2020
Wed Aug  5 23:49:19 IST 2020
Wed Aug  5 23:49:20 IST 2020
Wed Aug  5 23:49:21 IST 2020
Wed Aug  5 23:49:22 IST 2020
Wed Aug  5 23:49:23 IST 2020
Wed Aug  5 23:49:24 IST 2020
Wed Aug  5 23:49:25 IST 2020
Wed Aug  5 23:49:26 IST 2020
Wed Aug  5 23:49:27 IST 2020
Wed Aug  5 23:49:28 IST 2020
Wed Aug  5 23:49:29 IST 2020
Wed Aug  5 23:49:30 IST 2020
Wed Aug  5 23:49:32 IST 2020
Wed Aug  5 23:49:33 IST 2020
Wed Aug  5 23:49:34 IST 2020
Wed Aug  5 23:49:35 IST 2020
Wed Aug  5 23:49:36 IST 2020
Wed Aug  5 23:49:37 IST 2020
Wed Aug  5 23:49:38 IST 2020
Wed Aug  5 23:49:39 IST 2020
Wed Aug  5 23:49:40 IST 2020
Wed Aug  5 23:49:41 IST 2020
Wed Aug  5 23:49:42 IST 2020
Wed Aug  5 23:49:43 IST 2020
Wed Aug  5 23:49:44 IST 2020
Wed Aug  5 23:49:45 IST 2020
Wed Aug  5 23:49:46 IST 2020
Wed Aug  5 23:49:47 IST 2020
Wed Aug  5 23:49:48 IST 2020
Wed Aug  5 23:49:49 IST 2020
Wed Aug  5 23:49:50 IST 2020
Wed Aug  5 23:49:52 IST 2020
Wed Aug  5 23:49:53 IST 2020
Wed Aug  5 23:49:54 IST 2020
Wed Aug  5 23:49:55 IST 2020
Wed Aug  5 23:49:56 IST 2020
Wed Aug  5 23:49:57 IST 2020
Wed Aug  5 23:49:58 IST 2020
Wed Aug  5 23:49:59 IST 2020
Wed Aug  5 23:50:00 IST 2020
Wed Aug  5 23:50:01 IST 2020
Wed Aug  5 23:50:02 IST 2020
Wed Aug  5 23:50:03 IST 2020
Wed Aug  5 23:50:04 IST 2020
Wed Aug  5 23:50:05 IST 2020
Wed Aug  5 23:50:06 IST 2020
Wed Aug  5 23:50:07 IST 2020
Wed Aug  5 23:50:08 IST 2020
Wed Aug  5 23:50:09 IST 2020
Wed Aug  5 23:50:10 IST 2020
Wed Aug  5 23:50:11 IST 2020
Wed Aug  5 23:50:12 IST 2020
Wed Aug  5 23:50:13 IST 2020
Wed Aug  5 23:50:14 IST 2020
Wed Aug  5 23:50:15 IST 2020
Wed Aug  5 23:50:16 IST 2020
Wed Aug  5 23:50:27 IST 2020
Wed Aug  5 23:50:28 IST 2020
Wed Aug  5 23:50:29 IST 2020
Wed Aug  5 23:50:30 IST 2020
Wed Aug  5 23:50:31 IST 2020
Wed Aug  5 23:50:32 IST 2020
Wed Aug  5 23:50:33 IST 2020
Wed Aug  5 23:50:34 IST 2020
Wed Aug  5 23:50:35 IST 2020
Wed Aug  5 23:50:36 IST 2020
Wed Aug  5 23:50:37 IST 2020
Wed Aug  5 23:50:38 IST 2020
Wed Aug  5 23:50:40 IST 2020
Wed Aug  5 23:50:41 IST 2020
Wed Aug  5 23:50:42 IST 2020
Wed Aug  5 23:50:43 IST 2020
Wed Aug  5 23:50:44 IST 2020
Wed Aug  5 23:50:45 IST 2020
Wed Aug  5 23:50:46 IST 2020
Wed Aug  5 23:50:47 IST 2020
Wed Aug  5 23:50:48 IST 2020
Wed Aug  5 23:50:49 IST 2020
Wed Aug  5 23:50:50 IST 2020
Wed Aug  5 23:50:51 IST 2020
Wed Aug  5 23:50:52 IST 2020
Wed Aug  5 23:50:53 IST 2020
Wed Aug  5 23:50:54 IST 2020
Wed Aug  5 23:50:55 IST 2020
Wed Aug  5 23:50:57 IST 2020
Wed Aug  5 23:50:58 IST 2020
Wed Aug  5 23:50:59 IST 2020
Wed Aug  5 23:51:00 IST 2020
Wed Aug  5 23:51:01 IST 2020
Wed Aug  5 23:51:02 IST 2020
Wed Aug  5 23:51:04 IST 2020
Wed Aug  5 23:51:05 IST 2020
Wed Aug  5 23:51:06 IST 2020
Wed Aug  5 23:51:07 IST 2020
Wed Aug  5 23:51:08 IST 2020
Wed Aug  5 23:51:09 IST 2020
Wed Aug  5 23:51:10 IST 2020
Wed Aug  5 23:51:11 IST 2020
Wed Aug  5 23:51:12 IST 2020
Wed Aug  5 23:51:13 IST 2020
Wed Aug  5 23:51:14 IST 2020
Wed Aug  5 23:51:15 IST 2020
Wed Aug  5 23:51:16 IST 2020
Wed Aug  5 23:51:17 IST 2020
Wed Aug  5 23:51:18 IST 2020
Wed Aug  5 23:51:19 IST 2020
Wed Aug  5 23:51:20 IST 2020
Wed Aug  5 23:51:21 IST 2020
Wed Aug  5 23:51:22 IST 2020
Wed Aug  5 23:51:23 IST 2020
Wed Aug  5 23:51:24 IST 2020
Wed Aug  5 23:51:25 IST 2020
Wed Aug  5 23:51:26 IST 2020
Wed Aug  5 23:51:27 IST 2020
Wed Aug  5 23:51:28 IST 2020
Wed Aug  5 23:51:29 IST 2020
Wed Aug  5 23:51:30 IST 2020
Wed Aug  5 23:51:31 IST 2020
Wed Aug  5 23:51:32 IST 2020
Wed Aug  5 23:51:33 IST 2020
Wed Aug  5 23:51:34 IST 2020
Wed Aug  5 23:51:35 IST 2020
Wed Aug  5 23:51:36 IST 2020
Wed Aug  5 23:51:37 IST 2020
Wed Aug  5 23:51:38 IST 2020
Wed Aug  5 23:51:39 IST 2020
Wed Aug  5 23:51:40 IST 2020
Wed Aug  5 23:51:41 IST 2020
Wed Aug  5 23:51:42 IST 2020
Wed Aug  5 23:51:43 IST 2020
Wed Aug  5 23:51:44 IST 2020
Wed Aug  5 23:51:45 IST 2020
Wed Aug  5 23:51:46 IST 2020
Wed Aug  5 23:51:47 IST 2020
Wed Aug  5 23:51:48 IST 2020
Wed Aug  5 23:51:49 IST 2020
Wed Aug  5 23:51:50 IST 2020
Wed Aug  5 23:51:51 IST 2020
Wed Aug  5 23:51:52 IST 2020
Wed Aug  5 23:51:53 IST 2020
Wed Aug  5 23:51:54 IST 2020
Wed Aug  5 23:51:55 IST 2020
Wed Aug  5 23:51:56 IST 2020
Wed Aug  5 23:51:57 IST 2020
Wed Aug  5 23:51:58 IST 2020
Wed Aug  5 23:51:59 IST 2020
Wed Aug  5 23:52:00 IST 2020
Wed Aug  5 23:52:01 IST 2020
Wed Aug  5 23:52:02 IST 2020
Wed Aug  5 23:52:03 IST 2020
Wed Aug  5 23:52:04 IST 2020
Wed Aug  5 23:52:05 IST 2020
Wed Aug  5 23:52:06 IST 2020
Wed Aug  5 23:52:07 IST 2020
Wed Aug  5 23:52:08 IST 2020
Wed Aug  5 23:52:09 IST 2020
Wed Aug  5 23:52:10 IST 2020
Wed Aug  5 23:52:11 IST 2020
Wed Aug  5 23:52:12 IST 2020
Wed Aug  5 23:52:13 IST 2020
Wed Aug  5 23:52:14 IST 2020
Wed Aug  5 23:52:15 IST 2020
Wed Aug  5 23:52:16 IST 2020
Wed Aug  5 23:52:17 IST 2020
Wed Aug  5 23:52:18 IST 2020
Wed Aug  5 23:52:19 IST 2020
Wed Aug  5 23:52:20 IST 2020
Wed Aug  5 23:52:21 IST 2020
Wed Aug  5 23:52:22 IST 2020
Wed Aug  5 23:52:23 IST 2020
Wed Aug  5 23:52:24 IST 2020
Wed Aug  5 23:52:25 IST 2020
Wed Aug  5 23:52:26 IST 2020
Wed Aug  5 23:52:27 IST 2020
Wed Aug  5 23:52:28 IST 2020
Wed Aug  5 23:52:29 IST 2020
Wed Aug  5 23:52:30 IST 2020
Wed Aug  5 23:52:31 IST 2020
Wed Aug  5 23:52:32 IST 2020
Wed Aug  5 23:52:33 IST 2020
Wed Aug  5 23:52:34 IST 2020
Wed Aug  5 23:52:35 IST 2020
Wed Aug  5 23:52:36 IST 2020
Wed Aug  5 23:52:37 IST 2020
Wed Aug  5 23:52:38 IST 2020
Wed Aug  5 23:52:39 IST 2020
Wed Aug  5 23:52:40 IST 2020
Wed Aug  5 23:52:41 IST 2020
Wed Aug  5 23:52:42 IST 2020
Wed Aug  5 23:52:43 IST 2020
Wed Aug  5 23:52:44 IST 2020
Wed Aug  5 23:52:45 IST 2020
Wed Aug  5 23:52:46 IST 2020
Wed Aug  5 23:52:47 IST 2020
Wed Aug  5 23:52:48 IST 2020
Wed Aug  5 23:52:49 IST 2020
Wed Aug  5 23:52:50 IST 2020
Wed Aug  5 23:52:51 IST 2020
Wed Aug  5 23:52:52 IST 2020
Wed Aug  5 23:52:53 IST 2020
Wed Aug  5 23:52:54 IST 2020
Wed Aug  5 23:52:55 IST 2020
Wed Aug  5 23:52:56 IST 2020
Wed Aug  5 23:52:57 IST 2020
Wed Aug  5 23:52:58 IST 2020
Wed Aug  5 23:52:59 IST 2020
Wed Aug  5 23:53:00 IST 2020
Wed Aug  5 23:53:01 IST 2020
Wed Aug  5 23:53:02 IST 2020
Wed Aug  5 23:53:03 IST 2020
Wed Aug  5 23:53:04 IST 2020
Wed Aug  5 23:53:05 IST 2020
Wed Aug  5 23:53:06 IST 2020
Wed Aug  5 23:53:07 IST 2020
Wed Aug  5 23:53:08 IST 2020
Wed Aug  5 23:53:09 IST 2020
Wed Aug  5 23:53:10 IST 2020
Wed Aug  5 23:53:11 IST 2020
Wed Aug  5 23:53:12 IST 2020
Wed Aug  5 23:53:13 IST 2020
Wed Aug  5 23:53:14 IST 2020
Wed Aug  5 23:53:15 IST 2020
Wed Aug  5 23:53:16 IST 2020
Wed Aug  5 23:53:17 IST 2020
Wed Aug  5 23:53:18 IST 2020
Wed Aug  5 23:53:20 IST 2020
Wed Aug  5 23:53:21 IST 2020
Wed Aug  5 23:53:22 IST 2020
Wed Aug  5 23:53:23 IST 2020
Wed Aug  5 23:53:24 IST 2020
Wed Aug  5 23:53:25 IST 2020
Wed Aug  5 23:53:26 IST 2020
Wed Aug  5 23:53:27 IST 2020
Wed Aug  5 23:53:28 IST 2020
Wed Aug  5 23:53:29 IST 2020
Wed Aug  5 23:53:30 IST 2020
Wed Aug  5 23:53:31 IST 2020
Wed Aug  5 23:53:32 IST 2020
Wed Aug  5 23:53:33 IST 2020
Wed Aug  5 23:53:34 IST 2020
Wed Aug  5 23:53:35 IST 2020
Wed Aug  5 23:53:36 IST 2020
Wed Aug  5 23:53:37 IST 2020
Wed Aug  5 23:53:38 IST 2020
Wed Aug  5 23:53:39 IST 2020
Wed Aug  5 23:53:40 IST 2020
Wed Aug  5 23:53:41 IST 2020
Wed Aug  5 23:53:42 IST 2020
Wed Aug  5 23:53:43 IST 2020
Wed Aug  5 23:53:44 IST 2020
Wed Aug  5 23:53:45 IST 2020
Wed Aug  5 23:53:46 IST 2020
Wed Aug  5 23:53:47 IST 2020
Wed Aug  5 23:53:48 IST 2020
Wed Aug  5 23:53:49 IST 2020
Wed Aug  5 23:53:50 IST 2020
Wed Aug  5 23:53:51 IST 2020
Wed Aug  5 23:53:52 IST 2020
Wed Aug  5 23:53:53 IST 2020
Wed Aug  5 23:53:54 IST 2020
Wed Aug  5 23:53:55 IST 2020
Wed Aug  5 23:53:56 IST 2020
Wed Aug  5 23:53:57 IST 2020
Wed Aug  5 23:53:58 IST 2020
Wed Aug  5 23:53:59 IST 2020
Wed Aug  5 23:54:00 IST 2020
Wed Aug  5 23:54:01 IST 2020
Wed Aug  5 23:54:02 IST 2020
Wed Aug  5 23:54:03 IST 2020
Wed Aug  5 23:54:04 IST 2020
Wed Aug  5 23:54:05 IST 2020
Wed Aug  5 23:54:06 IST 2020
Wed Aug  5 23:54:07 IST 2020
Wed Aug  5 23:54:08 IST 2020
Wed Aug  5 23:54:09 IST 2020
Wed Aug  5 23:54:10 IST 2020
Wed Aug  5 23:54:11 IST 2020
Wed Aug  5 23:54:12 IST 2020
Wed Aug  5 23:54:13 IST 2020
Wed Aug  5 23:54:14 IST 2020
Wed Aug  5 23:54:15 IST 2020
Wed Aug  5 23:54:16 IST 2020
Wed Aug  5 23:54:17 IST 2020
Wed Aug  5 23:54:18 IST 2020
Wed Aug  5 23:54:19 IST 2020
Wed Aug  5 23:54:20 IST 2020
Wed Aug  5 23:54:21 IST 2020
Wed Aug  5 23:54:22 IST 2020
Wed Aug  5 23:54:23 IST 2020
Wed Aug  5 23:54:24 IST 2020
Wed Aug  5 23:54:25 IST 2020
Wed Aug  5 23:54:26 IST 2020
Wed Aug  5 23:54:27 IST 2020
Wed Aug  5 23:54:28 IST 2020
Wed Aug  5 23:54:29 IST 2020
Wed Aug  5 23:54:30 IST 2020
Wed Aug  5 23:54:31 IST 2020
Wed Aug  5 23:54:32 IST 2020
Wed Aug  5 23:54:33 IST 2020
Wed Aug  5 23:54:34 IST 2020
Wed Aug  5 23:54:35 IST 2020
Wed Aug  5 23:54:36 IST 2020
Wed Aug  5 23:54:37 IST 2020
Wed Aug  5 23:54:38 IST 2020
Wed Aug  5 23:54:39 IST 2020
Wed Aug  5 23:54:40 IST 2020
Wed Aug  5 23:54:41 IST 2020
Wed Aug  5 23:54:42 IST 2020
Wed Aug  5 23:54:43 IST 2020
Wed Aug  5 23:54:44 IST 2020
Wed Aug  5 23:54:45 IST 2020
Wed Aug  5 23:54:46 IST 2020
Wed Aug  5 23:54:47 IST 2020
Wed Aug  5 23:54:48 IST 2020
Wed Aug  5 23:54:49 IST 2020
Wed Aug  5 23:54:50 IST 2020
Wed Aug  5 23:54:51 IST 2020
Wed Aug  5 23:54:52 IST 2020
Wed Aug  5 23:54:53 IST 2020
Wed Aug  5 23:54:54 IST 2020
Wed Aug  5 23:54:55 IST 2020
Wed Aug  5 23:54:56 IST 2020
Wed Aug  5 23:54:57 IST 2020
Wed Aug  5 23:54:58 IST 2020
Wed Aug  5 23:54:59 IST 2020
Wed Aug  5 23:55:00 IST 2020
Wed Aug  5 23:55:02 IST 2020
Wed Aug  5 23:55:03 IST 2020
Wed Aug  5 23:55:04 IST 2020
Wed Aug  5 23:55:05 IST 2020
Wed Aug  5 23:55:06 IST 2020
Wed Aug  5 23:55:07 IST 2020
Wed Aug  5 23:55:08 IST 2020
Wed Aug  5 23:55:09 IST 2020
Wed Aug  5 23:55:10 IST 2020
Wed Aug  5 23:55:11 IST 2020
Wed Aug  5 23:55:12 IST 2020
Wed Aug  5 23:55:13 IST 2020
Wed Aug  5 23:55:14 IST 2020
Wed Aug  5 23:55:15 IST 2020
Wed Aug  5 23:55:16 IST 2020
Wed Aug  5 23:55:17 IST 2020
Wed Aug  5 23:55:18 IST 2020
Wed Aug  5 23:55:19 IST 2020
Wed Aug  5 23:55:20 IST 2020
Wed Aug  5 23:55:21 IST 2020
Wed Aug  5 23:55:22 IST 2020
Wed Aug  5 23:55:23 IST 2020
Wed Aug  5 23:55:24 IST 2020
Wed Aug  5 23:55:25 IST 2020
Wed Aug  5 23:55:26 IST 2020
Wed Aug  5 23:55:27 IST 2020
Wed Aug  5 23:55:28 IST 2020
Wed Aug  5 23:55:29 IST 2020
Wed Aug  5 23:55:30 IST 2020
Wed Aug  5 23:55:31 IST 2020
Wed Aug  5 23:55:32 IST 2020
Wed Aug  5 23:55:33 IST 2020
Wed Aug  5 23:55:34 IST 2020
Wed Aug  5 23:55:35 IST 2020
Wed Aug  5 23:55:36 IST 2020
Wed Aug  5 23:55:37 IST 2020
Wed Aug  5 23:55:38 IST 2020
Wed Aug  5 23:55:39 IST 2020
Wed Aug  5 23:55:40 IST 2020
Wed Aug  5 23:55:41 IST 2020
Wed Aug  5 23:55:42 IST 2020
Wed Aug  5 23:55:43 IST 2020
Wed Aug  5 23:55:44 IST 2020
Wed Aug  5 23:55:45 IST 2020
Wed Aug  5 23:55:46 IST 2020
Wed Aug  5 23:55:47 IST 2020
Wed Aug  5 23:55:48 IST 2020
Wed Aug  5 23:55:49 IST 2020
Wed Aug  5 23:55:50 IST 2020
Wed Aug  5 23:55:51 IST 2020
Wed Aug  5 23:55:52 IST 2020
Wed Aug  5 23:55:53 IST 2020
Wed Aug  5 23:55:54 IST 2020
Wed Aug  5 23:55:56 IST 2020
Wed Aug  5 23:55:57 IST 2020
Wed Aug  5 23:55:58 IST 2020
Wed Aug  5 23:55:59 IST 2020
Wed Aug  5 23:56:00 IST 2020
Wed Aug  5 23:56:01 IST 2020
Wed Aug  5 23:56:02 IST 2020
Wed Aug  5 23:56:03 IST 2020
Wed Aug  5 23:56:04 IST 2020
Wed Aug  5 23:56:05 IST 2020
Wed Aug  5 23:56:06 IST 2020
Wed Aug  5 23:56:07 IST 2020
Wed Aug  5 23:56:08 IST 2020
Wed Aug  5 23:56:09 IST 2020
Wed Aug  5 23:56:10 IST 2020
Wed Aug  5 23:56:11 IST 2020
Wed Aug  5 23:56:12 IST 2020
Wed Aug  5 23:56:13 IST 2020
Wed Aug  5 23:56:14 IST 2020
Wed Aug  5 23:56:15 IST 2020
Wed Aug  5 23:56:16 IST 2020
Wed Aug  5 23:56:17 IST 2020
Wed Aug  5 23:56:18 IST 2020
Wed Aug  5 23:56:19 IST 2020
Wed Aug  5 23:56:20 IST 2020
Wed Aug  5 23:56:21 IST 2020
Wed Aug  5 23:56:22 IST 2020
Wed Aug  5 23:56:23 IST 2020
Wed Aug  5 23:56:24 IST 2020
Wed Aug  5 23:56:25 IST 2020
Wed Aug  5 23:56:26 IST 2020
Wed Aug  5 23:56:27 IST 2020
Wed Aug  5 23:56:28 IST 2020
Wed Aug  5 23:56:29 IST 2020
Wed Aug  5 23:56:30 IST 2020
Wed Aug  5 23:56:31 IST 2020
Wed Aug  5 23:56:32 IST 2020
Wed Aug  5 23:56:33 IST 2020
Wed Aug  5 23:56:34 IST 2020
Wed Aug  5 23:56:35 IST 2020
Wed Aug  5 23:56:36 IST 2020
Wed Aug  5 23:56:37 IST 2020
Wed Aug  5 23:56:38 IST 2020
Wed Aug  5 23:56:39 IST 2020
Wed Aug  5 23:56:40 IST 2020
Wed Aug  5 23:56:41 IST 2020
Wed Aug  5 23:56:42 IST 2020
Wed Aug  5 23:56:43 IST 2020
Wed Aug  5 23:56:44 IST 2020
Wed Aug  5 23:56:45 IST 2020
Wed Aug  5 23:56:46 IST 2020
Wed Aug  5 23:56:47 IST 2020
Wed Aug  5 23:56:48 IST 2020
Wed Aug  5 23:56:49 IST 2020
Wed Aug  5 23:56:50 IST 2020
Wed Aug  5 23:56:51 IST 2020
Wed Aug  5 23:56:52 IST 2020
Wed Aug  5 23:56:53 IST 2020
Wed Aug  5 23:56:54 IST 2020
Wed Aug  5 23:56:55 IST 2020
Wed Aug  5 23:56:56 IST 2020
Wed Aug  5 23:56:57 IST 2020
Wed Aug  5 23:56:58 IST 2020
Wed Aug  5 23:56:59 IST 2020
Wed Aug  5 23:57:00 IST 2020
Wed Aug  5 23:57:01 IST 2020
Wed Aug  5 23:57:02 IST 2020
Wed Aug  5 23:57:03 IST 2020
Wed Aug  5 23:57:04 IST 2020
Wed Aug  5 23:57:05 IST 2020
Wed Aug  5 23:57:06 IST 2020
Wed Aug  5 23:57:07 IST 2020
Wed Aug  5 23:57:08 IST 2020
Wed Aug  5 23:57:09 IST 2020
Wed Aug  5 23:57:10 IST 2020
Wed Aug  5 23:57:12 IST 2020
Wed Aug  5 23:57:13 IST 2020
Wed Aug  5 23:57:14 IST 2020
Wed Aug  5 23:57:15 IST 2020
Wed Aug  5 23:57:16 IST 2020
Wed Aug  5 23:57:17 IST 2020
Wed Aug  5 23:57:18 IST 2020
Wed Aug  5 23:57:19 IST 2020
Wed Aug  5 23:57:20 IST 2020
Wed Aug  5 23:57:21 IST 2020
Wed Aug  5 23:57:22 IST 2020
Wed Aug  5 23:57:23 IST 2020
Wed Aug  5 23:57:24 IST 2020
Wed Aug  5 23:57:25 IST 2020
Wed Aug  5 23:57:26 IST 2020
Wed Aug  5 23:57:27 IST 2020
Wed Aug  5 23:57:28 IST 2020
Wed Aug  5 23:57:29 IST 2020
Wed Aug  5 23:57:30 IST 2020
Wed Aug  5 23:57:31 IST 2020
Wed Aug  5 23:57:32 IST 2020
Wed Aug  5 23:57:33 IST 2020
Wed Aug  5 23:57:34 IST 2020
Wed Aug  5 23:57:35 IST 2020
Wed Aug  5 23:57:36 IST 2020
Wed Aug  5 23:57:37 IST 2020
Wed Aug  5 23:57:38 IST 2020
Wed Aug  5 23:57:39 IST 2020
Wed Aug  5 23:57:40 IST 2020
Wed Aug  5 23:57:41 IST 2020
Wed Aug  5 23:57:42 IST 2020
Wed Aug  5 23:57:43 IST 2020
Wed Aug  5 23:57:44 IST 2020
Wed Aug  5 23:57:45 IST 2020
Wed Aug  5 23:57:46 IST 2020
Wed Aug  5 23:57:47 IST 2020
Wed Aug  5 23:57:48 IST 2020
Wed Aug  5 23:57:49 IST 2020
Wed Aug  5 23:57:50 IST 2020
Wed Aug  5 23:57:51 IST 2020
Wed Aug  5 23:57:52 IST 2020
Wed Aug  5 23:57:53 IST 2020
Wed Aug  5 23:57:58 IST 2020
Wed Aug  5 23:57:59 IST 2020
Wed Aug  5 23:58:00 IST 2020
Wed Aug  5 23:58:01 IST 2020
Wed Aug  5 23:58:02 IST 2020
Wed Aug  5 23:58:03 IST 2020
Wed Aug  5 23:58:04 IST 2020
Wed Aug  5 23:58:05 IST 2020
Wed Aug  5 23:58:07 IST 2020
Wed Aug  5 23:58:08 IST 2020
Wed Aug  5 23:58:09 IST 2020
Wed Aug  5 23:58:10 IST 2020
Wed Aug  5 23:58:11 IST 2020
Wed Aug  5 23:58:12 IST 2020
Wed Aug  5 23:58:13 IST 2020
Wed Aug  5 23:58:14 IST 2020
Wed Aug  5 23:58:15 IST 2020
Wed Aug  5 23:58:16 IST 2020
Wed Aug  5 23:58:17 IST 2020
Wed Aug  5 23:58:18 IST 2020
Wed Aug  5 23:58:19 IST 2020
Wed Aug  5 23:58:20 IST 2020
Wed Aug  5 23:58:21 IST 2020
Wed Aug  5 23:58:22 IST 2020
Wed Aug  5 23:58:23 IST 2020
Wed Aug  5 23:58:24 IST 2020
Wed Aug  5 23:58:25 IST 2020
Wed Aug  5 23:58:26 IST 2020
Wed Aug  5 23:58:27 IST 2020
Wed Aug  5 23:58:28 IST 2020
Wed Aug  5 23:58:29 IST 2020
Wed Aug  5 23:58:30 IST 2020
Wed Aug  5 23:58:31 IST 2020
Wed Aug  5 23:58:32 IST 2020
Wed Aug  5 23:58:33 IST 2020
Wed Aug  5 23:58:34 IST 2020
Wed Aug  5 23:58:35 IST 2020
Wed Aug  5 23:58:36 IST 2020
Wed Aug  5 23:58:37 IST 2020
Wed Aug  5 23:58:38 IST 2020
Wed Aug  5 23:58:39 IST 2020
                                                                                                                                                                                                                                                                                                                                                                                                                                                                                                                                                                                                                                                                                                                                                                                                                                                                                                      